[Logger] Log level set to: DEBUG
========================================
 Minecraft Bot - Protocol 773 (1.21.10)
========================================
Server: action-ferrari.gl.joinmc.link:25565
Username: Bot

[Bot] Command handler initialized
[Client] Connecting to action-ferrari.gl.joinmc.link:25565 as Bot...
[Connection] Connected to action-ferrari.gl.joinmc.link:25565
[Handshake] Sending handshake (protocol=773, nextState=2)
[Connection] State changed: handshaking -> login
[Connection] Compression enabled: threshold=256
[Connection] State changed: login -> configuration
[Bot] Successfully logged in!
[Config] Plugin message: minecraft:brand
[Config] Feature flags: 1 flags
[Config] Known packs request: 1 packs
[Config] Registry data: minecraft:worldgen/biome
[Config] Registry data: minecraft:chat_type
[Config] Registry data: minecraft:trim_pattern
[Config] Registry data: minecraft:trim_material
[Config] Registry data: minecraft:wolf_variant
[Config] Registry data: minecraft:wolf_sound_variant
[Config] Registry data: minecraft:pig_variant
[Config] Registry data: minecraft:frog_variant
[Config] Registry data: minecraft:cat_variant
[Config] Registry data: minecraft:cow_variant
[Config] Registry data: minecraft:chicken_variant
[Config] Registry data: minecraft:painting_variant
[Config] Registry data: minecraft:dimension_type
[Config] Registry data: minecraft:damage_type
[Config] Registry data: minecraft:banner_pattern
[Config] Registry data: minecraft:enchantment
[Config] Registry data: minecraft:jukebox_song
[Config] Registry data: minecraft:instrument
[Config] Registry data: minecraft:test_environment
[Config] Registry data: minecraft:test_instance
[Config] Registry data: minecraft:dialog
[Config] Update tags received
[Config] Finish configuration received
[Config] Sent client information
[Connection] State changed: configuration -> play
[Config] Transitioned to play state
Γ£ô Joined game! Entity ID: 4178
[Bot] Spawned in the world!
[Bot] Entity ID: 4178
[DEBUG] Unhandled play packet 0x83 (2789 bytes)
[Chat] Raw message: 
≡ƒÆ¼ 
[Bot] Chat received: { message: '', system: false }
[DEBUG] Unhandled play packet 0x10 (265 bytes)
[DEBUG] Unhandled play packet 0x4a (8 bytes)
[DEBUG] Unhandled play packet 0x48 (1725 bytes)
[Position] Server sync: (-34.7, 87.0, -89.7)
[Bot] Position updated: -34.65, 87.00, -89.65
[DEBUG] Unhandled play packet 0x54 (22 bytes)
[DEBUG] Unhandled play packet 0x2a (39 bytes)
[DEBUG] Unhandled play packet 0x5f (36 bytes)
[DEBUG] Unhandled play packet 0x7d (5 bytes)
[DEBUG] Unhandled play packet 0x7e (1 bytes)
[DEBUG] Unhandled play packet 0x88 (49 bytes)
[DEBUG] Unhandled play packet 0x12 (50 bytes)
[DEBUG] Unhandled play packet 0x61 (12 bytes)
[DEBUG] Unhandled play packet 0x81 (33 bytes)
[DEBUG] Unhandled play packet 0x80 (25209 bytes)
[Bot] Health: 15.129840850830078/20, Food: 17/20
[DEBUG] Unhandled play packet 0x65 (6 bytes)
[World] Stored chunk (-3, -6) - Total chunks: 1
[World] Stored chunk (-3, -5) - Total chunks: 2
[World] Stored chunk (-2, -6) - Total chunks: 3
[World] Stored chunk (-4, -6) - Total chunks: 4
[World] Stored chunk (-3, -7) - Total chunks: 5
[World] Stored chunk (-4, -7) - Total chunks: 6
[World] Stored chunk (-4, -5) - Total chunks: 7
[World] Stored chunk (-2, -7) - Total chunks: 8
[World] Stored chunk (-2, -5) - Total chunks: 9
[DEBUG] Unhandled play packet 0x00 (0 bytes)
[DEBUG] Unhandled play packet 0x61 (18 bytes)
[DEBUG] Unhandled play packet 0x81 (296 bytes)
[DEBUG] Unhandled play packet 0x64 (39 bytes)
[DEBUG] Unhandled play packet 0x00 (0 bytes)
[DEBUG] Unhandled play packet 0x00 (0 bytes)
[DEBUG] Unhandled play packet 0x61 (9 bytes)
[DEBUG] Unhandled play packet 0x81 (13 bytes)
[DEBUG] Unhandled play packet 0x00 (0 bytes)
[DEBUG] Unhandled play packet 0x51 (3 bytes)
[DEBUG] Unhandled play packet 0x51 (3 bytes)
[DEBUG] Unhandled play packet 0x51 (3 bytes)
[World] Stored chunk (-3, -4) - Total chunks: 10
[World] Stored chunk (-5, -6) - Total chunks: 11
[World] Stored chunk (-1, -6) - Total chunks: 12
[World] Stored chunk (-3, -8) - Total chunks: 13
[World] Stored chunk (-1, -7) - Total chunks: 14
[World] Stored chunk (-1, -5) - Total chunks: 15
[World] Stored chunk (-5, -5) - Total chunks: 16
[World] Stored chunk (-4, -4) - Total chunks: 17
[World] Stored chunk (-2, -4) - Total chunks: 18
[World] Stored chunk (-2, -8) - Total chunks: 19
[World] Stored chunk (-5, -7) - Total chunks: 20
[World] Stored chunk (-4, -8) - Total chunks: 21
[World] Stored chunk (-1, -8) - Total chunks: 22
[World] Stored chunk (-5, -4) - Total chunks: 23
[World] Stored chunk (-1, -4) - Total chunks: 24
[World] Stored chunk (-5, -8) - Total chunks: 25
[World] Stored chunk (-6, -6) - Total chunks: 26
[World] Stored chunk (-3, -9) - Total chunks: 27
[World] Stored chunk (-3, -3) - Total chunks: 28
[World] Stored chunk (0, -6) - Total chunks: 29
[DEBUG] Unhandled play packet 0x51 (3 bytes)
[World] Stored chunk (-2, -3) - Total chunks: 30
[World] Stored chunk (-6, -7) - Total chunks: 31
[World] Stored chunk (0, -5) - Total chunks: 32
[World] Stored chunk (-2, -9) - Total chunks: 33
[World] Stored chunk (0, -7) - Total chunks: 34
[World] Stored chunk (-4, -3) - Total chunks: 35
[World] Stored chunk (-6, -5) - Total chunks: 36
[World] Stored chunk (-4, -9) - Total chunks: 37
[World] Stored chunk (-5, -9) - Total chunks: 38
[World] Stored chunk (-1, -3) - Total chunks: 39
[World] Stored chunk (-6, -4) - Total chunks: 40
[World] Stored chunk (-1, -9) - Total chunks: 41
[World] Stored chunk (0, -8) - Total chunks: 42
[World] Stored chunk (0, -4) - Total chunks: 43
[World] Stored chunk (-6, -8) - Total chunks: 44
[World] Stored chunk (-5, -3) - Total chunks: 45
[World] Stored chunk (-7, -6) - Total chunks: 46
[World] Stored chunk (1, -6) - Total chunks: 47
[World] Stored chunk (-3, -10) - Total chunks: 48
[World] Stored chunk (-3, -2) - Total chunks: 49
[World] Stored chunk (-7, -7) - Total chunks: 50
[World] Stored chunk (-4, -10) - Total chunks: 51
[World] Stored chunk (-2, -2) - Total chunks: 52
[World] Stored chunk (-2, -10) - Total chunks: 53
[World] Stored chunk (-7, -5) - Total chunks: 54
[World] Stored chunk (1, -7) - Total chunks: 55
[World] Stored chunk (-4, -2) - Total chunks: 56
[World] Stored chunk (1, -5) - Total chunks: 57
[World] Stored chunk (-6, -3) - Total chunks: 58
[World] Stored chunk (0, -9) - Total chunks: 59
[World] Stored chunk (-6, -9) - Total chunks: 60
[World] Stored chunk (0, -3) - Total chunks: 61
[World] Stored chunk (-7, -4) - Total chunks: 62
[World] Stored chunk (-5, -2) - Total chunks: 63
[World] Stored chunk (-1, -10) - Total chunks: 64
[World] Stored chunk (-1, -2) - Total chunks: 65
[World] Stored chunk (1, -4) - Total chunks: 66
[World] Stored chunk (1, -8) - Total chunks: 67
[World] Stored chunk (-7, -8) - Total chunks: 68
[World] Stored chunk (-5, -10) - Total chunks: 69
[World] Stored chunk (0, -10) - Total chunks: 70
[World] Stored chunk (-6, -10) - Total chunks: 71
[World] Stored chunk (-3, -1) - Total chunks: 72
[World] Stored chunk (1, -3) - Total chunks: 73
[World] Stored chunk (0, -2) - Total chunks: 74
[World] Stored chunk (-8, -6) - Total chunks: 75
[World] Stored chunk (-7, -9) - Total chunks: 76
[World] Stored chunk (2, -6) - Total chunks: 77
[World] Stored chunk (-6, -2) - Total chunks: 78
[World] Stored chunk (1, -9) - Total chunks: 79
[World] Stored chunk (-3, -11) - Total chunks: 80
[World] Stored chunk (-7, -3) - Total chunks: 81
[World] Stored chunk (-8, -5) - Total chunks: 82
[World] Stored chunk (2, -5) - Total chunks: 83
[World] Stored chunk (-4, -1) - Total chunks: 84
[World] Stored chunk (2, -7) - Total chunks: 85
[World] Stored chunk (-4, -11) - Total chunks: 86
[World] Stored chunk (-2, -1) - Total chunks: 87
[World] Stored chunk (-2, -11) - Total chunks: 88
[World] Stored chunk (-8, -7) - Total chunks: 89
[DEBUG] Unhandled play packet 0x51 (3 bytes)
[DEBUG] Unhandled play packet 0x00 (0 bytes)
[DEBUG] Unhandled play packet 0x61 (9 bytes)
[DEBUG] Unhandled play packet 0x81 (13 bytes)
[DEBUG] Unhandled play packet 0x00 (0 bytes)
[World] Stored chunk (-8, -8) - Total chunks: 90
[World] Stored chunk (2, -8) - Total chunks: 91
[World] Stored chunk (-5, -11) - Total chunks: 92
[World] Stored chunk (-1, -1) - Total chunks: 93
[World] Stored chunk (2, -4) - Total chunks: 94
[World] Stored chunk (-1, -11) - Total chunks: 95
[World] Stored chunk (-8, -4) - Total chunks: 96
[World] Stored chunk (-5, -1) - Total chunks: 97
[World] Stored chunk (-7, -10) - Total chunks: 98
[World] Stored chunk (-7, -2) - Total chunks: 99
[World] Stored chunk (1, -10) - Total chunks: 100
[World] Stored chunk (1, -2) - Total chunks: 101
[World] Stored chunk (0, -11) - Total chunks: 102
[World] Stored chunk (-8, -9) - Total chunks: 103
[World] Stored chunk (-6, -1) - Total chunks: 104
[World] Stored chunk (2, -9) - Total chunks: 105
[World] Stored chunk (-6, -11) - Total chunks: 106
[World] Stored chunk (2, -3) - Total chunks: 107
[World] Stored chunk (-8, -3) - Total chunks: 108
[World] Stored chunk (0, -1) - Total chunks: 109
[DEBUG] Unhandled play packet 0x51 (3 bytes)
[World] Stored chunk (-9, -6) - Total chunks: 110
[World] Stored chunk (-3, -12) - Total chunks: 111
[World] Stored chunk (3, -6) - Total chunks: 112
[World] Stored chunk (-3, 0) - Total chunks: 113
[World] Stored chunk (-4, 0) - Total chunks: 114
[World] Stored chunk (-2, -12) - Total chunks: 115
[World] Stored chunk (-9, -7) - Total chunks: 116
[World] Stored chunk (-2, 0) - Total chunks: 117
[World] Stored chunk (3, -7) - Total chunks: 118
[World] Stored chunk (3, -5) - Total chunks: 119
[World] Stored chunk (-4, -12) - Total chunks: 120
[World] Stored chunk (-9, -5) - Total chunks: 121
[World] Stored chunk (-1, 0) - Total chunks: 122
[World] Stored chunk (3, -4) - Total chunks: 123
[World] Stored chunk (-5, -12) - Total chunks: 124
[World] Stored chunk (-9, -8) - Total chunks: 125
[World] Stored chunk (-9, -4) - Total chunks: 126
[World] Stored chunk (3, -8) - Total chunks: 127
[World] Stored chunk (-5, 0) - Total chunks: 128
[World] Stored chunk (-1, -12) - Total chunks: 129
[World] Stored chunk (-7, -1) - Total chunks: 130
[World] Stored chunk (-8, -2) - Total chunks: 131
[World] Stored chunk (1, -1) - Total chunks: 132
[World] Stored chunk (2, -2) - Total chunks: 133
[World] Stored chunk (-8, -10) - Total chunks: 134
[World] Stored chunk (-7, -11) - Total chunks: 135
[World] Stored chunk (1, -11) - Total chunks: 136
[World] Stored chunk (2, -10) - Total chunks: 137
[World] Stored chunk (0, 0) - Total chunks: 138
[World] Stored chunk (-9, -3) - Total chunks: 139
[World] Stored chunk (3, -9) - Total chunks: 140
[World] Stored chunk (-9, -9) - Total chunks: 141
[World] Stored chunk (-6, -12) - Total chunks: 142
[World] Stored chunk (-6, 0) - Total chunks: 143
[World] Stored chunk (0, -12) - Total chunks: 144
[World] Stored chunk (3, -3) - Total chunks: 145
[World] Stored chunk (4, -6) - Total chunks: 146
[World] Stored chunk (-3, 1) - Total chunks: 147
[World] Stored chunk (-10, -6) - Total chunks: 148
[World] Stored chunk (-3, -13) - Total chunks: 149
[DEBUG] Unhandled play packet 0x00 (0 bytes)
[DEBUG] Unhandled play packet 0x61 (9 bytes)
[DEBUG] Unhandled play packet 0x00 (0 bytes)
[DEBUG] Unhandled play packet 0x00 (0 bytes)
[DEBUG] Unhandled play packet 0x61 (9 bytes)
[DEBUG] Unhandled play packet 0x00 (0 bytes)
[DEBUG] Unhandled play packet 0x00 (0 bytes)
[DEBUG] Unhandled play packet 0x61 (9 bytes)
[DEBUG] Unhandled play packet 0x00 (0 bytes)
[DEBUG] Unhandled play packet 0x00 (0 bytes)
[DEBUG] Unhandled play packet 0x61 (9 bytes)
[DEBUG] Unhandled play packet 0x00 (0 bytes)
[DEBUG] Unhandled play packet 0x61 (9 bytes)
[DEBUG] Unhandled play packet 0x61 (9 bytes)
[DEBUG] Unhandled play packet 0x61 (9 bytes)
[DEBUG] Unhandled play packet 0x61 (9 bytes)
[DEBUG] Unhandled play packet 0x51 (3 bytes)
[World] Stored chunk (-8, -1) - Total chunks: 150
[World] Stored chunk (2, -11) - Total chunks: 151
[World] Stored chunk (-2, 1) - Total chunks: 152
[World] Stored chunk (-10, -7) - Total chunks: 153
[World] Stored chunk (-4, -13) - Total chunks: 154
[World] Stored chunk (2, -1) - Total chunks: 155
[World] Stored chunk (-8, -11) - Total chunks: 156
[World] Stored chunk (4, -7) - Total chunks: 157
[World] Stored chunk (-10, -5) - Total chunks: 158
[World] Stored chunk (-2, -13) - Total chunks: 159
[World] Stored chunk (4, -5) - Total chunks: 160
[World] Stored chunk (-4, 1) - Total chunks: 161
[World] Stored chunk (-9, -10) - Total chunks: 162
[World] Stored chunk (-7, 0) - Total chunks: 163
[World] Stored chunk (3, -2) - Total chunks: 164
[World] Stored chunk (3, -10) - Total chunks: 165
[World] Stored chunk (1, 0) - Total chunks: 166
[World] Stored chunk (-7, -12) - Total chunks: 167
[World] Stored chunk (1, -12) - Total chunks: 168
[World] Stored chunk (-9, -2) - Total chunks: 169
[World] Stored chunk (-1, -13) - Total chunks: 170
[World] Stored chunk (4, -4) - Total chunks: 171
[World] Stored chunk (-10, -8) - Total chunks: 172
[World] Stored chunk (-5, 1) - Total chunks: 173
[World] Stored chunk (-5, -13) - Total chunks: 174
[World] Stored chunk (-10, -4) - Total chunks: 175
[World] Stored chunk (-1, 1) - Total chunks: 176
[World] Stored chunk (4, -8) - Total chunks: 177
[World] Stored chunk (-6, -13) - Total chunks: 178
[World] Stored chunk (4, -9) - Total chunks: 179
[World] Stored chunk (4, -3) - Total chunks: 180
[World] Stored chunk (-6, 1) - Total chunks: 181
[World] Stored chunk (0, 1) - Total chunks: 182
[World] Stored chunk (-10, -9) - Total chunks: 183
[World] Stored chunk (0, -13) - Total chunks: 184
[World] Stored chunk (-10, -3) - Total chunks: 185
[World] Stored chunk (2, -12) - Total chunks: 186
[World] Stored chunk (-8, 0) - Total chunks: 187
[World] Stored chunk (-9, -1) - Total chunks: 188
[World] Stored chunk (2, 0) - Total chunks: 189
[DEBUG] Unhandled play packet 0x00 (0 bytes)
[DEBUG] Unhandled play packet 0x61 (9 bytes)
[DEBUG] Unhandled play packet 0x81 (13 bytes)
[DEBUG] Unhandled play packet 0x00 (0 bytes)
[World] Stored chunk (-9, -11) - Total chunks: 190
[World] Stored chunk (-8, -12) - Total chunks: 191
[World] Stored chunk (3, -1) - Total chunks: 192
[World] Stored chunk (3, -11) - Total chunks: 193
[World] Stored chunk (-3, -14) - Total chunks: 194
[World] Stored chunk (-11, -6) - Total chunks: 195
[World] Stored chunk (5, -6) - Total chunks: 196
[World] Stored chunk (-3, 2) - Total chunks: 197
[World] Stored chunk (-11, -5) - Total chunks: 198
[World] Stored chunk (5, -7) - Total chunks: 199
[World] Stored chunk (-10, -2) - Total chunks: 200
[World] Stored chunk (5, -5) - Total chunks: 201
[World] Stored chunk (1, -13) - Total chunks: 202
[World] Stored chunk (4, -10) - Total chunks: 203
[World] Stored chunk (-7, 1) - Total chunks: 204
[World] Stored chunk (-10, -10) - Total chunks: 205
[World] Stored chunk (-2, 2) - Total chunks: 206
[World] Stored chunk (-2, -14) - Total chunks: 207
[World] Stored chunk (1, 1) - Total chunks: 208
[World] Stored chunk (-4, 2) - Total chunks: 209
[DEBUG] Unhandled play packet 0x63 (8 bytes)
[DEBUG] Unhandled play packet 0x81 (13 bytes)
[DEBUG] Unhandled play packet 0x51 (3 bytes)
[DEBUG] Unhandled play packet 0x63 (8 bytes)
[DEBUG] Unhandled play packet 0x81 (13 bytes)
[DEBUG] Unhandled play packet 0x51 (3 bytes)
[DEBUG] Unhandled play packet 0x63 (8 bytes)
[DEBUG] Unhandled play packet 0x81 (13 bytes)
[DEBUG] Unhandled play packet 0x51 (3 bytes)
[DEBUG] Unhandled play packet 0x63 (8 bytes)
[DEBUG] Unhandled play packet 0x81 (13 bytes)
[DEBUG] Unhandled play packet 0x51 (3 bytes)
[DEBUG] Unhandled play packet 0x51 (3 bytes)
[DEBUG] Unhandled play packet 0x51 (3 bytes)
[DEBUG] Unhandled play packet 0x51 (3 bytes)
[DEBUG] Unhandled play packet 0x00 (0 bytes)
[DEBUG] Unhandled play packet 0x61 (9 bytes)
[DEBUG] Unhandled play packet 0x81 (13 bytes)
[DEBUG] Unhandled play packet 0x00 (0 bytes)
[DEBUG] Unhandled play packet 0x51 (3 bytes)
[DEBUG] Unhandled play packet 0x51 (3 bytes)
[DEBUG] Unhandled play packet 0x51 (3 bytes)
[DEBUG] Unhandled play packet 0x51 (3 bytes)
[DEBUG] Unhandled play packet 0x51 (3 bytes)
[DEBUG] Unhandled play packet 0x51 (3 bytes)
[DEBUG] Unhandled play packet 0x51 (3 bytes)
[DEBUG] Unhandled play packet 0x51 (3 bytes)
[DEBUG] Unhandled play packet 0x51 (3 bytes)
[DEBUG] Unhandled play packet 0x51 (3 bytes)
[World] Stored chunk (-4, -14) - Total chunks: 210
[World] Stored chunk (-11, -7) - Total chunks: 211
[World] Stored chunk (4, -2) - Total chunks: 212
[World] Stored chunk (-7, -13) - Total chunks: 213
[World] Stored chunk (-11, -8) - Total chunks: 214
[World] Stored chunk (-5, -14) - Total chunks: 215
[World] Stored chunk (-1, 2) - Total chunks: 216
[World] Stored chunk (5, -8) - Total chunks: 217
[World] Stored chunk (-5, 2) - Total chunks: 218
[World] Stored chunk (-1, -14) - Total chunks: 219
[World] Stored chunk (-11, -4) - Total chunks: 220
[World] Stored chunk (5, -4) - Total chunks: 221
[World] Stored chunk (3, -12) - Total chunks: 222
[World] Stored chunk (-9, 0) - Total chunks: 223
[World] Stored chunk (-9, -12) - Total chunks: 224
[World] Stored chunk (3, 0) - Total chunks: 225
[World] Stored chunk (-11, -3) - Total chunks: 226
[World] Stored chunk (0, 2) - Total chunks: 227
[World] Stored chunk (-6, 2) - Total chunks: 228
[World] Stored chunk (5, -9) - Total chunks: 229
[DEBUG] Unhandled play packet 0x51 (3 bytes)
[DEBUG] Unhandled play packet 0x51 (3 bytes)
[DEBUG] Unhandled play packet 0x51 (3 bytes)
[DEBUG] Unhandled play packet 0x51 (3 bytes)
[DEBUG] Unhandled play packet 0x51 (3 bytes)
[DEBUG] Unhandled play packet 0x51 (3 bytes)
[DEBUG] Unhandled play packet 0x51 (3 bytes)
[DEBUG] Unhandled play packet 0x51 (3 bytes)
[DEBUG] Unhandled play packet 0x51 (3 bytes)
[DEBUG] Unhandled play packet 0x51 (3 bytes)
[DEBUG] Unhandled play packet 0x51 (3 bytes)
[DEBUG] Unhandled play packet 0x51 (3 bytes)
[DEBUG] Unhandled play packet 0x51 (3 bytes)
[DEBUG] Unhandled play packet 0x51 (3 bytes)
[DEBUG] Unhandled play packet 0x51 (3 bytes)
[DEBUG] Unhandled play packet 0x51 (3 bytes)
[DEBUG] Unhandled play packet 0x51 (3 bytes)
[DEBUG] Unhandled play packet 0x51 (3 bytes)
[DEBUG] Unhandled play packet 0x51 (3 bytes)
[DEBUG] Unhandled play packet 0x51 (3 bytes)
[DEBUG] Unhandled play packet 0x51 (3 bytes)
[DEBUG] Unhandled play packet 0x51 (3 bytes)
[DEBUG] Unhandled play packet 0x51 (3 bytes)
[DEBUG] Unhandled play packet 0x51 (3 bytes)
[World] Stored chunk (-6, -14) - Total chunks: 230
[World] Stored chunk (0, -14) - Total chunks: 231
[World] Stored chunk (5, -3) - Total chunks: 232
[World] Stored chunk (-11, -9) - Total chunks: 233
[World] Stored chunk (-8, 1) - Total chunks: 234
[World] Stored chunk (4, -11) - Total chunks: 235
[World] Stored chunk (4, -1) - Total chunks: 236
[World] Stored chunk (2, 1) - Total chunks: 237
[World] Stored chunk (-8, -13) - Total chunks: 238
[World] Stored chunk (-10, -1) - Total chunks: 239
[World] Stored chunk (-10, -11) - Total chunks: 240
[World] Stored chunk (2, -13) - Total chunks: 241
[World] Stored chunk (1, 2) - Total chunks: 242
[World] Stored chunk (-11, -2) - Total chunks: 243
[World] Stored chunk (-7, -14) - Total chunks: 244
[World] Stored chunk (5, -2) - Total chunks: 245
[World] Stored chunk (-11, -10) - Total chunks: 246
[World] Stored chunk (1, -14) - Total chunks: 247
[World] Stored chunk (-7, 2) - Total chunks: 248
[World] Stored chunk (5, -10) - Total chunks: 249
[DEBUG] Unhandled play packet 0x51 (3 bytes)
[DEBUG] Unhandled play packet 0x51 (3 bytes)
[DEBUG] Unhandled play packet 0x51 (3 bytes)
[DEBUG] Unhandled play packet 0x51 (3 bytes)
[DEBUG] Unhandled play packet 0x00 (0 bytes)
[DEBUG] Unhandled play packet 0x61 (12 bytes)
[DEBUG] Unhandled play packet 0x00 (0 bytes)
[DEBUG] Unhandled play packet 0x00 (0 bytes)
[DEBUG] Unhandled play packet 0x61 (12 bytes)
[DEBUG] Unhandled play packet 0x00 (0 bytes)
[DEBUG] Unhandled play packet 0x61 (12 bytes)
[DEBUG] Unhandled play packet 0x61 (12 bytes)
[DEBUG] Unhandled play packet 0x2d (17 bytes)
[DEBUG] Unhandled play packet 0x2d (17 bytes)
[DEBUG] Unhandled play packet 0x61 (6 bytes)
[DEBUG] Unhandled play packet 0x81 (13 bytes)
[DEBUG] Unhandled play packet 0x51 (3 bytes)
[DEBUG] Unhandled play packet 0x61 (6 bytes)
[DEBUG] Unhandled play packet 0x81 (13 bytes)
[DEBUG] Unhandled play packet 0x51 (3 bytes)
[DEBUG] Unhandled play packet 0x51 (3 bytes)
[DEBUG] Unhandled play packet 0x51 (3 bytes)
[DEBUG] Unhandled play packet 0x51 (3 bytes)
[DEBUG] Unhandled play packet 0x51 (3 bytes)
[DEBUG] Unhandled play packet 0x51 (3 bytes)
[DEBUG] Unhandled play packet 0x51 (3 bytes)
[DEBUG] Unhandled play packet 0x51 (3 bytes)
[DEBUG] Unhandled play packet 0x51 (3 bytes)
[DEBUG] Unhandled play packet 0x51 (3 bytes)
[DEBUG] Unhandled play packet 0x51 (3 bytes)
[DEBUG] Unhandled play packet 0x51 (3 bytes)
[World] Stored chunk (-3, -15) - Total chunks: 250
[World] Stored chunk (-12, -6) - Total chunks: 251
[World] Stored chunk (-3, 3) - Total chunks: 252
[World] Stored chunk (6, -6) - Total chunks: 253
[World] Stored chunk (-12, -5) - Total chunks: 254
[World] Stored chunk (6, -7) - Total chunks: 255
[World] Stored chunk (-4, 3) - Total chunks: 256
[World] Stored chunk (-4, -15) - Total chunks: 257
[World] Stored chunk (-2, -15) - Total chunks: 258
[World] Stored chunk (-2, 3) - Total chunks: 259
[World] Stored chunk (-12, -7) - Total chunks: 260
[World] Stored chunk (6, -5) - Total chunks: 261
[World] Stored chunk (-12, -4) - Total chunks: 262
[World] Stored chunk (3, -13) - Total chunks: 263
[World] Stored chunk (-9, 1) - Total chunks: 264
[World] Stored chunk (-1, 3) - Total chunks: 265
[World] Stored chunk (-10, -12) - Total chunks: 266
[World] Stored chunk (4, 0) - Total chunks: 267
[World] Stored chunk (3, 1) - Total chunks: 268
[World] Stored chunk (-12, -8) - Total chunks: 269
[DEBUG] Unhandled play packet 0x63 (8 bytes)
[DEBUG] Unhandled play packet 0x51 (3 bytes)
[DEBUG] Unhandled play packet 0x51 (3 bytes)
[DEBUG] Unhandled play packet 0x51 (3 bytes)
[DEBUG] Unhandled play packet 0x51 (3 bytes)
[DEBUG] Unhandled play packet 0x51 (3 bytes)
[DEBUG] Unhandled play packet 0x63 (8 bytes)
[DEBUG] Unhandled play packet 0x51 (3 bytes)
[DEBUG] Unhandled play packet 0x51 (3 bytes)
[DEBUG] Unhandled play packet 0x51 (3 bytes)
[DEBUG] Unhandled play packet 0x51 (3 bytes)
[DEBUG] Unhandled play packet 0x51 (3 bytes)
[DEBUG] Unhandled play packet 0x63 (8 bytes)
[DEBUG] Unhandled play packet 0x51 (3 bytes)
[DEBUG] Unhandled play packet 0x51 (3 bytes)
[DEBUG] Unhandled play packet 0x51 (3 bytes)
[DEBUG] Unhandled play packet 0x51 (3 bytes)
[DEBUG] Unhandled play packet 0x51 (3 bytes)
[DEBUG] Unhandled play packet 0x63 (8 bytes)
[DEBUG] Unhandled play packet 0x51 (3 bytes)
[DEBUG] Unhandled play packet 0x51 (3 bytes)
[DEBUG] Unhandled play packet 0x00 (0 bytes)
[DEBUG] Unhandled play packet 0x61 (9 bytes)
[DEBUG] Unhandled play packet 0x81 (13 bytes)
[DEBUG] Unhandled play packet 0x00 (0 bytes)
[DEBUG] Unhandled play packet 0x51 (3 bytes)
[DEBUG] Unhandled play packet 0x51 (3 bytes)
[DEBUG] Unhandled play packet 0x00 (0 bytes)
[DEBUG] Unhandled play packet 0x61 (9 bytes)
[DEBUG] Unhandled play packet 0x64 (8 bytes)
[DEBUG] Unhandled play packet 0x00 (0 bytes)
[DEBUG] Unhandled play packet 0x00 (0 bytes)
[DEBUG] Unhandled play packet 0x61 (9 bytes)
[DEBUG] Unhandled play packet 0x64 (8 bytes)
[DEBUG] Unhandled play packet 0x00 (0 bytes)
[DEBUG] Unhandled play packet 0x61 (9 bytes)
[DEBUG] Unhandled play packet 0x51 (3 bytes)
[DEBUG] Unhandled play packet 0x51 (3 bytes)
[DEBUG] Unhandled play packet 0x61 (9 bytes)
[DEBUG] Unhandled play packet 0x64 (8 bytes)
[DEBUG] Unhandled play packet 0x64 (8 bytes)
[DEBUG] Unhandled play packet 0x51 (3 bytes)
[DEBUG] Unhandled play packet 0x51 (3 bytes)
[DEBUG] Unhandled play packet 0x51 (3 bytes)
[DEBUG] Unhandled play packet 0x51 (3 bytes)
[DEBUG] Unhandled play packet 0x63 (8 bytes)
[DEBUG] Unhandled play packet 0x81 (13 bytes)
[DEBUG] Unhandled play packet 0x51 (3 bytes)
[DEBUG] Unhandled play packet 0x51 (3 bytes)
[DEBUG] Unhandled play packet 0x51 (3 bytes)
[DEBUG] Unhandled play packet 0x63 (8 bytes)
[DEBUG] Unhandled play packet 0x81 (13 bytes)
[DEBUG] Unhandled play packet 0x51 (3 bytes)
[DEBUG] Unhandled play packet 0x51 (3 bytes)
[DEBUG] Unhandled play packet 0x51 (3 bytes)
[DEBUG] Unhandled play packet 0x51 (3 bytes)
[DEBUG] Unhandled play packet 0x51 (3 bytes)
[DEBUG] Unhandled play packet 0x51 (3 bytes)
[DEBUG] Unhandled play packet 0x51 (3 bytes)
[DEBUG] Unhandled play packet 0x51 (3 bytes)
[World] Stored chunk (-5, 3) - Total chunks: 270
[World] Stored chunk (6, -8) - Total chunks: 271
[World] Stored chunk (-1, -15) - Total chunks: 272
[World] Stored chunk (-9, -13) - Total chunks: 273
[World] Stored chunk (6, -4) - Total chunks: 274
[World] Stored chunk (-10, 0) - Total chunks: 275
[World] Stored chunk (-5, -15) - Total chunks: 276
[World] Stored chunk (4, -12) - Total chunks: 277
[World] Stored chunk (2, 2) - Total chunks: 278
[World] Stored chunk (5, -11) - Total chunks: 279
[World] Stored chunk (-11, -1) - Total chunks: 280
[World] Stored chunk (-11, -11) - Total chunks: 281
[World] Stored chunk (5, -1) - Total chunks: 282
[World] Stored chunk (-8, 2) - Total chunks: 283
[World] Stored chunk (-8, -14) - Total chunks: 284
[World] Stored chunk (2, -14) - Total chunks: 285
[World] Stored chunk (-12, -9) - Total chunks: 286
[World] Stored chunk (0, -15) - Total chunks: 287
[World] Stored chunk (-12, -3) - Total chunks: 288
[World] Stored chunk (6, -3) - Total chunks: 289
[DEBUG] Unhandled play packet 0x51 (3 bytes)
[DEBUG] Unhandled play packet 0x51 (3 bytes)
[DEBUG] Unhandled play packet 0x51 (3 bytes)
[DEBUG] Unhandled play packet 0x51 (3 bytes)
[DEBUG] Unhandled play packet 0x51 (3 bytes)
[DEBUG] Unhandled play packet 0x51 (3 bytes)
[DEBUG] Unhandled play packet 0x51 (3 bytes)
[DEBUG] Unhandled play packet 0x51 (3 bytes)
[DEBUG] Unhandled play packet 0x51 (3 bytes)
[DEBUG] Unhandled play packet 0x51 (3 bytes)
[DEBUG] Unhandled play packet 0x51 (3 bytes)
[DEBUG] Unhandled play packet 0x51 (3 bytes)
[DEBUG] Unhandled play packet 0x51 (3 bytes)
[DEBUG] Unhandled play packet 0x51 (3 bytes)
[DEBUG] Unhandled play packet 0x63 (8 bytes)
[DEBUG] Unhandled play packet 0x51 (3 bytes)
[DEBUG] Unhandled play packet 0x00 (0 bytes)
[DEBUG] Unhandled play packet 0x61 (9 bytes)
[DEBUG] Unhandled play packet 0x81 (13 bytes)
[DEBUG] Unhandled play packet 0x00 (0 bytes)
[DEBUG] Unhandled play packet 0x51 (3 bytes)
[DEBUG] Unhandled play packet 0x51 (3 bytes)
[DEBUG] Unhandled play packet 0x51 (3 bytes)
[DEBUG] Unhandled play packet 0x51 (3 bytes)
[DEBUG] Unhandled play packet 0x51 (3 bytes)
[DEBUG] Unhandled play packet 0x63 (8 bytes)
[DEBUG] Unhandled play packet 0x51 (3 bytes)
[DEBUG] Unhandled play packet 0x63 (8 bytes)
[DEBUG] Unhandled play packet 0x51 (3 bytes)
[DEBUG] Unhandled play packet 0x51 (3 bytes)
[DEBUG] Unhandled play packet 0x51 (3 bytes)
[DEBUG] Unhandled play packet 0x51 (3 bytes)
[DEBUG] Unhandled play packet 0x51 (3 bytes)
[DEBUG] Unhandled play packet 0x51 (3 bytes)
[DEBUG] Unhandled play packet 0x51 (3 bytes)
[DEBUG] Unhandled play packet 0x63 (8 bytes)
[DEBUG] Unhandled play packet 0x51 (3 bytes)
[DEBUG] Unhandled play packet 0x63 (8 bytes)
[DEBUG] Unhandled play packet 0x51 (3 bytes)
[DEBUG] Unhandled play packet 0x63 (8 bytes)
[DEBUG] Unhandled play packet 0x51 (3 bytes)
[DEBUG] Unhandled play packet 0x51 (3 bytes)
[DEBUG] Unhandled play packet 0x51 (3 bytes)
[DEBUG] Unhandled play packet 0x51 (3 bytes)
[DEBUG] Unhandled play packet 0x51 (3 bytes)
[DEBUG] Unhandled play packet 0x51 (3 bytes)
[DEBUG] Unhandled play packet 0x51 (3 bytes)
[DEBUG] Unhandled play packet 0x63 (8 bytes)
[DEBUG] Unhandled play packet 0x63 (8 bytes)
[DEBUG] Unhandled play packet 0x51 (3 bytes)
[DEBUG] Unhandled play packet 0x51 (3 bytes)
[DEBUG] Unhandled play packet 0x51 (3 bytes)
[DEBUG] Unhandled play packet 0x51 (3 bytes)
[DEBUG] Unhandled play packet 0x51 (3 bytes)
[DEBUG] Unhandled play packet 0x51 (3 bytes)
[DEBUG] Unhandled play packet 0x51 (3 bytes)
[DEBUG] Unhandled play packet 0x51 (3 bytes)
[DEBUG] Unhandled play packet 0x63 (8 bytes)
[DEBUG] Unhandled play packet 0x63 (8 bytes)
[DEBUG] Unhandled play packet 0x51 (3 bytes)
[DEBUG] Unhandled play packet 0x51 (3 bytes)
[World] Stored chunk (0, 3) - Total chunks: 290
[World] Stored chunk (-6, -15) - Total chunks: 291
[World] Stored chunk (-6, 3) - Total chunks: 292
[World] Stored chunk (6, -9) - Total chunks: 293
[World] Stored chunk (6, -10) - Total chunks: 294
[World] Stored chunk (-12, -2) - Total chunks: 295
[World] Stored chunk (1, 3) - Total chunks: 296
[World] Stored chunk (-7, -15) - Total chunks: 297
[World] Stored chunk (-12, -10) - Total chunks: 298
[World] Stored chunk (6, -2) - Total chunks: 299
[World] Stored chunk (1, -15) - Total chunks: 300
[World] Stored chunk (-7, 3) - Total chunks: 301
[World] Stored chunk (-10, -13) - Total chunks: 302
[World] Stored chunk (4, 1) - Total chunks: 303
[World] Stored chunk (-10, 1) - Total chunks: 304
[World] Stored chunk (4, -13) - Total chunks: 305
[World] Stored chunk (3, 2) - Total chunks: 306
[World] Stored chunk (-9, -14) - Total chunks: 307
[World] Stored chunk (5, 0) - Total chunks: 308
[World] Stored chunk (-11, -12) - Total chunks: 309
[DEBUG] Unhandled play packet 0x51 (3 bytes)
[DEBUG] Unhandled play packet 0x51 (3 bytes)
[DEBUG] Unhandled play packet 0x51 (3 bytes)
[DEBUG] Unhandled play packet 0x51 (3 bytes)
[DEBUG] Unhandled play packet 0x00 (0 bytes)
[DEBUG] Unhandled play packet 0x61 (9 bytes)
[DEBUG] Unhandled play packet 0x00 (0 bytes)
[DEBUG] Unhandled play packet 0x61 (9 bytes)
[DEBUG] Unhandled play packet 0x51 (3 bytes)
[DEBUG] Unhandled play packet 0x51 (3 bytes)
[DEBUG] Unhandled play packet 0x63 (8 bytes)
[DEBUG] Unhandled play packet 0x63 (8 bytes)
[DEBUG] Unhandled play packet 0x51 (3 bytes)
[DEBUG] Unhandled play packet 0x51 (3 bytes)
[DEBUG] Unhandled play packet 0x51 (3 bytes)
[DEBUG] Unhandled play packet 0x51 (3 bytes)
[DEBUG] Unhandled play packet 0x51 (3 bytes)
[DEBUG] Unhandled play packet 0x63 (8 bytes)
[DEBUG] Unhandled play packet 0x00 (0 bytes)
[DEBUG] Unhandled play packet 0x61 (9 bytes)
[DEBUG] Unhandled play packet 0x00 (0 bytes)
[DEBUG] Unhandled play packet 0x61 (9 bytes)
[DEBUG] Unhandled play packet 0x63 (8 bytes)
[DEBUG] Unhandled play packet 0x81 (13 bytes)
[DEBUG] Unhandled play packet 0x51 (3 bytes)
[DEBUG] Unhandled play packet 0x51 (3 bytes)
[DEBUG] Unhandled play packet 0x51 (3 bytes)
[DEBUG] Unhandled play packet 0x63 (8 bytes)
[DEBUG] Unhandled play packet 0x63 (8 bytes)
[DEBUG] Unhandled play packet 0x51 (3 bytes)
[DEBUG] Unhandled play packet 0x63 (8 bytes)
[DEBUG] Unhandled play packet 0x51 (3 bytes)
[DEBUG] Unhandled play packet 0x51 (3 bytes)
[DEBUG] Unhandled play packet 0x51 (3 bytes)
[DEBUG] Unhandled play packet 0x51 (3 bytes)
[DEBUG] Unhandled play packet 0x51 (3 bytes)
[DEBUG] Unhandled play packet 0x63 (8 bytes)
[DEBUG] Unhandled play packet 0x81 (13 bytes)
[DEBUG] Unhandled play packet 0x51 (3 bytes)
[DEBUG] Unhandled play packet 0x51 (3 bytes)
[DEBUG] Unhandled play packet 0x51 (3 bytes)
[DEBUG] Unhandled play packet 0x63 (8 bytes)
[DEBUG] Unhandled play packet 0x51 (3 bytes)
[DEBUG] Unhandled play packet 0x63 (8 bytes)
[DEBUG] Unhandled play packet 0x51 (3 bytes)
[DEBUG] Unhandled play packet 0x00 (0 bytes)
[DEBUG] Unhandled play packet 0x61 (9 bytes)
[DEBUG] Unhandled play packet 0x00 (0 bytes)
[DEBUG] Unhandled play packet 0x61 (9 bytes)
[DEBUG] Unhandled play packet 0x51 (3 bytes)
[DEBUG] Unhandled play packet 0x51 (3 bytes)
[DEBUG] Unhandled play packet 0x51 (3 bytes)
[DEBUG] Unhandled play packet 0x51 (3 bytes)
[DEBUG] Unhandled play packet 0x51 (3 bytes)
[DEBUG] Unhandled play packet 0x51 (3 bytes)
[DEBUG] Unhandled play packet 0x63 (8 bytes)
[DEBUG] Unhandled play packet 0x51 (3 bytes)
[DEBUG] Unhandled play packet 0x63 (8 bytes)
[DEBUG] Unhandled play packet 0x63 (8 bytes)
[DEBUG] Unhandled play packet 0x51 (3 bytes)
[DEBUG] Unhandled play packet 0x51 (3 bytes)
[DEBUG] Unhandled play packet 0x63 (8 bytes)
[DEBUG] Unhandled play packet 0x81 (13 bytes)
[DEBUG] Unhandled play packet 0x51 (3 bytes)
[DEBUG] Unhandled play packet 0x51 (3 bytes)
[DEBUG] Unhandled play packet 0x51 (3 bytes)
[DEBUG] Unhandled play packet 0x51 (3 bytes)
[DEBUG] Unhandled play packet 0x51 (3 bytes)
[DEBUG] Unhandled play packet 0x51 (3 bytes)
[DEBUG] Unhandled play packet 0x51 (3 bytes)
[DEBUG] Unhandled play packet 0x51 (3 bytes)
[DEBUG] Unhandled play packet 0x63 (8 bytes)
[DEBUG] Unhandled play packet 0x51 (3 bytes)
[DEBUG] Unhandled play packet 0x63 (8 bytes)
[DEBUG] Unhandled play packet 0x51 (3 bytes)
[DEBUG] Unhandled play packet 0x63 (8 bytes)
[DEBUG] Unhandled play packet 0x51 (3 bytes)
[World] Stored chunk (-11, 0) - Total chunks: 310
[World] Stored chunk (5, -12) - Total chunks: 311
[World] Stored chunk (3, -14) - Total chunks: 312
[World] Stored chunk (-9, 2) - Total chunks: 313
[World] Stored chunk (2, 3) - Total chunks: 314
[World] Stored chunk (6, -1) - Total chunks: 315
[World] Stored chunk (-12, -11) - Total chunks: 316
[World] Stored chunk (-8, -15) - Total chunks: 317
[World] Stored chunk (-8, 3) - Total chunks: 318
[World] Stored chunk (2, -15) - Total chunks: 319
[World] Stored chunk (6, -11) - Total chunks: 320
[World] Stored chunk (-12, -1) - Total chunks: 321
[World] Stored chunk (4, 2) - Total chunks: 322
[World] Stored chunk (-11, -13) - Total chunks: 323
[World] Stored chunk (-10, -14) - Total chunks: 324
[World] Stored chunk (4, -14) - Total chunks: 325
[World] Stored chunk (-10, 2) - Total chunks: 326
[World] Stored chunk (-11, 1) - Total chunks: 327
[World] Stored chunk (5, -13) - Total chunks: 328
[World] Stored chunk (5, 1) - Total chunks: 329
[DEBUG] Unhandled play packet 0x51 (3 bytes)
[DEBUG] Unhandled play packet 0x51 (3 bytes)
[DEBUG] Unhandled play packet 0x51 (3 bytes)
[DEBUG] Unhandled play packet 0x51 (3 bytes)
[DEBUG] Unhandled play packet 0x51 (3 bytes)
[DEBUG] Unhandled play packet 0x51 (3 bytes)
[DEBUG] Unhandled play packet 0x63 (8 bytes)
[DEBUG] Unhandled play packet 0x51 (3 bytes)
[DEBUG] Unhandled play packet 0x63 (8 bytes)
[DEBUG] Unhandled play packet 0x51 (3 bytes)
[DEBUG] Unhandled play packet 0x51 (3 bytes)
[DEBUG] Unhandled play packet 0x51 (3 bytes)
[DEBUG] Unhandled play packet 0x51 (3 bytes)
[DEBUG] Unhandled play packet 0x51 (3 bytes)
[DEBUG] Unhandled play packet 0x51 (3 bytes)
[DEBUG] Unhandled play packet 0x63 (8 bytes)
[DEBUG] Unhandled play packet 0x63 (8 bytes)
[DEBUG] Unhandled play packet 0x51 (3 bytes)
[DEBUG] Unhandled play packet 0x51 (3 bytes)
[DEBUG] Unhandled play packet 0x51 (3 bytes)
[DEBUG] Unhandled play packet 0x63 (8 bytes)
[DEBUG] Unhandled play packet 0x51 (3 bytes)
[DEBUG] Unhandled play packet 0x63 (8 bytes)
[DEBUG] Unhandled play packet 0x51 (3 bytes)
[DEBUG] Unhandled play packet 0x51 (3 bytes)
[DEBUG] Unhandled play packet 0x51 (3 bytes)
[DEBUG] Unhandled play packet 0x51 (3 bytes)
[DEBUG] Unhandled play packet 0x51 (3 bytes)
[DEBUG] Unhandled play packet 0x63 (8 bytes)
[DEBUG] Unhandled play packet 0x51 (3 bytes)
[DEBUG] Unhandled play packet 0x51 (3 bytes)
[DEBUG] Unhandled play packet 0x51 (3 bytes)
[DEBUG] Unhandled play packet 0x63 (8 bytes)
[DEBUG] Unhandled play packet 0x63 (8 bytes)
[DEBUG] Unhandled play packet 0x51 (3 bytes)
[DEBUG] Unhandled play packet 0x51 (3 bytes)
[DEBUG] Unhandled play packet 0x51 (3 bytes)
[DEBUG] Unhandled play packet 0x51 (3 bytes)
[DEBUG] Unhandled play packet 0x51 (3 bytes)
[DEBUG] Unhandled play packet 0x63 (8 bytes)
[DEBUG] Unhandled play packet 0x63 (8 bytes)
[DEBUG] Unhandled play packet 0x51 (3 bytes)
[DEBUG] Unhandled play packet 0x51 (3 bytes)
[DEBUG] Unhandled play packet 0x63 (8 bytes)
[DEBUG] Unhandled play packet 0x51 (3 bytes)
[DEBUG] Unhandled play packet 0x63 (8 bytes)
[DEBUG] Unhandled play packet 0x63 (8 bytes)
[DEBUG] Unhandled play packet 0x63 (8 bytes)
[DEBUG] Unhandled play packet 0x51 (3 bytes)
[DEBUG] Unhandled play packet 0x51 (3 bytes)
[DEBUG] Unhandled play packet 0x51 (3 bytes)
[DEBUG] Unhandled play packet 0x51 (3 bytes)
[DEBUG] Unhandled play packet 0x51 (3 bytes)
[DEBUG] Unhandled play packet 0x63 (8 bytes)
[DEBUG] Unhandled play packet 0x51 (3 bytes)
[DEBUG] Unhandled play packet 0x51 (3 bytes)
[DEBUG] Unhandled play packet 0x51 (3 bytes)
[DEBUG] Unhandled play packet 0x63 (8 bytes)
[DEBUG] Unhandled play packet 0x63 (8 bytes)
[DEBUG] Unhandled play packet 0x51 (3 bytes)
[DEBUG] Unhandled play packet 0x63 (8 bytes)
[DEBUG] Unhandled play packet 0x63 (8 bytes)
[DEBUG] Unhandled play packet 0x51 (3 bytes)
[DEBUG] Unhandled play packet 0x51 (3 bytes)
[DEBUG] Unhandled play packet 0x51 (3 bytes)
[DEBUG] Unhandled play packet 0x51 (3 bytes)
[DEBUG] Unhandled play packet 0x51 (3 bytes)
[DEBUG] Unhandled play packet 0x51 (3 bytes)
[DEBUG] Unhandled play packet 0x63 (8 bytes)
[DEBUG] Unhandled play packet 0x63 (8 bytes)
[DEBUG] Unhandled play packet 0x51 (3 bytes)
[DEBUG] Unhandled play packet 0x51 (3 bytes)
[DEBUG] Unhandled play packet 0x63 (8 bytes)
[DEBUG] Unhandled play packet 0x51 (3 bytes)
[DEBUG] Unhandled play packet 0x63 (8 bytes)
[DEBUG] Unhandled play packet 0x51 (3 bytes)
[DEBUG] Unhandled play packet 0x00 (0 bytes)
[DEBUG] Unhandled play packet 0x61 (9 bytes)
[DEBUG] Unhandled play packet 0x00 (0 bytes)
[DEBUG] Unhandled play packet 0x00 (0 bytes)
[DEBUG] Unhandled play packet 0x61 (12 bytes)
[DEBUG] Unhandled play packet 0x00 (0 bytes)
[DEBUG] Unhandled play packet 0x63 (8 bytes)
[DEBUG] Unhandled play packet 0x51 (3 bytes)
[DEBUG] Unhandled play packet 0x61 (9 bytes)
[DEBUG] Unhandled play packet 0x63 (8 bytes)
[DEBUG] Unhandled play packet 0x63 (8 bytes)
[DEBUG] Unhandled play packet 0x61 (12 bytes)
[DEBUG] Unhandled play packet 0x51 (3 bytes)
[DEBUG] Unhandled play packet 0x63 (8 bytes)
[DEBUG] Unhandled play packet 0x51 (3 bytes)
[DEBUG] Unhandled play packet 0x63 (8 bytes)
[DEBUG] Unhandled play packet 0x51 (3 bytes)
[DEBUG] Unhandled play packet 0x51 (3 bytes)
[DEBUG] Unhandled play packet 0x51 (3 bytes)
[DEBUG] Unhandled play packet 0x51 (3 bytes)
[DEBUG] Unhandled play packet 0x63 (8 bytes)
[DEBUG] Unhandled play packet 0x51 (3 bytes)
[DEBUG] Unhandled play packet 0x63 (8 bytes)
[DEBUG] Unhandled play packet 0x51 (3 bytes)
[DEBUG] Unhandled play packet 0x63 (8 bytes)
[DEBUG] Unhandled play packet 0x51 (3 bytes)
[DEBUG] Unhandled play packet 0x51 (3 bytes)
[DEBUG] Unhandled play packet 0x63 (8 bytes)
[DEBUG] Unhandled play packet 0x51 (3 bytes)
[DEBUG] Unhandled play packet 0x63 (8 bytes)
[DEBUG] Unhandled play packet 0x51 (3 bytes)
[DEBUG] Unhandled play packet 0x63 (8 bytes)
[DEBUG] Unhandled play packet 0x63 (8 bytes)
[DEBUG] Unhandled play packet 0x51 (3 bytes)
[DEBUG] Unhandled play packet 0x63 (8 bytes)
[DEBUG] Unhandled play packet 0x81 (13 bytes)
[DEBUG] Unhandled play packet 0x51 (3 bytes)
[DEBUG] Unhandled play packet 0x63 (8 bytes)
[DEBUG] Unhandled play packet 0x63 (8 bytes)
[DEBUG] Unhandled play packet 0x63 (8 bytes)
[DEBUG] Unhandled play packet 0x81 (13 bytes)
[DEBUG] Unhandled play packet 0x51 (3 bytes)
[DEBUG] Unhandled play packet 0x51 (3 bytes)
[DEBUG] Unhandled play packet 0x51 (3 bytes)
[DEBUG] Unhandled play packet 0x51 (3 bytes)
[DEBUG] Unhandled play packet 0x51 (3 bytes)
[DEBUG] Unhandled play packet 0x51 (3 bytes)
[DEBUG] Unhandled play packet 0x63 (8 bytes)
[DEBUG] Unhandled play packet 0x51 (3 bytes)
[DEBUG] Unhandled play packet 0x51 (3 bytes)
[DEBUG] Unhandled play packet 0x63 (8 bytes)
[DEBUG] Unhandled play packet 0x51 (3 bytes)
[DEBUG] Unhandled play packet 0x63 (8 bytes)
[DEBUG] Unhandled play packet 0x63 (8 bytes)
[DEBUG] Unhandled play packet 0x51 (3 bytes)
[DEBUG] Unhandled play packet 0x63 (8 bytes)
[DEBUG] Unhandled play packet 0x63 (8 bytes)
[DEBUG] Unhandled play packet 0x51 (3 bytes)
[DEBUG] Unhandled play packet 0x00 (0 bytes)
[DEBUG] Unhandled play packet 0x61 (9 bytes)
[DEBUG] Unhandled play packet 0x00 (0 bytes)
[DEBUG] Unhandled play packet 0x00 (0 bytes)
[DEBUG] Unhandled play packet 0x61 (9 bytes)
[DEBUG] Unhandled play packet 0x00 (0 bytes)
[DEBUG] Unhandled play packet 0x00 (0 bytes)
[DEBUG] Unhandled play packet 0x61 (9 bytes)
[DEBUG] Unhandled play packet 0x00 (0 bytes)
[DEBUG] Unhandled play packet 0x61 (9 bytes)
[DEBUG] Unhandled play packet 0x61 (9 bytes)
[DEBUG] Unhandled play packet 0x51 (3 bytes)
[DEBUG] Unhandled play packet 0x51 (3 bytes)
[DEBUG] Unhandled play packet 0x51 (3 bytes)
[DEBUG] Unhandled play packet 0x51 (3 bytes)
[DEBUG] Unhandled play packet 0x61 (9 bytes)
[DEBUG] Unhandled play packet 0x51 (3 bytes)
[DEBUG] Unhandled play packet 0x51 (3 bytes)
[DEBUG] Unhandled play packet 0x63 (8 bytes)
[DEBUG] Unhandled play packet 0x51 (3 bytes)
[DEBUG] Unhandled play packet 0x63 (8 bytes)
[DEBUG] Unhandled play packet 0x51 (3 bytes)
[DEBUG] Unhandled play packet 0x63 (8 bytes)
[DEBUG] Unhandled play packet 0x51 (3 bytes)
[DEBUG] Unhandled play packet 0x63 (8 bytes)
[DEBUG] Unhandled play packet 0x51 (3 bytes)
[DEBUG] Unhandled play packet 0x63 (8 bytes)
[DEBUG] Unhandled play packet 0x81 (13 bytes)
[DEBUG] Unhandled play packet 0x51 (3 bytes)
[DEBUG] Unhandled play packet 0x63 (8 bytes)
[DEBUG] Unhandled play packet 0x81 (13 bytes)
[DEBUG] Unhandled play packet 0x51 (3 bytes)
[DEBUG] Unhandled play packet 0x51 (3 bytes)
[DEBUG] Unhandled play packet 0x00 (0 bytes)
[DEBUG] Unhandled play packet 0x61 (9 bytes)
[DEBUG] Unhandled play packet 0x81 (13 bytes)
[DEBUG] Unhandled play packet 0x00 (0 bytes)
[DEBUG] Unhandled play packet 0x51 (3 bytes)
[DEBUG] Unhandled play packet 0x51 (3 bytes)
[DEBUG] Unhandled play packet 0x51 (3 bytes)
[DEBUG] Unhandled play packet 0x51 (3 bytes)
[DEBUG] Unhandled play packet 0x63 (8 bytes)
[DEBUG] Unhandled play packet 0x81 (13 bytes)
[DEBUG] Unhandled play packet 0x63 (8 bytes)
[DEBUG] Unhandled play packet 0x51 (3 bytes)
[DEBUG] Unhandled play packet 0x51 (3 bytes)
[DEBUG] Unhandled play packet 0x51 (3 bytes)
[DEBUG] Unhandled play packet 0x51 (3 bytes)
[DEBUG] Unhandled play packet 0x63 (8 bytes)
[DEBUG] Unhandled play packet 0x51 (3 bytes)
[DEBUG] Unhandled play packet 0x51 (3 bytes)
[DEBUG] Unhandled play packet 0x63 (8 bytes)
[DEBUG] Unhandled play packet 0x63 (8 bytes)
[DEBUG] Unhandled play packet 0x51 (3 bytes)
[DEBUG] Unhandled play packet 0x51 (3 bytes)
[DEBUG] Unhandled play packet 0x51 (3 bytes)
[DEBUG] Unhandled play packet 0x51 (3 bytes)
[DEBUG] Unhandled play packet 0x51 (3 bytes)
[DEBUG] Unhandled play packet 0x51 (3 bytes)
[DEBUG] Unhandled play packet 0x63 (8 bytes)
[DEBUG] Unhandled play packet 0x51 (3 bytes)
[DEBUG] Unhandled play packet 0x51 (3 bytes)
[DEBUG] Unhandled play packet 0x51 (3 bytes)
[DEBUG] Unhandled play packet 0x63 (8 bytes)
[DEBUG] Unhandled play packet 0x51 (3 bytes)
[DEBUG] Unhandled play packet 0x51 (3 bytes)
[DEBUG] Unhandled play packet 0x63 (8 bytes)
[DEBUG] Unhandled play packet 0x51 (3 bytes)
[DEBUG] Unhandled play packet 0x51 (3 bytes)
[DEBUG] Unhandled play packet 0x51 (3 bytes)
[DEBUG] Unhandled play packet 0x51 (3 bytes)
[DEBUG] Unhandled play packet 0x51 (3 bytes)
[DEBUG] Unhandled play packet 0x51 (3 bytes)
[DEBUG] Unhandled play packet 0x51 (3 bytes)
[DEBUG] Unhandled play packet 0x51 (3 bytes)
[DEBUG] Unhandled play packet 0x51 (3 bytes)
[DEBUG] Unhandled play packet 0x63 (8 bytes)
[DEBUG] Unhandled play packet 0x51 (3 bytes)
[DEBUG] Unhandled play packet 0x63 (8 bytes)
[DEBUG] Unhandled play packet 0x51 (3 bytes)
[DEBUG] Unhandled play packet 0x63 (8 bytes)
[DEBUG] Unhandled play packet 0x51 (3 bytes)
[DEBUG] Unhandled play packet 0x63 (8 bytes)
[DEBUG] Unhandled play packet 0x51 (3 bytes)
[DEBUG] Unhandled play packet 0x51 (3 bytes)
[DEBUG] Unhandled play packet 0x51 (3 bytes)
[DEBUG] Unhandled play packet 0x51 (3 bytes)
[DEBUG] Unhandled play packet 0x51 (3 bytes)
[DEBUG] Unhandled play packet 0x51 (3 bytes)
[DEBUG] Unhandled play packet 0x51 (3 bytes)
[DEBUG] Unhandled play packet 0x51 (3 bytes)
[DEBUG] Unhandled play packet 0x51 (3 bytes)
[DEBUG] Unhandled play packet 0x51 (3 bytes)
[DEBUG] Unhandled play packet 0x63 (8 bytes)
[DEBUG] Unhandled play packet 0x51 (3 bytes)
[DEBUG] Unhandled play packet 0x63 (8 bytes)
[DEBUG] Unhandled play packet 0x63 (8 bytes)
[DEBUG] Unhandled play packet 0x51 (3 bytes)
[DEBUG] Unhandled play packet 0x51 (3 bytes)
[DEBUG] Unhandled play packet 0x51 (3 bytes)
[DEBUG] Unhandled play packet 0x51 (3 bytes)
[DEBUG] Unhandled play packet 0x51 (3 bytes)
[DEBUG] Unhandled play packet 0x51 (3 bytes)
[DEBUG] Unhandled play packet 0x51 (3 bytes)
[DEBUG] Unhandled play packet 0x51 (3 bytes)
[DEBUG] Unhandled play packet 0x51 (3 bytes)
[DEBUG] Unhandled play packet 0x51 (3 bytes)
[DEBUG] Unhandled play packet 0x63 (8 bytes)
[DEBUG] Unhandled play packet 0x51 (3 bytes)
[DEBUG] Unhandled play packet 0x63 (8 bytes)
[DEBUG] Unhandled play packet 0x51 (3 bytes)
[DEBUG] Unhandled play packet 0x00 (0 bytes)
[DEBUG] Unhandled play packet 0x61 (9 bytes)
[DEBUG] Unhandled play packet 0x81 (13 bytes)
[DEBUG] Unhandled play packet 0x00 (0 bytes)
[DEBUG] Unhandled play packet 0x63 (8 bytes)
[DEBUG] Unhandled play packet 0x51 (3 bytes)
[DEBUG] Unhandled play packet 0x51 (3 bytes)
[DEBUG] Unhandled play packet 0x51 (3 bytes)
[DEBUG] Unhandled play packet 0x51 (3 bytes)
[DEBUG] Unhandled play packet 0x51 (3 bytes)
[DEBUG] Unhandled play packet 0x51 (3 bytes)
[DEBUG] Unhandled play packet 0x51 (3 bytes)
[DEBUG] Unhandled play packet 0x63 (8 bytes)
[DEBUG] Unhandled play packet 0x51 (3 bytes)
[DEBUG] Unhandled play packet 0x51 (3 bytes)
[DEBUG] Unhandled play packet 0x51 (3 bytes)
[DEBUG] Unhandled play packet 0x51 (3 bytes)
[DEBUG] Unhandled play packet 0x63 (8 bytes)
[DEBUG] Unhandled play packet 0x51 (3 bytes)
[DEBUG] Unhandled play packet 0x63 (8 bytes)
[DEBUG] Unhandled play packet 0x63 (8 bytes)
[DEBUG] Unhandled play packet 0x51 (3 bytes)
[DEBUG] Unhandled play packet 0x51 (3 bytes)
[DEBUG] Unhandled play packet 0x51 (3 bytes)
[DEBUG] Unhandled play packet 0x51 (3 bytes)
[DEBUG] Unhandled play packet 0x51 (3 bytes)
[DEBUG] Unhandled play packet 0x51 (3 bytes)
[DEBUG] Unhandled play packet 0x63 (8 bytes)
[DEBUG] Unhandled play packet 0x51 (3 bytes)
[DEBUG] Unhandled play packet 0x51 (3 bytes)
[DEBUG] Unhandled play packet 0x51 (3 bytes)
[DEBUG] Unhandled play packet 0x51 (3 bytes)
[DEBUG] Unhandled play packet 0x63 (8 bytes)
[DEBUG] Unhandled play packet 0x51 (3 bytes)
[DEBUG] Unhandled play packet 0x63 (8 bytes)
[DEBUG] Unhandled play packet 0x51 (3 bytes)
[DEBUG] Unhandled play packet 0x63 (8 bytes)
[DEBUG] Unhandled play packet 0x51 (3 bytes)
[DEBUG] Unhandled play packet 0x51 (3 bytes)
[DEBUG] Unhandled play packet 0x63 (8 bytes)
[DEBUG] Unhandled play packet 0x51 (3 bytes)
[DEBUG] Unhandled play packet 0x63 (8 bytes)
[DEBUG] Unhandled play packet 0x51 (3 bytes)
[DEBUG] Unhandled play packet 0x51 (3 bytes)
[DEBUG] Unhandled play packet 0x51 (3 bytes)
[DEBUG] Unhandled play packet 0x51 (3 bytes)
[DEBUG] Unhandled play packet 0x51 (3 bytes)
[DEBUG] Unhandled play packet 0x63 (8 bytes)
[DEBUG] Unhandled play packet 0x51 (3 bytes)
[DEBUG] Unhandled play packet 0x51 (3 bytes)
[DEBUG] Unhandled play packet 0x51 (3 bytes)
[DEBUG] Unhandled play packet 0x51 (3 bytes)
[DEBUG] Unhandled play packet 0x63 (8 bytes)
[DEBUG] Unhandled play packet 0x63 (8 bytes)
[DEBUG] Unhandled play packet 0x63 (8 bytes)
[DEBUG] Unhandled play packet 0x51 (3 bytes)
[DEBUG] Unhandled play packet 0x63 (8 bytes)
[DEBUG] Unhandled play packet 0x51 (3 bytes)
[DEBUG] Unhandled play packet 0x51 (3 bytes)
[DEBUG] Unhandled play packet 0x51 (3 bytes)
[DEBUG] Unhandled play packet 0x51 (3 bytes)
[DEBUG] Unhandled play packet 0x51 (3 bytes)
[DEBUG] Unhandled play packet 0x51 (3 bytes)
[DEBUG] Unhandled play packet 0x51 (3 bytes)
[DEBUG] Unhandled play packet 0x63 (8 bytes)
[DEBUG] Unhandled play packet 0x51 (3 bytes)
[DEBUG] Unhandled play packet 0x51 (3 bytes)
[DEBUG] Unhandled play packet 0x51 (3 bytes)
[DEBUG] Unhandled play packet 0x51 (3 bytes)
[DEBUG] Unhandled play packet 0x63 (8 bytes)
[DEBUG] Unhandled play packet 0x63 (8 bytes)
[DEBUG] Unhandled play packet 0x63 (8 bytes)
[DEBUG] Unhandled play packet 0x51 (3 bytes)
[DEBUG] Unhandled play packet 0x63 (8 bytes)
[DEBUG] Unhandled play packet 0x51 (3 bytes)
[DEBUG] Unhandled play packet 0x51 (3 bytes)
[DEBUG] Unhandled play packet 0x51 (3 bytes)
[DEBUG] Unhandled play packet 0x51 (3 bytes)
[DEBUG] Unhandled play packet 0x51 (3 bytes)
[DEBUG] Unhandled play packet 0x51 (3 bytes)
[DEBUG] Unhandled play packet 0x63 (8 bytes)
[DEBUG] Unhandled play packet 0x51 (3 bytes)
[DEBUG] Unhandled play packet 0x51 (3 bytes)
[DEBUG] Unhandled play packet 0x51 (3 bytes)
[DEBUG] Unhandled play packet 0x51 (3 bytes)
[DEBUG] Unhandled play packet 0x63 (8 bytes)
[DEBUG] Unhandled play packet 0x63 (8 bytes)
[DEBUG] Unhandled play packet 0x51 (3 bytes)
[DEBUG] Unhandled play packet 0x63 (8 bytes)
[DEBUG] Unhandled play packet 0x51 (3 bytes)
[DEBUG] Unhandled play packet 0x51 (3 bytes)
[DEBUG] Unhandled play packet 0x51 (3 bytes)
[DEBUG] Unhandled play packet 0x51 (3 bytes)
[DEBUG] Unhandled play packet 0x51 (3 bytes)
[DEBUG] Unhandled play packet 0x51 (3 bytes)
[DEBUG] Unhandled play packet 0x63 (8 bytes)
[DEBUG] Unhandled play packet 0x51 (3 bytes)
[DEBUG] Unhandled play packet 0x51 (3 bytes)
[DEBUG] Unhandled play packet 0x51 (3 bytes)
[DEBUG] Unhandled play packet 0x51 (3 bytes)
[DEBUG] Unhandled play packet 0x51 (3 bytes)
[DEBUG] Unhandled play packet 0x63 (8 bytes)
[DEBUG] Unhandled play packet 0x63 (8 bytes)
[DEBUG] Unhandled play packet 0x51 (3 bytes)
[DEBUG] Unhandled play packet 0x51 (3 bytes)
[DEBUG] Unhandled play packet 0x00 (0 bytes)
[DEBUG] Unhandled play packet 0x61 (9 bytes)
[DEBUG] Unhandled play packet 0x64 (8 bytes)
[DEBUG] Unhandled play packet 0x00 (0 bytes)
[DEBUG] Unhandled play packet 0x63 (8 bytes)
[DEBUG] Unhandled play packet 0x63 (8 bytes)
[DEBUG] Unhandled play packet 0x61 (9 bytes)
[DEBUG] Unhandled play packet 0x51 (3 bytes)
[DEBUG] Unhandled play packet 0x51 (3 bytes)
[DEBUG] Unhandled play packet 0x51 (3 bytes)
[DEBUG] Unhandled play packet 0x51 (3 bytes)
[DEBUG] Unhandled play packet 0x51 (3 bytes)
[DEBUG] Unhandled play packet 0x51 (3 bytes)
[DEBUG] Unhandled play packet 0x64 (8 bytes)
[DEBUG] Unhandled play packet 0x63 (8 bytes)
[DEBUG] Unhandled play packet 0x51 (3 bytes)
[DEBUG] Unhandled play packet 0x51 (3 bytes)
[DEBUG] Unhandled play packet 0x51 (3 bytes)
[DEBUG] Unhandled play packet 0x63 (8 bytes)
[DEBUG] Unhandled play packet 0x51 (3 bytes)
[DEBUG] Unhandled play packet 0x63 (8 bytes)
[DEBUG] Unhandled play packet 0x51 (3 bytes)
[DEBUG] Unhandled play packet 0x51 (3 bytes)
[DEBUG] Unhandled play packet 0x00 (0 bytes)
[DEBUG] Unhandled play packet 0x61 (12 bytes)
[DEBUG] Unhandled play packet 0x00 (0 bytes)
[DEBUG] Unhandled play packet 0x00 (0 bytes)
[DEBUG] Unhandled play packet 0x61 (12 bytes)
[DEBUG] Unhandled play packet 0x00 (0 bytes)
[DEBUG] Unhandled play packet 0x00 (0 bytes)
[DEBUG] Unhandled play packet 0x61 (9 bytes)
[DEBUG] Unhandled play packet 0x00 (0 bytes)
[DEBUG] Unhandled play packet 0x61 (12 bytes)
[DEBUG] Unhandled play packet 0x61 (9 bytes)
[DEBUG] Unhandled play packet 0x61 (12 bytes)
[DEBUG] Unhandled play packet 0x63 (8 bytes)
[DEBUG] Unhandled play packet 0x81 (13 bytes)
[DEBUG] Unhandled play packet 0x51 (3 bytes)
[DEBUG] Unhandled play packet 0x51 (3 bytes)
[DEBUG] Unhandled play packet 0x51 (3 bytes)
[DEBUG] Unhandled play packet 0x51 (3 bytes)
[DEBUG] Unhandled play packet 0x51 (3 bytes)
[DEBUG] Unhandled play packet 0x51 (3 bytes)
[DEBUG] Unhandled play packet 0x51 (3 bytes)
[DEBUG] Unhandled play packet 0x63 (8 bytes)
[DEBUG] Unhandled play packet 0x51 (3 bytes)
[DEBUG] Unhandled play packet 0x51 (3 bytes)
[DEBUG] Unhandled play packet 0x51 (3 bytes)
[DEBUG] Unhandled play packet 0x63 (8 bytes)
[DEBUG] Unhandled play packet 0x63 (8 bytes)
[DEBUG] Unhandled play packet 0x63 (8 bytes)
[DEBUG] Unhandled play packet 0x51 (3 bytes)
[DEBUG] Unhandled play packet 0x63 (8 bytes)
[DEBUG] Unhandled play packet 0x81 (13 bytes)
[DEBUG] Unhandled play packet 0x63 (8 bytes)
[DEBUG] Unhandled play packet 0x81 (13 bytes)
[DEBUG] Unhandled play packet 0x51 (3 bytes)
[DEBUG] Unhandled play packet 0x63 (8 bytes)
[DEBUG] Unhandled play packet 0x81 (13 bytes)
[DEBUG] Unhandled play packet 0x51 (3 bytes)
[DEBUG] Unhandled play packet 0x51 (3 bytes)
[DEBUG] Unhandled play packet 0x51 (3 bytes)
[DEBUG] Unhandled play packet 0x51 (3 bytes)
[DEBUG] Unhandled play packet 0x51 (3 bytes)
[DEBUG] Unhandled play packet 0x63 (8 bytes)
[DEBUG] Unhandled play packet 0x51 (3 bytes)
[DEBUG] Unhandled play packet 0x51 (3 bytes)
[DEBUG] Unhandled play packet 0x51 (3 bytes)
[DEBUG] Unhandled play packet 0x63 (8 bytes)
[DEBUG] Unhandled play packet 0x63 (8 bytes)
[DEBUG] Unhandled play packet 0x51 (3 bytes)
[DEBUG] Unhandled play packet 0x63 (8 bytes)
[DEBUG] Unhandled play packet 0x51 (3 bytes)
[DEBUG] Unhandled play packet 0x63 (8 bytes)
[DEBUG] Unhandled play packet 0x51 (3 bytes)
[DEBUG] Unhandled play packet 0x51 (3 bytes)
[DEBUG] Unhandled play packet 0x51 (3 bytes)
[DEBUG] Unhandled play packet 0x51 (3 bytes)
[DEBUG] Unhandled play packet 0x51 (3 bytes)
[DEBUG] Unhandled play packet 0x63 (8 bytes)
[DEBUG] Unhandled play packet 0x51 (3 bytes)
[DEBUG] Unhandled play packet 0x51 (3 bytes)
[DEBUG] Unhandled play packet 0x51 (3 bytes)
[DEBUG] Unhandled play packet 0x63 (8 bytes)
[DEBUG] Unhandled play packet 0x63 (8 bytes)
[DEBUG] Unhandled play packet 0x51 (3 bytes)
[DEBUG] Unhandled play packet 0x63 (8 bytes)
[DEBUG] Unhandled play packet 0x51 (3 bytes)
[DEBUG] Unhandled play packet 0x63 (8 bytes)
[DEBUG] Unhandled play packet 0x51 (3 bytes)
[DEBUG] Unhandled play packet 0x51 (3 bytes)
[DEBUG] Unhandled play packet 0x51 (3 bytes)
[DEBUG] Unhandled play packet 0x51 (3 bytes)
[DEBUG] Unhandled play packet 0x51 (3 bytes)
[DEBUG] Unhandled play packet 0x63 (8 bytes)
[DEBUG] Unhandled play packet 0x51 (3 bytes)
[DEBUG] Unhandled play packet 0x51 (3 bytes)
[DEBUG] Unhandled play packet 0x63 (8 bytes)
[DEBUG] Unhandled play packet 0x61 (6 bytes)
[DEBUG] Unhandled play packet 0x51 (3 bytes)
[DEBUG] Unhandled play packet 0x63 (8 bytes)
[DEBUG] Unhandled play packet 0x2d (17 bytes)
[DEBUG] Unhandled play packet 0x63 (8 bytes)
[DEBUG] Unhandled play packet 0x51 (3 bytes)
[DEBUG] Unhandled play packet 0x63 (8 bytes)
[DEBUG] Unhandled play packet 0x51 (3 bytes)
[DEBUG] Unhandled play packet 0x61 (6 bytes)
[DEBUG] Unhandled play packet 0x51 (3 bytes)
[DEBUG] Unhandled play packet 0x51 (3 bytes)
[DEBUG] Unhandled play packet 0x51 (3 bytes)
[DEBUG] Unhandled play packet 0x51 (3 bytes)
[DEBUG] Unhandled play packet 0x63 (8 bytes)
[DEBUG] Unhandled play packet 0x51 (3 bytes)
[DEBUG] Unhandled play packet 0x51 (3 bytes)
[DEBUG] Unhandled play packet 0x63 (8 bytes)
[DEBUG] Unhandled play packet 0x63 (8 bytes)
[DEBUG] Unhandled play packet 0x51 (3 bytes)
[DEBUG] Unhandled play packet 0x51 (3 bytes)
[DEBUG] Unhandled play packet 0x63 (8 bytes)
[DEBUG] Unhandled play packet 0x63 (8 bytes)
[DEBUG] Unhandled play packet 0x51 (3 bytes)
[DEBUG] Unhandled play packet 0x51 (3 bytes)
[DEBUG] Unhandled play packet 0x51 (3 bytes)
[DEBUG] Unhandled play packet 0x51 (3 bytes)
[DEBUG] Unhandled play packet 0x51 (3 bytes)
[DEBUG] Unhandled play packet 0x51 (3 bytes)
[DEBUG] Unhandled play packet 0x51 (3 bytes)
[DEBUG] Unhandled play packet 0x51 (3 bytes)
[DEBUG] Unhandled play packet 0x63 (8 bytes)
[DEBUG] Unhandled play packet 0x63 (8 bytes)
[DEBUG] Unhandled play packet 0x51 (3 bytes)
[DEBUG] Unhandled play packet 0x51 (3 bytes)
[DEBUG] Unhandled play packet 0x63 (8 bytes)
[DEBUG] Unhandled play packet 0x63 (8 bytes)
[DEBUG] Unhandled play packet 0x51 (3 bytes)
[DEBUG] Unhandled play packet 0x51 (3 bytes)
[DEBUG] Unhandled play packet 0x51 (3 bytes)
[DEBUG] Unhandled play packet 0x51 (3 bytes)
[DEBUG] Unhandled play packet 0x51 (3 bytes)
[DEBUG] Unhandled play packet 0x00 (0 bytes)
[DEBUG] Unhandled play packet 0x61 (9 bytes)
[DEBUG] Unhandled play packet 0x81 (13 bytes)
[DEBUG] Unhandled play packet 0x00 (0 bytes)
[DEBUG] Unhandled play packet 0x51 (3 bytes)
[DEBUG] Unhandled play packet 0x51 (3 bytes)
[DEBUG] Unhandled play packet 0x51 (3 bytes)
[DEBUG] Unhandled play packet 0x63 (8 bytes)
[DEBUG] Unhandled play packet 0x51 (3 bytes)
[DEBUG] Unhandled play packet 0x63 (8 bytes)
[DEBUG] Unhandled play packet 0x63 (8 bytes)
[DEBUG] Unhandled play packet 0x51 (3 bytes)
[DEBUG] Unhandled play packet 0x51 (3 bytes)
[DEBUG] Unhandled play packet 0x51 (3 bytes)
[DEBUG] Unhandled play packet 0x51 (3 bytes)
[DEBUG] Unhandled play packet 0x51 (3 bytes)
[DEBUG] Unhandled play packet 0x51 (3 bytes)
[DEBUG] Unhandled play packet 0x51 (3 bytes)
[DEBUG] Unhandled play packet 0x51 (3 bytes)
[DEBUG] Unhandled play packet 0x51 (3 bytes)
[DEBUG] Unhandled play packet 0x63 (8 bytes)
[DEBUG] Unhandled play packet 0x51 (3 bytes)
[DEBUG] Unhandled play packet 0x63 (8 bytes)
[DEBUG] Unhandled play packet 0x63 (8 bytes)
[DEBUG] Unhandled play packet 0x51 (3 bytes)
[DEBUG] Unhandled play packet 0x63 (8 bytes)
[DEBUG] Unhandled play packet 0x51 (3 bytes)
[DEBUG] Unhandled play packet 0x51 (3 bytes)
[DEBUG] Unhandled play packet 0x51 (3 bytes)
[DEBUG] Unhandled play packet 0x51 (3 bytes)
[DEBUG] Unhandled play packet 0x51 (3 bytes)
[DEBUG] Unhandled play packet 0x51 (3 bytes)
[DEBUG] Unhandled play packet 0x51 (3 bytes)
[DEBUG] Unhandled play packet 0x51 (3 bytes)
[DEBUG] Unhandled play packet 0x51 (3 bytes)
[DEBUG] Unhandled play packet 0x63 (8 bytes)
[DEBUG] Unhandled play packet 0x51 (3 bytes)
[DEBUG] Unhandled play packet 0x51 (3 bytes)
[DEBUG] Unhandled play packet 0x63 (8 bytes)
[DEBUG] Unhandled play packet 0x63 (8 bytes)
[DEBUG] Unhandled play packet 0x63 (8 bytes)
[DEBUG] Unhandled play packet 0x51 (3 bytes)
[DEBUG] Unhandled play packet 0x63 (8 bytes)
[DEBUG] Unhandled play packet 0x51 (3 bytes)
[DEBUG] Unhandled play packet 0x51 (3 bytes)
[DEBUG] Unhandled play packet 0x51 (3 bytes)
[DEBUG] Unhandled play packet 0x51 (3 bytes)
[DEBUG] Unhandled play packet 0x51 (3 bytes)
[DEBUG] Unhandled play packet 0x51 (3 bytes)
[DEBUG] Unhandled play packet 0x51 (3 bytes)
[DEBUG] Unhandled play packet 0x51 (3 bytes)
[DEBUG] Unhandled play packet 0x63 (8 bytes)
[DEBUG] Unhandled play packet 0x51 (3 bytes)
[DEBUG] Unhandled play packet 0x51 (3 bytes)
[DEBUG] Unhandled play packet 0x63 (8 bytes)
[DEBUG] Unhandled play packet 0x51 (3 bytes)
[DEBUG] Unhandled play packet 0x63 (8 bytes)
[DEBUG] Unhandled play packet 0x63 (8 bytes)
[DEBUG] Unhandled play packet 0x51 (3 bytes)
[DEBUG] Unhandled play packet 0x63 (8 bytes)
[DEBUG] Unhandled play packet 0x51 (3 bytes)
[DEBUG] Unhandled play packet 0x51 (3 bytes)
[DEBUG] Unhandled play packet 0x51 (3 bytes)
[DEBUG] Unhandled play packet 0x51 (3 bytes)
[DEBUG] Unhandled play packet 0x51 (3 bytes)
[DEBUG] Unhandled play packet 0x51 (3 bytes)
[DEBUG] Unhandled play packet 0x51 (3 bytes)
[DEBUG] Unhandled play packet 0x51 (3 bytes)
[DEBUG] Unhandled play packet 0x51 (3 bytes)
[DEBUG] Unhandled play packet 0x51 (3 bytes)
[DEBUG] Unhandled play packet 0x63 (8 bytes)
[DEBUG] Unhandled play packet 0x51 (3 bytes)
[DEBUG] Unhandled play packet 0x63 (8 bytes)
[DEBUG] Unhandled play packet 0x51 (3 bytes)
[DEBUG] Unhandled play packet 0x51 (3 bytes)
[DEBUG] Unhandled play packet 0x63 (8 bytes)
[DEBUG] Unhandled play packet 0x51 (3 bytes)
[DEBUG] Unhandled play packet 0x63 (8 bytes)
[DEBUG] Unhandled play packet 0x51 (3 bytes)
[DEBUG] Unhandled play packet 0x51 (3 bytes)
[DEBUG] Unhandled play packet 0x51 (3 bytes)
[DEBUG] Unhandled play packet 0x51 (3 bytes)
[DEBUG] Unhandled play packet 0x51 (3 bytes)
[DEBUG] Unhandled play packet 0x51 (3 bytes)
[DEBUG] Unhandled play packet 0x51 (3 bytes)
[DEBUG] Unhandled play packet 0x51 (3 bytes)
[DEBUG] Unhandled play packet 0x51 (3 bytes)
[DEBUG] Unhandled play packet 0x51 (3 bytes)
[DEBUG] Unhandled play packet 0x63 (8 bytes)
[DEBUG] Unhandled play packet 0x00 (0 bytes)
[DEBUG] Unhandled play packet 0x61 (9 bytes)
[DEBUG] Unhandled play packet 0x00 (0 bytes)
[DEBUG] Unhandled play packet 0x00 (0 bytes)
[DEBUG] Unhandled play packet 0x61 (9 bytes)
[DEBUG] Unhandled play packet 0x00 (0 bytes)
[DEBUG] Unhandled play packet 0x00 (0 bytes)
[DEBUG] Unhandled play packet 0x61 (9 bytes)
[DEBUG] Unhandled play packet 0x00 (0 bytes)
[DEBUG] Unhandled play packet 0x63 (8 bytes)
[DEBUG] Unhandled play packet 0x51 (3 bytes)
[DEBUG] Unhandled play packet 0x61 (9 bytes)
[DEBUG] Unhandled play packet 0x63 (8 bytes)
[DEBUG] Unhandled play packet 0x61 (9 bytes)
[DEBUG] Unhandled play packet 0x61 (9 bytes)
[DEBUG] Unhandled play packet 0x63 (8 bytes)
[DEBUG] Unhandled play packet 0x51 (3 bytes)
[DEBUG] Unhandled play packet 0x51 (3 bytes)
[DEBUG] Unhandled play packet 0x63 (8 bytes)
[DEBUG] Unhandled play packet 0x51 (3 bytes)
[DEBUG] Unhandled play packet 0x63 (8 bytes)
[DEBUG] Unhandled play packet 0x51 (3 bytes)
[DEBUG] Unhandled play packet 0x51 (3 bytes)
[DEBUG] Unhandled play packet 0x51 (3 bytes)
[DEBUG] Unhandled play packet 0x51 (3 bytes)
[DEBUG] Unhandled play packet 0x51 (3 bytes)
[DEBUG] Unhandled play packet 0x51 (3 bytes)
[DEBUG] Unhandled play packet 0x51 (3 bytes)
[DEBUG] Unhandled play packet 0x63 (8 bytes)
[DEBUG] Unhandled play packet 0x63 (8 bytes)
[DEBUG] Unhandled play packet 0x51 (3 bytes)
[DEBUG] Unhandled play packet 0x63 (8 bytes)
[DEBUG] Unhandled play packet 0x81 (13 bytes)
[DEBUG] Unhandled play packet 0x51 (3 bytes)
[DEBUG] Unhandled play packet 0x63 (8 bytes)
[DEBUG] Unhandled play packet 0x63 (8 bytes)
[DEBUG] Unhandled play packet 0x81 (13 bytes)
[DEBUG] Unhandled play packet 0x51 (3 bytes)
[DEBUG] Unhandled play packet 0x63 (8 bytes)
[DEBUG] Unhandled play packet 0x81 (13 bytes)
[DEBUG] Unhandled play packet 0x51 (3 bytes)
[DEBUG] Unhandled play packet 0x63 (8 bytes)
[DEBUG] Unhandled play packet 0x51 (3 bytes)
[DEBUG] Unhandled play packet 0x51 (3 bytes)
[DEBUG] Unhandled play packet 0x63 (8 bytes)
[DEBUG] Unhandled play packet 0x63 (8 bytes)
[DEBUG] Unhandled play packet 0x51 (3 bytes)
[DEBUG] Unhandled play packet 0x51 (3 bytes)
[DEBUG] Unhandled play packet 0x51 (3 bytes)
[DEBUG] Unhandled play packet 0x51 (3 bytes)
[DEBUG] Unhandled play packet 0x51 (3 bytes)
[DEBUG] Unhandled play packet 0x51 (3 bytes)
[DEBUG] Unhandled play packet 0x51 (3 bytes)
[DEBUG] Unhandled play packet 0x63 (8 bytes)
[DEBUG] Unhandled play packet 0x63 (8 bytes)
[DEBUG] Unhandled play packet 0x51 (3 bytes)
[DEBUG] Unhandled play packet 0x51 (3 bytes)
[DEBUG] Unhandled play packet 0x63 (8 bytes)
[DEBUG] Unhandled play packet 0x51 (3 bytes)
[DEBUG] Unhandled play packet 0x51 (3 bytes)
[DEBUG] Unhandled play packet 0x63 (8 bytes)
[DEBUG] Unhandled play packet 0x51 (3 bytes)
[DEBUG] Unhandled play packet 0x51 (3 bytes)
[DEBUG] Unhandled play packet 0x63 (8 bytes)
[DEBUG] Unhandled play packet 0x63 (8 bytes)
[DEBUG] Unhandled play packet 0x51 (3 bytes)
[DEBUG] Unhandled play packet 0x51 (3 bytes)
[DEBUG] Unhandled play packet 0x51 (3 bytes)
[DEBUG] Unhandled play packet 0x51 (3 bytes)
[DEBUG] Unhandled play packet 0x51 (3 bytes)
[DEBUG] Unhandled play packet 0x51 (3 bytes)
[DEBUG] Unhandled play packet 0x51 (3 bytes)
[DEBUG] Unhandled play packet 0x51 (3 bytes)
[DEBUG] Unhandled play packet 0x51 (3 bytes)
[DEBUG] Unhandled play packet 0x63 (8 bytes)
[DEBUG] Unhandled play packet 0x51 (3 bytes)
[DEBUG] Unhandled play packet 0x51 (3 bytes)
[DEBUG] Unhandled play packet 0x63 (8 bytes)
[DEBUG] Unhandled play packet 0x51 (3 bytes)
[DEBUG] Unhandled play packet 0x51 (3 bytes)
[DEBUG] Unhandled play packet 0x51 (3 bytes)
[DEBUG] Unhandled play packet 0x63 (8 bytes)
[DEBUG] Unhandled play packet 0x51 (3 bytes)
[DEBUG] Unhandled play packet 0x51 (3 bytes)
[DEBUG] Unhandled play packet 0x63 (8 bytes)
[DEBUG] Unhandled play packet 0x63 (8 bytes)
[DEBUG] Unhandled play packet 0x63 (8 bytes)
[DEBUG] Unhandled play packet 0x51 (3 bytes)
[DEBUG] Unhandled play packet 0x51 (3 bytes)
[DEBUG] Unhandled play packet 0x51 (3 bytes)
[DEBUG] Unhandled play packet 0x51 (3 bytes)
[DEBUG] Unhandled play packet 0x51 (3 bytes)
[DEBUG] Unhandled play packet 0x51 (3 bytes)
[DEBUG] Unhandled play packet 0x51 (3 bytes)
[DEBUG] Unhandled play packet 0x51 (3 bytes)
[DEBUG] Unhandled play packet 0x63 (8 bytes)
[DEBUG] Unhandled play packet 0x51 (3 bytes)
[DEBUG] Unhandled play packet 0x63 (8 bytes)
[DEBUG] Unhandled play packet 0x51 (3 bytes)
[DEBUG] Unhandled play packet 0x51 (3 bytes)
[DEBUG] Unhandled play packet 0x63 (8 bytes)
[DEBUG] Unhandled play packet 0x51 (3 bytes)
[DEBUG] Unhandled play packet 0x51 (3 bytes)
[DEBUG] Unhandled play packet 0x63 (8 bytes)
[DEBUG] Unhandled play packet 0x63 (8 bytes)
[DEBUG] Unhandled play packet 0x51 (3 bytes)
[DEBUG] Unhandled play packet 0x51 (3 bytes)
[DEBUG] Unhandled play packet 0x51 (3 bytes)
[DEBUG] Unhandled play packet 0x51 (3 bytes)
[DEBUG] Unhandled play packet 0x51 (3 bytes)
[DEBUG] Unhandled play packet 0x51 (3 bytes)
[DEBUG] Unhandled play packet 0x51 (3 bytes)
[DEBUG] Unhandled play packet 0x63 (8 bytes)
[DEBUG] Unhandled play packet 0x51 (3 bytes)
[DEBUG] Unhandled play packet 0x63 (8 bytes)
[DEBUG] Unhandled play packet 0x51 (3 bytes)
[DEBUG] Unhandled play packet 0x51 (3 bytes)
[DEBUG] Unhandled play packet 0x63 (8 bytes)
[DEBUG] Unhandled play packet 0x51 (3 bytes)
[DEBUG] Unhandled play packet 0x63 (8 bytes)
[DEBUG] Unhandled play packet 0x51 (3 bytes)
[DEBUG] Unhandled play packet 0x63 (8 bytes)
[DEBUG] Unhandled play packet 0x51 (3 bytes)
[DEBUG] Unhandled play packet 0x51 (3 bytes)
[DEBUG] Unhandled play packet 0x51 (3 bytes)
[DEBUG] Unhandled play packet 0x51 (3 bytes)
[DEBUG] Unhandled play packet 0x51 (3 bytes)
[DEBUG] Unhandled play packet 0x51 (3 bytes)
[DEBUG] Unhandled play packet 0x51 (3 bytes)
[DEBUG] Unhandled play packet 0x51 (3 bytes)
[DEBUG] Unhandled play packet 0x51 (3 bytes)
[DEBUG] Unhandled play packet 0x63 (8 bytes)
[DEBUG] Unhandled play packet 0x63 (8 bytes)
[DEBUG] Unhandled play packet 0x51 (3 bytes)
[DEBUG] Unhandled play packet 0x63 (8 bytes)
[DEBUG] Unhandled play packet 0x51 (3 bytes)
[DEBUG] Unhandled play packet 0x63 (8 bytes)
[DEBUG] Unhandled play packet 0x51 (3 bytes)
[DEBUG] Unhandled play packet 0x63 (8 bytes)
[DEBUG] Unhandled play packet 0x51 (3 bytes)
[DEBUG] Unhandled play packet 0x63 (8 bytes)
[DEBUG] Unhandled play packet 0x63 (8 bytes)
[DEBUG] Unhandled play packet 0x51 (3 bytes)
[DEBUG] Unhandled play packet 0x51 (3 bytes)
[DEBUG] Unhandled play packet 0x51 (3 bytes)
[DEBUG] Unhandled play packet 0x51 (3 bytes)
[DEBUG] Unhandled play packet 0x51 (3 bytes)
[DEBUG] Unhandled play packet 0x51 (3 bytes)
[DEBUG] Unhandled play packet 0x51 (3 bytes)
[DEBUG] Unhandled play packet 0x51 (3 bytes)
[DEBUG] Unhandled play packet 0x51 (3 bytes)
[DEBUG] Unhandled play packet 0x51 (3 bytes)
[DEBUG] Unhandled play packet 0x63 (8 bytes)
[DEBUG] Unhandled play packet 0x63 (8 bytes)
[DEBUG] Unhandled play packet 0x51 (3 bytes)
[DEBUG] Unhandled play packet 0x63 (8 bytes)
[DEBUG] Unhandled play packet 0x51 (3 bytes)
[DEBUG] Unhandled play packet 0x63 (8 bytes)
[DEBUG] Unhandled play packet 0x51 (3 bytes)
[DEBUG] Unhandled play packet 0x63 (8 bytes)
[DEBUG] Unhandled play packet 0x63 (8 bytes)
[DEBUG] Unhandled play packet 0x51 (3 bytes)
[DEBUG] Unhandled play packet 0x51 (3 bytes)
[DEBUG] Unhandled play packet 0x51 (3 bytes)
[DEBUG] Unhandled play packet 0x51 (3 bytes)
[DEBUG] Unhandled play packet 0x51 (3 bytes)
[DEBUG] Unhandled play packet 0x51 (3 bytes)
[DEBUG] Unhandled play packet 0x51 (3 bytes)
[DEBUG] Unhandled play packet 0x51 (3 bytes)
[DEBUG] Unhandled play packet 0x51 (3 bytes)
[DEBUG] Unhandled play packet 0x63 (8 bytes)
[DEBUG] Unhandled play packet 0x51 (3 bytes)
[DEBUG] Unhandled play packet 0x63 (8 bytes)
[DEBUG] Unhandled play packet 0x51 (3 bytes)
[DEBUG] Unhandled play packet 0x00 (0 bytes)
[DEBUG] Unhandled play packet 0x61 (9 bytes)
[DEBUG] Unhandled play packet 0x00 (0 bytes)
[DEBUG] Unhandled play packet 0x63 (8 bytes)
[DEBUG] Unhandled play packet 0x51 (3 bytes)
[DEBUG] Unhandled play packet 0x63 (8 bytes)
[DEBUG] Unhandled play packet 0x63 (8 bytes)
[DEBUG] Unhandled play packet 0x63 (8 bytes)
[DEBUG] Unhandled play packet 0x63 (8 bytes)
[DEBUG] Unhandled play packet 0x63 (8 bytes)
[DEBUG] Unhandled play packet 0x51 (3 bytes)
[DEBUG] Unhandled play packet 0x51 (3 bytes)
[DEBUG] Unhandled play packet 0x51 (3 bytes)
[DEBUG] Unhandled play packet 0x51 (3 bytes)
[DEBUG] Unhandled play packet 0x61 (9 bytes)
[DEBUG] Unhandled play packet 0x51 (3 bytes)
[DEBUG] Unhandled play packet 0x51 (3 bytes)
[DEBUG] Unhandled play packet 0x51 (3 bytes)
[DEBUG] Unhandled play packet 0x51 (3 bytes)
[DEBUG] Unhandled play packet 0x51 (3 bytes)
[DEBUG] Unhandled play packet 0x63 (8 bytes)
[DEBUG] Unhandled play packet 0x51 (3 bytes)
[DEBUG] Unhandled play packet 0x63 (8 bytes)
[DEBUG] Unhandled play packet 0x51 (3 bytes)
[DEBUG] Unhandled play packet 0x63 (8 bytes)
[DEBUG] Unhandled play packet 0x51 (3 bytes)
[DEBUG] Unhandled play packet 0x63 (8 bytes)
[DEBUG] Unhandled play packet 0x51 (3 bytes)
[DEBUG] Unhandled play packet 0x63 (8 bytes)
[DEBUG] Unhandled play packet 0x63 (8 bytes)
[DEBUG] Unhandled play packet 0x51 (3 bytes)
[DEBUG] Unhandled play packet 0x51 (3 bytes)
[DEBUG] Unhandled play packet 0x51 (3 bytes)
[DEBUG] Unhandled play packet 0x51 (3 bytes)
[DEBUG] Unhandled play packet 0x36 (5 bytes)
[DEBUG] Unhandled play packet 0x81 (13 bytes)
[DEBUG] Unhandled play packet 0x51 (3 bytes)
[DEBUG] Unhandled play packet 0x51 (3 bytes)
[DEBUG] Unhandled play packet 0x51 (3 bytes)
[DEBUG] Unhandled play packet 0x51 (3 bytes)
[DEBUG] Unhandled play packet 0x51 (3 bytes)
[DEBUG] Unhandled play packet 0x63 (8 bytes)
[DEBUG] Unhandled play packet 0x51 (3 bytes)
[DEBUG] Unhandled play packet 0x63 (8 bytes)
[DEBUG] Unhandled play packet 0x63 (8 bytes)
[DEBUG] Unhandled play packet 0x51 (3 bytes)
[DEBUG] Unhandled play packet 0x63 (8 bytes)
[DEBUG] Unhandled play packet 0x51 (3 bytes)
[DEBUG] Unhandled play packet 0x63 (8 bytes)
[DEBUG] Unhandled play packet 0x63 (8 bytes)
[DEBUG] Unhandled play packet 0x51 (3 bytes)
[DEBUG] Unhandled play packet 0x63 (8 bytes)
[DEBUG] Unhandled play packet 0x51 (3 bytes)
[DEBUG] Unhandled play packet 0x63 (8 bytes)
[DEBUG] Unhandled play packet 0x51 (3 bytes)
[DEBUG] Unhandled play packet 0x51 (3 bytes)
[DEBUG] Unhandled play packet 0x51 (3 bytes)
[DEBUG] Unhandled play packet 0x51 (3 bytes)
[DEBUG] Unhandled play packet 0x51 (3 bytes)
[DEBUG] Unhandled play packet 0x51 (3 bytes)
[DEBUG] Unhandled play packet 0x63 (8 bytes)
[DEBUG] Unhandled play packet 0x63 (8 bytes)
[DEBUG] Unhandled play packet 0x51 (3 bytes)
[DEBUG] Unhandled play packet 0x00 (0 bytes)
[DEBUG] Unhandled play packet 0x61 (8 bytes)
[DEBUG] Unhandled play packet 0x81 (12 bytes)
[DEBUG] Unhandled play packet 0x00 (0 bytes)
[DEBUG] Unhandled play packet 0x63 (8 bytes)
[DEBUG] Unhandled play packet 0x51 (3 bytes)
[DEBUG] Unhandled play packet 0x63 (8 bytes)
[DEBUG] Unhandled play packet 0x51 (3 bytes)
[DEBUG] Unhandled play packet 0x63 (8 bytes)
[DEBUG] Unhandled play packet 0x63 (8 bytes)
[DEBUG] Unhandled play packet 0x51 (3 bytes)
[DEBUG] Unhandled play packet 0x51 (3 bytes)
[DEBUG] Unhandled play packet 0x51 (3 bytes)
[DEBUG] Unhandled play packet 0x51 (3 bytes)
[DEBUG] Unhandled play packet 0x51 (3 bytes)
[DEBUG] Unhandled play packet 0x51 (3 bytes)
[DEBUG] Unhandled play packet 0x51 (3 bytes)
[DEBUG] Unhandled play packet 0x51 (3 bytes)
[DEBUG] Unhandled play packet 0x63 (8 bytes)
[DEBUG] Unhandled play packet 0x51 (3 bytes)
[DEBUG] Unhandled play packet 0x63 (8 bytes)
[DEBUG] Unhandled play packet 0x51 (3 bytes)
[DEBUG] Unhandled play packet 0x63 (8 bytes)
[DEBUG] Unhandled play packet 0x51 (3 bytes)
[DEBUG] Unhandled play packet 0x63 (8 bytes)
[DEBUG] Unhandled play packet 0x51 (3 bytes)
[DEBUG] Unhandled play packet 0x63 (8 bytes)
[DEBUG] Unhandled play packet 0x51 (3 bytes)
[DEBUG] Unhandled play packet 0x51 (3 bytes)
[DEBUG] Unhandled play packet 0x51 (3 bytes)
[DEBUG] Unhandled play packet 0x51 (3 bytes)
[DEBUG] Unhandled play packet 0x51 (3 bytes)
[DEBUG] Unhandled play packet 0x51 (3 bytes)
[DEBUG] Unhandled play packet 0x63 (8 bytes)
[DEBUG] Unhandled play packet 0x51 (3 bytes)
[DEBUG] Unhandled play packet 0x51 (3 bytes)
[DEBUG] Unhandled play packet 0x63 (8 bytes)
[DEBUG] Unhandled play packet 0x51 (3 bytes)
[DEBUG] Unhandled play packet 0x63 (8 bytes)
[DEBUG] Unhandled play packet 0x51 (3 bytes)
[DEBUG] Unhandled play packet 0x63 (8 bytes)
[DEBUG] Unhandled play packet 0x51 (3 bytes)
[DEBUG] Unhandled play packet 0x63 (8 bytes)
[DEBUG] Unhandled play packet 0x51 (3 bytes)
[DEBUG] Unhandled play packet 0x63 (8 bytes)
[DEBUG] Unhandled play packet 0x51 (3 bytes)
[DEBUG] Unhandled play packet 0x51 (3 bytes)
[DEBUG] Unhandled play packet 0x51 (3 bytes)
[DEBUG] Unhandled play packet 0x51 (3 bytes)
[DEBUG] Unhandled play packet 0x63 (8 bytes)
[DEBUG] Unhandled play packet 0x51 (3 bytes)
[DEBUG] Unhandled play packet 0x63 (8 bytes)
[DEBUG] Unhandled play packet 0x51 (3 bytes)
[DEBUG] Unhandled play packet 0x51 (3 bytes)
[DEBUG] Unhandled play packet 0x51 (3 bytes)
[DEBUG] Unhandled play packet 0x51 (3 bytes)
[DEBUG] Unhandled play packet 0x63 (8 bytes)
[DEBUG] Unhandled play packet 0x63 (8 bytes)
[DEBUG] Unhandled play packet 0x51 (3 bytes)
[DEBUG] Unhandled play packet 0x51 (3 bytes)
[DEBUG] Unhandled play packet 0x63 (8 bytes)
[DEBUG] Unhandled play packet 0x51 (3 bytes)
[DEBUG] Unhandled play packet 0x51 (3 bytes)
[DEBUG] Unhandled play packet 0x63 (8 bytes)
[DEBUG] Unhandled play packet 0x63 (8 bytes)
[DEBUG] Unhandled play packet 0x63 (8 bytes)
[DEBUG] Unhandled play packet 0x51 (3 bytes)
[DEBUG] Unhandled play packet 0x63 (8 bytes)
[DEBUG] Unhandled play packet 0x51 (3 bytes)
[DEBUG] Unhandled play packet 0x63 (8 bytes)
[DEBUG] Unhandled play packet 0x51 (3 bytes)
[DEBUG] Unhandled play packet 0x63 (8 bytes)
[DEBUG] Unhandled play packet 0x51 (3 bytes)
[DEBUG] Unhandled play packet 0x51 (3 bytes)
[DEBUG] Unhandled play packet 0x51 (3 bytes)
[DEBUG] Unhandled play packet 0x51 (3 bytes)
[DEBUG] Unhandled play packet 0x63 (8 bytes)
[DEBUG] Unhandled play packet 0x51 (3 bytes)
[DEBUG] Unhandled play packet 0x63 (7 bytes)
[DEBUG] Unhandled play packet 0x51 (2 bytes)
[DEBUG] Unhandled play packet 0x51 (3 bytes)
[DEBUG] Unhandled play packet 0x51 (3 bytes)
[DEBUG] Unhandled play packet 0x51 (3 bytes)
[DEBUG] Unhandled play packet 0x63 (8 bytes)
[DEBUG] Unhandled play packet 0x51 (3 bytes)
[DEBUG] Unhandled play packet 0x51 (3 bytes)
[DEBUG] Unhandled play packet 0x63 (8 bytes)
[DEBUG] Unhandled play packet 0x51 (3 bytes)
[DEBUG] Unhandled play packet 0x51 (3 bytes)
[DEBUG] Unhandled play packet 0x63 (8 bytes)
[DEBUG] Unhandled play packet 0x51 (3 bytes)
[DEBUG] Unhandled play packet 0x63 (8 bytes)
[DEBUG] Unhandled play packet 0x51 (3 bytes)
[DEBUG] Unhandled play packet 0x63 (8 bytes)
[DEBUG] Unhandled play packet 0x63 (8 bytes)
[DEBUG] Unhandled play packet 0x51 (3 bytes)
[DEBUG] Unhandled play packet 0x63 (8 bytes)
[DEBUG] Unhandled play packet 0x51 (3 bytes)
[DEBUG] Unhandled play packet 0x51 (3 bytes)
[DEBUG] Unhandled play packet 0x51 (3 bytes)
[DEBUG] Unhandled play packet 0x51 (3 bytes)
[DEBUG] Unhandled play packet 0x63 (8 bytes)
[DEBUG] Unhandled play packet 0x51 (3 bytes)
[DEBUG] Unhandled play packet 0x63 (7 bytes)
[DEBUG] Unhandled play packet 0x51 (2 bytes)
[DEBUG] Unhandled play packet 0x51 (3 bytes)
[DEBUG] Unhandled play packet 0x51 (3 bytes)
[DEBUG] Unhandled play packet 0x51 (3 bytes)
[DEBUG] Unhandled play packet 0x63 (8 bytes)
[DEBUG] Unhandled play packet 0x51 (3 bytes)
[DEBUG] Unhandled play packet 0x63 (8 bytes)
[DEBUG] Unhandled play packet 0x51 (3 bytes)
[DEBUG] Unhandled play packet 0x63 (8 bytes)
[DEBUG] Unhandled play packet 0x51 (3 bytes)
[DEBUG] Unhandled play packet 0x63 (8 bytes)
[DEBUG] Unhandled play packet 0x51 (3 bytes)
[DEBUG] Unhandled play packet 0x51 (3 bytes)
[DEBUG] Unhandled play packet 0x63 (8 bytes)
[DEBUG] Unhandled play packet 0x63 (8 bytes)
[DEBUG] Unhandled play packet 0x51 (3 bytes)
[DEBUG] Unhandled play packet 0x63 (8 bytes)
[DEBUG] Unhandled play packet 0x63 (8 bytes)
[DEBUG] Unhandled play packet 0x51 (3 bytes)
[DEBUG] Unhandled play packet 0x63 (8 bytes)
[DEBUG] Unhandled play packet 0x51 (3 bytes)
[DEBUG] Unhandled play packet 0x51 (3 bytes)
[DEBUG] Unhandled play packet 0x51 (3 bytes)
[DEBUG] Unhandled play packet 0x51 (3 bytes)
[DEBUG] Unhandled play packet 0x63 (8 bytes)
[DEBUG] Unhandled play packet 0x51 (3 bytes)
[DEBUG] Unhandled play packet 0x51 (2 bytes)
[DEBUG] Unhandled play packet 0x51 (3 bytes)
[DEBUG] Unhandled play packet 0x51 (3 bytes)
[DEBUG] Unhandled play packet 0x51 (3 bytes)
[DEBUG] Unhandled play packet 0x63 (8 bytes)
[DEBUG] Unhandled play packet 0x63 (8 bytes)
[DEBUG] Unhandled play packet 0x51 (3 bytes)
[DEBUG] Unhandled play packet 0x51 (3 bytes)
[DEBUG] Unhandled play packet 0x63 (8 bytes)
[DEBUG] Unhandled play packet 0x63 (8 bytes)
[DEBUG] Unhandled play packet 0x51 (3 bytes)
[DEBUG] Unhandled play packet 0x63 (8 bytes)
[DEBUG] Unhandled play packet 0x51 (3 bytes)
[DEBUG] Unhandled play packet 0x63 (8 bytes)
[DEBUG] Unhandled play packet 0x51 (3 bytes)
[DEBUG] Unhandled play packet 0x63 (8 bytes)
[DEBUG] Unhandled play packet 0x51 (3 bytes)
[DEBUG] Unhandled play packet 0x63 (8 bytes)
[DEBUG] Unhandled play packet 0x51 (3 bytes)
[DEBUG] Unhandled play packet 0x51 (3 bytes)
[DEBUG] Unhandled play packet 0x51 (3 bytes)
[DEBUG] Unhandled play packet 0x51 (3 bytes)
[DEBUG] Unhandled play packet 0x63 (8 bytes)
[DEBUG] Unhandled play packet 0x61 (7 bytes)
[DEBUG] Unhandled play packet 0x51 (3 bytes)
[DEBUG] Unhandled play packet 0x63 (7 bytes)
[DEBUG] Unhandled play packet 0x51 (2 bytes)
[DEBUG] Unhandled play packet 0x51 (3 bytes)
[DEBUG] Unhandled play packet 0x51 (3 bytes)
[DEBUG] Unhandled play packet 0x51 (3 bytes)
[DEBUG] Unhandled play packet 0x63 (8 bytes)
[DEBUG] Unhandled play packet 0x61 (7 bytes)
[DEBUG] Unhandled play packet 0x63 (8 bytes)
[DEBUG] Unhandled play packet 0x51 (3 bytes)
[DEBUG] Unhandled play packet 0x63 (8 bytes)
[DEBUG] Unhandled play packet 0x51 (3 bytes)
[DEBUG] Unhandled play packet 0x63 (8 bytes)
[DEBUG] Unhandled play packet 0x61 (7 bytes)
[DEBUG] Unhandled play packet 0x63 (8 bytes)
[DEBUG] Unhandled play packet 0x51 (3 bytes)
[DEBUG] Unhandled play packet 0x63 (8 bytes)
[DEBUG] Unhandled play packet 0x51 (3 bytes)
[DEBUG] Unhandled play packet 0x63 (8 bytes)
[DEBUG] Unhandled play packet 0x51 (3 bytes)
[DEBUG] Unhandled play packet 0x63 (8 bytes)
[DEBUG] Unhandled play packet 0x51 (3 bytes)
[DEBUG] Unhandled play packet 0x63 (8 bytes)
[DEBUG] Unhandled play packet 0x51 (3 bytes)
[DEBUG] Unhandled play packet 0x51 (3 bytes)
[DEBUG] Unhandled play packet 0x63 (8 bytes)
[DEBUG] Unhandled play packet 0x51 (3 bytes)
[DEBUG] Unhandled play packet 0x51 (3 bytes)
[DEBUG] Unhandled play packet 0x51 (3 bytes)
[DEBUG] Unhandled play packet 0x63 (8 bytes)
[DEBUG] Unhandled play packet 0x61 (7 bytes)
[DEBUG] Unhandled play packet 0x51 (3 bytes)
[DEBUG] Unhandled play packet 0x51 (3 bytes)
[DEBUG] Unhandled play packet 0x51 (3 bytes)
[DEBUG] Unhandled play packet 0x63 (8 bytes)
[DEBUG] Unhandled play packet 0x63 (8 bytes)
[DEBUG] Unhandled play packet 0x61 (7 bytes)
[DEBUG] Unhandled play packet 0x51 (3 bytes)
[DEBUG] Unhandled play packet 0x63 (8 bytes)
[DEBUG] Unhandled play packet 0x51 (3 bytes)
[DEBUG] Unhandled play packet 0x51 (3 bytes)
[DEBUG] Unhandled play packet 0x63 (8 bytes)
[DEBUG] Unhandled play packet 0x61 (7 bytes)
[DEBUG] Unhandled play packet 0x63 (8 bytes)
[DEBUG] Unhandled play packet 0x63 (8 bytes)
[DEBUG] Unhandled play packet 0x51 (3 bytes)
[DEBUG] Unhandled play packet 0x63 (8 bytes)
[DEBUG] Unhandled play packet 0x63 (8 bytes)
[DEBUG] Unhandled play packet 0x51 (3 bytes)
[DEBUG] Unhandled play packet 0x63 (8 bytes)
[DEBUG] Unhandled play packet 0x51 (3 bytes)
[DEBUG] Unhandled play packet 0x51 (3 bytes)
[DEBUG] Unhandled play packet 0x63 (8 bytes)
[DEBUG] Unhandled play packet 0x51 (3 bytes)
[DEBUG] Unhandled play packet 0x51 (3 bytes)
[DEBUG] Unhandled play packet 0x51 (3 bytes)
[DEBUG] Unhandled play packet 0x51 (3 bytes)
[DEBUG] Unhandled play packet 0x63 (8 bytes)
[DEBUG] Unhandled play packet 0x61 (7 bytes)
[DEBUG] Unhandled play packet 0x00 (0 bytes)
[DEBUG] Unhandled play packet 0x61 (9 bytes)
[DEBUG] Unhandled play packet 0x00 (0 bytes)
[DEBUG] Unhandled play packet 0x00 (0 bytes)
[DEBUG] Unhandled play packet 0x61 (9 bytes)
[DEBUG] Unhandled play packet 0x00 (0 bytes)
[DEBUG] Unhandled play packet 0x61 (9 bytes)
[DEBUG] Unhandled play packet 0x63 (8 bytes)
[DEBUG] Unhandled play packet 0x63 (8 bytes)
[DEBUG] Unhandled play packet 0x51 (3 bytes)
[DEBUG] Unhandled play packet 0x51 (3 bytes)
[DEBUG] Unhandled play packet 0x51 (3 bytes)
[DEBUG] Unhandled play packet 0x51 (3 bytes)
[DEBUG] Unhandled play packet 0x61 (9 bytes)
[DEBUG] Unhandled play packet 0x63 (8 bytes)
[DEBUG] Unhandled play packet 0x61 (7 bytes)
[DEBUG] Unhandled play packet 0x51 (3 bytes)
[Chat] Raw message: 
≡ƒÆ¼ 
[Bot] Chat received: { message: '', system: false }
[DEBUG] Unhandled play packet 0x00 (0 bytes)
[DEBUG] Unhandled play packet 0x61 (9 bytes)
[DEBUG] Unhandled play packet 0x00 (0 bytes)
[DEBUG] Unhandled play packet 0x51 (3 bytes)
[DEBUG] Unhandled play packet 0x63 (8 bytes)
[DEBUG] Unhandled play packet 0x51 (3 bytes)
[DEBUG] Unhandled play packet 0x61 (9 bytes)
[DEBUG] Unhandled play packet 0x63 (8 bytes)
[DEBUG] Unhandled play packet 0x51 (3 bytes)
[DEBUG] Unhandled play packet 0x63 (8 bytes)
[DEBUG] Unhandled play packet 0x51 (3 bytes)
[DEBUG] Unhandled play packet 0x63 (8 bytes)
[DEBUG] Unhandled play packet 0x51 (3 bytes)
[DEBUG] Unhandled play packet 0x63 (8 bytes)
[DEBUG] Unhandled play packet 0x51 (3 bytes)
[DEBUG] Unhandled play packet 0x51 (3 bytes)
[DEBUG] Unhandled play packet 0x63 (8 bytes)
[DEBUG] Unhandled play packet 0x51 (3 bytes)
[DEBUG] Unhandled play packet 0x51 (3 bytes)
[DEBUG] Unhandled play packet 0x51 (3 bytes)
[DEBUG] Unhandled play packet 0x51 (3 bytes)
[DEBUG] Unhandled play packet 0x51 (3 bytes)
[DEBUG] Unhandled play packet 0x36 (5 bytes)
[DEBUG] Unhandled play packet 0x81 (13 bytes)
[DEBUG] Unhandled play packet 0x51 (3 bytes)
[DEBUG] Unhandled play packet 0x51 (3 bytes)
[DEBUG] Unhandled play packet 0x51 (3 bytes)
[DEBUG] Unhandled play packet 0x36 (5 bytes)
[DEBUG] Unhandled play packet 0x81 (13 bytes)
[DEBUG] Unhandled play packet 0x51 (3 bytes)
[DEBUG] Unhandled play packet 0x63 (8 bytes)
[DEBUG] Unhandled play packet 0x51 (3 bytes)
[DEBUG] Unhandled play packet 0x63 (8 bytes)
[DEBUG] Unhandled play packet 0x81 (13 bytes)
[DEBUG] Unhandled play packet 0x63 (8 bytes)
[DEBUG] Unhandled play packet 0x51 (3 bytes)
[DEBUG] Unhandled play packet 0x63 (8 bytes)
[DEBUG] Unhandled play packet 0x51 (3 bytes)
[DEBUG] Unhandled play packet 0x51 (3 bytes)
[DEBUG] Unhandled play packet 0x63 (8 bytes)
[DEBUG] Unhandled play packet 0x51 (3 bytes)
[DEBUG] Unhandled play packet 0x51 (3 bytes)
[DEBUG] Unhandled play packet 0x63 (8 bytes)
[DEBUG] Unhandled play packet 0x51 (3 bytes)
[DEBUG] Unhandled play packet 0x51 (3 bytes)
[DEBUG] Unhandled play packet 0x51 (3 bytes)
[DEBUG] Unhandled play packet 0x51 (3 bytes)
[DEBUG] Unhandled play packet 0x63 (3 bytes)
[DEBUG] Unhandled play packet 0x51 (3 bytes)
[DEBUG] Unhandled play packet 0x63 (7 bytes)
[DEBUG] Unhandled play packet 0x51 (3 bytes)
[DEBUG] Unhandled play packet 0x51 (3 bytes)
[DEBUG] Unhandled play packet 0x51 (3 bytes)
[DEBUG] Unhandled play packet 0x51 (3 bytes)
[DEBUG] Unhandled play packet 0x51 (3 bytes)
[DEBUG] Unhandled play packet 0x51 (3 bytes)
[DEBUG] Unhandled play packet 0x63 (8 bytes)
[DEBUG] Unhandled play packet 0x51 (3 bytes)
[DEBUG] Unhandled play packet 0x63 (8 bytes)
[DEBUG] Unhandled play packet 0x51 (3 bytes)
[DEBUG] Unhandled play packet 0x63 (8 bytes)
[DEBUG] Unhandled play packet 0x63 (8 bytes)
[DEBUG] Unhandled play packet 0x51 (3 bytes)
[DEBUG] Unhandled play packet 0x51 (3 bytes)
[DEBUG] Unhandled play packet 0x63 (8 bytes)
[DEBUG] Unhandled play packet 0x51 (3 bytes)
[DEBUG] Unhandled play packet 0x51 (3 bytes)
[DEBUG] Unhandled play packet 0x51 (3 bytes)
[DEBUG] Unhandled play packet 0x51 (3 bytes)
[DEBUG] Unhandled play packet 0x36 (5 bytes)
[DEBUG] Unhandled play packet 0x51 (3 bytes)
[DEBUG] Unhandled play packet 0x63 (7 bytes)
[DEBUG] Unhandled play packet 0x51 (3 bytes)
[DEBUG] Unhandled play packet 0x51 (3 bytes)
[DEBUG] Unhandled play packet 0x51 (3 bytes)
[DEBUG] Unhandled play packet 0x51 (3 bytes)
[DEBUG] Unhandled play packet 0x63 (8 bytes)
[DEBUG] Unhandled play packet 0x51 (3 bytes)
[DEBUG] Unhandled play packet 0x63 (8 bytes)
[DEBUG] Unhandled play packet 0x51 (3 bytes)
[DEBUG] Unhandled play packet 0x51 (3 bytes)
[DEBUG] Unhandled play packet 0x63 (8 bytes)
[DEBUG] Unhandled play packet 0x51 (3 bytes)
[DEBUG] Unhandled play packet 0x63 (8 bytes)
[DEBUG] Unhandled play packet 0x51 (3 bytes)
[DEBUG] Unhandled play packet 0x51 (3 bytes)
[DEBUG] Unhandled play packet 0x51 (3 bytes)
[DEBUG] Unhandled play packet 0x51 (3 bytes)
[DEBUG] Unhandled play packet 0x36 (5 bytes)
[DEBUG] Unhandled play packet 0x51 (3 bytes)
[DEBUG] Unhandled play packet 0x63 (7 bytes)
[DEBUG] Unhandled play packet 0x51 (2 bytes)
[DEBUG] Unhandled play packet 0x51 (3 bytes)
[DEBUG] Unhandled play packet 0x51 (3 bytes)
[DEBUG] Unhandled play packet 0x51 (3 bytes)
[DEBUG] Unhandled play packet 0x00 (0 bytes)
[DEBUG] Unhandled play packet 0x61 (9 bytes)
[DEBUG] Unhandled play packet 0x81 (13 bytes)
[DEBUG] Unhandled play packet 0x00 (0 bytes)
[DEBUG] Unhandled play packet 0x51 (3 bytes)
[DEBUG] Unhandled play packet 0x63 (8 bytes)
[DEBUG] Unhandled play packet 0x51 (3 bytes)
[DEBUG] Unhandled play packet 0x00 (0 bytes)
[DEBUG] Unhandled play packet 0x61 (9 bytes)
[DEBUG] Unhandled play packet 0x64 (8 bytes)
[DEBUG] Unhandled play packet 0x00 (0 bytes)
[DEBUG] Unhandled play packet 0x00 (0 bytes)
[DEBUG] Unhandled play packet 0x61 (9 bytes)
[DEBUG] Unhandled play packet 0x64 (8 bytes)
[DEBUG] Unhandled play packet 0x00 (0 bytes)
[DEBUG] Unhandled play packet 0x61 (9 bytes)
[DEBUG] Unhandled play packet 0x63 (8 bytes)
[DEBUG] Unhandled play packet 0x51 (3 bytes)
[DEBUG] Unhandled play packet 0x63 (8 bytes)
[DEBUG] Unhandled play packet 0x51 (3 bytes)
[DEBUG] Unhandled play packet 0x63 (8 bytes)
[DEBUG] Unhandled play packet 0x51 (3 bytes)
[DEBUG] Unhandled play packet 0x63 (8 bytes)
[DEBUG] Unhandled play packet 0x51 (3 bytes)
[DEBUG] Unhandled play packet 0x63 (8 bytes)
[DEBUG] Unhandled play packet 0x51 (3 bytes)
[DEBUG] Unhandled play packet 0x51 (3 bytes)
[DEBUG] Unhandled play packet 0x51 (3 bytes)
[DEBUG] Unhandled play packet 0x51 (3 bytes)
[DEBUG] Unhandled play packet 0x61 (9 bytes)
[DEBUG] Unhandled play packet 0x63 (8 bytes)
[DEBUG] Unhandled play packet 0x36 (5 bytes)
[DEBUG] Unhandled play packet 0x51 (3 bytes)
[DEBUG] Unhandled play packet 0x64 (8 bytes)
[DEBUG] Unhandled play packet 0x64 (8 bytes)
[DEBUG] Unhandled play packet 0x63 (7 bytes)
[DEBUG] Unhandled play packet 0x51 (2 bytes)
[DEBUG] Unhandled play packet 0x63 (8 bytes)
[DEBUG] Unhandled play packet 0x51 (3 bytes)
[DEBUG] Unhandled play packet 0x51 (3 bytes)
[DEBUG] Unhandled play packet 0x51 (3 bytes)
[DEBUG] Unhandled play packet 0x51 (3 bytes)
[DEBUG] Unhandled play packet 0x63 (8 bytes)
[DEBUG] Unhandled play packet 0x51 (3 bytes)
[DEBUG] Unhandled play packet 0x63 (8 bytes)
[DEBUG] Unhandled play packet 0x51 (3 bytes)
[DEBUG] Unhandled play packet 0x51 (3 bytes)
[DEBUG] Unhandled play packet 0x51 (3 bytes)
[DEBUG] Unhandled play packet 0x51 (3 bytes)
[DEBUG] Unhandled play packet 0x63 (8 bytes)
[DEBUG] Unhandled play packet 0x63 (8 bytes)
[DEBUG] Unhandled play packet 0x81 (13 bytes)
[DEBUG] Unhandled play packet 0x51 (3 bytes)
[DEBUG] Unhandled play packet 0x63 (8 bytes)
[DEBUG] Unhandled play packet 0x51 (3 bytes)
[DEBUG] Unhandled play packet 0x63 (8 bytes)
[DEBUG] Unhandled play packet 0x51 (3 bytes)
[DEBUG] Unhandled play packet 0x63 (8 bytes)
[DEBUG] Unhandled play packet 0x63 (8 bytes)
[DEBUG] Unhandled play packet 0x51 (3 bytes)
[DEBUG] Unhandled play packet 0x51 (3 bytes)
[DEBUG] Unhandled play packet 0x51 (3 bytes)
[DEBUG] Unhandled play packet 0x51 (3 bytes)
[DEBUG] Unhandled play packet 0x51 (3 bytes)
[DEBUG] Unhandled play packet 0x63 (8 bytes)
[DEBUG] Unhandled play packet 0x81 (13 bytes)
[DEBUG] Unhandled play packet 0x51 (3 bytes)
[DEBUG] Unhandled play packet 0x51 (3 bytes)
[DEBUG] Unhandled play packet 0x63 (8 bytes)
[DEBUG] Unhandled play packet 0x51 (3 bytes)
[DEBUG] Unhandled play packet 0x51 (3 bytes)
[DEBUG] Unhandled play packet 0x51 (3 bytes)
[DEBUG] Unhandled play packet 0x51 (3 bytes)
[DEBUG] Unhandled play packet 0x63 (8 bytes)
[DEBUG] Unhandled play packet 0x51 (3 bytes)
[DEBUG] Unhandled play packet 0x51 (3 bytes)
[DEBUG] Unhandled play packet 0x63 (8 bytes)
[DEBUG] Unhandled play packet 0x51 (3 bytes)
[DEBUG] Unhandled play packet 0x51 (3 bytes)
[DEBUG] Unhandled play packet 0x63 (8 bytes)
[DEBUG] Unhandled play packet 0x51 (3 bytes)
[DEBUG] Unhandled play packet 0x63 (8 bytes)
[DEBUG] Unhandled play packet 0x63 (8 bytes)
[DEBUG] Unhandled play packet 0x51 (3 bytes)
[DEBUG] Unhandled play packet 0x63 (8 bytes)
[DEBUG] Unhandled play packet 0x63 (8 bytes)
[DEBUG] Unhandled play packet 0x51 (3 bytes)
[DEBUG] Unhandled play packet 0x51 (3 bytes)
[DEBUG] Unhandled play packet 0x51 (3 bytes)
[DEBUG] Unhandled play packet 0x51 (3 bytes)
[DEBUG] Unhandled play packet 0x63 (8 bytes)
[DEBUG] Unhandled play packet 0x51 (3 bytes)
[DEBUG] Unhandled play packet 0x63 (8 bytes)
[DEBUG] Unhandled play packet 0x51 (3 bytes)
[DEBUG] Unhandled play packet 0x51 (3 bytes)
[DEBUG] Unhandled play packet 0x51 (3 bytes)
[DEBUG] Unhandled play packet 0x51 (3 bytes)
[DEBUG] Unhandled play packet 0x63 (8 bytes)
[DEBUG] Unhandled play packet 0x51 (3 bytes)
[DEBUG] Unhandled play packet 0x63 (8 bytes)
[DEBUG] Unhandled play packet 0x51 (3 bytes)
[DEBUG] Unhandled play packet 0x51 (3 bytes)
[DEBUG] Unhandled play packet 0x63 (8 bytes)
[DEBUG] Unhandled play packet 0x51 (3 bytes)
[Keep-Alive] Received: 2943245, responding...
[Keep-Alive] Response sent!
[DEBUG] Unhandled play packet 0x63 (8 bytes)
[DEBUG] Unhandled play packet 0x63 (8 bytes)
[DEBUG] Unhandled play packet 0x51 (3 bytes)
[DEBUG] Unhandled play packet 0x63 (8 bytes)
[DEBUG] Unhandled play packet 0x51 (3 bytes)
[DEBUG] Unhandled play packet 0x51 (3 bytes)
[DEBUG] Unhandled play packet 0x51 (3 bytes)
[DEBUG] Unhandled play packet 0x51 (3 bytes)
[DEBUG] Unhandled play packet 0x51 (3 bytes)
[DEBUG] Unhandled play packet 0x63 (8 bytes)
[DEBUG] Unhandled play packet 0x51 (3 bytes)
[DEBUG] Unhandled play packet 0x63 (8 bytes)
[DEBUG] Unhandled play packet 0x51 (3 bytes)
[DEBUG] Unhandled play packet 0x51 (3 bytes)
[DEBUG] Unhandled play packet 0x51 (3 bytes)
[DEBUG] Unhandled play packet 0x51 (3 bytes)
[DEBUG] Unhandled play packet 0x63 (8 bytes)
[DEBUG] Unhandled play packet 0x51 (3 bytes)
[DEBUG] Unhandled play packet 0x51 (3 bytes)
[DEBUG] Unhandled play packet 0x63 (8 bytes)
[DEBUG] Unhandled play packet 0x63 (8 bytes)
[DEBUG] Unhandled play packet 0x51 (3 bytes)
[DEBUG] Unhandled play packet 0x51 (3 bytes)
[DEBUG] Unhandled play packet 0x63 (8 bytes)
[DEBUG] Unhandled play packet 0x51 (3 bytes)
[DEBUG] Unhandled play packet 0x63 (8 bytes)
[DEBUG] Unhandled play packet 0x63 (8 bytes)
[DEBUG] Unhandled play packet 0x63 (8 bytes)
[DEBUG] Unhandled play packet 0x63 (8 bytes)
[DEBUG] Unhandled play packet 0x51 (3 bytes)
[DEBUG] Unhandled play packet 0x51 (3 bytes)
[DEBUG] Unhandled play packet 0x51 (3 bytes)
[DEBUG] Unhandled play packet 0x51 (3 bytes)
[DEBUG] Unhandled play packet 0x51 (3 bytes)
[DEBUG] Unhandled play packet 0x63 (8 bytes)
[DEBUG] Unhandled play packet 0x51 (3 bytes)
[DEBUG] Unhandled play packet 0x63 (8 bytes)
[DEBUG] Unhandled play packet 0x51 (3 bytes)
[DEBUG] Unhandled play packet 0x63 (8 bytes)
[DEBUG] Unhandled play packet 0x51 (3 bytes)
[DEBUG] Unhandled play packet 0x63 (8 bytes)
[DEBUG] Unhandled play packet 0x51 (3 bytes)
[DEBUG] Unhandled play packet 0x51 (3 bytes)
[DEBUG] Unhandled play packet 0x51 (3 bytes)
[DEBUG] Unhandled play packet 0x51 (3 bytes)
[DEBUG] Unhandled play packet 0x63 (8 bytes)
[DEBUG] Unhandled play packet 0x51 (3 bytes)
[DEBUG] Unhandled play packet 0x51 (3 bytes)
[DEBUG] Unhandled play packet 0x63 (8 bytes)
[DEBUG] Unhandled play packet 0x51 (3 bytes)
[DEBUG] Unhandled play packet 0x63 (8 bytes)
[DEBUG] Unhandled play packet 0x51 (3 bytes)
[DEBUG] Unhandled play packet 0x63 (8 bytes)
[DEBUG] Unhandled play packet 0x51 (3 bytes)
[DEBUG] Unhandled play packet 0x51 (3 bytes)
[DEBUG] Unhandled play packet 0x63 (8 bytes)
[DEBUG] Unhandled play packet 0x63 (8 bytes)
[DEBUG] Unhandled play packet 0x63 (8 bytes)
[DEBUG] Unhandled play packet 0x63 (8 bytes)
[DEBUG] Unhandled play packet 0x63 (8 bytes)
[DEBUG] Unhandled play packet 0x51 (3 bytes)
[DEBUG] Unhandled play packet 0x51 (3 bytes)
[DEBUG] Unhandled play packet 0x51 (3 bytes)
[DEBUG] Unhandled play packet 0x51 (3 bytes)
[DEBUG] Unhandled play packet 0x51 (3 bytes)
[DEBUG] Unhandled play packet 0x63 (8 bytes)
[DEBUG] Unhandled play packet 0x51 (3 bytes)
[DEBUG] Unhandled play packet 0x63 (8 bytes)
[DEBUG] Unhandled play packet 0x51 (3 bytes)
[DEBUG] Unhandled play packet 0x51 (3 bytes)
[DEBUG] Unhandled play packet 0x51 (3 bytes)
[DEBUG] Unhandled play packet 0x51 (3 bytes)
[DEBUG] Unhandled play packet 0x51 (3 bytes)
[DEBUG] Unhandled play packet 0x63 (8 bytes)
[DEBUG] Unhandled play packet 0x51 (3 bytes)
[DEBUG] Unhandled play packet 0x51 (3 bytes)
[DEBUG] Unhandled play packet 0x51 (3 bytes)
[DEBUG] Unhandled play packet 0x63 (8 bytes)
[DEBUG] Unhandled play packet 0x61 (7 bytes)
[DEBUG] Unhandled play packet 0x51 (3 bytes)
[DEBUG] Unhandled play packet 0x63 (8 bytes)
[DEBUG] Unhandled play packet 0x51 (3 bytes)
[DEBUG] Unhandled play packet 0x63 (8 bytes)
[DEBUG] Unhandled play packet 0x63 (8 bytes)
[DEBUG] Unhandled play packet 0x63 (8 bytes)
[DEBUG] Unhandled play packet 0x63 (8 bytes)
[DEBUG] Unhandled play packet 0x51 (3 bytes)
[DEBUG] Unhandled play packet 0x51 (3 bytes)
[DEBUG] Unhandled play packet 0x51 (3 bytes)
[DEBUG] Unhandled play packet 0x63 (8 bytes)
[DEBUG] Unhandled play packet 0x61 (7 bytes)
[DEBUG] Unhandled play packet 0x51 (3 bytes)
[DEBUG] Unhandled play packet 0x51 (3 bytes)
[DEBUG] Unhandled play packet 0x63 (8 bytes)
[DEBUG] Unhandled play packet 0x51 (3 bytes)
[DEBUG] Unhandled play packet 0x63 (8 bytes)
[DEBUG] Unhandled play packet 0x51 (3 bytes)
[DEBUG] Unhandled play packet 0x51 (3 bytes)
[DEBUG] Unhandled play packet 0x51 (3 bytes)
[DEBUG] Unhandled play packet 0x51 (3 bytes)
[DEBUG] Unhandled play packet 0x51 (3 bytes)
[DEBUG] Unhandled play packet 0x63 (8 bytes)
[DEBUG] Unhandled play packet 0x61 (7 bytes)
[DEBUG] Unhandled play packet 0x51 (3 bytes)
[DEBUG] Unhandled play packet 0x63 (8 bytes)
[DEBUG] Unhandled play packet 0x51 (3 bytes)
[DEBUG] Unhandled play packet 0x63 (8 bytes)
[DEBUG] Unhandled play packet 0x51 (3 bytes)
[Chat] Raw message: 
≡ƒÆ¼ 
[Bot] Chat received: { message: '', system: false }
[Chat] Raw message: 
≡ƒÆ¼ 
[Bot] Chat received: { message: '', system: false }
[Chat] Raw message: 
≡ƒÆ¼ 
[Bot] Chat received: { message: '', system: false }
[DEBUG] Unhandled play packet 0x63 (8 bytes)
[DEBUG] Unhandled play packet 0x63 (8 bytes)
[DEBUG] Unhandled play packet 0x63 (8 bytes)
[DEBUG] Unhandled play packet 0x63 (8 bytes)
[DEBUG] Unhandled play packet 0x51 (3 bytes)
[DEBUG] Unhandled play packet 0x51 (3 bytes)
[DEBUG] Unhandled play packet 0x51 (3 bytes)
[DEBUG] Unhandled play packet 0x51 (3 bytes)
[DEBUG] Unhandled play packet 0x51 (3 bytes)
[DEBUG] Unhandled play packet 0x63 (8 bytes)
[DEBUG] Unhandled play packet 0x51 (3 bytes)
[DEBUG] Unhandled play packet 0x63 (8 bytes)
[DEBUG] Unhandled play packet 0x51 (3 bytes)
[DEBUG] Unhandled play packet 0x51 (3 bytes)
[DEBUG] Unhandled play packet 0x51 (3 bytes)
[DEBUG] Unhandled play packet 0x51 (3 bytes)
[DEBUG] Unhandled play packet 0x51 (3 bytes)
[DEBUG] Unhandled play packet 0x63 (8 bytes)
[DEBUG] Unhandled play packet 0x51 (3 bytes)
[DEBUG] Unhandled play packet 0x51 (3 bytes)
[DEBUG] Unhandled play packet 0x51 (3 bytes)
[DEBUG] Unhandled play packet 0x51 (3 bytes)
[DEBUG] Unhandled play packet 0x63 (8 bytes)
[DEBUG] Unhandled play packet 0x51 (3 bytes)
[DEBUG] Unhandled play packet 0x63 (8 bytes)
[DEBUG] Unhandled play packet 0x63 (8 bytes)
[DEBUG] Unhandled play packet 0x51 (3 bytes)
[DEBUG] Unhandled play packet 0x63 (8 bytes)
[DEBUG] Unhandled play packet 0x63 (8 bytes)
[DEBUG] Unhandled play packet 0x51 (3 bytes)
[DEBUG] Unhandled play packet 0x51 (3 bytes)
[DEBUG] Unhandled play packet 0x51 (3 bytes)
[DEBUG] Unhandled play packet 0x51 (3 bytes)
[DEBUG] Unhandled play packet 0x51 (3 bytes)
[DEBUG] Unhandled play packet 0x51 (3 bytes)
[DEBUG] Unhandled play packet 0x63 (7 bytes)
[DEBUG] Unhandled play packet 0x51 (2 bytes)
[DEBUG] Unhandled play packet 0x51 (3 bytes)
[DEBUG] Unhandled play packet 0x51 (3 bytes)
[DEBUG] Unhandled play packet 0x51 (3 bytes)
[DEBUG] Unhandled play packet 0x51 (3 bytes)
[DEBUG] Unhandled play packet 0x51 (3 bytes)
[DEBUG] Unhandled play packet 0x51 (3 bytes)
[DEBUG] Unhandled play packet 0x51 (3 bytes)
[DEBUG] Unhandled play packet 0x51 (3 bytes)
[DEBUG] Unhandled play packet 0x63 (8 bytes)
[DEBUG] Unhandled play packet 0x51 (3 bytes)
[DEBUG] Unhandled play packet 0x63 (8 bytes)
[DEBUG] Unhandled play packet 0x51 (3 bytes)
[DEBUG] Unhandled play packet 0x63 (8 bytes)
[DEBUG] Unhandled play packet 0x63 (8 bytes)
[DEBUG] Unhandled play packet 0x51 (3 bytes)
[DEBUG] Unhandled play packet 0x63 (8 bytes)
[DEBUG] Unhandled play packet 0x63 (8 bytes)
[DEBUG] Unhandled play packet 0x51 (3 bytes)
[DEBUG] Unhandled play packet 0x51 (3 bytes)
[DEBUG] Unhandled play packet 0x51 (3 bytes)
[DEBUG] Unhandled play packet 0x51 (3 bytes)
[DEBUG] Unhandled play packet 0x51 (3 bytes)
[DEBUG] Unhandled play packet 0x63 (7 bytes)
[DEBUG] Unhandled play packet 0x51 (3 bytes)
[DEBUG] Unhandled play packet 0x51 (3 bytes)
[DEBUG] Unhandled play packet 0x51 (3 bytes)
[DEBUG] Unhandled play packet 0x51 (3 bytes)
[DEBUG] Unhandled play packet 0x51 (3 bytes)
[DEBUG] Unhandled play packet 0x51 (3 bytes)
[DEBUG] Unhandled play packet 0x51 (3 bytes)
[DEBUG] Unhandled play packet 0x63 (8 bytes)
[DEBUG] Unhandled play packet 0x51 (3 bytes)
[DEBUG] Unhandled play packet 0x51 (3 bytes)
[DEBUG] Unhandled play packet 0x63 (8 bytes)
[DEBUG] Unhandled play packet 0x51 (3 bytes)
[DEBUG] Unhandled play packet 0x51 (3 bytes)
[DEBUG] Unhandled play packet 0x63 (8 bytes)
[DEBUG] Unhandled play packet 0x63 (8 bytes)
[DEBUG] Unhandled play packet 0x51 (3 bytes)
[DEBUG] Unhandled play packet 0x63 (8 bytes)
[DEBUG] Unhandled play packet 0x51 (3 bytes)
[DEBUG] Unhandled play packet 0x51 (3 bytes)
[DEBUG] Unhandled play packet 0x51 (3 bytes)
[DEBUG] Unhandled play packet 0x51 (3 bytes)
[DEBUG] Unhandled play packet 0x51 (3 bytes)
[DEBUG] Unhandled play packet 0x51 (3 bytes)
[DEBUG] Unhandled play packet 0x51 (3 bytes)
[DEBUG] Unhandled play packet 0x51 (3 bytes)
[DEBUG] Unhandled play packet 0x51 (3 bytes)
[DEBUG] Unhandled play packet 0x51 (3 bytes)
[DEBUG] Unhandled play packet 0x51 (3 bytes)
[DEBUG] Unhandled play packet 0x63 (8 bytes)
[DEBUG] Unhandled play packet 0x51 (3 bytes)
[DEBUG] Unhandled play packet 0x51 (3 bytes)
[DEBUG] Unhandled play packet 0x51 (3 bytes)
[DEBUG] Unhandled play packet 0x51 (3 bytes)
[DEBUG] Unhandled play packet 0x63 (8 bytes)
[DEBUG] Unhandled play packet 0x63 (8 bytes)
[DEBUG] Unhandled play packet 0x51 (3 bytes)
[DEBUG] Unhandled play packet 0x63 (8 bytes)
[DEBUG] Unhandled play packet 0x51 (3 bytes)
[DEBUG] Unhandled play packet 0x51 (3 bytes)
[DEBUG] Unhandled play packet 0x51 (3 bytes)
[DEBUG] Unhandled play packet 0x51 (3 bytes)
[DEBUG] Unhandled play packet 0x51 (3 bytes)
[DEBUG] Unhandled play packet 0x63 (8 bytes)
[DEBUG] Unhandled play packet 0x51 (3 bytes)
[DEBUG] Unhandled play packet 0x51 (3 bytes)
[DEBUG] Unhandled play packet 0x51 (3 bytes)
[DEBUG] Unhandled play packet 0x51 (3 bytes)
[DEBUG] Unhandled play packet 0x63 (8 bytes)
[DEBUG] Unhandled play packet 0x51 (3 bytes)
[DEBUG] Unhandled play packet 0x63 (8 bytes)
[DEBUG] Unhandled play packet 0x51 (3 bytes)
[DEBUG] Unhandled play packet 0x51 (3 bytes)
[DEBUG] Unhandled play packet 0x51 (3 bytes)
[DEBUG] Unhandled play packet 0x63 (8 bytes)
[DEBUG] Unhandled play packet 0x63 (8 bytes)
[DEBUG] Unhandled play packet 0x51 (3 bytes)
[DEBUG] Unhandled play packet 0x63 (8 bytes)
[DEBUG] Unhandled play packet 0x63 (8 bytes)
[DEBUG] Unhandled play packet 0x51 (3 bytes)
[DEBUG] Unhandled play packet 0x51 (3 bytes)
[DEBUG] Unhandled play packet 0x51 (3 bytes)
[DEBUG] Unhandled play packet 0x51 (3 bytes)
[DEBUG] Unhandled play packet 0x63 (8 bytes)
[DEBUG] Unhandled play packet 0x51 (3 bytes)
[DEBUG] Unhandled play packet 0x51 (3 bytes)
[DEBUG] Unhandled play packet 0x51 (3 bytes)
[DEBUG] Unhandled play packet 0x51 (3 bytes)
[DEBUG] Unhandled play packet 0x51 (3 bytes)
[DEBUG] Unhandled play packet 0x51 (3 bytes)
[DEBUG] Unhandled play packet 0x63 (8 bytes)
[DEBUG] Unhandled play packet 0x51 (3 bytes)
[DEBUG] Unhandled play packet 0x51 (3 bytes)
[DEBUG] Unhandled play packet 0x63 (8 bytes)
[DEBUG] Unhandled play packet 0x63 (8 bytes)
[DEBUG] Unhandled play packet 0x51 (3 bytes)
[DEBUG] Unhandled play packet 0x63 (8 bytes)
[DEBUG] Unhandled play packet 0x63 (8 bytes)
[DEBUG] Unhandled play packet 0x51 (3 bytes)
[DEBUG] Unhandled play packet 0x51 (3 bytes)
[DEBUG] Unhandled play packet 0x51 (3 bytes)
[DEBUG] Unhandled play packet 0x51 (3 bytes)
[DEBUG] Unhandled play packet 0x63 (8 bytes)
[DEBUG] Unhandled play packet 0x63 (8 bytes)
[DEBUG] Unhandled play packet 0x51 (3 bytes)
[DEBUG] Unhandled play packet 0x51 (3 bytes)
[DEBUG] Unhandled play packet 0x51 (3 bytes)
[DEBUG] Unhandled play packet 0x63 (8 bytes)
[DEBUG] Unhandled play packet 0x51 (3 bytes)
[DEBUG] Unhandled play packet 0x51 (3 bytes)
[DEBUG] Unhandled play packet 0x51 (3 bytes)
[DEBUG] Unhandled play packet 0x63 (8 bytes)
[DEBUG] Unhandled play packet 0x63 (8 bytes)
[DEBUG] Unhandled play packet 0x63 (8 bytes)
[DEBUG] Unhandled play packet 0x51 (3 bytes)
[DEBUG] Unhandled play packet 0x51 (3 bytes)
[DEBUG] Unhandled play packet 0x51 (3 bytes)
[DEBUG] Unhandled play packet 0x51 (3 bytes)
[DEBUG] Unhandled play packet 0x51 (3 bytes)
[DEBUG] Unhandled play packet 0x63 (8 bytes)
[DEBUG] Unhandled play packet 0x63 (8 bytes)
[DEBUG] Unhandled play packet 0x51 (3 bytes)
[DEBUG] Unhandled play packet 0x51 (3 bytes)
[DEBUG] Unhandled play packet 0x51 (3 bytes)
[DEBUG] Unhandled play packet 0x51 (3 bytes)
[DEBUG] Unhandled play packet 0x51 (3 bytes)
[DEBUG] Unhandled play packet 0x63 (8 bytes)
[DEBUG] Unhandled play packet 0x51 (3 bytes)
[DEBUG] Unhandled play packet 0x51 (3 bytes)
[DEBUG] Unhandled play packet 0x51 (3 bytes)
[DEBUG] Unhandled play packet 0x63 (8 bytes)
[DEBUG] Unhandled play packet 0x63 (8 bytes)
[DEBUG] Unhandled play packet 0x51 (3 bytes)
[DEBUG] Unhandled play packet 0x63 (8 bytes)
[DEBUG] Unhandled play packet 0x51 (3 bytes)
[DEBUG] Unhandled play packet 0x51 (3 bytes)
[DEBUG] Unhandled play packet 0x51 (3 bytes)
[DEBUG] Unhandled play packet 0x51 (3 bytes)
[DEBUG] Unhandled play packet 0x63 (8 bytes)
[DEBUG] Unhandled play packet 0x51 (2 bytes)
[DEBUG] Unhandled play packet 0x63 (8 bytes)
[DEBUG] Unhandled play packet 0x51 (3 bytes)
[DEBUG] Unhandled play packet 0x51 (3 bytes)
[DEBUG] Unhandled play packet 0x51 (3 bytes)
[DEBUG] Unhandled play packet 0x51 (3 bytes)
[DEBUG] Unhandled play packet 0x51 (3 bytes)
[DEBUG] Unhandled play packet 0x63 (8 bytes)
[DEBUG] Unhandled play packet 0x51 (3 bytes)
[DEBUG] Unhandled play packet 0x51 (3 bytes)
[DEBUG] Unhandled play packet 0x63 (8 bytes)
[DEBUG] Unhandled play packet 0x51 (3 bytes)
[DEBUG] Unhandled play packet 0x63 (8 bytes)
[DEBUG] Unhandled play packet 0x51 (3 bytes)
[DEBUG] Unhandled play packet 0x51 (3 bytes)
[DEBUG] Unhandled play packet 0x51 (3 bytes)
[DEBUG] Unhandled play packet 0x51 (3 bytes)
[DEBUG] Unhandled play packet 0x63 (8 bytes)
[DEBUG] Unhandled play packet 0x51 (2 bytes)
[DEBUG] Unhandled play packet 0x63 (8 bytes)
[DEBUG] Unhandled play packet 0x51 (3 bytes)
[DEBUG] Unhandled play packet 0x51 (3 bytes)
[DEBUG] Unhandled play packet 0x51 (3 bytes)
[DEBUG] Unhandled play packet 0x51 (3 bytes)
[DEBUG] Unhandled play packet 0x51 (3 bytes)
[DEBUG] Unhandled play packet 0x63 (8 bytes)
[DEBUG] Unhandled play packet 0x51 (3 bytes)
[DEBUG] Unhandled play packet 0x51 (3 bytes)
[DEBUG] Unhandled play packet 0x51 (3 bytes)
[DEBUG] Unhandled play packet 0x63 (8 bytes)
[DEBUG] Unhandled play packet 0x63 (8 bytes)
[DEBUG] Unhandled play packet 0x51 (3 bytes)
[DEBUG] Unhandled play packet 0x51 (3 bytes)
[DEBUG] Unhandled play packet 0x51 (3 bytes)
[DEBUG] Unhandled play packet 0x51 (3 bytes)
[DEBUG] Unhandled play packet 0x51 (3 bytes)
[DEBUG] Unhandled play packet 0x51 (3 bytes)
[DEBUG] Unhandled play packet 0x63 (8 bytes)
[DEBUG] Unhandled play packet 0x63 (8 bytes)
[DEBUG] Unhandled play packet 0x51 (3 bytes)
[DEBUG] Unhandled play packet 0x51 (3 bytes)
[DEBUG] Unhandled play packet 0x51 (3 bytes)
[DEBUG] Unhandled play packet 0x51 (3 bytes)
[DEBUG] Unhandled play packet 0x63 (8 bytes)
[DEBUG] Unhandled play packet 0x51 (3 bytes)
[DEBUG] Unhandled play packet 0x51 (3 bytes)
[DEBUG] Unhandled play packet 0x63 (8 bytes)
[DEBUG] Unhandled play packet 0x63 (8 bytes)
[DEBUG] Unhandled play packet 0x51 (3 bytes)
[DEBUG] Unhandled play packet 0x63 (8 bytes)
[DEBUG] Unhandled play packet 0x51 (3 bytes)
[DEBUG] Unhandled play packet 0x51 (3 bytes)
[DEBUG] Unhandled play packet 0x51 (3 bytes)
[DEBUG] Unhandled play packet 0x51 (3 bytes)
[DEBUG] Unhandled play packet 0x51 (3 bytes)
[DEBUG] Unhandled play packet 0x63 (8 bytes)
[Chat] Raw message: 
≡ƒÆ¼ 
[Bot] Chat received: { message: '', system: false }
[Chat] Raw message: 
≡ƒÆ¼ 
[Bot] Chat received: { message: '', system: false }
[Chat] Raw message: 
≡ƒÆ¼ 
[Bot] Chat received: { message: '', system: false }
[DEBUG] Unhandled play packet 0x63 (7 bytes)
[DEBUG] Unhandled play packet 0x63 (8 bytes)
[DEBUG] Unhandled play packet 0x51 (3 bytes)
[DEBUG] Unhandled play packet 0x51 (3 bytes)
[DEBUG] Unhandled play packet 0x51 (3 bytes)
[DEBUG] Unhandled play packet 0x51 (3 bytes)
[DEBUG] Unhandled play packet 0x63 (8 bytes)
[DEBUG] Unhandled play packet 0x51 (3 bytes)
[DEBUG] Unhandled play packet 0x51 (3 bytes)
[DEBUG] Unhandled play packet 0x51 (3 bytes)
[DEBUG] Unhandled play packet 0x63 (8 bytes)
[DEBUG] Unhandled play packet 0x51 (3 bytes)
[DEBUG] Unhandled play packet 0x63 (8 bytes)
[DEBUG] Unhandled play packet 0x51 (3 bytes)
[DEBUG] Unhandled play packet 0x51 (3 bytes)
[DEBUG] Unhandled play packet 0x51 (3 bytes)
[DEBUG] Unhandled play packet 0x51 (3 bytes)
[DEBUG] Unhandled play packet 0x51 (3 bytes)
[DEBUG] Unhandled play packet 0x63 (7 bytes)
[DEBUG] Unhandled play packet 0x51 (2 bytes)
[DEBUG] Unhandled play packet 0x51 (3 bytes)
[DEBUG] Unhandled play packet 0x51 (3 bytes)
[DEBUG] Unhandled play packet 0x51 (3 bytes)
[DEBUG] Unhandled play packet 0x51 (3 bytes)
[DEBUG] Unhandled play packet 0x51 (3 bytes)
[DEBUG] Unhandled play packet 0x51 (3 bytes)
[DEBUG] Unhandled play packet 0x63 (8 bytes)
[DEBUG] Unhandled play packet 0x63 (8 bytes)
[DEBUG] Unhandled play packet 0x51 (3 bytes)
[DEBUG] Unhandled play packet 0x51 (3 bytes)
[DEBUG] Unhandled play packet 0x51 (3 bytes)
[DEBUG] Unhandled play packet 0x51 (3 bytes)
[DEBUG] Unhandled play packet 0x63 (7 bytes)
[DEBUG] Unhandled play packet 0x51 (2 bytes)
[DEBUG] Unhandled play packet 0x51 (3 bytes)
[DEBUG] Unhandled play packet 0x51 (3 bytes)
[DEBUG] Unhandled play packet 0x51 (3 bytes)
[DEBUG] Unhandled play packet 0x51 (3 bytes)
[DEBUG] Unhandled play packet 0x51 (3 bytes)
[DEBUG] Unhandled play packet 0x51 (3 bytes)
[DEBUG] Unhandled play packet 0x51 (3 bytes)
[DEBUG] Unhandled play packet 0x63 (8 bytes)
[DEBUG] Unhandled play packet 0x51 (3 bytes)
[DEBUG] Unhandled play packet 0x63 (8 bytes)
[DEBUG] Unhandled play packet 0x51 (3 bytes)
[DEBUG] Unhandled play packet 0x63 (8 bytes)
[DEBUG] Unhandled play packet 0x51 (3 bytes)
[DEBUG] Unhandled play packet 0x51 (3 bytes)
[DEBUG] Unhandled play packet 0x51 (3 bytes)
[DEBUG] Unhandled play packet 0x51 (3 bytes)
[DEBUG] Unhandled play packet 0x51 (3 bytes)
[DEBUG] Unhandled play packet 0x51 (3 bytes)
[DEBUG] Unhandled play packet 0x51 (3 bytes)
[DEBUG] Unhandled play packet 0x51 (3 bytes)
[DEBUG] Unhandled play packet 0x63 (8 bytes)
[DEBUG] Unhandled play packet 0x51 (3 bytes)
[DEBUG] Unhandled play packet 0x51 (3 bytes)
[DEBUG] Unhandled play packet 0x63 (8 bytes)
[DEBUG] Unhandled play packet 0x51 (3 bytes)
[DEBUG] Unhandled play packet 0x63 (8 bytes)
[DEBUG] Unhandled play packet 0x51 (3 bytes)
[DEBUG] Unhandled play packet 0x63 (8 bytes)
[DEBUG] Unhandled play packet 0x51 (3 bytes)
[DEBUG] Unhandled play packet 0x51 (3 bytes)
[DEBUG] Unhandled play packet 0x51 (3 bytes)
[DEBUG] Unhandled play packet 0x51 (3 bytes)
[DEBUG] Unhandled play packet 0x51 (3 bytes)
[DEBUG] Unhandled play packet 0x51 (3 bytes)
[DEBUG] Unhandled play packet 0x51 (3 bytes)
[DEBUG] Unhandled play packet 0x51 (3 bytes)
[DEBUG] Unhandled play packet 0x51 (3 bytes)
[DEBUG] Unhandled play packet 0x63 (8 bytes)
[DEBUG] Unhandled play packet 0x63 (8 bytes)
[DEBUG] Unhandled play packet 0x51 (3 bytes)
[DEBUG] Unhandled play packet 0x51 (3 bytes)
[DEBUG] Unhandled play packet 0x63 (8 bytes)
[DEBUG] Unhandled play packet 0x51 (3 bytes)
[DEBUG] Unhandled play packet 0x63 (8 bytes)
[DEBUG] Unhandled play packet 0x63 (8 bytes)
[DEBUG] Unhandled play packet 0x51 (3 bytes)
[DEBUG] Unhandled play packet 0x63 (8 bytes)
[DEBUG] Unhandled play packet 0x63 (8 bytes)
[DEBUG] Unhandled play packet 0x51 (3 bytes)
[DEBUG] Unhandled play packet 0x51 (3 bytes)
[DEBUG] Unhandled play packet 0x51 (3 bytes)
[DEBUG] Unhandled play packet 0x51 (3 bytes)
[DEBUG] Unhandled play packet 0x51 (3 bytes)
[DEBUG] Unhandled play packet 0x63 (3 bytes)
[DEBUG] Unhandled play packet 0x63 (8 bytes)
[DEBUG] Unhandled play packet 0x51 (3 bytes)
[DEBUG] Unhandled play packet 0x63 (8 bytes)
[DEBUG] Unhandled play packet 0x51 (3 bytes)
[DEBUG] Unhandled play packet 0x63 (8 bytes)
[DEBUG] Unhandled play packet 0x51 (3 bytes)
[DEBUG] Unhandled play packet 0x51 (3 bytes)
[DEBUG] Unhandled play packet 0x51 (3 bytes)
[DEBUG] Unhandled play packet 0x51 (3 bytes)
[DEBUG] Unhandled play packet 0x63 (8 bytes)
[DEBUG] Unhandled play packet 0x51 (3 bytes)
[DEBUG] Unhandled play packet 0x63 (8 bytes)
[DEBUG] Unhandled play packet 0x63 (8 bytes)
[DEBUG] Unhandled play packet 0x51 (3 bytes)
[DEBUG] Unhandled play packet 0x51 (3 bytes)
[DEBUG] Unhandled play packet 0x63 (8 bytes)
[DEBUG] Unhandled play packet 0x51 (3 bytes)
[DEBUG] Unhandled play packet 0x51 (3 bytes)
[DEBUG] Unhandled play packet 0x63 (8 bytes)
[DEBUG] Unhandled play packet 0x51 (3 bytes)
[DEBUG] Unhandled play packet 0x63 (8 bytes)
[DEBUG] Unhandled play packet 0x51 (3 bytes)
[DEBUG] Unhandled play packet 0x63 (8 bytes)
[DEBUG] Unhandled play packet 0x63 (8 bytes)
[DEBUG] Unhandled play packet 0x51 (3 bytes)
[DEBUG] Unhandled play packet 0x63 (8 bytes)
[DEBUG] Unhandled play packet 0x51 (3 bytes)
[DEBUG] Unhandled play packet 0x51 (3 bytes)
[DEBUG] Unhandled play packet 0x51 (3 bytes)
[DEBUG] Unhandled play packet 0x51 (3 bytes)
[DEBUG] Unhandled play packet 0x51 (3 bytes)
[DEBUG] Unhandled play packet 0x63 (8 bytes)
[DEBUG] Unhandled play packet 0x51 (3 bytes)
[DEBUG] Unhandled play packet 0x63 (8 bytes)
[DEBUG] Unhandled play packet 0x63 (8 bytes)
[DEBUG] Unhandled play packet 0x51 (3 bytes)
[DEBUG] Unhandled play packet 0x51 (3 bytes)
[DEBUG] Unhandled play packet 0x51 (3 bytes)
[DEBUG] Unhandled play packet 0x51 (3 bytes)
[DEBUG] Unhandled play packet 0x63 (8 bytes)
[DEBUG] Unhandled play packet 0x63 (8 bytes)
[DEBUG] Unhandled play packet 0x63 (8 bytes)
[DEBUG] Unhandled play packet 0x51 (3 bytes)
[DEBUG] Unhandled play packet 0x51 (3 bytes)
[DEBUG] Unhandled play packet 0x51 (3 bytes)
[DEBUG] Unhandled play packet 0x63 (8 bytes)
[DEBUG] Unhandled play packet 0x51 (3 bytes)
[DEBUG] Unhandled play packet 0x63 (8 bytes)
[DEBUG] Unhandled play packet 0x51 (3 bytes)
[DEBUG] Unhandled play packet 0x63 (8 bytes)
[DEBUG] Unhandled play packet 0x63 (8 bytes)
[DEBUG] Unhandled play packet 0x51 (3 bytes)
[DEBUG] Unhandled play packet 0x63 (8 bytes)
[DEBUG] Unhandled play packet 0x51 (3 bytes)
[DEBUG] Unhandled play packet 0x51 (3 bytes)
[DEBUG] Unhandled play packet 0x51 (3 bytes)
[DEBUG] Unhandled play packet 0x51 (3 bytes)
[DEBUG] Unhandled play packet 0x51 (3 bytes)
[DEBUG] Unhandled play packet 0x63 (8 bytes)
[DEBUG] Unhandled play packet 0x51 (3 bytes)
[DEBUG] Unhandled play packet 0x51 (3 bytes)
[DEBUG] Unhandled play packet 0x51 (3 bytes)
[DEBUG] Unhandled play packet 0x51 (3 bytes)
[DEBUG] Unhandled play packet 0x63 (8 bytes)
[DEBUG] Unhandled play packet 0x00 (0 bytes)
[DEBUG] Unhandled play packet 0x61 (9 bytes)
[DEBUG] Unhandled play packet 0x00 (0 bytes)
[DEBUG] Unhandled play packet 0x00 (0 bytes)
[DEBUG] Unhandled play packet 0x61 (9 bytes)
[DEBUG] Unhandled play packet 0x00 (0 bytes)
[DEBUG] Unhandled play packet 0x61 (9 bytes)
[DEBUG] Unhandled play packet 0x61 (9 bytes)
[DEBUG] Unhandled play packet 0x51 (3 bytes)
[DEBUG] Unhandled play packet 0x63 (8 bytes)
[DEBUG] Unhandled play packet 0x51 (3 bytes)
[DEBUG] Unhandled play packet 0x63 (8 bytes)
[DEBUG] Unhandled play packet 0x63 (8 bytes)
[DEBUG] Unhandled play packet 0x63 (8 bytes)
[DEBUG] Unhandled play packet 0x51 (3 bytes)
[DEBUG] Unhandled play packet 0x63 (8 bytes)
[DEBUG] Unhandled play packet 0x51 (3 bytes)
[DEBUG] Unhandled play packet 0x51 (3 bytes)
[DEBUG] Unhandled play packet 0x51 (3 bytes)
[DEBUG] Unhandled play packet 0x51 (3 bytes)
[DEBUG] Unhandled play packet 0x51 (3 bytes)
[DEBUG] Unhandled play packet 0x63 (7 bytes)
[DEBUG] Unhandled play packet 0x51 (2 bytes)
[DEBUG] Unhandled play packet 0x63 (8 bytes)
[DEBUG] Unhandled play packet 0x51 (3 bytes)
[DEBUG] Unhandled play packet 0x51 (3 bytes)
[DEBUG] Unhandled play packet 0x51 (3 bytes)
[DEBUG] Unhandled play packet 0x51 (3 bytes)
[DEBUG] Unhandled play packet 0x63 (8 bytes)
[DEBUG] Unhandled play packet 0x63 (8 bytes)
[DEBUG] Unhandled play packet 0x81 (13 bytes)
[DEBUG] Unhandled play packet 0x51 (3 bytes)
[DEBUG] Unhandled play packet 0x63 (8 bytes)
[DEBUG] Unhandled play packet 0x81 (13 bytes)
[DEBUG] Unhandled play packet 0x51 (3 bytes)
[DEBUG] Unhandled play packet 0x51 (3 bytes)
[DEBUG] Unhandled play packet 0x63 (8 bytes)
[DEBUG] Unhandled play packet 0x51 (3 bytes)
[DEBUG] Unhandled play packet 0x63 (8 bytes)
[DEBUG] Unhandled play packet 0x63 (8 bytes)
[DEBUG] Unhandled play packet 0x63 (8 bytes)
[DEBUG] Unhandled play packet 0x51 (3 bytes)
[DEBUG] Unhandled play packet 0x63 (8 bytes)
[DEBUG] Unhandled play packet 0x51 (3 bytes)
[DEBUG] Unhandled play packet 0x63 (8 bytes)
[DEBUG] Unhandled play packet 0x51 (3 bytes)
[DEBUG] Unhandled play packet 0x51 (3 bytes)
[DEBUG] Unhandled play packet 0x51 (3 bytes)
[DEBUG] Unhandled play packet 0x51 (3 bytes)
[DEBUG] Unhandled play packet 0x63 (7 bytes)
[DEBUG] Unhandled play packet 0x51 (2 bytes)
[DEBUG] Unhandled play packet 0x63 (8 bytes)
[DEBUG] Unhandled play packet 0x51 (3 bytes)
[DEBUG] Unhandled play packet 0x51 (3 bytes)
[DEBUG] Unhandled play packet 0x51 (3 bytes)
[DEBUG] Unhandled play packet 0x51 (3 bytes)
[DEBUG] Unhandled play packet 0x63 (8 bytes)
[DEBUG] Unhandled play packet 0x51 (3 bytes)
[DEBUG] Unhandled play packet 0x51 (3 bytes)
[DEBUG] Unhandled play packet 0x51 (3 bytes)
[DEBUG] Unhandled play packet 0x63 (8 bytes)
[DEBUG] Unhandled play packet 0x63 (8 bytes)
[DEBUG] Unhandled play packet 0x63 (8 bytes)
[DEBUG] Unhandled play packet 0x51 (3 bytes)
[DEBUG] Unhandled play packet 0x63 (8 bytes)
[DEBUG] Unhandled play packet 0x63 (8 bytes)
[DEBUG] Unhandled play packet 0x51 (3 bytes)
[DEBUG] Unhandled play packet 0x51 (3 bytes)
[DEBUG] Unhandled play packet 0x51 (3 bytes)
[DEBUG] Unhandled play packet 0x51 (3 bytes)
[DEBUG] Unhandled play packet 0x51 (3 bytes)
[DEBUG] Unhandled play packet 0x63 (8 bytes)
[DEBUG] Unhandled play packet 0x51 (3 bytes)
[DEBUG] Unhandled play packet 0x51 (3 bytes)
[DEBUG] Unhandled play packet 0x51 (3 bytes)
[DEBUG] Unhandled play packet 0x51 (3 bytes)
[DEBUG] Unhandled play packet 0x63 (8 bytes)
[DEBUG] Unhandled play packet 0x51 (3 bytes)
[DEBUG] Unhandled play packet 0x51 (3 bytes)
[DEBUG] Unhandled play packet 0x51 (3 bytes)
[DEBUG] Unhandled play packet 0x63 (8 bytes)
[DEBUG] Unhandled play packet 0x51 (3 bytes)
[DEBUG] Unhandled play packet 0x63 (8 bytes)
[DEBUG] Unhandled play packet 0x63 (8 bytes)
[DEBUG] Unhandled play packet 0x51 (3 bytes)
[DEBUG] Unhandled play packet 0x63 (8 bytes)
[DEBUG] Unhandled play packet 0x51 (3 bytes)
[DEBUG] Unhandled play packet 0x51 (3 bytes)
[DEBUG] Unhandled play packet 0x51 (3 bytes)
[DEBUG] Unhandled play packet 0x51 (3 bytes)
[DEBUG] Unhandled play packet 0x51 (3 bytes)
[DEBUG] Unhandled play packet 0x51 (2 bytes)
[DEBUG] Unhandled play packet 0x63 (8 bytes)
[DEBUG] Unhandled play packet 0x51 (3 bytes)
[DEBUG] Unhandled play packet 0x51 (3 bytes)
[DEBUG] Unhandled play packet 0x51 (3 bytes)
[DEBUG] Unhandled play packet 0x51 (3 bytes)
[DEBUG] Unhandled play packet 0x63 (8 bytes)
[DEBUG] Unhandled play packet 0x51 (3 bytes)
[Chat] Raw message: 
≡ƒÆ¼ 
[Bot] Chat received: { message: '', system: false }
[Chat] Raw message: 
≡ƒÆ¼ 
[Bot] Chat received: { message: '', system: false }
[Chat] Raw message: 
≡ƒÆ¼ 
[Bot] Chat received: { message: '', system: false }
[DEBUG] Unhandled play packet 0x51 (3 bytes)
[DEBUG] Unhandled play packet 0x51 (3 bytes)
[DEBUG] Unhandled play packet 0x51 (3 bytes)
[DEBUG] Unhandled play packet 0x63 (8 bytes)
[DEBUG] Unhandled play packet 0x63 (8 bytes)
[DEBUG] Unhandled play packet 0x51 (3 bytes)
[DEBUG] Unhandled play packet 0x63 (8 bytes)
[DEBUG] Unhandled play packet 0x51 (3 bytes)
[DEBUG] Unhandled play packet 0x51 (3 bytes)
[DEBUG] Unhandled play packet 0x51 (3 bytes)
[DEBUG] Unhandled play packet 0x51 (3 bytes)
[DEBUG] Unhandled play packet 0x51 (3 bytes)
[DEBUG] Unhandled play packet 0x51 (3 bytes)
[DEBUG] Unhandled play packet 0x51 (3 bytes)
[DEBUG] Unhandled play packet 0x51 (3 bytes)
[DEBUG] Unhandled play packet 0x51 (3 bytes)
[DEBUG] Unhandled play packet 0x51 (3 bytes)
[DEBUG] Unhandled play packet 0x51 (3 bytes)
[DEBUG] Unhandled play packet 0x51 (3 bytes)
[DEBUG] Unhandled play packet 0x51 (3 bytes)
[DEBUG] Unhandled play packet 0x63 (8 bytes)
[DEBUG] Unhandled play packet 0x63 (8 bytes)
[DEBUG] Unhandled play packet 0x51 (3 bytes)
[DEBUG] Unhandled play packet 0x63 (8 bytes)
[DEBUG] Unhandled play packet 0x51 (3 bytes)
[DEBUG] Unhandled play packet 0x51 (3 bytes)
[DEBUG] Unhandled play packet 0x51 (3 bytes)
[DEBUG] Unhandled play packet 0x51 (3 bytes)
[DEBUG] Unhandled play packet 0x51 (3 bytes)
[DEBUG] Unhandled play packet 0x51 (3 bytes)
[DEBUG] Unhandled play packet 0x51 (3 bytes)
[DEBUG] Unhandled play packet 0x51 (3 bytes)
[DEBUG] Unhandled play packet 0x51 (3 bytes)
[DEBUG] Unhandled play packet 0x51 (3 bytes)
[DEBUG] Unhandled play packet 0x51 (3 bytes)
[DEBUG] Unhandled play packet 0x51 (3 bytes)
[DEBUG] Unhandled play packet 0x51 (3 bytes)
[DEBUG] Unhandled play packet 0x51 (3 bytes)
[DEBUG] Unhandled play packet 0x63 (8 bytes)
[DEBUG] Unhandled play packet 0x63 (8 bytes)
[DEBUG] Unhandled play packet 0x51 (3 bytes)
[DEBUG] Unhandled play packet 0x63 (8 bytes)
[DEBUG] Unhandled play packet 0x51 (3 bytes)
[DEBUG] Unhandled play packet 0x63 (8 bytes)
[DEBUG] Unhandled play packet 0x51 (3 bytes)
[DEBUG] Unhandled play packet 0x51 (3 bytes)
[DEBUG] Unhandled play packet 0x51 (3 bytes)
[DEBUG] Unhandled play packet 0x51 (3 bytes)
[DEBUG] Unhandled play packet 0x63 (7 bytes)
[DEBUG] Unhandled play packet 0x51 (2 bytes)
[DEBUG] Unhandled play packet 0x51 (3 bytes)
[DEBUG] Unhandled play packet 0x51 (3 bytes)
[DEBUG] Unhandled play packet 0x51 (3 bytes)
[DEBUG] Unhandled play packet 0x51 (3 bytes)
[DEBUG] Unhandled play packet 0x51 (3 bytes)
[DEBUG] Unhandled play packet 0x51 (3 bytes)
[DEBUG] Unhandled play packet 0x51 (3 bytes)
[DEBUG] Unhandled play packet 0x51 (3 bytes)
[DEBUG] Unhandled play packet 0x51 (3 bytes)
[DEBUG] Unhandled play packet 0x00 (0 bytes)
[DEBUG] Unhandled play packet 0x61 (12 bytes)
[DEBUG] Unhandled play packet 0x00 (0 bytes)
[DEBUG] Unhandled play packet 0x00 (0 bytes)
[DEBUG] Unhandled play packet 0x61 (9 bytes)
[DEBUG] Unhandled play packet 0x00 (0 bytes)
[DEBUG] Unhandled play packet 0x61 (9 bytes)
[DEBUG] Unhandled play packet 0x61 (12 bytes)
[DEBUG] Unhandled play packet 0x63 (8 bytes)
[DEBUG] Unhandled play packet 0x63 (8 bytes)
[DEBUG] Unhandled play packet 0x63 (8 bytes)
[DEBUG] Unhandled play packet 0x51 (3 bytes)
[DEBUG] Unhandled play packet 0x51 (3 bytes)
[DEBUG] Unhandled play packet 0x51 (3 bytes)
[DEBUG] Unhandled play packet 0x51 (3 bytes)
[DEBUG] Unhandled play packet 0x51 (3 bytes)
[DEBUG] Unhandled play packet 0x51 (3 bytes)
[DEBUG] Unhandled play packet 0x51 (3 bytes)
[DEBUG] Unhandled play packet 0x51 (3 bytes)
[DEBUG] Unhandled play packet 0x51 (3 bytes)
[DEBUG] Unhandled play packet 0x51 (3 bytes)
[DEBUG] Unhandled play packet 0x51 (3 bytes)
[DEBUG] Unhandled play packet 0x51 (3 bytes)
[DEBUG] Unhandled play packet 0x51 (3 bytes)
[DEBUG] Unhandled play packet 0x63 (8 bytes)
[DEBUG] Unhandled play packet 0x81 (13 bytes)
[DEBUG] Unhandled play packet 0x63 (8 bytes)
[DEBUG] Unhandled play packet 0x81 (13 bytes)
[DEBUG] Unhandled play packet 0x51 (3 bytes)
[DEBUG] Unhandled play packet 0x63 (8 bytes)
[DEBUG] Unhandled play packet 0x63 (8 bytes)
[DEBUG] Unhandled play packet 0x51 (3 bytes)
[DEBUG] Unhandled play packet 0x63 (8 bytes)
[DEBUG] Unhandled play packet 0x51 (3 bytes)
[DEBUG] Unhandled play packet 0x63 (8 bytes)
[DEBUG] Unhandled play packet 0x51 (3 bytes)
[DEBUG] Unhandled play packet 0x51 (3 bytes)
[DEBUG] Unhandled play packet 0x51 (3 bytes)
[DEBUG] Unhandled play packet 0x51 (3 bytes)
[DEBUG] Unhandled play packet 0x51 (3 bytes)
[DEBUG] Unhandled play packet 0x63 (7 bytes)
[DEBUG] Unhandled play packet 0x51 (2 bytes)
[DEBUG] Unhandled play packet 0x63 (3 bytes)
[DEBUG] Unhandled play packet 0x51 (3 bytes)
[DEBUG] Unhandled play packet 0x51 (3 bytes)
[DEBUG] Unhandled play packet 0x51 (3 bytes)
[DEBUG] Unhandled play packet 0x51 (3 bytes)
[DEBUG] Unhandled play packet 0x63 (3 bytes)
[DEBUG] Unhandled play packet 0x51 (3 bytes)
[DEBUG] Unhandled play packet 0x51 (3 bytes)
[DEBUG] Unhandled play packet 0x51 (3 bytes)
[DEBUG] Unhandled play packet 0x63 (8 bytes)
[DEBUG] Unhandled play packet 0x63 (8 bytes)
[DEBUG] Unhandled play packet 0x51 (3 bytes)
[DEBUG] Unhandled play packet 0x63 (8 bytes)
[DEBUG] Unhandled play packet 0x51 (3 bytes)
[DEBUG] Unhandled play packet 0x63 (8 bytes)
[DEBUG] Unhandled play packet 0x51 (3 bytes)
[DEBUG] Unhandled play packet 0x51 (3 bytes)
[DEBUG] Unhandled play packet 0x51 (3 bytes)
[DEBUG] Unhandled play packet 0x51 (3 bytes)
[DEBUG] Unhandled play packet 0x51 (3 bytes)
[DEBUG] Unhandled play packet 0x51 (3 bytes)
[DEBUG] Unhandled play packet 0x51 (3 bytes)
[DEBUG] Unhandled play packet 0x51 (3 bytes)
[DEBUG] Unhandled play packet 0x51 (3 bytes)
[DEBUG] Unhandled play packet 0x51 (3 bytes)
[DEBUG] Unhandled play packet 0x51 (3 bytes)
[DEBUG] Unhandled play packet 0x51 (3 bytes)
[DEBUG] Unhandled play packet 0x63 (8 bytes)
[DEBUG] Unhandled play packet 0x63 (8 bytes)
[DEBUG] Unhandled play packet 0x63 (8 bytes)
[DEBUG] Unhandled play packet 0x51 (3 bytes)
[DEBUG] Unhandled play packet 0x51 (3 bytes)
[DEBUG] Unhandled play packet 0x51 (3 bytes)
[DEBUG] Unhandled play packet 0x51 (3 bytes)
[DEBUG] Unhandled play packet 0x51 (3 bytes)
[DEBUG] Unhandled play packet 0x51 (3 bytes)
[DEBUG] Unhandled play packet 0x36 (5 bytes)
[DEBUG] Unhandled play packet 0x51 (3 bytes)
[DEBUG] Unhandled play packet 0x51 (3 bytes)
[DEBUG] Unhandled play packet 0x51 (3 bytes)
[DEBUG] Unhandled play packet 0x51 (3 bytes)
[DEBUG] Unhandled play packet 0x63 (8 bytes)
[DEBUG] Unhandled play packet 0x51 (3 bytes)
[DEBUG] Unhandled play packet 0x63 (8 bytes)
[DEBUG] Unhandled play packet 0x63 (8 bytes)
[DEBUG] Unhandled play packet 0x51 (3 bytes)
[DEBUG] Unhandled play packet 0x63 (8 bytes)
[DEBUG] Unhandled play packet 0x51 (3 bytes)
[DEBUG] Unhandled play packet 0x51 (3 bytes)
[DEBUG] Unhandled play packet 0x51 (3 bytes)
[DEBUG] Unhandled play packet 0x51 (3 bytes)
[DEBUG] Unhandled play packet 0x51 (3 bytes)
[DEBUG] Unhandled play packet 0x36 (5 bytes)
[DEBUG] Unhandled play packet 0x51 (3 bytes)
[DEBUG] Unhandled play packet 0x51 (3 bytes)
[DEBUG] Unhandled play packet 0x51 (3 bytes)
[DEBUG] Unhandled play packet 0x51 (3 bytes)
[DEBUG] Unhandled play packet 0x36 (5 bytes)
[DEBUG] Unhandled play packet 0x51 (3 bytes)
[DEBUG] Unhandled play packet 0x51 (3 bytes)
[DEBUG] Unhandled play packet 0x51 (3 bytes)
[DEBUG] Unhandled play packet 0x51 (3 bytes)
[DEBUG] Unhandled play packet 0x63 (8 bytes)
[DEBUG] Unhandled play packet 0x51 (3 bytes)
[DEBUG] Unhandled play packet 0x63 (8 bytes)
[DEBUG] Unhandled play packet 0x63 (8 bytes)
[DEBUG] Unhandled play packet 0x51 (3 bytes)
[DEBUG] Unhandled play packet 0x63 (8 bytes)
[DEBUG] Unhandled play packet 0x51 (3 bytes)
[DEBUG] Unhandled play packet 0x51 (3 bytes)
[DEBUG] Unhandled play packet 0x51 (3 bytes)
[DEBUG] Unhandled play packet 0x51 (3 bytes)
[DEBUG] Unhandled play packet 0x51 (3 bytes)
[DEBUG] Unhandled play packet 0x51 (3 bytes)
[DEBUG] Unhandled play packet 0x51 (3 bytes)
[DEBUG] Unhandled play packet 0x36 (5 bytes)
[DEBUG] Unhandled play packet 0x51 (3 bytes)
[DEBUG] Unhandled play packet 0x51 (3 bytes)
[DEBUG] Unhandled play packet 0x51 (3 bytes)
[DEBUG] Unhandled play packet 0x63 (8 bytes)
[DEBUG] Unhandled play packet 0x51 (3 bytes)
[DEBUG] Unhandled play packet 0x51 (3 bytes)
[DEBUG] Unhandled play packet 0x63 (8 bytes)
[DEBUG] Unhandled play packet 0x51 (3 bytes)
[DEBUG] Unhandled play packet 0x63 (8 bytes)
[DEBUG] Unhandled play packet 0x51 (3 bytes)
[DEBUG] Unhandled play packet 0x51 (3 bytes)
[DEBUG] Unhandled play packet 0x51 (3 bytes)
[DEBUG] Unhandled play packet 0x51 (3 bytes)
[DEBUG] Unhandled play packet 0x51 (2 bytes)
[DEBUG] Unhandled play packet 0x51 (3 bytes)
[DEBUG] Unhandled play packet 0x51 (3 bytes)
[DEBUG] Unhandled play packet 0x51 (3 bytes)
[DEBUG] Unhandled play packet 0x51 (3 bytes)
[DEBUG] Unhandled play packet 0x36 (5 bytes)
[DEBUG] Unhandled play packet 0x51 (3 bytes)
[DEBUG] Unhandled play packet 0x51 (3 bytes)
[DEBUG] Unhandled play packet 0x51 (3 bytes)
[DEBUG] Unhandled play packet 0x51 (3 bytes)
[DEBUG] Unhandled play packet 0x63 (8 bytes)
[DEBUG] Unhandled play packet 0x51 (3 bytes)
[DEBUG] Unhandled play packet 0x51 (3 bytes)
[DEBUG] Unhandled play packet 0x63 (8 bytes)
[DEBUG] Unhandled play packet 0x63 (8 bytes)
[DEBUG] Unhandled play packet 0x51 (3 bytes)
[DEBUG] Unhandled play packet 0x51 (3 bytes)
[DEBUG] Unhandled play packet 0x51 (3 bytes)
[DEBUG] Unhandled play packet 0x51 (3 bytes)
[DEBUG] Unhandled play packet 0x63 (8 bytes)
[DEBUG] Unhandled play packet 0x51 (3 bytes)
[DEBUG] Unhandled play packet 0x51 (3 bytes)
[DEBUG] Unhandled play packet 0x51 (3 bytes)
[DEBUG] Unhandled play packet 0x51 (3 bytes)
[DEBUG] Unhandled play packet 0x36 (5 bytes)
[DEBUG] Unhandled play packet 0x51 (3 bytes)
[DEBUG] Unhandled play packet 0x63 (8 bytes)
[DEBUG] Unhandled play packet 0x51 (3 bytes)
[DEBUG] Unhandled play packet 0x51 (3 bytes)
[DEBUG] Unhandled play packet 0x51 (3 bytes)
[DEBUG] Unhandled play packet 0x51 (3 bytes)
[DEBUG] Unhandled play packet 0x63 (8 bytes)
[DEBUG] Unhandled play packet 0x51 (3 bytes)
[DEBUG] Unhandled play packet 0x63 (8 bytes)
[DEBUG] Unhandled play packet 0x51 (3 bytes)
[DEBUG] Unhandled play packet 0x63 (8 bytes)
[DEBUG] Unhandled play packet 0x63 (8 bytes)
[DEBUG] Unhandled play packet 0x51 (3 bytes)
[DEBUG] Unhandled play packet 0x51 (3 bytes)
[DEBUG] Unhandled play packet 0x51 (3 bytes)
[DEBUG] Unhandled play packet 0x51 (3 bytes)
[DEBUG] Unhandled play packet 0x51 (3 bytes)
[Chat] Raw message: 
≡ƒÆ¼ 
[Bot] Chat received: { message: '', system: false }
[Chat] Raw message: 
≡ƒÆ¼ 
[Bot] Chat received: { message: '', system: false }
[Chat] Raw message: 
≡ƒÆ¼ 
[Bot] Chat received: { message: '', system: false }
[DEBUG] Unhandled play packet 0x63 (7 bytes)
[DEBUG] Unhandled play packet 0x51 (3 bytes)
[DEBUG] Unhandled play packet 0x51 (3 bytes)
[DEBUG] Unhandled play packet 0x51 (3 bytes)
[DEBUG] Unhandled play packet 0x51 (3 bytes)
[DEBUG] Unhandled play packet 0x36 (5 bytes)
[DEBUG] Unhandled play packet 0x51 (3 bytes)
[DEBUG] Unhandled play packet 0x63 (8 bytes)
[DEBUG] Unhandled play packet 0x51 (3 bytes)
[DEBUG] Unhandled play packet 0x51 (3 bytes)
[DEBUG] Unhandled play packet 0x51 (3 bytes)
[DEBUG] Unhandled play packet 0x63 (8 bytes)
[DEBUG] Unhandled play packet 0x51 (3 bytes)
[DEBUG] Unhandled play packet 0x63 (8 bytes)
[DEBUG] Unhandled play packet 0x63 (8 bytes)
[DEBUG] Unhandled play packet 0x51 (3 bytes)
[DEBUG] Unhandled play packet 0x63 (8 bytes)
[DEBUG] Unhandled play packet 0x51 (3 bytes)
[DEBUG] Unhandled play packet 0x51 (3 bytes)
[DEBUG] Unhandled play packet 0x51 (3 bytes)
[DEBUG] Unhandled play packet 0x51 (3 bytes)
[DEBUG] Unhandled play packet 0x63 (7 bytes)
[DEBUG] Unhandled play packet 0x51 (2 bytes)
[DEBUG] Unhandled play packet 0x51 (3 bytes)
[DEBUG] Unhandled play packet 0x51 (3 bytes)
[DEBUG] Unhandled play packet 0x51 (3 bytes)
[DEBUG] Unhandled play packet 0x36 (5 bytes)
[DEBUG] Unhandled play packet 0x51 (3 bytes)
[DEBUG] Unhandled play packet 0x63 (8 bytes)
[DEBUG] Unhandled play packet 0x51 (3 bytes)
[DEBUG] Unhandled play packet 0x51 (3 bytes)
[DEBUG] Unhandled play packet 0x51 (3 bytes)
[DEBUG] Unhandled play packet 0x63 (8 bytes)
[DEBUG] Unhandled play packet 0x51 (3 bytes)
[DEBUG] Unhandled play packet 0x63 (8 bytes)
[DEBUG] Unhandled play packet 0x63 (8 bytes)
[DEBUG] Unhandled play packet 0x51 (3 bytes)
[DEBUG] Unhandled play packet 0x51 (3 bytes)
[DEBUG] Unhandled play packet 0x51 (3 bytes)
[DEBUG] Unhandled play packet 0x51 (3 bytes)
[DEBUG] Unhandled play packet 0x51 (3 bytes)
[DEBUG] Unhandled play packet 0x63 (8 bytes)
[DEBUG] Unhandled play packet 0x51 (3 bytes)
[DEBUG] Unhandled play packet 0x51 (3 bytes)
[DEBUG] Unhandled play packet 0x51 (3 bytes)
[DEBUG] Unhandled play packet 0x51 (3 bytes)
[DEBUG] Unhandled play packet 0x36 (5 bytes)
[DEBUG] Unhandled play packet 0x51 (3 bytes)
[DEBUG] Unhandled play packet 0x63 (8 bytes)
[DEBUG] Unhandled play packet 0x51 (3 bytes)
[DEBUG] Unhandled play packet 0x51 (3 bytes)
[DEBUG] Unhandled play packet 0x63 (8 bytes)
[DEBUG] Unhandled play packet 0x51 (3 bytes)
[DEBUG] Unhandled play packet 0x51 (3 bytes)
[DEBUG] Unhandled play packet 0x63 (8 bytes)
[DEBUG] Unhandled play packet 0x63 (8 bytes)
[DEBUG] Unhandled play packet 0x51 (3 bytes)
[DEBUG] Unhandled play packet 0x51 (3 bytes)
[DEBUG] Unhandled play packet 0x51 (3 bytes)
[DEBUG] Unhandled play packet 0x51 (3 bytes)
[DEBUG] Unhandled play packet 0x51 (3 bytes)
[DEBUG] Unhandled play packet 0x51 (3 bytes)
[DEBUG] Unhandled play packet 0x51 (3 bytes)
[DEBUG] Unhandled play packet 0x51 (3 bytes)
[DEBUG] Unhandled play packet 0x36 (5 bytes)
[DEBUG] Unhandled play packet 0x51 (3 bytes)
[DEBUG] Unhandled play packet 0x63 (8 bytes)
[DEBUG] Unhandled play packet 0x51 (3 bytes)
[DEBUG] Unhandled play packet 0x51 (3 bytes)
[DEBUG] Unhandled play packet 0x51 (3 bytes)
[DEBUG] Unhandled play packet 0x63 (8 bytes)
[DEBUG] Unhandled play packet 0x51 (3 bytes)
[DEBUG] Unhandled play packet 0x63 (8 bytes)
[DEBUG] Unhandled play packet 0x51 (3 bytes)
[DEBUG] Unhandled play packet 0x63 (8 bytes)
[DEBUG] Unhandled play packet 0x51 (3 bytes)
[DEBUG] Unhandled play packet 0x51 (3 bytes)
[DEBUG] Unhandled play packet 0x51 (3 bytes)
[DEBUG] Unhandled play packet 0x51 (3 bytes)
[DEBUG] Unhandled play packet 0x51 (3 bytes)
[DEBUG] Unhandled play packet 0x51 (3 bytes)
[DEBUG] Unhandled play packet 0x51 (2 bytes)
[DEBUG] Unhandled play packet 0x51 (3 bytes)
[DEBUG] Unhandled play packet 0x51 (3 bytes)
[DEBUG] Unhandled play packet 0x51 (3 bytes)
[DEBUG] Unhandled play packet 0x36 (5 bytes)
[DEBUG] Unhandled play packet 0x51 (3 bytes)
[DEBUG] Unhandled play packet 0x51 (3 bytes)
[DEBUG] Unhandled play packet 0x63 (8 bytes)
[DEBUG] Unhandled play packet 0x51 (3 bytes)
[DEBUG] Unhandled play packet 0x51 (3 bytes)
[DEBUG] Unhandled play packet 0x51 (3 bytes)
[DEBUG] Unhandled play packet 0x63 (8 bytes)
[DEBUG] Unhandled play packet 0x51 (3 bytes)
[DEBUG] Unhandled play packet 0x63 (8 bytes)
[DEBUG] Unhandled play packet 0x51 (3 bytes)
[DEBUG] Unhandled play packet 0x63 (8 bytes)
[DEBUG] Unhandled play packet 0x51 (3 bytes)
[DEBUG] Unhandled play packet 0x51 (3 bytes)
[DEBUG] Unhandled play packet 0x51 (3 bytes)
[DEBUG] Unhandled play packet 0x51 (3 bytes)
[DEBUG] Unhandled play packet 0x51 (3 bytes)
[DEBUG] Unhandled play packet 0x51 (3 bytes)
[DEBUG] Unhandled play packet 0x51 (3 bytes)
[DEBUG] Unhandled play packet 0x51 (3 bytes)
[DEBUG] Unhandled play packet 0x51 (3 bytes)
[DEBUG] Unhandled play packet 0x63 (8 bytes)
[DEBUG] Unhandled play packet 0x51 (3 bytes)
[DEBUG] Unhandled play packet 0x51 (3 bytes)
[DEBUG] Unhandled play packet 0x63 (8 bytes)
[DEBUG] Unhandled play packet 0x51 (3 bytes)
[DEBUG] Unhandled play packet 0x63 (8 bytes)
[DEBUG] Unhandled play packet 0x63 (8 bytes)
[DEBUG] Unhandled play packet 0x51 (3 bytes)
[DEBUG] Unhandled play packet 0x51 (3 bytes)
[DEBUG] Unhandled play packet 0x51 (3 bytes)
[DEBUG] Unhandled play packet 0x51 (3 bytes)
[DEBUG] Unhandled play packet 0x51 (3 bytes)
[DEBUG] Unhandled play packet 0x51 (3 bytes)
[DEBUG] Unhandled play packet 0x51 (3 bytes)
[DEBUG] Unhandled play packet 0x51 (3 bytes)
[DEBUG] Unhandled play packet 0x51 (3 bytes)
[DEBUG] Unhandled play packet 0x36 (5 bytes)
[DEBUG] Unhandled play packet 0x51 (3 bytes)
[DEBUG] Unhandled play packet 0x63 (8 bytes)
[DEBUG] Unhandled play packet 0x51 (3 bytes)
[DEBUG] Unhandled play packet 0x51 (3 bytes)
[DEBUG] Unhandled play packet 0x51 (3 bytes)
[DEBUG] Unhandled play packet 0x51 (3 bytes)
[DEBUG] Unhandled play packet 0x51 (3 bytes)
[DEBUG] Unhandled play packet 0x63 (8 bytes)
[DEBUG] Unhandled play packet 0x63 (8 bytes)
[DEBUG] Unhandled play packet 0x63 (8 bytes)
[DEBUG] Unhandled play packet 0x51 (3 bytes)
[DEBUG] Unhandled play packet 0x51 (3 bytes)
[DEBUG] Unhandled play packet 0x51 (3 bytes)
[DEBUG] Unhandled play packet 0x51 (3 bytes)
[DEBUG] Unhandled play packet 0x51 (3 bytes)
[DEBUG] Unhandled play packet 0x51 (3 bytes)
[DEBUG] Unhandled play packet 0x51 (3 bytes)
[DEBUG] Unhandled play packet 0x51 (3 bytes)
[DEBUG] Unhandled play packet 0x51 (3 bytes)
[DEBUG] Unhandled play packet 0x51 (3 bytes)
[DEBUG] Unhandled play packet 0x51 (3 bytes)
[DEBUG] Unhandled play packet 0x63 (8 bytes)
[DEBUG] Unhandled play packet 0x51 (3 bytes)
[DEBUG] Unhandled play packet 0x51 (3 bytes)
[DEBUG] Unhandled play packet 0x51 (3 bytes)
[DEBUG] Unhandled play packet 0x51 (3 bytes)
[DEBUG] Unhandled play packet 0x63 (8 bytes)
[DEBUG] Unhandled play packet 0x63 (8 bytes)
[DEBUG] Unhandled play packet 0x63 (8 bytes)
[DEBUG] Unhandled play packet 0x51 (3 bytes)
[DEBUG] Unhandled play packet 0x51 (3 bytes)
[DEBUG] Unhandled play packet 0x51 (3 bytes)
[DEBUG] Unhandled play packet 0x51 (3 bytes)
[DEBUG] Unhandled play packet 0x63 (7 bytes)
[DEBUG] Unhandled play packet 0x51 (2 bytes)
[DEBUG] Unhandled play packet 0x51 (3 bytes)
[DEBUG] Unhandled play packet 0x51 (3 bytes)
[DEBUG] Unhandled play packet 0x51 (3 bytes)
[DEBUG] Unhandled play packet 0x51 (3 bytes)
[DEBUG] Unhandled play packet 0x63 (8 bytes)
[DEBUG] Unhandled play packet 0x51 (3 bytes)
[DEBUG] Unhandled play packet 0x51 (3 bytes)
[DEBUG] Unhandled play packet 0x51 (3 bytes)
[DEBUG] Unhandled play packet 0x63 (8 bytes)
[DEBUG] Unhandled play packet 0x51 (3 bytes)
[DEBUG] Unhandled play packet 0x63 (8 bytes)
[DEBUG] Unhandled play packet 0x51 (3 bytes)
[DEBUG] Unhandled play packet 0x63 (8 bytes)
[DEBUG] Unhandled play packet 0x51 (3 bytes)
[DEBUG] Unhandled play packet 0x51 (3 bytes)
[DEBUG] Unhandled play packet 0x51 (3 bytes)
[DEBUG] Unhandled play packet 0x51 (3 bytes)
[DEBUG] Unhandled play packet 0x63 (7 bytes)
[DEBUG] Unhandled play packet 0x51 (2 bytes)
[DEBUG] Unhandled play packet 0x51 (3 bytes)
[DEBUG] Unhandled play packet 0x51 (3 bytes)
[DEBUG] Unhandled play packet 0x51 (3 bytes)
[DEBUG] Unhandled play packet 0x51 (3 bytes)
[DEBUG] Unhandled play packet 0x63 (8 bytes)
[DEBUG] Unhandled play packet 0x51 (3 bytes)
[DEBUG] Unhandled play packet 0x51 (3 bytes)
[DEBUG] Unhandled play packet 0x51 (3 bytes)
[DEBUG] Unhandled play packet 0x63 (8 bytes)
[DEBUG] Unhandled play packet 0x51 (3 bytes)
[DEBUG] Unhandled play packet 0x63 (8 bytes)
[DEBUG] Unhandled play packet 0x51 (3 bytes)
[DEBUG] Unhandled play packet 0x63 (8 bytes)
[DEBUG] Unhandled play packet 0x51 (3 bytes)
[DEBUG] Unhandled play packet 0x51 (3 bytes)
[DEBUG] Unhandled play packet 0x51 (3 bytes)
[DEBUG] Unhandled play packet 0x51 (3 bytes)
[DEBUG] Unhandled play packet 0x51 (3 bytes)
[DEBUG] Unhandled play packet 0x63 (7 bytes)
[DEBUG] Unhandled play packet 0x51 (2 bytes)
[DEBUG] Unhandled play packet 0x51 (3 bytes)
[DEBUG] Unhandled play packet 0x51 (3 bytes)
[DEBUG] Unhandled play packet 0x51 (3 bytes)
[DEBUG] Unhandled play packet 0x00 (0 bytes)
[DEBUG] Unhandled play packet 0x61 (9 bytes)
[DEBUG] Unhandled play packet 0x64 (8 bytes)
[DEBUG] Unhandled play packet 0x00 (0 bytes)
[DEBUG] Unhandled play packet 0x00 (0 bytes)
[DEBUG] Unhandled play packet 0x61 (9 bytes)
[DEBUG] Unhandled play packet 0x00 (0 bytes)
[DEBUG] Unhandled play packet 0x61 (9 bytes)
[DEBUG] Unhandled play packet 0x63 (8 bytes)
[DEBUG] Unhandled play packet 0x51 (3 bytes)
[DEBUG] Unhandled play packet 0x51 (3 bytes)
[DEBUG] Unhandled play packet 0x61 (9 bytes)
[DEBUG] Unhandled play packet 0x64 (8 bytes)
[DEBUG] Unhandled play packet 0x63 (8 bytes)
[DEBUG] Unhandled play packet 0x51 (3 bytes)
[DEBUG] Unhandled play packet 0x51 (3 bytes)
[DEBUG] Unhandled play packet 0x63 (8 bytes)
[DEBUG] Unhandled play packet 0x51 (3 bytes)
[DEBUG] Unhandled play packet 0x51 (3 bytes)
[DEBUG] Unhandled play packet 0x51 (3 bytes)
[DEBUG] Unhandled play packet 0x51 (3 bytes)
[DEBUG] Unhandled play packet 0x51 (3 bytes)
[DEBUG] Unhandled play packet 0x51 (3 bytes)
[DEBUG] Unhandled play packet 0x51 (3 bytes)
[DEBUG] Unhandled play packet 0x51 (3 bytes)
[DEBUG] Unhandled play packet 0x51 (3 bytes)
[Chat] Raw message: 
≡ƒÆ¼ 
[Bot] Chat received: { message: '', system: false }
[Chat] Raw message: 
≡ƒÆ¼ 
[Bot] Chat received: { message: '', system: false }
[Chat] Raw message: 
≡ƒÆ¼ 
[Bot] Chat received: { message: '', system: false }
[DEBUG] Unhandled play packet 0x63 (8 bytes)
[DEBUG] Unhandled play packet 0x81 (13 bytes)
[DEBUG] Unhandled play packet 0x51 (3 bytes)
[DEBUG] Unhandled play packet 0x63 (8 bytes)
[DEBUG] Unhandled play packet 0x51 (3 bytes)
[DEBUG] Unhandled play packet 0x51 (3 bytes)
[DEBUG] Unhandled play packet 0x51 (3 bytes)
[DEBUG] Unhandled play packet 0x51 (3 bytes)
[DEBUG] Unhandled play packet 0x63 (8 bytes)
[DEBUG] Unhandled play packet 0x81 (13 bytes)
[DEBUG] Unhandled play packet 0x51 (3 bytes)
[DEBUG] Unhandled play packet 0x63 (8 bytes)
[DEBUG] Unhandled play packet 0x51 (3 bytes)
[DEBUG] Unhandled play packet 0x51 (3 bytes)
[DEBUG] Unhandled play packet 0x51 (3 bytes)
[DEBUG] Unhandled play packet 0x51 (3 bytes)
[DEBUG] Unhandled play packet 0x51 (3 bytes)
[DEBUG] Unhandled play packet 0x51 (3 bytes)
[DEBUG] Unhandled play packet 0x51 (3 bytes)
[DEBUG] Unhandled play packet 0x51 (3 bytes)
[DEBUG] Unhandled play packet 0x51 (3 bytes)
[DEBUG] Unhandled play packet 0x63 (8 bytes)
[DEBUG] Unhandled play packet 0x51 (3 bytes)
[DEBUG] Unhandled play packet 0x51 (3 bytes)
[DEBUG] Unhandled play packet 0x51 (3 bytes)
[DEBUG] Unhandled play packet 0x63 (8 bytes)
[DEBUG] Unhandled play packet 0x51 (3 bytes)
[DEBUG] Unhandled play packet 0x63 (8 bytes)
[DEBUG] Unhandled play packet 0x51 (3 bytes)
[DEBUG] Unhandled play packet 0x63 (8 bytes)
[DEBUG] Unhandled play packet 0x51 (3 bytes)
[DEBUG] Unhandled play packet 0x51 (3 bytes)
[DEBUG] Unhandled play packet 0x51 (3 bytes)
[DEBUG] Unhandled play packet 0x51 (3 bytes)
[DEBUG] Unhandled play packet 0x51 (3 bytes)
[DEBUG] Unhandled play packet 0x51 (3 bytes)
[DEBUG] Unhandled play packet 0x51 (3 bytes)
[DEBUG] Unhandled play packet 0x63 (8 bytes)
[DEBUG] Unhandled play packet 0x51 (3 bytes)
[DEBUG] Unhandled play packet 0x51 (3 bytes)
[DEBUG] Unhandled play packet 0x51 (3 bytes)
[DEBUG] Unhandled play packet 0x51 (3 bytes)
[DEBUG] Unhandled play packet 0x63 (8 bytes)
[DEBUG] Unhandled play packet 0x51 (3 bytes)
[DEBUG] Unhandled play packet 0x51 (3 bytes)
[DEBUG] Unhandled play packet 0x51 (3 bytes)
[DEBUG] Unhandled play packet 0x63 (8 bytes)
[DEBUG] Unhandled play packet 0x51 (3 bytes)
[DEBUG] Unhandled play packet 0x63 (8 bytes)
[DEBUG] Unhandled play packet 0x51 (3 bytes)
[DEBUG] Unhandled play packet 0x63 (8 bytes)
[DEBUG] Unhandled play packet 0x51 (3 bytes)
[DEBUG] Unhandled play packet 0x51 (3 bytes)
[DEBUG] Unhandled play packet 0x51 (3 bytes)
[DEBUG] Unhandled play packet 0x51 (3 bytes)
[DEBUG] Unhandled play packet 0x51 (3 bytes)
[DEBUG] Unhandled play packet 0x51 (3 bytes)
[DEBUG] Unhandled play packet 0x51 (3 bytes)
[DEBUG] Unhandled play packet 0x51 (2 bytes)
[DEBUG] Unhandled play packet 0x51 (3 bytes)
[DEBUG] Unhandled play packet 0x51 (3 bytes)
[DEBUG] Unhandled play packet 0x51 (3 bytes)
[DEBUG] Unhandled play packet 0x63 (8 bytes)
[DEBUG] Unhandled play packet 0x51 (3 bytes)
[DEBUG] Unhandled play packet 0x51 (3 bytes)
[DEBUG] Unhandled play packet 0x63 (8 bytes)
[DEBUG] Unhandled play packet 0x51 (3 bytes)
[DEBUG] Unhandled play packet 0x63 (8 bytes)
[DEBUG] Unhandled play packet 0x51 (3 bytes)
[DEBUG] Unhandled play packet 0x63 (8 bytes)
[DEBUG] Unhandled play packet 0x51 (3 bytes)
[DEBUG] Unhandled play packet 0x51 (3 bytes)
[DEBUG] Unhandled play packet 0x51 (3 bytes)
[DEBUG] Unhandled play packet 0x51 (3 bytes)
[DEBUG] Unhandled play packet 0x51 (3 bytes)
[DEBUG] Unhandled play packet 0x51 (3 bytes)
[DEBUG] Unhandled play packet 0x51 (2 bytes)
[DEBUG] Unhandled play packet 0x51 (3 bytes)
[DEBUG] Unhandled play packet 0x51 (3 bytes)
[DEBUG] Unhandled play packet 0x51 (3 bytes)
[DEBUG] Unhandled play packet 0x63 (8 bytes)
[DEBUG] Unhandled play packet 0x51 (3 bytes)
[DEBUG] Unhandled play packet 0x51 (3 bytes)
[DEBUG] Unhandled play packet 0x63 (8 bytes)
[DEBUG] Unhandled play packet 0x51 (3 bytes)
[DEBUG] Unhandled play packet 0x63 (8 bytes)
[DEBUG] Unhandled play packet 0x51 (3 bytes)
[DEBUG] Unhandled play packet 0x63 (8 bytes)
[DEBUG] Unhandled play packet 0x51 (3 bytes)
[DEBUG] Unhandled play packet 0x51 (3 bytes)
[DEBUG] Unhandled play packet 0x51 (3 bytes)
[DEBUG] Unhandled play packet 0x51 (3 bytes)
[DEBUG] Unhandled play packet 0x51 (3 bytes)
[DEBUG] Unhandled play packet 0x51 (2 bytes)
[DEBUG] Unhandled play packet 0x51 (3 bytes)
[DEBUG] Unhandled play packet 0x51 (3 bytes)
[DEBUG] Unhandled play packet 0x51 (3 bytes)
[DEBUG] Unhandled play packet 0x51 (3 bytes)
[DEBUG] Unhandled play packet 0x63 (8 bytes)
[DEBUG] Unhandled play packet 0x51 (3 bytes)
[DEBUG] Unhandled play packet 0x51 (3 bytes)
[DEBUG] Unhandled play packet 0x51 (3 bytes)
[DEBUG] Unhandled play packet 0x63 (8 bytes)
[DEBUG] Unhandled play packet 0x51 (3 bytes)
[DEBUG] Unhandled play packet 0x63 (8 bytes)
[DEBUG] Unhandled play packet 0x63 (8 bytes)
[DEBUG] Unhandled play packet 0x51 (3 bytes)
[DEBUG] Unhandled play packet 0x63 (8 bytes)
[DEBUG] Unhandled play packet 0x51 (3 bytes)
[DEBUG] Unhandled play packet 0x51 (3 bytes)
[DEBUG] Unhandled play packet 0x51 (3 bytes)
[DEBUG] Unhandled play packet 0x51 (3 bytes)
[DEBUG] Unhandled play packet 0x51 (3 bytes)
[DEBUG] Unhandled play packet 0x51 (2 bytes)
[DEBUG] Unhandled play packet 0x51 (3 bytes)
[DEBUG] Unhandled play packet 0x51 (3 bytes)
[DEBUG] Unhandled play packet 0x51 (3 bytes)
[DEBUG] Unhandled play packet 0x63 (8 bytes)
[DEBUG] Unhandled play packet 0x51 (3 bytes)
[DEBUG] Unhandled play packet 0x51 (3 bytes)
[DEBUG] Unhandled play packet 0x51 (3 bytes)
[DEBUG] Unhandled play packet 0x63 (8 bytes)
[DEBUG] Unhandled play packet 0x51 (3 bytes)
[DEBUG] Unhandled play packet 0x63 (8 bytes)
[DEBUG] Unhandled play packet 0x63 (8 bytes)
[DEBUG] Unhandled play packet 0x51 (3 bytes)
[DEBUG] Unhandled play packet 0x63 (8 bytes)
[DEBUG] Unhandled play packet 0x51 (3 bytes)
[DEBUG] Unhandled play packet 0x51 (3 bytes)
[DEBUG] Unhandled play packet 0x51 (3 bytes)
[DEBUG] Unhandled play packet 0x51 (3 bytes)
[DEBUG] Unhandled play packet 0x51 (3 bytes)
[DEBUG] Unhandled play packet 0x51 (3 bytes)
[DEBUG] Unhandled play packet 0x63 (7 bytes)
[DEBUG] Unhandled play packet 0x51 (2 bytes)
[DEBUG] Unhandled play packet 0x51 (3 bytes)
[DEBUG] Unhandled play packet 0x51 (3 bytes)
[DEBUG] Unhandled play packet 0x51 (3 bytes)
[DEBUG] Unhandled play packet 0x63 (8 bytes)
[DEBUG] Unhandled play packet 0x51 (3 bytes)
[DEBUG] Unhandled play packet 0x51 (3 bytes)
[DEBUG] Unhandled play packet 0x51 (3 bytes)
[DEBUG] Unhandled play packet 0x63 (8 bytes)
[DEBUG] Unhandled play packet 0x51 (3 bytes)
[DEBUG] Unhandled play packet 0x63 (8 bytes)
[DEBUG] Unhandled play packet 0x51 (3 bytes)
[DEBUG] Unhandled play packet 0x63 (8 bytes)
[DEBUG] Unhandled play packet 0x63 (8 bytes)
[DEBUG] Unhandled play packet 0x51 (3 bytes)
[DEBUG] Unhandled play packet 0x51 (3 bytes)
[DEBUG] Unhandled play packet 0x51 (3 bytes)
[DEBUG] Unhandled play packet 0x51 (3 bytes)
[DEBUG] Unhandled play packet 0x51 (3 bytes)
[DEBUG] Unhandled play packet 0x51 (3 bytes)
[DEBUG] Unhandled play packet 0x63 (7 bytes)
[DEBUG] Unhandled play packet 0x51 (2 bytes)
[DEBUG] Unhandled play packet 0x51 (3 bytes)
[DEBUG] Unhandled play packet 0x51 (3 bytes)
[DEBUG] Unhandled play packet 0x51 (3 bytes)
[DEBUG] Unhandled play packet 0x63 (8 bytes)
[DEBUG] Unhandled play packet 0x51 (3 bytes)
[DEBUG] Unhandled play packet 0x51 (3 bytes)
[DEBUG] Unhandled play packet 0x51 (3 bytes)
[DEBUG] Unhandled play packet 0x63 (8 bytes)
[DEBUG] Unhandled play packet 0x51 (3 bytes)
[DEBUG] Unhandled play packet 0x63 (8 bytes)
[DEBUG] Unhandled play packet 0x51 (3 bytes)
[DEBUG] Unhandled play packet 0x63 (8 bytes)
[DEBUG] Unhandled play packet 0x63 (8 bytes)
[DEBUG] Unhandled play packet 0x51 (3 bytes)
[DEBUG] Unhandled play packet 0x51 (3 bytes)
[DEBUG] Unhandled play packet 0x51 (3 bytes)
[DEBUG] Unhandled play packet 0x51 (3 bytes)
[DEBUG] Unhandled play packet 0x51 (3 bytes)
[DEBUG] Unhandled play packet 0x51 (3 bytes)
[DEBUG] Unhandled play packet 0x63 (7 bytes)
[DEBUG] Unhandled play packet 0x51 (2 bytes)
[DEBUG] Unhandled play packet 0x51 (3 bytes)
[DEBUG] Unhandled play packet 0x51 (3 bytes)
[DEBUG] Unhandled play packet 0x51 (3 bytes)
[DEBUG] Unhandled play packet 0x63 (8 bytes)
[DEBUG] Unhandled play packet 0x51 (3 bytes)
[DEBUG] Unhandled play packet 0x51 (3 bytes)
[DEBUG] Unhandled play packet 0x63 (8 bytes)
[DEBUG] Unhandled play packet 0x51 (3 bytes)
[DEBUG] Unhandled play packet 0x51 (3 bytes)
[DEBUG] Unhandled play packet 0x63 (8 bytes)
[DEBUG] Unhandled play packet 0x51 (3 bytes)
[DEBUG] Unhandled play packet 0x63 (8 bytes)
[DEBUG] Unhandled play packet 0x51 (3 bytes)
[DEBUG] Unhandled play packet 0x51 (3 bytes)
[DEBUG] Unhandled play packet 0x51 (3 bytes)
[DEBUG] Unhandled play packet 0x51 (3 bytes)
[DEBUG] Unhandled play packet 0x51 (3 bytes)
[DEBUG] Unhandled play packet 0x51 (3 bytes)
[DEBUG] Unhandled play packet 0x51 (3 bytes)
[DEBUG] Unhandled play packet 0x51 (3 bytes)
[DEBUG] Unhandled play packet 0x51 (3 bytes)
[DEBUG] Unhandled play packet 0x63 (8 bytes)
[DEBUG] Unhandled play packet 0x51 (3 bytes)
[DEBUG] Unhandled play packet 0x63 (8 bytes)
[DEBUG] Unhandled play packet 0x51 (3 bytes)
[DEBUG] Unhandled play packet 0x51 (3 bytes)
[DEBUG] Unhandled play packet 0x63 (8 bytes)
[DEBUG] Unhandled play packet 0x51 (3 bytes)
[DEBUG] Unhandled play packet 0x63 (8 bytes)
[DEBUG] Unhandled play packet 0x51 (3 bytes)
[DEBUG] Unhandled play packet 0x51 (3 bytes)
[DEBUG] Unhandled play packet 0x51 (3 bytes)
[DEBUG] Unhandled play packet 0x51 (3 bytes)
[DEBUG] Unhandled play packet 0x51 (3 bytes)
[DEBUG] Unhandled play packet 0x51 (3 bytes)
[DEBUG] Unhandled play packet 0x51 (3 bytes)
[DEBUG] Unhandled play packet 0x51 (3 bytes)
[DEBUG] Unhandled play packet 0x63 (8 bytes)
[DEBUG] Unhandled play packet 0x51 (3 bytes)
[DEBUG] Unhandled play packet 0x63 (8 bytes)
[DEBUG] Unhandled play packet 0x51 (3 bytes)
[DEBUG] Unhandled play packet 0x63 (8 bytes)
[DEBUG] Unhandled play packet 0x51 (3 bytes)
[DEBUG] Unhandled play packet 0x51 (3 bytes)
[Chat] Raw message: 
≡ƒÆ¼ 
[Bot] Chat received: { message: '', system: false }
[Chat] Raw message: 
≡ƒÆ¼ 
[Bot] Chat received: { message: '', system: false }
[Chat] Raw message: 
≡ƒÆ¼ 
[Bot] Chat received: { message: '', system: false }
[DEBUG] Unhandled play packet 0x63 (8 bytes)
[DEBUG] Unhandled play packet 0x63 (8 bytes)
[DEBUG] Unhandled play packet 0x51 (3 bytes)
[DEBUG] Unhandled play packet 0x51 (3 bytes)
[DEBUG] Unhandled play packet 0x51 (3 bytes)
[DEBUG] Unhandled play packet 0x51 (3 bytes)
[DEBUG] Unhandled play packet 0x51 (3 bytes)
[DEBUG] Unhandled play packet 0x51 (3 bytes)
[DEBUG] Unhandled play packet 0x51 (3 bytes)
[DEBUG] Unhandled play packet 0x63 (8 bytes)
[DEBUG] Unhandled play packet 0x63 (8 bytes)
[DEBUG] Unhandled play packet 0x51 (3 bytes)
[DEBUG] Unhandled play packet 0x51 (3 bytes)
[DEBUG] Unhandled play packet 0x63 (8 bytes)
[DEBUG] Unhandled play packet 0x63 (8 bytes)
[DEBUG] Unhandled play packet 0x63 (8 bytes)
[DEBUG] Unhandled play packet 0x51 (3 bytes)
[DEBUG] Unhandled play packet 0x51 (3 bytes)
[DEBUG] Unhandled play packet 0x51 (3 bytes)
[DEBUG] Unhandled play packet 0x51 (3 bytes)
[DEBUG] Unhandled play packet 0x51 (3 bytes)
[DEBUG] Unhandled play packet 0x51 (3 bytes)
[DEBUG] Unhandled play packet 0x51 (3 bytes)
[DEBUG] Unhandled play packet 0x63 (8 bytes)
[DEBUG] Unhandled play packet 0x63 (8 bytes)
[DEBUG] Unhandled play packet 0x51 (3 bytes)
[DEBUG] Unhandled play packet 0x51 (3 bytes)
[DEBUG] Unhandled play packet 0x63 (8 bytes)
[DEBUG] Unhandled play packet 0x63 (8 bytes)
[DEBUG] Unhandled play packet 0x63 (8 bytes)
[DEBUG] Unhandled play packet 0x51 (3 bytes)
[DEBUG] Unhandled play packet 0x51 (3 bytes)
[DEBUG] Unhandled play packet 0x51 (3 bytes)
[DEBUG] Unhandled play packet 0x51 (3 bytes)
[DEBUG] Unhandled play packet 0x51 (3 bytes)
[DEBUG] Unhandled play packet 0x51 (3 bytes)
[DEBUG] Unhandled play packet 0x51 (3 bytes)
[DEBUG] Unhandled play packet 0x63 (8 bytes)
[DEBUG] Unhandled play packet 0x51 (3 bytes)
[DEBUG] Unhandled play packet 0x51 (3 bytes)
[DEBUG] Unhandled play packet 0x51 (3 bytes)
[DEBUG] Unhandled play packet 0x63 (8 bytes)
[DEBUG] Unhandled play packet 0x63 (8 bytes)
[DEBUG] Unhandled play packet 0x51 (3 bytes)
[DEBUG] Unhandled play packet 0x51 (3 bytes)
[DEBUG] Unhandled play packet 0x51 (3 bytes)
[DEBUG] Unhandled play packet 0x51 (3 bytes)
[DEBUG] Unhandled play packet 0x63 (7 bytes)
[DEBUG] Unhandled play packet 0x51 (2 bytes)
[DEBUG] Unhandled play packet 0x51 (3 bytes)
[DEBUG] Unhandled play packet 0x51 (3 bytes)
[DEBUG] Unhandled play packet 0x51 (3 bytes)
[DEBUG] Unhandled play packet 0x51 (3 bytes)
[DEBUG] Unhandled play packet 0x51 (3 bytes)
[DEBUG] Unhandled play packet 0x51 (3 bytes)
[DEBUG] Unhandled play packet 0x63 (8 bytes)
[DEBUG] Unhandled play packet 0x51 (3 bytes)
[DEBUG] Unhandled play packet 0x63 (8 bytes)
[DEBUG] Unhandled play packet 0x51 (3 bytes)
[DEBUG] Unhandled play packet 0x51 (3 bytes)
[DEBUG] Unhandled play packet 0x51 (3 bytes)
[DEBUG] Unhandled play packet 0x51 (3 bytes)
[DEBUG] Unhandled play packet 0x51 (3 bytes)
[DEBUG] Unhandled play packet 0x63 (7 bytes)
[DEBUG] Unhandled play packet 0x51 (3 bytes)
[DEBUG] Unhandled play packet 0x51 (3 bytes)
[DEBUG] Unhandled play packet 0x51 (3 bytes)
[DEBUG] Unhandled play packet 0x51 (3 bytes)
[DEBUG] Unhandled play packet 0x51 (3 bytes)
[DEBUG] Unhandled play packet 0x51 (3 bytes)
[DEBUG] Unhandled play packet 0x63 (8 bytes)
[DEBUG] Unhandled play packet 0x63 (8 bytes)
[DEBUG] Unhandled play packet 0x51 (3 bytes)
[DEBUG] Unhandled play packet 0x51 (3 bytes)
[DEBUG] Unhandled play packet 0x51 (3 bytes)
[DEBUG] Unhandled play packet 0x51 (3 bytes)
[DEBUG] Unhandled play packet 0x51 (3 bytes)
[DEBUG] Unhandled play packet 0x00 (0 bytes)
[DEBUG] Unhandled play packet 0x61 (9 bytes)
[DEBUG] Unhandled play packet 0x00 (0 bytes)
[DEBUG] Unhandled play packet 0x00 (0 bytes)
[DEBUG] Unhandled play packet 0x61 (9 bytes)
[DEBUG] Unhandled play packet 0x00 (0 bytes)
[DEBUG] Unhandled play packet 0x61 (9 bytes)
[DEBUG] Unhandled play packet 0x61 (9 bytes)
[DEBUG] Unhandled play packet 0x63 (7 bytes)
[DEBUG] Unhandled play packet 0x51 (3 bytes)
[DEBUG] Unhandled play packet 0x51 (3 bytes)
[DEBUG] Unhandled play packet 0x51 (3 bytes)
[DEBUG] Unhandled play packet 0x51 (3 bytes)
[DEBUG] Unhandled play packet 0x51 (3 bytes)
[DEBUG] Unhandled play packet 0x51 (3 bytes)
[DEBUG] Unhandled play packet 0x63 (8 bytes)
[DEBUG] Unhandled play packet 0x51 (3 bytes)
[DEBUG] Unhandled play packet 0x51 (3 bytes)
[DEBUG] Unhandled play packet 0x51 (3 bytes)
[DEBUG] Unhandled play packet 0x51 (3 bytes)
[DEBUG] Unhandled play packet 0x51 (3 bytes)
[DEBUG] Unhandled play packet 0x63 (8 bytes)
[DEBUG] Unhandled play packet 0x81 (13 bytes)
[DEBUG] Unhandled play packet 0x51 (3 bytes)
[DEBUG] Unhandled play packet 0x63 (8 bytes)
[DEBUG] Unhandled play packet 0x81 (13 bytes)
[DEBUG] Unhandled play packet 0x51 (3 bytes)
[DEBUG] Unhandled play packet 0x63 (8 bytes)
[DEBUG] Unhandled play packet 0x51 (3 bytes)
[DEBUG] Unhandled play packet 0x51 (3 bytes)
[DEBUG] Unhandled play packet 0x51 (3 bytes)
[DEBUG] Unhandled play packet 0x51 (3 bytes)
[DEBUG] Unhandled play packet 0x51 (3 bytes)
[DEBUG] Unhandled play packet 0x51 (3 bytes)
[DEBUG] Unhandled play packet 0x63 (8 bytes)
[DEBUG] Unhandled play packet 0x51 (3 bytes)
[DEBUG] Unhandled play packet 0x51 (3 bytes)
[DEBUG] Unhandled play packet 0x51 (3 bytes)
[DEBUG] Unhandled play packet 0x51 (3 bytes)
[DEBUG] Unhandled play packet 0x51 (3 bytes)
[DEBUG] Unhandled play packet 0x63 (8 bytes)
[DEBUG] Unhandled play packet 0x51 (3 bytes)
[DEBUG] Unhandled play packet 0x51 (3 bytes)
[DEBUG] Unhandled play packet 0x51 (3 bytes)
[DEBUG] Unhandled play packet 0x51 (3 bytes)
[DEBUG] Unhandled play packet 0x63 (8 bytes)
[DEBUG] Unhandled play packet 0x51 (3 bytes)
[DEBUG] Unhandled play packet 0x51 (3 bytes)
[DEBUG] Unhandled play packet 0x63 (8 bytes)
[DEBUG] Unhandled play packet 0x51 (3 bytes)
[DEBUG] Unhandled play packet 0x51 (3 bytes)
[DEBUG] Unhandled play packet 0x51 (3 bytes)
[DEBUG] Unhandled play packet 0x51 (3 bytes)
[DEBUG] Unhandled play packet 0x51 (3 bytes)
[DEBUG] Unhandled play packet 0x51 (3 bytes)
[DEBUG] Unhandled play packet 0x51 (3 bytes)
[DEBUG] Unhandled play packet 0x51 (3 bytes)
[DEBUG] Unhandled play packet 0x63 (8 bytes)
[DEBUG] Unhandled play packet 0x51 (3 bytes)
[DEBUG] Unhandled play packet 0x51 (3 bytes)
[DEBUG] Unhandled play packet 0x63 (8 bytes)
[DEBUG] Unhandled play packet 0x63 (8 bytes)
[DEBUG] Unhandled play packet 0x51 (3 bytes)
[DEBUG] Unhandled play packet 0x51 (3 bytes)
[DEBUG] Unhandled play packet 0x51 (3 bytes)
[DEBUG] Unhandled play packet 0x51 (3 bytes)
[DEBUG] Unhandled play packet 0x51 (3 bytes)
[DEBUG] Unhandled play packet 0x51 (3 bytes)
[DEBUG] Unhandled play packet 0x51 (3 bytes)
[DEBUG] Unhandled play packet 0x63 (8 bytes)
[DEBUG] Unhandled play packet 0x51 (3 bytes)
[DEBUG] Unhandled play packet 0x51 (3 bytes)
[DEBUG] Unhandled play packet 0x51 (3 bytes)
[DEBUG] Unhandled play packet 0x63 (8 bytes)
[DEBUG] Unhandled play packet 0x51 (3 bytes)
[DEBUG] Unhandled play packet 0x63 (8 bytes)
[DEBUG] Unhandled play packet 0x51 (3 bytes)
[DEBUG] Unhandled play packet 0x51 (3 bytes)
[DEBUG] Unhandled play packet 0x51 (3 bytes)
[DEBUG] Unhandled play packet 0x51 (3 bytes)
[DEBUG] Unhandled play packet 0x51 (3 bytes)
[DEBUG] Unhandled play packet 0x63 (7 bytes)
[DEBUG] Unhandled play packet 0x51 (3 bytes)
[DEBUG] Unhandled play packet 0x51 (3 bytes)
[DEBUG] Unhandled play packet 0x63 (8 bytes)
[DEBUG] Unhandled play packet 0x51 (3 bytes)
[DEBUG] Unhandled play packet 0x51 (3 bytes)
[DEBUG] Unhandled play packet 0x51 (3 bytes)
[DEBUG] Unhandled play packet 0x63 (8 bytes)
[DEBUG] Unhandled play packet 0x63 (8 bytes)
[DEBUG] Unhandled play packet 0x51 (3 bytes)
[DEBUG] Unhandled play packet 0x63 (8 bytes)
[DEBUG] Unhandled play packet 0x51 (3 bytes)
[DEBUG] Unhandled play packet 0x51 (3 bytes)
[DEBUG] Unhandled play packet 0x51 (3 bytes)
[DEBUG] Unhandled play packet 0x51 (3 bytes)
[Chat] Raw message: 
≡ƒÆ¼ 
[Bot] Chat received: { message: '', system: false }
[Chat] Raw message: 
≡ƒÆ¼ 
[Bot] Chat received: { message: '', system: false }
[DEBUG] Unhandled play packet 0x63 (8 bytes)
[DEBUG] Unhandled play packet 0x51 (3 bytes)
[DEBUG] Unhandled play packet 0x63 (7 bytes)
[DEBUG] Unhandled play packet 0x51 (2 bytes)
[DEBUG] Unhandled play packet 0x51 (3 bytes)
[DEBUG] Unhandled play packet 0x51 (3 bytes)
[DEBUG] Unhandled play packet 0x51 (3 bytes)
[DEBUG] Unhandled play packet 0x63 (8 bytes)
[DEBUG] Unhandled play packet 0x51 (3 bytes)
[DEBUG] Unhandled play packet 0x51 (3 bytes)
[DEBUG] Unhandled play packet 0x51 (3 bytes)
[DEBUG] Unhandled play packet 0x51 (3 bytes)
[DEBUG] Unhandled play packet 0x63 (8 bytes)
[DEBUG] Unhandled play packet 0x51 (3 bytes)
[DEBUG] Unhandled play packet 0x63 (8 bytes)
[DEBUG] Unhandled play packet 0x51 (3 bytes)
[DEBUG] Unhandled play packet 0x51 (3 bytes)
[DEBUG] Unhandled play packet 0x51 (3 bytes)
[DEBUG] Unhandled play packet 0x51 (3 bytes)
[DEBUG] Unhandled play packet 0x51 (3 bytes)
[DEBUG] Unhandled play packet 0x51 (2 bytes)
[DEBUG] Unhandled play packet 0x51 (3 bytes)
[DEBUG] Unhandled play packet 0x51 (3 bytes)
[Chat] Raw message: 
≡ƒÆ¼ 
[Bot] Chat received: { message: '', system: false }
[DEBUG] Unhandled play packet 0x63 (8 bytes)
[DEBUG] Unhandled play packet 0x51 (3 bytes)
[DEBUG] Unhandled play packet 0x51 (3 bytes)
[DEBUG] Unhandled play packet 0x51 (3 bytes)
[DEBUG] Unhandled play packet 0x51 (3 bytes)
[DEBUG] Unhandled play packet 0x63 (8 bytes)
[DEBUG] Unhandled play packet 0x63 (8 bytes)
[DEBUG] Unhandled play packet 0x51 (3 bytes)
[DEBUG] Unhandled play packet 0x63 (8 bytes)
[DEBUG] Unhandled play packet 0x51 (3 bytes)
[DEBUG] Unhandled play packet 0x51 (3 bytes)
[DEBUG] Unhandled play packet 0x51 (3 bytes)
[DEBUG] Unhandled play packet 0x51 (3 bytes)
[DEBUG] Unhandled play packet 0x51 (3 bytes)
[DEBUG] Unhandled play packet 0x51 (2 bytes)
[DEBUG] Unhandled play packet 0x51 (3 bytes)
[DEBUG] Unhandled play packet 0x51 (3 bytes)
[DEBUG] Unhandled play packet 0x51 (3 bytes)
[DEBUG] Unhandled play packet 0x63 (8 bytes)
[DEBUG] Unhandled play packet 0x51 (3 bytes)
[DEBUG] Unhandled play packet 0x51 (3 bytes)
[DEBUG] Unhandled play packet 0x51 (3 bytes)
[DEBUG] Unhandled play packet 0x51 (3 bytes)
[DEBUG] Unhandled play packet 0x51 (3 bytes)
[DEBUG] Unhandled play packet 0x63 (8 bytes)
[DEBUG] Unhandled play packet 0x63 (8 bytes)
[DEBUG] Unhandled play packet 0x51 (3 bytes)
[DEBUG] Unhandled play packet 0x51 (3 bytes)
[DEBUG] Unhandled play packet 0x51 (3 bytes)
[DEBUG] Unhandled play packet 0x51 (3 bytes)
[DEBUG] Unhandled play packet 0x51 (2 bytes)
[DEBUG] Unhandled play packet 0x51 (3 bytes)
[DEBUG] Unhandled play packet 0x51 (3 bytes)
[DEBUG] Unhandled play packet 0x51 (3 bytes)
[DEBUG] Unhandled play packet 0x63 (8 bytes)
[DEBUG] Unhandled play packet 0x51 (3 bytes)
[DEBUG] Unhandled play packet 0x51 (3 bytes)
[DEBUG] Unhandled play packet 0x51 (3 bytes)
[DEBUG] Unhandled play packet 0x63 (8 bytes)
[DEBUG] Unhandled play packet 0x51 (3 bytes)
[DEBUG] Unhandled play packet 0x51 (3 bytes)
[DEBUG] Unhandled play packet 0x51 (3 bytes)
[DEBUG] Unhandled play packet 0x51 (3 bytes)
[DEBUG] Unhandled play packet 0x51 (2 bytes)
[DEBUG] Unhandled play packet 0x51 (3 bytes)
[DEBUG] Unhandled play packet 0x51 (3 bytes)
[DEBUG] Unhandled play packet 0x51 (3 bytes)
[DEBUG] Unhandled play packet 0x63 (8 bytes)
[DEBUG] Unhandled play packet 0x51 (3 bytes)
[DEBUG] Unhandled play packet 0x51 (3 bytes)
[DEBUG] Unhandled play packet 0x51 (3 bytes)
[DEBUG] Unhandled play packet 0x63 (8 bytes)
[DEBUG] Unhandled play packet 0x63 (8 bytes)
[DEBUG] Unhandled play packet 0x51 (3 bytes)
[DEBUG] Unhandled play packet 0x51 (3 bytes)
[DEBUG] Unhandled play packet 0x51 (3 bytes)
[DEBUG] Unhandled play packet 0x51 (3 bytes)
[DEBUG] Unhandled play packet 0x51 (2 bytes)
[DEBUG] Unhandled play packet 0x51 (3 bytes)
[DEBUG] Unhandled play packet 0x51 (3 bytes)
[DEBUG] Unhandled play packet 0x51 (3 bytes)
[DEBUG] Unhandled play packet 0x51 (3 bytes)
[DEBUG] Unhandled play packet 0x63 (8 bytes)
[DEBUG] Unhandled play packet 0x51 (3 bytes)
[DEBUG] Unhandled play packet 0x51 (3 bytes)
[DEBUG] Unhandled play packet 0x51 (3 bytes)
[DEBUG] Unhandled play packet 0x51 (3 bytes)
[DEBUG] Unhandled play packet 0x51 (3 bytes)
[DEBUG] Unhandled play packet 0x51 (3 bytes)
[DEBUG] Unhandled play packet 0x51 (2 bytes)
[DEBUG] Unhandled play packet 0x51 (3 bytes)
[DEBUG] Unhandled play packet 0x51 (3 bytes)
[DEBUG] Unhandled play packet 0x51 (3 bytes)
[DEBUG] Unhandled play packet 0x51 (3 bytes)
[DEBUG] Unhandled play packet 0x63 (8 bytes)
[DEBUG] Unhandled play packet 0x51 (3 bytes)
[DEBUG] Unhandled play packet 0x51 (3 bytes)
[DEBUG] Unhandled play packet 0x51 (3 bytes)
[DEBUG] Unhandled play packet 0x51 (3 bytes)
[DEBUG] Unhandled play packet 0x51 (3 bytes)
[DEBUG] Unhandled play packet 0x51 (3 bytes)
[DEBUG] Unhandled play packet 0x51 (2 bytes)
[DEBUG] Unhandled play packet 0x51 (3 bytes)
[DEBUG] Unhandled play packet 0x51 (3 bytes)
[DEBUG] Unhandled play packet 0x51 (3 bytes)
[DEBUG] Unhandled play packet 0x51 (3 bytes)
[DEBUG] Unhandled play packet 0x63 (8 bytes)
[DEBUG] Unhandled play packet 0x51 (3 bytes)
[DEBUG] Unhandled play packet 0x51 (3 bytes)
[DEBUG] Unhandled play packet 0x51 (3 bytes)
[DEBUG] Unhandled play packet 0x51 (3 bytes)
[DEBUG] Unhandled play packet 0x51 (3 bytes)
[DEBUG] Unhandled play packet 0x51 (3 bytes)
[DEBUG] Unhandled play packet 0x51 (3 bytes)
[DEBUG] Unhandled play packet 0x51 (3 bytes)
[DEBUG] Unhandled play packet 0x51 (3 bytes)
[DEBUG] Unhandled play packet 0x51 (3 bytes)
[DEBUG] Unhandled play packet 0x51 (3 bytes)
[DEBUG] Unhandled play packet 0x63 (8 bytes)
[DEBUG] Unhandled play packet 0x51 (3 bytes)
[DEBUG] Unhandled play packet 0x51 (3 bytes)
[DEBUG] Unhandled play packet 0x51 (3 bytes)
[DEBUG] Unhandled play packet 0x51 (3 bytes)
[DEBUG] Unhandled play packet 0x63 (8 bytes)
[DEBUG] Unhandled play packet 0x51 (3 bytes)
[DEBUG] Unhandled play packet 0x51 (3 bytes)
[DEBUG] Unhandled play packet 0x51 (3 bytes)
[DEBUG] Unhandled play packet 0x51 (3 bytes)
[DEBUG] Unhandled play packet 0x08 (10 bytes)
[DEBUG] Unhandled play packet 0x51 (3 bytes)
[DEBUG] Unhandled play packet 0x51 (3 bytes)
[DEBUG] Unhandled play packet 0x63 (8 bytes)
[DEBUG] Unhandled play packet 0x51 (3 bytes)
[DEBUG] Unhandled play packet 0x51 (3 bytes)
[DEBUG] Unhandled play packet 0x51 (3 bytes)
[DEBUG] Unhandled play packet 0x51 (3 bytes)
[DEBUG] Unhandled play packet 0x51 (3 bytes)
[DEBUG] Unhandled play packet 0x51 (3 bytes)
[DEBUG] Unhandled play packet 0x51 (3 bytes)
[DEBUG] Unhandled play packet 0x51 (3 bytes)
[DEBUG] Unhandled play packet 0x51 (3 bytes)
[DEBUG] Unhandled play packet 0x51 (3 bytes)
[DEBUG] Unhandled play packet 0x63 (8 bytes)
[DEBUG] Unhandled play packet 0x51 (3 bytes)
[DEBUG] Unhandled play packet 0x51 (3 bytes)
[DEBUG] Unhandled play packet 0x51 (3 bytes)
[DEBUG] Unhandled play packet 0x00 (0 bytes)
[DEBUG] Unhandled play packet 0x61 (9 bytes)
[DEBUG] Unhandled play packet 0x00 (0 bytes)
[DEBUG] Unhandled play packet 0x00 (0 bytes)
[DEBUG] Unhandled play packet 0x61 (12 bytes)
[DEBUG] Unhandled play packet 0x64 (8 bytes)
[DEBUG] Unhandled play packet 0x00 (0 bytes)
[DEBUG] Unhandled play packet 0x61 (12 bytes)
[DEBUG] Unhandled play packet 0x61 (9 bytes)
[DEBUG] Unhandled play packet 0x51 (3 bytes)
[DEBUG] Unhandled play packet 0x51 (3 bytes)
[DEBUG] Unhandled play packet 0x51 (3 bytes)
[DEBUG] Unhandled play packet 0x51 (3 bytes)
[DEBUG] Unhandled play packet 0x51 (3 bytes)
[DEBUG] Unhandled play packet 0x64 (8 bytes)
[DEBUG] Unhandled play packet 0x51 (3 bytes)
[DEBUG] Unhandled play packet 0x51 (3 bytes)
[DEBUG] Unhandled play packet 0x51 (3 bytes)
[DEBUG] Unhandled play packet 0x51 (3 bytes)
[DEBUG] Unhandled play packet 0x51 (3 bytes)
[Chat] Raw message: 
≡ƒÆ¼ 
[Bot] Chat received: { message: '', system: false }
[DEBUG] Unhandled play packet 0x63 (8 bytes)
[DEBUG] Unhandled play packet 0x81 (13 bytes)
[DEBUG] Unhandled play packet 0x63 (8 bytes)
[DEBUG] Unhandled play packet 0x81 (13 bytes)
[DEBUG] Unhandled play packet 0x51 (3 bytes)
[DEBUG] Unhandled play packet 0x51 (3 bytes)
[DEBUG] Unhandled play packet 0x63 (8 bytes)
[DEBUG] Unhandled play packet 0x51 (3 bytes)
[DEBUG] Unhandled play packet 0x51 (3 bytes)
[DEBUG] Unhandled play packet 0x51 (3 bytes)
[DEBUG] Unhandled play packet 0x51 (3 bytes)
[DEBUG] Unhandled play packet 0x51 (3 bytes)
[DEBUG] Unhandled play packet 0x51 (3 bytes)
[DEBUG] Unhandled play packet 0x51 (3 bytes)
[DEBUG] Unhandled play packet 0x51 (3 bytes)
[DEBUG] Unhandled play packet 0x51 (3 bytes)
[DEBUG] Unhandled play packet 0x51 (3 bytes)
[DEBUG] Unhandled play packet 0x63 (8 bytes)
[DEBUG] Unhandled play packet 0x51 (3 bytes)
[DEBUG] Unhandled play packet 0x51 (3 bytes)
[DEBUG] Unhandled play packet 0x51 (3 bytes)
[DEBUG] Unhandled play packet 0x51 (3 bytes)
[DEBUG] Unhandled play packet 0x51 (3 bytes)
[DEBUG] Unhandled play packet 0x51 (3 bytes)
[DEBUG] Unhandled play packet 0x51 (3 bytes)
[DEBUG] Unhandled play packet 0x51 (3 bytes)
[DEBUG] Unhandled play packet 0x51 (3 bytes)
[DEBUG] Unhandled play packet 0x51 (3 bytes)
[DEBUG] Unhandled play packet 0x51 (3 bytes)
[DEBUG] Unhandled play packet 0x51 (3 bytes)
[DEBUG] Unhandled play packet 0x63 (8 bytes)
[DEBUG] Unhandled play packet 0x51 (3 bytes)
[DEBUG] Unhandled play packet 0x51 (3 bytes)
[DEBUG] Unhandled play packet 0x51 (3 bytes)
[DEBUG] Unhandled play packet 0x51 (3 bytes)
[DEBUG] Unhandled play packet 0x51 (3 bytes)
[DEBUG] Unhandled play packet 0x51 (3 bytes)
[DEBUG] Unhandled play packet 0x51 (3 bytes)
[Chat] Raw message: 
≡ƒÆ¼ 
[Bot] Chat received: { message: '', system: false }
[DEBUG] Unhandled play packet 0x51 (3 bytes)
[DEBUG] Unhandled play packet 0x51 (3 bytes)
[DEBUG] Unhandled play packet 0x51 (3 bytes)
[DEBUG] Unhandled play packet 0x51 (3 bytes)
[DEBUG] Unhandled play packet 0x51 (3 bytes)
[DEBUG] Unhandled play packet 0x51 (3 bytes)
[DEBUG] Unhandled play packet 0x51 (3 bytes)
[DEBUG] Unhandled play packet 0x63 (8 bytes)
[DEBUG] Unhandled play packet 0x51 (3 bytes)
[DEBUG] Unhandled play packet 0x51 (3 bytes)
[DEBUG] Unhandled play packet 0x63 (8 bytes)
[DEBUG] Unhandled play packet 0x51 (3 bytes)
[DEBUG] Unhandled play packet 0x51 (3 bytes)
[DEBUG] Unhandled play packet 0x51 (3 bytes)
[DEBUG] Unhandled play packet 0x51 (3 bytes)
[DEBUG] Unhandled play packet 0x51 (3 bytes)
[DEBUG] Unhandled play packet 0x51 (3 bytes)
[DEBUG] Unhandled play packet 0x51 (3 bytes)
[DEBUG] Unhandled play packet 0x51 (3 bytes)
[DEBUG] Unhandled play packet 0x51 (3 bytes)
[DEBUG] Unhandled play packet 0x51 (3 bytes)
[DEBUG] Unhandled play packet 0x51 (3 bytes)
[DEBUG] Unhandled play packet 0x51 (3 bytes)
[DEBUG] Unhandled play packet 0x63 (8 bytes)
[DEBUG] Unhandled play packet 0x51 (3 bytes)
[DEBUG] Unhandled play packet 0x51 (3 bytes)
[DEBUG] Unhandled play packet 0x51 (3 bytes)
[DEBUG] Unhandled play packet 0x51 (3 bytes)
[DEBUG] Unhandled play packet 0x51 (3 bytes)
[DEBUG] Unhandled play packet 0x51 (3 bytes)
[DEBUG] Unhandled play packet 0x51 (3 bytes)
[DEBUG] Unhandled play packet 0x51 (3 bytes)
[DEBUG] Unhandled play packet 0x51 (3 bytes)
[DEBUG] Unhandled play packet 0x51 (3 bytes)
[DEBUG] Unhandled play packet 0x51 (3 bytes)
[DEBUG] Unhandled play packet 0x51 (3 bytes)
[Chat] Raw message: 
≡ƒÆ¼ 
[Bot] Chat received: { message: '', system: false }
[DEBUG] Unhandled play packet 0x51 (3 bytes)
[DEBUG] Unhandled play packet 0x51 (3 bytes)
[DEBUG] Unhandled play packet 0x51 (3 bytes)
[DEBUG] Unhandled play packet 0x51 (3 bytes)
[DEBUG] Unhandled play packet 0x51 (3 bytes)
[DEBUG] Unhandled play packet 0x51 (3 bytes)
[DEBUG] Unhandled play packet 0x51 (3 bytes)
[DEBUG] Unhandled play packet 0x51 (3 bytes)
[DEBUG] Unhandled play packet 0x51 (3 bytes)
[DEBUG] Unhandled play packet 0x51 (3 bytes)
[DEBUG] Unhandled play packet 0x63 (8 bytes)
[DEBUG] Unhandled play packet 0x51 (3 bytes)
[DEBUG] Unhandled play packet 0x51 (3 bytes)
[DEBUG] Unhandled play packet 0x51 (3 bytes)
[DEBUG] Unhandled play packet 0x51 (3 bytes)
[DEBUG] Unhandled play packet 0x51 (3 bytes)
[DEBUG] Unhandled play packet 0x51 (3 bytes)
[DEBUG] Unhandled play packet 0x51 (3 bytes)
[DEBUG] Unhandled play packet 0x51 (3 bytes)
[DEBUG] Unhandled play packet 0x51 (3 bytes)
[DEBUG] Unhandled play packet 0x51 (3 bytes)
[DEBUG] Unhandled play packet 0x51 (3 bytes)
[DEBUG] Unhandled play packet 0x51 (3 bytes)
[DEBUG] Unhandled play packet 0x51 (3 bytes)
[DEBUG] Unhandled play packet 0x51 (3 bytes)
[DEBUG] Unhandled play packet 0x51 (3 bytes)
[DEBUG] Unhandled play packet 0x51 (3 bytes)
[DEBUG] Unhandled play packet 0x51 (3 bytes)
[DEBUG] Unhandled play packet 0x63 (8 bytes)
[DEBUG] Unhandled play packet 0x51 (3 bytes)
[DEBUG] Unhandled play packet 0x51 (3 bytes)
[DEBUG] Unhandled play packet 0x51 (3 bytes)
[DEBUG] Unhandled play packet 0x51 (3 bytes)
[DEBUG] Unhandled play packet 0x51 (3 bytes)
[DEBUG] Unhandled play packet 0x51 (3 bytes)
[DEBUG] Unhandled play packet 0x51 (3 bytes)
[DEBUG] Unhandled play packet 0x51 (3 bytes)
[DEBUG] Unhandled play packet 0x51 (3 bytes)
[DEBUG] Unhandled play packet 0x63 (8 bytes)
[DEBUG] Unhandled play packet 0x51 (3 bytes)
[DEBUG] Unhandled play packet 0x51 (3 bytes)
[DEBUG] Unhandled play packet 0x51 (3 bytes)
[DEBUG] Unhandled play packet 0x51 (3 bytes)
[DEBUG] Unhandled play packet 0x63 (8 bytes)
[DEBUG] Unhandled play packet 0x51 (3 bytes)
[DEBUG] Unhandled play packet 0x51 (3 bytes)
[DEBUG] Unhandled play packet 0x51 (3 bytes)
[DEBUG] Unhandled play packet 0x51 (3 bytes)
[DEBUG] Unhandled play packet 0x51 (3 bytes)
[DEBUG] Unhandled play packet 0x51 (3 bytes)
[DEBUG] Unhandled play packet 0x51 (3 bytes)
[DEBUG] Unhandled play packet 0x51 (3 bytes)
[DEBUG] Unhandled play packet 0x51 (3 bytes)
[DEBUG] Unhandled play packet 0x63 (8 bytes)
[DEBUG] Unhandled play packet 0x51 (3 bytes)
[DEBUG] Unhandled play packet 0x51 (3 bytes)
[DEBUG] Unhandled play packet 0x51 (3 bytes)
[DEBUG] Unhandled play packet 0x51 (3 bytes)
[DEBUG] Unhandled play packet 0x51 (3 bytes)
[DEBUG] Unhandled play packet 0x51 (3 bytes)
[DEBUG] Unhandled play packet 0x51 (3 bytes)
[DEBUG] Unhandled play packet 0x51 (3 bytes)
[DEBUG] Unhandled play packet 0x51 (3 bytes)
[DEBUG] Unhandled play packet 0x51 (3 bytes)
[DEBUG] Unhandled play packet 0x51 (3 bytes)
[DEBUG] Unhandled play packet 0x51 (3 bytes)
[DEBUG] Unhandled play packet 0x63 (8 bytes)
[DEBUG] Unhandled play packet 0x51 (3 bytes)
[DEBUG] Unhandled play packet 0x51 (3 bytes)
[DEBUG] Unhandled play packet 0x51 (3 bytes)
[DEBUG] Unhandled play packet 0x51 (3 bytes)
[DEBUG] Unhandled play packet 0x51 (3 bytes)
[DEBUG] Unhandled play packet 0x51 (3 bytes)
[DEBUG] Unhandled play packet 0x51 (3 bytes)
[DEBUG] Unhandled play packet 0x51 (3 bytes)
[DEBUG] Unhandled play packet 0x00 (0 bytes)
[DEBUG] Unhandled play packet 0x61 (9 bytes)
[DEBUG] Unhandled play packet 0x64 (8 bytes)
[DEBUG] Unhandled play packet 0x00 (0 bytes)
[DEBUG] Unhandled play packet 0x00 (0 bytes)
[DEBUG] Unhandled play packet 0x61 (12 bytes)
[DEBUG] Unhandled play packet 0x64 (8 bytes)
[DEBUG] Unhandled play packet 0x00 (0 bytes)
[DEBUG] Unhandled play packet 0x61 (9 bytes)
[DEBUG] Unhandled play packet 0x61 (12 bytes)
[DEBUG] Unhandled play packet 0x51 (3 bytes)
[DEBUG] Unhandled play packet 0x51 (3 bytes)
[DEBUG] Unhandled play packet 0x51 (3 bytes)
[DEBUG] Unhandled play packet 0x51 (3 bytes)
[DEBUG] Unhandled play packet 0x64 (8 bytes)
[DEBUG] Unhandled play packet 0x64 (8 bytes)
[DEBUG] Unhandled play packet 0x63 (8 bytes)
[DEBUG] Unhandled play packet 0x51 (3 bytes)
[DEBUG] Unhandled play packet 0x51 (3 bytes)
[DEBUG] Unhandled play packet 0x51 (3 bytes)
[DEBUG] Unhandled play packet 0x51 (3 bytes)
[DEBUG] Unhandled play packet 0x51 (3 bytes)
[DEBUG] Unhandled play packet 0x51 (3 bytes)
[DEBUG] Unhandled play packet 0x51 (3 bytes)
[Chat] Raw message: 
≡ƒÆ¼ 
[Bot] Chat received: { message: '', system: false }
[DEBUG] Unhandled play packet 0x63 (8 bytes)
[DEBUG] Unhandled play packet 0x81 (13 bytes)
[DEBUG] Unhandled play packet 0x51 (3 bytes)
[DEBUG] Unhandled play packet 0x63 (8 bytes)
[DEBUG] Unhandled play packet 0x81 (13 bytes)
[DEBUG] Unhandled play packet 0x51 (3 bytes)
[DEBUG] Unhandled play packet 0x51 (3 bytes)
[DEBUG] Unhandled play packet 0x51 (3 bytes)
[DEBUG] Unhandled play packet 0x51 (3 bytes)
[DEBUG] Unhandled play packet 0x63 (8 bytes)
[DEBUG] Unhandled play packet 0x51 (3 bytes)
[DEBUG] Unhandled play packet 0x51 (3 bytes)
[DEBUG] Unhandled play packet 0x51 (3 bytes)
[DEBUG] Unhandled play packet 0x51 (3 bytes)
[DEBUG] Unhandled play packet 0x51 (3 bytes)
[DEBUG] Unhandled play packet 0x51 (3 bytes)
[DEBUG] Unhandled play packet 0x51 (3 bytes)
[DEBUG] Unhandled play packet 0x51 (3 bytes)
[DEBUG] Unhandled play packet 0x51 (3 bytes)
[DEBUG] Unhandled play packet 0x63 (8 bytes)
[DEBUG] Unhandled play packet 0x51 (3 bytes)
[DEBUG] Unhandled play packet 0x51 (3 bytes)
[DEBUG] Unhandled play packet 0x51 (3 bytes)
[DEBUG] Unhandled play packet 0x51 (3 bytes)
[DEBUG] Unhandled play packet 0x51 (3 bytes)
[DEBUG] Unhandled play packet 0x51 (3 bytes)
[DEBUG] Unhandled play packet 0x51 (3 bytes)
[DEBUG] Unhandled play packet 0x51 (3 bytes)
[DEBUG] Unhandled play packet 0x51 (3 bytes)
[DEBUG] Unhandled play packet 0x51 (3 bytes)
[DEBUG] Unhandled play packet 0x63 (8 bytes)
[DEBUG] Unhandled play packet 0x51 (3 bytes)
[DEBUG] Unhandled play packet 0x51 (3 bytes)
[DEBUG] Unhandled play packet 0x51 (3 bytes)
[DEBUG] Unhandled play packet 0x51 (3 bytes)
[DEBUG] Unhandled play packet 0x51 (3 bytes)
[DEBUG] Unhandled play packet 0x51 (3 bytes)
[DEBUG] Unhandled play packet 0x51 (3 bytes)
[DEBUG] Unhandled play packet 0x51 (3 bytes)
[DEBUG] Unhandled play packet 0x51 (3 bytes)
[Chat] Raw message: 
≡ƒÆ¼ 
[Bot] Chat received: { message: '', system: false }
[DEBUG] Unhandled play packet 0x51 (3 bytes)
[DEBUG] Unhandled play packet 0x51 (3 bytes)
[DEBUG] Unhandled play packet 0x63 (8 bytes)
[DEBUG] Unhandled play packet 0x51 (3 bytes)
[DEBUG] Unhandled play packet 0x51 (3 bytes)
[DEBUG] Unhandled play packet 0x63 (8 bytes)
[DEBUG] Unhandled play packet 0x51 (3 bytes)
[DEBUG] Unhandled play packet 0x51 (3 bytes)
[DEBUG] Unhandled play packet 0x51 (3 bytes)
[DEBUG] Unhandled play packet 0x51 (3 bytes)
[DEBUG] Unhandled play packet 0x51 (3 bytes)
[DEBUG] Unhandled play packet 0x51 (3 bytes)
[DEBUG] Unhandled play packet 0x51 (3 bytes)
[DEBUG] Unhandled play packet 0x51 (3 bytes)
[DEBUG] Unhandled play packet 0x61 (6 bytes)
[DEBUG] Unhandled play packet 0x51 (3 bytes)
[DEBUG] Unhandled play packet 0x51 (3 bytes)
[DEBUG] Unhandled play packet 0x63 (8 bytes)
[DEBUG] Unhandled play packet 0x51 (3 bytes)
[Keep-Alive] Received: 2958248, responding...
[Keep-Alive] Response sent!
[DEBUG] Unhandled play packet 0x63 (8 bytes)
[DEBUG] Unhandled play packet 0x51 (3 bytes)
[DEBUG] Unhandled play packet 0x51 (3 bytes)
[DEBUG] Unhandled play packet 0x51 (3 bytes)
[DEBUG] Unhandled play packet 0x51 (3 bytes)
[DEBUG] Unhandled play packet 0x51 (3 bytes)
[DEBUG] Unhandled play packet 0x51 (3 bytes)
[DEBUG] Unhandled play packet 0x51 (3 bytes)
[DEBUG] Unhandled play packet 0x51 (3 bytes)
[DEBUG] Unhandled play packet 0x51 (3 bytes)
[DEBUG] Unhandled play packet 0x51 (3 bytes)
[DEBUG] Unhandled play packet 0x63 (8 bytes)
[DEBUG] Unhandled play packet 0x51 (3 bytes)
[DEBUG] Unhandled play packet 0x51 (3 bytes)
[DEBUG] Unhandled play packet 0x63 (8 bytes)
[DEBUG] Unhandled play packet 0x51 (3 bytes)
[DEBUG] Unhandled play packet 0x51 (3 bytes)
[DEBUG] Unhandled play packet 0x51 (3 bytes)
[DEBUG] Unhandled play packet 0x51 (3 bytes)
[DEBUG] Unhandled play packet 0x51 (3 bytes)
[DEBUG] Unhandled play packet 0x51 (3 bytes)
[DEBUG] Unhandled play packet 0x51 (3 bytes)
[DEBUG] Unhandled play packet 0x51 (3 bytes)
[DEBUG] Unhandled play packet 0x51 (3 bytes)
[DEBUG] Unhandled play packet 0x00 (0 bytes)
[DEBUG] Unhandled play packet 0x61 (12 bytes)
[DEBUG] Unhandled play packet 0x00 (0 bytes)
[DEBUG] Unhandled play packet 0x00 (0 bytes)
[DEBUG] Unhandled play packet 0x61 (12 bytes)
[DEBUG] Unhandled play packet 0x00 (0 bytes)
[DEBUG] Unhandled play packet 0x51 (3 bytes)
[DEBUG] Unhandled play packet 0x63 (8 bytes)
[DEBUG] Unhandled play packet 0x61 (12 bytes)
[DEBUG] Unhandled play packet 0x61 (12 bytes)
[DEBUG] Unhandled play packet 0x51 (3 bytes)
[DEBUG] Unhandled play packet 0x63 (8 bytes)
[DEBUG] Unhandled play packet 0x51 (3 bytes)
[DEBUG] Unhandled play packet 0x51 (3 bytes)
[DEBUG] Unhandled play packet 0x51 (3 bytes)
[DEBUG] Unhandled play packet 0x61 (6 bytes)
[DEBUG] Unhandled play packet 0x81 (13 bytes)
[DEBUG] Unhandled play packet 0x51 (3 bytes)
[DEBUG] Unhandled play packet 0x61 (6 bytes)
[DEBUG] Unhandled play packet 0x81 (13 bytes)
[DEBUG] Unhandled play packet 0x51 (3 bytes)
[DEBUG] Unhandled play packet 0x51 (3 bytes)
[DEBUG] Unhandled play packet 0x51 (3 bytes)
[DEBUG] Unhandled play packet 0x51 (3 bytes)
[DEBUG] Unhandled play packet 0x51 (3 bytes)
[DEBUG] Unhandled play packet 0x63 (8 bytes)
[DEBUG] Unhandled play packet 0x51 (3 bytes)
[DEBUG] Unhandled play packet 0x63 (8 bytes)
[DEBUG] Unhandled play packet 0x51 (3 bytes)
[DEBUG] Unhandled play packet 0x51 (3 bytes)
[DEBUG] Unhandled play packet 0x51 (3 bytes)
[DEBUG] Unhandled play packet 0x51 (3 bytes)
[DEBUG] Unhandled play packet 0x51 (3 bytes)
[DEBUG] Unhandled play packet 0x51 (3 bytes)
[DEBUG] Unhandled play packet 0x51 (3 bytes)
[DEBUG] Unhandled play packet 0x51 (3 bytes)
[DEBUG] Unhandled play packet 0x51 (3 bytes)
[DEBUG] Unhandled play packet 0x51 (3 bytes)
[DEBUG] Unhandled play packet 0x51 (3 bytes)
[DEBUG] Unhandled play packet 0x51 (3 bytes)
[DEBUG] Unhandled play packet 0x63 (8 bytes)
[DEBUG] Unhandled play packet 0x51 (3 bytes)
[DEBUG] Unhandled play packet 0x51 (3 bytes)
[DEBUG] Unhandled play packet 0x51 (3 bytes)
[DEBUG] Unhandled play packet 0x51 (3 bytes)
[DEBUG] Unhandled play packet 0x51 (3 bytes)
[DEBUG] Unhandled play packet 0x51 (3 bytes)
[DEBUG] Unhandled play packet 0x51 (3 bytes)
[DEBUG] Unhandled play packet 0x51 (3 bytes)
[DEBUG] Unhandled play packet 0x51 (3 bytes)
[DEBUG] Unhandled play packet 0x51 (3 bytes)
[DEBUG] Unhandled play packet 0x51 (3 bytes)
[DEBUG] Unhandled play packet 0x51 (3 bytes)
[DEBUG] Unhandled play packet 0x51 (3 bytes)
[DEBUG] Unhandled play packet 0x63 (8 bytes)
[DEBUG] Unhandled play packet 0x51 (3 bytes)
[DEBUG] Unhandled play packet 0x51 (3 bytes)
[DEBUG] Unhandled play packet 0x51 (3 bytes)
[DEBUG] Unhandled play packet 0x51 (3 bytes)
[DEBUG] Unhandled play packet 0x51 (3 bytes)
[DEBUG] Unhandled play packet 0x51 (3 bytes)
[DEBUG] Unhandled play packet 0x51 (3 bytes)
[DEBUG] Unhandled play packet 0x51 (3 bytes)
[DEBUG] Unhandled play packet 0x51 (3 bytes)
[DEBUG] Unhandled play packet 0x51 (3 bytes)
[DEBUG] Unhandled play packet 0x51 (3 bytes)
[DEBUG] Unhandled play packet 0x51 (3 bytes)
[DEBUG] Unhandled play packet 0x51 (3 bytes)
[DEBUG] Unhandled play packet 0x63 (8 bytes)
[DEBUG] Unhandled play packet 0x51 (3 bytes)
[DEBUG] Unhandled play packet 0x51 (3 bytes)
[DEBUG] Unhandled play packet 0x51 (3 bytes)
[DEBUG] Unhandled play packet 0x51 (3 bytes)
[DEBUG] Unhandled play packet 0x51 (3 bytes)
[Chat] Raw message: 
≡ƒÆ¼ 
[Bot] Chat received: { message: '', system: false }
[DEBUG] Unhandled play packet 0x51 (3 bytes)
[DEBUG] Unhandled play packet 0x51 (3 bytes)
[DEBUG] Unhandled play packet 0x51 (3 bytes)
[DEBUG] Unhandled play packet 0x51 (3 bytes)
[DEBUG] Unhandled play packet 0x51 (3 bytes)
[DEBUG] Unhandled play packet 0x51 (3 bytes)
[DEBUG] Unhandled play packet 0x51 (3 bytes)
[Chat] Raw message: 
≡ƒÆ¼ 
[Bot] Chat received: { message: '', system: false }
[DEBUG] Unhandled play packet 0x63 (8 bytes)
[DEBUG] Unhandled play packet 0x51 (3 bytes)
[DEBUG] Unhandled play packet 0x51 (3 bytes)
[DEBUG] Unhandled play packet 0x51 (3 bytes)
[DEBUG] Unhandled play packet 0x51 (3 bytes)
[DEBUG] Unhandled play packet 0x51 (3 bytes)
[DEBUG] Unhandled play packet 0x51 (3 bytes)
[DEBUG] Unhandled play packet 0x51 (3 bytes)
[DEBUG] Unhandled play packet 0x51 (3 bytes)
[DEBUG] Unhandled play packet 0x51 (3 bytes)
[DEBUG] Unhandled play packet 0x51 (3 bytes)
[DEBUG] Unhandled play packet 0x51 (3 bytes)
[DEBUG] Unhandled play packet 0x51 (3 bytes)
[DEBUG] Unhandled play packet 0x51 (3 bytes)
[DEBUG] Unhandled play packet 0x63 (8 bytes)
[DEBUG] Unhandled play packet 0x51 (3 bytes)
[DEBUG] Unhandled play packet 0x51 (3 bytes)
[DEBUG] Unhandled play packet 0x51 (3 bytes)
[DEBUG] Unhandled play packet 0x51 (3 bytes)
[DEBUG] Unhandled play packet 0x51 (3 bytes)
[DEBUG] Unhandled play packet 0x51 (3 bytes)
[DEBUG] Unhandled play packet 0x51 (3 bytes)
[DEBUG] Unhandled play packet 0x51 (3 bytes)
[DEBUG] Unhandled play packet 0x51 (3 bytes)
[DEBUG] Unhandled play packet 0x51 (3 bytes)
[DEBUG] Unhandled play packet 0x51 (3 bytes)
[DEBUG] Unhandled play packet 0x51 (3 bytes)
[DEBUG] Unhandled play packet 0x51 (3 bytes)
[DEBUG] Unhandled play packet 0x63 (8 bytes)
[DEBUG] Unhandled play packet 0x51 (3 bytes)
[DEBUG] Unhandled play packet 0x51 (3 bytes)
[DEBUG] Unhandled play packet 0x51 (3 bytes)
[DEBUG] Unhandled play packet 0x51 (3 bytes)
[DEBUG] Unhandled play packet 0x51 (3 bytes)
[DEBUG] Unhandled play packet 0x51 (3 bytes)
[DEBUG] Unhandled play packet 0x63 (8 bytes)
[DEBUG] Unhandled play packet 0x51 (3 bytes)
[DEBUG] Unhandled play packet 0x51 (3 bytes)
[DEBUG] Unhandled play packet 0x51 (3 bytes)
[DEBUG] Unhandled play packet 0x51 (3 bytes)
[DEBUG] Unhandled play packet 0x51 (3 bytes)
[DEBUG] Unhandled play packet 0x51 (3 bytes)
[DEBUG] Unhandled play packet 0x51 (3 bytes)
[DEBUG] Unhandled play packet 0x51 (3 bytes)
[DEBUG] Unhandled play packet 0x63 (8 bytes)
[DEBUG] Unhandled play packet 0x51 (3 bytes)
[DEBUG] Unhandled play packet 0x51 (3 bytes)
[DEBUG] Unhandled play packet 0x51 (3 bytes)
[DEBUG] Unhandled play packet 0x51 (3 bytes)
[DEBUG] Unhandled play packet 0x51 (3 bytes)
[DEBUG] Unhandled play packet 0x51 (3 bytes)
[DEBUG] Unhandled play packet 0x51 (3 bytes)
[DEBUG] Unhandled play packet 0x51 (3 bytes)
[DEBUG] Unhandled play packet 0x63 (8 bytes)
[DEBUG] Unhandled play packet 0x51 (3 bytes)
[DEBUG] Unhandled play packet 0x51 (3 bytes)
[DEBUG] Unhandled play packet 0x51 (3 bytes)
[DEBUG] Unhandled play packet 0x51 (3 bytes)
[DEBUG] Unhandled play packet 0x51 (3 bytes)
[DEBUG] Unhandled play packet 0x51 (3 bytes)
[DEBUG] Unhandled play packet 0x51 (3 bytes)
[DEBUG] Unhandled play packet 0x63 (8 bytes)
[DEBUG] Unhandled play packet 0x51 (3 bytes)
[DEBUG] Unhandled play packet 0x51 (3 bytes)
[DEBUG] Unhandled play packet 0x51 (3 bytes)
[DEBUG] Unhandled play packet 0x51 (3 bytes)
[DEBUG] Unhandled play packet 0x51 (3 bytes)
[DEBUG] Unhandled play packet 0x51 (3 bytes)
[DEBUG] Unhandled play packet 0x51 (3 bytes)
[DEBUG] Unhandled play packet 0x51 (3 bytes)
[DEBUG] Unhandled play packet 0x51 (3 bytes)
[DEBUG] Unhandled play packet 0x51 (3 bytes)
[DEBUG] Unhandled play packet 0x51 (3 bytes)
[DEBUG] Unhandled play packet 0x63 (8 bytes)
[DEBUG] Unhandled play packet 0x51 (3 bytes)
[DEBUG] Unhandled play packet 0x51 (3 bytes)
[DEBUG] Unhandled play packet 0x51 (3 bytes)
[Chat] Raw message: 
≡ƒÆ¼ 
[Bot] Chat received: { message: '', system: false }
[DEBUG] Unhandled play packet 0x51 (3 bytes)
[DEBUG] Unhandled play packet 0x51 (3 bytes)
[DEBUG] Unhandled play packet 0x51 (3 bytes)
[DEBUG] Unhandled play packet 0x00 (0 bytes)
[DEBUG] Unhandled play packet 0x61 (9 bytes)
[DEBUG] Unhandled play packet 0x00 (0 bytes)
[DEBUG] Unhandled play packet 0x00 (0 bytes)
[DEBUG] Unhandled play packet 0x61 (9 bytes)
[DEBUG] Unhandled play packet 0x64 (8 bytes)
[DEBUG] Unhandled play packet 0x00 (0 bytes)
[DEBUG] Unhandled play packet 0x00 (0 bytes)
[DEBUG] Unhandled play packet 0x61 (9 bytes)
[DEBUG] Unhandled play packet 0x64 (8 bytes)
[DEBUG] Unhandled play packet 0x00 (0 bytes)
[DEBUG] Unhandled play packet 0x00 (0 bytes)
[DEBUG] Unhandled play packet 0x61 (9 bytes)
[DEBUG] Unhandled play packet 0x64 (8 bytes)
[DEBUG] Unhandled play packet 0x00 (0 bytes)
[DEBUG] Unhandled play packet 0x63 (8 bytes)
[DEBUG] Unhandled play packet 0x51 (3 bytes)
[DEBUG] Unhandled play packet 0x61 (9 bytes)
[DEBUG] Unhandled play packet 0x61 (9 bytes)
[DEBUG] Unhandled play packet 0x61 (9 bytes)
[DEBUG] Unhandled play packet 0x51 (3 bytes)
[DEBUG] Unhandled play packet 0x51 (3 bytes)
[DEBUG] Unhandled play packet 0x61 (9 bytes)
[DEBUG] Unhandled play packet 0x51 (3 bytes)
[DEBUG] Unhandled play packet 0x51 (3 bytes)
[DEBUG] Unhandled play packet 0x51 (3 bytes)
[DEBUG] Unhandled play packet 0x51 (3 bytes)
[DEBUG] Unhandled play packet 0x51 (3 bytes)
[DEBUG] Unhandled play packet 0x64 (8 bytes)
[DEBUG] Unhandled play packet 0x64 (8 bytes)
[DEBUG] Unhandled play packet 0x64 (8 bytes)
[DEBUG] Unhandled play packet 0x51 (3 bytes)
[DEBUG] Unhandled play packet 0x51 (3 bytes)
[DEBUG] Unhandled play packet 0x51 (3 bytes)
[DEBUG] Unhandled play packet 0x51 (3 bytes)
[DEBUG] Unhandled play packet 0x51 (3 bytes)
[DEBUG] Unhandled play packet 0x51 (3 bytes)
[DEBUG] Unhandled play packet 0x51 (3 bytes)
[DEBUG] Unhandled play packet 0x51 (3 bytes)
[DEBUG] Unhandled play packet 0x51 (3 bytes)
[DEBUG] Unhandled play packet 0x51 (3 bytes)
[DEBUG] Unhandled play packet 0x51 (3 bytes)
[DEBUG] Unhandled play packet 0x51 (3 bytes)
[DEBUG] Unhandled play packet 0x63 (8 bytes)
[DEBUG] Unhandled play packet 0x51 (3 bytes)
[DEBUG] Unhandled play packet 0x63 (8 bytes)
[DEBUG] Unhandled play packet 0x81 (13 bytes)
[DEBUG] Unhandled play packet 0x51 (3 bytes)
[DEBUG] Unhandled play packet 0x63 (8 bytes)
[DEBUG] Unhandled play packet 0x81 (13 bytes)
[DEBUG] Unhandled play packet 0x51 (3 bytes)
[DEBUG] Unhandled play packet 0x63 (8 bytes)
[DEBUG] Unhandled play packet 0x81 (13 bytes)
[DEBUG] Unhandled play packet 0x51 (3 bytes)
[DEBUG] Unhandled play packet 0x51 (3 bytes)
[DEBUG] Unhandled play packet 0x51 (3 bytes)
[DEBUG] Unhandled play packet 0x63 (8 bytes)
[DEBUG] Unhandled play packet 0x81 (13 bytes)
[DEBUG] Unhandled play packet 0x51 (3 bytes)
[DEBUG] Unhandled play packet 0x51 (3 bytes)
[DEBUG] Unhandled play packet 0x51 (3 bytes)
[DEBUG] Unhandled play packet 0x51 (3 bytes)
[DEBUG] Unhandled play packet 0x51 (3 bytes)
[DEBUG] Unhandled play packet 0x51 (3 bytes)
[DEBUG] Unhandled play packet 0x51 (3 bytes)
[DEBUG] Unhandled play packet 0x51 (3 bytes)
[DEBUG] Unhandled play packet 0x51 (3 bytes)
[DEBUG] Unhandled play packet 0x51 (3 bytes)
[DEBUG] Unhandled play packet 0x51 (3 bytes)
[DEBUG] Unhandled play packet 0x51 (3 bytes)
[DEBUG] Unhandled play packet 0x51 (3 bytes)
[DEBUG] Unhandled play packet 0x51 (3 bytes)
[DEBUG] Unhandled play packet 0x63 (8 bytes)
[DEBUG] Unhandled play packet 0x51 (3 bytes)
[DEBUG] Unhandled play packet 0x51 (3 bytes)
[DEBUG] Unhandled play packet 0x51 (3 bytes)
[DEBUG] Unhandled play packet 0x51 (3 bytes)
[DEBUG] Unhandled play packet 0x51 (3 bytes)
[DEBUG] Unhandled play packet 0x51 (3 bytes)
[DEBUG] Unhandled play packet 0x51 (3 bytes)
[DEBUG] Unhandled play packet 0x51 (3 bytes)
[DEBUG] Unhandled play packet 0x51 (3 bytes)
[DEBUG] Unhandled play packet 0x51 (3 bytes)
[DEBUG] Unhandled play packet 0x51 (3 bytes)
[DEBUG] Unhandled play packet 0x51 (3 bytes)
[DEBUG] Unhandled play packet 0x51 (3 bytes)
[DEBUG] Unhandled play packet 0x51 (3 bytes)
[DEBUG] Unhandled play packet 0x63 (8 bytes)
[DEBUG] Unhandled play packet 0x51 (3 bytes)
[DEBUG] Unhandled play packet 0x51 (3 bytes)
[DEBUG] Unhandled play packet 0x51 (3 bytes)
[DEBUG] Unhandled play packet 0x51 (3 bytes)
[DEBUG] Unhandled play packet 0x51 (3 bytes)
[DEBUG] Unhandled play packet 0x51 (3 bytes)
[DEBUG] Unhandled play packet 0x51 (3 bytes)
[DEBUG] Unhandled play packet 0x51 (3 bytes)
[DEBUG] Unhandled play packet 0x51 (3 bytes)
[DEBUG] Unhandled play packet 0x51 (3 bytes)
[DEBUG] Unhandled play packet 0x51 (3 bytes)
[DEBUG] Unhandled play packet 0x51 (3 bytes)
[DEBUG] Unhandled play packet 0x51 (3 bytes)
[DEBUG] Unhandled play packet 0x51 (3 bytes)
[DEBUG] Unhandled play packet 0x51 (3 bytes)
[DEBUG] Unhandled play packet 0x51 (3 bytes)
[DEBUG] Unhandled play packet 0x51 (3 bytes)
[DEBUG] Unhandled play packet 0x51 (3 bytes)
[DEBUG] Unhandled play packet 0x51 (3 bytes)
[DEBUG] Unhandled play packet 0x51 (3 bytes)
[DEBUG] Unhandled play packet 0x51 (3 bytes)
[DEBUG] Unhandled play packet 0x51 (3 bytes)
[DEBUG] Unhandled play packet 0x51 (3 bytes)
[DEBUG] Unhandled play packet 0x51 (3 bytes)
[DEBUG] Unhandled play packet 0x51 (3 bytes)
[DEBUG] Unhandled play packet 0x51 (3 bytes)
[DEBUG] Unhandled play packet 0x51 (3 bytes)
[DEBUG] Unhandled play packet 0x51 (3 bytes)
[DEBUG] Unhandled play packet 0x51 (3 bytes)
[DEBUG] Unhandled play packet 0x63 (8 bytes)
[DEBUG] Unhandled play packet 0x51 (3 bytes)
[DEBUG] Unhandled play packet 0x51 (3 bytes)
[DEBUG] Unhandled play packet 0x51 (3 bytes)
[DEBUG] Unhandled play packet 0x51 (3 bytes)
[DEBUG] Unhandled play packet 0x63 (7 bytes)
[DEBUG] Unhandled play packet 0x51 (2 bytes)
[DEBUG] Unhandled play packet 0x51 (3 bytes)
[DEBUG] Unhandled play packet 0x51 (3 bytes)
[DEBUG] Unhandled play packet 0x51 (3 bytes)
[DEBUG] Unhandled play packet 0x51 (3 bytes)
[DEBUG] Unhandled play packet 0x63 (8 bytes)
[DEBUG] Unhandled play packet 0x51 (3 bytes)
[DEBUG] Unhandled play packet 0x51 (3 bytes)
[DEBUG] Unhandled play packet 0x51 (3 bytes)
[DEBUG] Unhandled play packet 0x51 (3 bytes)
[DEBUG] Unhandled play packet 0x51 (3 bytes)
[DEBUG] Unhandled play packet 0x51 (3 bytes)
[DEBUG] Unhandled play packet 0x51 (3 bytes)
[DEBUG] Unhandled play packet 0x51 (3 bytes)
[DEBUG] Unhandled play packet 0x63 (8 bytes)
[DEBUG] Unhandled play packet 0x51 (3 bytes)
[DEBUG] Unhandled play packet 0x51 (3 bytes)
[DEBUG] Unhandled play packet 0x63 (7 bytes)
[DEBUG] Unhandled play packet 0x51 (2 bytes)
[DEBUG] Unhandled play packet 0x51 (3 bytes)
[DEBUG] Unhandled play packet 0x51 (3 bytes)
[DEBUG] Unhandled play packet 0x51 (3 bytes)
[DEBUG] Unhandled play packet 0x51 (3 bytes)
[Chat] Raw message: 
≡ƒÆ¼ 
[Bot] Chat received: { message: '', system: false }
[DEBUG] Unhandled play packet 0x51 (3 bytes)
[DEBUG] Unhandled play packet 0x51 (3 bytes)
[DEBUG] Unhandled play packet 0x51 (3 bytes)
[DEBUG] Unhandled play packet 0x51 (3 bytes)
[DEBUG] Unhandled play packet 0x51 (3 bytes)
[DEBUG] Unhandled play packet 0x51 (3 bytes)
[DEBUG] Unhandled play packet 0x51 (3 bytes)
[DEBUG] Unhandled play packet 0x51 (3 bytes)
[DEBUG] Unhandled play packet 0x63 (7 bytes)
[DEBUG] Unhandled play packet 0x51 (2 bytes)
[DEBUG] Unhandled play packet 0x51 (3 bytes)
[DEBUG] Unhandled play packet 0x51 (3 bytes)
[DEBUG] Unhandled play packet 0x51 (3 bytes)
[DEBUG] Unhandled play packet 0x63 (8 bytes)
[DEBUG] Unhandled play packet 0x51 (3 bytes)
[DEBUG] Unhandled play packet 0x51 (3 bytes)
[DEBUG] Unhandled play packet 0x51 (3 bytes)
[DEBUG] Unhandled play packet 0x51 (3 bytes)
[DEBUG] Unhandled play packet 0x63 (8 bytes)
[DEBUG] Unhandled play packet 0x51 (3 bytes)
[DEBUG] Unhandled play packet 0x51 (3 bytes)
[DEBUG] Unhandled play packet 0x51 (3 bytes)
[DEBUG] Unhandled play packet 0x63 (7 bytes)
[DEBUG] Unhandled play packet 0x51 (2 bytes)
[DEBUG] Unhandled play packet 0x51 (3 bytes)
[DEBUG] Unhandled play packet 0x51 (3 bytes)
[DEBUG] Unhandled play packet 0x51 (3 bytes)
[DEBUG] Unhandled play packet 0x63 (8 bytes)
[DEBUG] Unhandled play packet 0x51 (3 bytes)
[DEBUG] Unhandled play packet 0x51 (3 bytes)
[DEBUG] Unhandled play packet 0x51 (3 bytes)
[DEBUG] Unhandled play packet 0x63 (8 bytes)
[DEBUG] Unhandled play packet 0x51 (3 bytes)
[DEBUG] Unhandled play packet 0x51 (3 bytes)
[DEBUG] Unhandled play packet 0x51 (3 bytes)
[DEBUG] Unhandled play packet 0x51 (3 bytes)
[DEBUG] Unhandled play packet 0x51 (3 bytes)
[DEBUG] Unhandled play packet 0x63 (7 bytes)
[DEBUG] Unhandled play packet 0x51 (3 bytes)
[DEBUG] Unhandled play packet 0x51 (3 bytes)
[DEBUG] Unhandled play packet 0x51 (3 bytes)
[DEBUG] Unhandled play packet 0x63 (8 bytes)
[DEBUG] Unhandled play packet 0x51 (3 bytes)
[DEBUG] Unhandled play packet 0x51 (3 bytes)
[DEBUG] Unhandled play packet 0x63 (8 bytes)
[DEBUG] Unhandled play packet 0x51 (3 bytes)
[DEBUG] Unhandled play packet 0x51 (3 bytes)
[DEBUG] Unhandled play packet 0x51 (3 bytes)
[DEBUG] Unhandled play packet 0x51 (3 bytes)
[DEBUG] Unhandled play packet 0x51 (3 bytes)
[DEBUG] Unhandled play packet 0x51 (3 bytes)
[DEBUG] Unhandled play packet 0x51 (2 bytes)
[DEBUG] Unhandled play packet 0x51 (3 bytes)
[DEBUG] Unhandled play packet 0x51 (3 bytes)
[DEBUG] Unhandled play packet 0x51 (3 bytes)
[Chat] Raw message: 
≡ƒÆ¼ 
[Bot] Chat received: { message: '', system: false }
[DEBUG] Unhandled play packet 0x63 (8 bytes)
[DEBUG] Unhandled play packet 0x51 (3 bytes)
[DEBUG] Unhandled play packet 0x63 (8 bytes)
[DEBUG] Unhandled play packet 0x51 (3 bytes)
[DEBUG] Unhandled play packet 0x51 (3 bytes)
[DEBUG] Unhandled play packet 0x51 (3 bytes)
[DEBUG] Unhandled play packet 0x51 (3 bytes)
[DEBUG] Unhandled play packet 0x51 (3 bytes)
[DEBUG] Unhandled play packet 0x51 (3 bytes)
[DEBUG] Unhandled play packet 0x51 (2 bytes)
[DEBUG] Unhandled play packet 0x51 (3 bytes)
[DEBUG] Unhandled play packet 0x51 (3 bytes)
[DEBUG] Unhandled play packet 0x51 (3 bytes)
[DEBUG] Unhandled play packet 0x51 (3 bytes)
[DEBUG] Unhandled play packet 0x63 (8 bytes)
[DEBUG] Unhandled play packet 0x51 (3 bytes)
[DEBUG] Unhandled play packet 0x63 (8 bytes)
[DEBUG] Unhandled play packet 0x51 (3 bytes)
[DEBUG] Unhandled play packet 0x51 (3 bytes)
[DEBUG] Unhandled play packet 0x51 (3 bytes)
[DEBUG] Unhandled play packet 0x63 (8 bytes)
[DEBUG] Unhandled play packet 0x51 (3 bytes)
[DEBUG] Unhandled play packet 0x51 (3 bytes)
[Chat] Raw message: 
≡ƒÆ¼ 
[Bot] Chat received: { message: '', system: false }
[DEBUG] Unhandled play packet 0x51 (3 bytes)
[DEBUG] Unhandled play packet 0x63 (8 bytes)
[DEBUG] Unhandled play packet 0x51 (3 bytes)
[DEBUG] Unhandled play packet 0x51 (3 bytes)
[DEBUG] Unhandled play packet 0x51 (2 bytes)
[DEBUG] Unhandled play packet 0x51 (3 bytes)
[DEBUG] Unhandled play packet 0x51 (3 bytes)
[DEBUG] Unhandled play packet 0x51 (3 bytes)
[DEBUG] Unhandled play packet 0x00 (0 bytes)
[DEBUG] Unhandled play packet 0x61 (9 bytes)
[DEBUG] Unhandled play packet 0x00 (0 bytes)
[DEBUG] Unhandled play packet 0x00 (0 bytes)
[DEBUG] Unhandled play packet 0x61 (9 bytes)
[DEBUG] Unhandled play packet 0x00 (0 bytes)
[DEBUG] Unhandled play packet 0x00 (0 bytes)
[DEBUG] Unhandled play packet 0x61 (9 bytes)
[DEBUG] Unhandled play packet 0x00 (0 bytes)
[DEBUG] Unhandled play packet 0x00 (0 bytes)
[DEBUG] Unhandled play packet 0x61 (9 bytes)
[DEBUG] Unhandled play packet 0x00 (0 bytes)
[DEBUG] Unhandled play packet 0x51 (3 bytes)
[DEBUG] Unhandled play packet 0x61 (9 bytes)
[DEBUG] Unhandled play packet 0x63 (8 bytes)
[DEBUG] Unhandled play packet 0x51 (3 bytes)
[DEBUG] Unhandled play packet 0x61 (9 bytes)
[DEBUG] Unhandled play packet 0x63 (8 bytes)
[DEBUG] Unhandled play packet 0x51 (3 bytes)
[DEBUG] Unhandled play packet 0x51 (3 bytes)
[DEBUG] Unhandled play packet 0x61 (9 bytes)
[DEBUG] Unhandled play packet 0x63 (8 bytes)
[DEBUG] Unhandled play packet 0x51 (3 bytes)
[DEBUG] Unhandled play packet 0x61 (9 bytes)
[DEBUG] Unhandled play packet 0x51 (3 bytes)
[DEBUG] Unhandled play packet 0x51 (3 bytes)
[DEBUG] Unhandled play packet 0x63 (8 bytes)
[DEBUG] Unhandled play packet 0x51 (3 bytes)
[DEBUG] Unhandled play packet 0x51 (3 bytes)
[DEBUG] Unhandled play packet 0x51 (3 bytes)
[DEBUG] Unhandled play packet 0x51 (3 bytes)
[DEBUG] Unhandled play packet 0x51 (3 bytes)
[DEBUG] Unhandled play packet 0x51 (3 bytes)
[DEBUG] Unhandled play packet 0x51 (3 bytes)
[DEBUG] Unhandled play packet 0x36 (5 bytes)
[DEBUG] Unhandled play packet 0x81 (13 bytes)
[DEBUG] Unhandled play packet 0x51 (3 bytes)
[DEBUG] Unhandled play packet 0x63 (8 bytes)
[DEBUG] Unhandled play packet 0x51 (3 bytes)
[DEBUG] Unhandled play packet 0x36 (5 bytes)
[DEBUG] Unhandled play packet 0x81 (13 bytes)
[DEBUG] Unhandled play packet 0x51 (3 bytes)
[DEBUG] Unhandled play packet 0x63 (8 bytes)
[DEBUG] Unhandled play packet 0x51 (3 bytes)
[DEBUG] Unhandled play packet 0x51 (3 bytes)
[DEBUG] Unhandled play packet 0x36 (5 bytes)
[DEBUG] Unhandled play packet 0x81 (13 bytes)
[DEBUG] Unhandled play packet 0x51 (3 bytes)
[DEBUG] Unhandled play packet 0x51 (3 bytes)
[DEBUG] Unhandled play packet 0x36 (5 bytes)
[DEBUG] Unhandled play packet 0x81 (13 bytes)
[DEBUG] Unhandled play packet 0x51 (3 bytes)
[DEBUG] Unhandled play packet 0x51 (3 bytes)
[DEBUG] Unhandled play packet 0x51 (3 bytes)
[DEBUG] Unhandled play packet 0x51 (3 bytes)
[DEBUG] Unhandled play packet 0x51 (3 bytes)
[DEBUG] Unhandled play packet 0x51 (3 bytes)
[DEBUG] Unhandled play packet 0x51 (3 bytes)
[DEBUG] Unhandled play packet 0x51 (3 bytes)
[DEBUG] Unhandled play packet 0x51 (3 bytes)
[DEBUG] Unhandled play packet 0x63 (8 bytes)
[DEBUG] Unhandled play packet 0x51 (3 bytes)
[DEBUG] Unhandled play packet 0x63 (8 bytes)
[DEBUG] Unhandled play packet 0x51 (3 bytes)
[DEBUG] Unhandled play packet 0x51 (3 bytes)
[DEBUG] Unhandled play packet 0x51 (3 bytes)
[DEBUG] Unhandled play packet 0x51 (3 bytes)
[DEBUG] Unhandled play packet 0x51 (3 bytes)
[DEBUG] Unhandled play packet 0x51 (3 bytes)
[DEBUG] Unhandled play packet 0x51 (3 bytes)
[DEBUG] Unhandled play packet 0x63 (7 bytes)
[DEBUG] Unhandled play packet 0x51 (2 bytes)
[DEBUG] Unhandled play packet 0x51 (3 bytes)
[DEBUG] Unhandled play packet 0x51 (3 bytes)
[DEBUG] Unhandled play packet 0x51 (3 bytes)
[DEBUG] Unhandled play packet 0x51 (3 bytes)
[DEBUG] Unhandled play packet 0x63 (8 bytes)
[DEBUG] Unhandled play packet 0x63 (8 bytes)
[DEBUG] Unhandled play packet 0x51 (3 bytes)
[DEBUG] Unhandled play packet 0x51 (3 bytes)
[DEBUG] Unhandled play packet 0x51 (3 bytes)
[DEBUG] Unhandled play packet 0x51 (3 bytes)
[DEBUG] Unhandled play packet 0x51 (3 bytes)
[DEBUG] Unhandled play packet 0x51 (3 bytes)
[DEBUG] Unhandled play packet 0x51 (3 bytes)
[DEBUG] Unhandled play packet 0x51 (3 bytes)
[DEBUG] Unhandled play packet 0x63 (7 bytes)
[DEBUG] Unhandled play packet 0x51 (3 bytes)
[DEBUG] Unhandled play packet 0x51 (3 bytes)
[DEBUG] Unhandled play packet 0x51 (3 bytes)
[DEBUG] Unhandled play packet 0x51 (3 bytes)
[DEBUG] Unhandled play packet 0x63 (8 bytes)
[DEBUG] Unhandled play packet 0x63 (8 bytes)
[DEBUG] Unhandled play packet 0x51 (3 bytes)
[DEBUG] Unhandled play packet 0x51 (3 bytes)
[DEBUG] Unhandled play packet 0x51 (3 bytes)
[DEBUG] Unhandled play packet 0x51 (3 bytes)
[DEBUG] Unhandled play packet 0x51 (3 bytes)
[DEBUG] Unhandled play packet 0x51 (3 bytes)
[DEBUG] Unhandled play packet 0x51 (3 bytes)
[DEBUG] Unhandled play packet 0x51 (3 bytes)
[DEBUG] Unhandled play packet 0x51 (3 bytes)
[DEBUG] Unhandled play packet 0x63 (7 bytes)
[DEBUG] Unhandled play packet 0x63 (8 bytes)
[DEBUG] Unhandled play packet 0x51 (3 bytes)
[DEBUG] Unhandled play packet 0x51 (3 bytes)
[DEBUG] Unhandled play packet 0x51 (3 bytes)
[DEBUG] Unhandled play packet 0x51 (3 bytes)
[DEBUG] Unhandled play packet 0x51 (3 bytes)
[DEBUG] Unhandled play packet 0x51 (3 bytes)
[DEBUG] Unhandled play packet 0x63 (8 bytes)
[DEBUG] Unhandled play packet 0x51 (3 bytes)
[DEBUG] Unhandled play packet 0x63 (8 bytes)
[DEBUG] Unhandled play packet 0x51 (3 bytes)
[DEBUG] Unhandled play packet 0x63 (8 bytes)
[DEBUG] Unhandled play packet 0x51 (3 bytes)
[DEBUG] Unhandled play packet 0x63 (8 bytes)
[DEBUG] Unhandled play packet 0x51 (3 bytes)
[DEBUG] Unhandled play packet 0x51 (3 bytes)
[DEBUG] Unhandled play packet 0x51 (3 bytes)
[DEBUG] Unhandled play packet 0x51 (3 bytes)
[DEBUG] Unhandled play packet 0x63 (8 bytes)
[DEBUG] Unhandled play packet 0x51 (3 bytes)
[DEBUG] Unhandled play packet 0x51 (3 bytes)
[DEBUG] Unhandled play packet 0x63 (8 bytes)
[DEBUG] Unhandled play packet 0x51 (3 bytes)
[DEBUG] Unhandled play packet 0x51 (3 bytes)
[DEBUG] Unhandled play packet 0x51 (3 bytes)
[DEBUG] Unhandled play packet 0x51 (3 bytes)
[Chat] Raw message: 
≡ƒÆ¼ 
[Bot] Chat received: { message: '', system: false }
[DEBUG] Unhandled play packet 0x63 (7 bytes)
[DEBUG] Unhandled play packet 0x51 (3 bytes)
[DEBUG] Unhandled play packet 0x51 (3 bytes)
[DEBUG] Unhandled play packet 0x51 (3 bytes)
[DEBUG] Unhandled play packet 0x51 (3 bytes)
[DEBUG] Unhandled play packet 0x63 (8 bytes)
[DEBUG] Unhandled play packet 0x51 (3 bytes)
[DEBUG] Unhandled play packet 0x63 (8 bytes)
[DEBUG] Unhandled play packet 0x51 (3 bytes)
[DEBUG] Unhandled play packet 0x63 (8 bytes)
[DEBUG] Unhandled play packet 0x51 (3 bytes)
[DEBUG] Unhandled play packet 0x63 (8 bytes)
[DEBUG] Unhandled play packet 0x51 (3 bytes)
[DEBUG] Unhandled play packet 0x63 (8 bytes)
[DEBUG] Unhandled play packet 0x51 (3 bytes)
[DEBUG] Unhandled play packet 0x51 (3 bytes)
[DEBUG] Unhandled play packet 0x51 (3 bytes)
[DEBUG] Unhandled play packet 0x51 (3 bytes)
[DEBUG] Unhandled play packet 0x63 (8 bytes)
[DEBUG] Unhandled play packet 0x51 (3 bytes)
[DEBUG] Unhandled play packet 0x51 (3 bytes)
[DEBUG] Unhandled play packet 0x63 (8 bytes)
[DEBUG] Unhandled play packet 0x51 (3 bytes)
[DEBUG] Unhandled play packet 0x51 (3 bytes)
[DEBUG] Unhandled play packet 0x51 (3 bytes)
[DEBUG] Unhandled play packet 0x63 (8 bytes)
[DEBUG] Unhandled play packet 0x51 (3 bytes)
[DEBUG] Unhandled play packet 0x51 (3 bytes)
[DEBUG] Unhandled play packet 0x51 (3 bytes)
[DEBUG] Unhandled play packet 0x63 (7 bytes)
[DEBUG] Unhandled play packet 0x51 (3 bytes)
[DEBUG] Unhandled play packet 0x51 (3 bytes)
[DEBUG] Unhandled play packet 0x51 (3 bytes)
[DEBUG] Unhandled play packet 0x51 (3 bytes)
[DEBUG] Unhandled play packet 0x63 (8 bytes)
[DEBUG] Unhandled play packet 0x51 (3 bytes)
[DEBUG] Unhandled play packet 0x63 (8 bytes)
[DEBUG] Unhandled play packet 0x51 (3 bytes)
[DEBUG] Unhandled play packet 0x63 (8 bytes)
[DEBUG] Unhandled play packet 0x51 (3 bytes)
[DEBUG] Unhandled play packet 0x63 (8 bytes)
[DEBUG] Unhandled play packet 0x51 (3 bytes)
[DEBUG] Unhandled play packet 0x63 (8 bytes)
[DEBUG] Unhandled play packet 0x51 (3 bytes)
[DEBUG] Unhandled play packet 0x51 (3 bytes)
[DEBUG] Unhandled play packet 0x51 (3 bytes)
[DEBUG] Unhandled play packet 0x63 (8 bytes)
[DEBUG] Unhandled play packet 0x51 (3 bytes)
[DEBUG] Unhandled play packet 0x51 (3 bytes)
[DEBUG] Unhandled play packet 0x63 (8 bytes)
[DEBUG] Unhandled play packet 0x51 (3 bytes)
[DEBUG] Unhandled play packet 0x51 (3 bytes)
[DEBUG] Unhandled play packet 0x51 (3 bytes)
[DEBUG] Unhandled play packet 0x63 (8 bytes)
[DEBUG] Unhandled play packet 0x51 (3 bytes)
[DEBUG] Unhandled play packet 0x63 (8 bytes)
[DEBUG] Unhandled play packet 0x51 (3 bytes)
[DEBUG] Unhandled play packet 0x51 (3 bytes)
[DEBUG] Unhandled play packet 0x51 (3 bytes)
[DEBUG] Unhandled play packet 0x51 (3 bytes)
[DEBUG] Unhandled play packet 0x63 (7 bytes)
[DEBUG] Unhandled play packet 0x63 (8 bytes)
[DEBUG] Unhandled play packet 0x63 (8 bytes)
[DEBUG] Unhandled play packet 0x51 (3 bytes)
[DEBUG] Unhandled play packet 0x51 (3 bytes)
[DEBUG] Unhandled play packet 0x51 (3 bytes)
[DEBUG] Unhandled play packet 0x51 (3 bytes)
[DEBUG] Unhandled play packet 0x51 (3 bytes)
[DEBUG] Unhandled play packet 0x63 (8 bytes)
[DEBUG] Unhandled play packet 0x51 (3 bytes)
[DEBUG] Unhandled play packet 0x63 (8 bytes)
[DEBUG] Unhandled play packet 0x51 (3 bytes)
[DEBUG] Unhandled play packet 0x63 (8 bytes)
[DEBUG] Unhandled play packet 0x51 (3 bytes)
[DEBUG] Unhandled play packet 0x63 (8 bytes)
[DEBUG] Unhandled play packet 0x51 (3 bytes)
[DEBUG] Unhandled play packet 0x51 (3 bytes)
[DEBUG] Unhandled play packet 0x63 (8 bytes)
[DEBUG] Unhandled play packet 0x51 (3 bytes)
[DEBUG] Unhandled play packet 0x51 (3 bytes)
[DEBUG] Unhandled play packet 0x51 (3 bytes)
[DEBUG] Unhandled play packet 0x63 (8 bytes)
[DEBUG] Unhandled play packet 0x51 (3 bytes)
[DEBUG] Unhandled play packet 0x51 (3 bytes)
[DEBUG] Unhandled play packet 0x63 (8 bytes)
[DEBUG] Unhandled play packet 0x51 (3 bytes)
[DEBUG] Unhandled play packet 0x51 (3 bytes)
[DEBUG] Unhandled play packet 0x63 (8 bytes)
[DEBUG] Unhandled play packet 0x51 (3 bytes)
[DEBUG] Unhandled play packet 0x51 (3 bytes)
[DEBUG] Unhandled play packet 0x51 (3 bytes)
[DEBUG] Unhandled play packet 0x63 (7 bytes)
[DEBUG] Unhandled play packet 0x51 (3 bytes)
[DEBUG] Unhandled play packet 0x51 (3 bytes)
[DEBUG] Unhandled play packet 0x51 (3 bytes)
[DEBUG] Unhandled play packet 0x51 (3 bytes)
[DEBUG] Unhandled play packet 0x63 (8 bytes)
[DEBUG] Unhandled play packet 0x51 (3 bytes)
[DEBUG] Unhandled play packet 0x63 (8 bytes)
[DEBUG] Unhandled play packet 0x51 (3 bytes)
[DEBUG] Unhandled play packet 0x63 (8 bytes)
[DEBUG] Unhandled play packet 0x51 (3 bytes)
[DEBUG] Unhandled play packet 0x63 (8 bytes)
[DEBUG] Unhandled play packet 0x51 (3 bytes)
[DEBUG] Unhandled play packet 0x51 (3 bytes)
[DEBUG] Unhandled play packet 0x63 (8 bytes)
[DEBUG] Unhandled play packet 0x51 (3 bytes)
[DEBUG] Unhandled play packet 0x51 (3 bytes)
[DEBUG] Unhandled play packet 0x51 (3 bytes)
[DEBUG] Unhandled play packet 0x63 (8 bytes)
[DEBUG] Unhandled play packet 0x51 (3 bytes)
[DEBUG] Unhandled play packet 0x51 (3 bytes)
[DEBUG] Unhandled play packet 0x63 (8 bytes)
[DEBUG] Unhandled play packet 0x51 (3 bytes)
[DEBUG] Unhandled play packet 0x51 (3 bytes)
[DEBUG] Unhandled play packet 0x63 (8 bytes)
[DEBUG] Unhandled play packet 0x51 (3 bytes)
[DEBUG] Unhandled play packet 0x63 (8 bytes)
[DEBUG] Unhandled play packet 0x51 (3 bytes)
[DEBUG] Unhandled play packet 0x51 (3 bytes)
[DEBUG] Unhandled play packet 0x51 (3 bytes)
[DEBUG] Unhandled play packet 0x51 (3 bytes)
[DEBUG] Unhandled play packet 0x51 (3 bytes)
[DEBUG] Unhandled play packet 0x51 (3 bytes)
[DEBUG] Unhandled play packet 0x51 (3 bytes)
[DEBUG] Unhandled play packet 0x51 (3 bytes)
[DEBUG] Unhandled play packet 0x63 (8 bytes)
[DEBUG] Unhandled play packet 0x51 (3 bytes)
[DEBUG] Unhandled play packet 0x63 (8 bytes)
[DEBUG] Unhandled play packet 0x51 (3 bytes)
[DEBUG] Unhandled play packet 0x63 (8 bytes)
[DEBUG] Unhandled play packet 0x51 (3 bytes)
[DEBUG] Unhandled play packet 0x63 (8 bytes)
[DEBUG] Unhandled play packet 0x51 (3 bytes)
[DEBUG] Unhandled play packet 0x63 (8 bytes)
[DEBUG] Unhandled play packet 0x51 (3 bytes)
[DEBUG] Unhandled play packet 0x51 (3 bytes)
[DEBUG] Unhandled play packet 0x51 (3 bytes)
[DEBUG] Unhandled play packet 0x63 (8 bytes)
[DEBUG] Unhandled play packet 0x51 (3 bytes)
[DEBUG] Unhandled play packet 0x51 (3 bytes)
[DEBUG] Unhandled play packet 0x63 (8 bytes)
[DEBUG] Unhandled play packet 0x51 (3 bytes)
[DEBUG] Unhandled play packet 0x51 (3 bytes)
[DEBUG] Unhandled play packet 0x63 (8 bytes)
[DEBUG] Unhandled play packet 0x63 (8 bytes)
[DEBUG] Unhandled play packet 0x51 (3 bytes)
[DEBUG] Unhandled play packet 0x51 (3 bytes)
[DEBUG] Unhandled play packet 0x51 (3 bytes)
[DEBUG] Unhandled play packet 0x51 (3 bytes)
[DEBUG] Unhandled play packet 0x63 (8 bytes)
[DEBUG] Unhandled play packet 0x63 (7 bytes)
[DEBUG] Unhandled play packet 0x51 (2 bytes)
[DEBUG] Unhandled play packet 0x51 (3 bytes)
[DEBUG] Unhandled play packet 0x51 (3 bytes)
[DEBUG] Unhandled play packet 0x51 (3 bytes)
[DEBUG] Unhandled play packet 0x51 (3 bytes)
[DEBUG] Unhandled play packet 0x51 (3 bytes)
[DEBUG] Unhandled play packet 0x63 (8 bytes)
[DEBUG] Unhandled play packet 0x51 (3 bytes)
[DEBUG] Unhandled play packet 0x63 (8 bytes)
[DEBUG] Unhandled play packet 0x63 (8 bytes)
[DEBUG] Unhandled play packet 0x51 (3 bytes)
[DEBUG] Unhandled play packet 0x63 (8 bytes)
[DEBUG] Unhandled play packet 0x63 (8 bytes)
[DEBUG] Unhandled play packet 0x51 (3 bytes)
[DEBUG] Unhandled play packet 0x51 (3 bytes)
[DEBUG] Unhandled play packet 0x51 (3 bytes)
[DEBUG] Unhandled play packet 0x63 (8 bytes)
[DEBUG] Unhandled play packet 0x51 (3 bytes)
[DEBUG] Unhandled play packet 0x51 (3 bytes)
[DEBUG] Unhandled play packet 0x63 (8 bytes)
[DEBUG] Unhandled play packet 0x51 (3 bytes)
[DEBUG] Unhandled play packet 0x51 (3 bytes)
[DEBUG] Unhandled play packet 0x51 (3 bytes)
[DEBUG] Unhandled play packet 0x51 (3 bytes)
[DEBUG] Unhandled play packet 0x51 (3 bytes)
[DEBUG] Unhandled play packet 0x51 (3 bytes)
[Chat] Raw message: 
≡ƒÆ¼ 
[Bot] Chat received: { message: '', system: false }
[Chat] Raw message: 
≡ƒÆ¼ 
[Bot] Chat received: { message: '', system: false }
[Chat] Raw message: 
≡ƒÆ¼ 
[Bot] Chat received: { message: '', system: false }
[Chat] Raw message: 
≡ƒÆ¼ 
[Bot] Chat received: { message: '', system: false }
[DEBUG] Unhandled play packet 0x63 (7 bytes)
[DEBUG] Unhandled play packet 0x51 (2 bytes)
[DEBUG] Unhandled play packet 0x51 (3 bytes)
[DEBUG] Unhandled play packet 0x51 (3 bytes)
[DEBUG] Unhandled play packet 0x51 (3 bytes)
[DEBUG] Unhandled play packet 0x51 (3 bytes)
[Chat] Raw message: 
≡ƒÆ¼ 
[Bot] Chat received: { message: '', system: false }
[DEBUG] Unhandled play packet 0x63 (8 bytes)
[DEBUG] Unhandled play packet 0x51 (3 bytes)
[DEBUG] Unhandled play packet 0x63 (8 bytes)
[DEBUG] Unhandled play packet 0x63 (8 bytes)
[DEBUG] Unhandled play packet 0x51 (3 bytes)
[DEBUG] Unhandled play packet 0x63 (8 bytes)
[DEBUG] Unhandled play packet 0x63 (8 bytes)
[DEBUG] Unhandled play packet 0x51 (3 bytes)
[DEBUG] Unhandled play packet 0x51 (3 bytes)
[DEBUG] Unhandled play packet 0x51 (3 bytes)
[DEBUG] Unhandled play packet 0x63 (8 bytes)
[DEBUG] Unhandled play packet 0x51 (3 bytes)
[DEBUG] Unhandled play packet 0x51 (3 bytes)
[DEBUG] Unhandled play packet 0x63 (8 bytes)
[DEBUG] Unhandled play packet 0x51 (3 bytes)
[DEBUG] Unhandled play packet 0x51 (3 bytes)
[DEBUG] Unhandled play packet 0x51 (3 bytes)
[DEBUG] Unhandled play packet 0x51 (3 bytes)
[DEBUG] Unhandled play packet 0x51 (3 bytes)
[DEBUG] Unhandled play packet 0x51 (3 bytes)
[DEBUG] Unhandled play packet 0x51 (3 bytes)
[DEBUG] Unhandled play packet 0x51 (3 bytes)
[DEBUG] Unhandled play packet 0x51 (3 bytes)
[DEBUG] Unhandled play packet 0x00 (0 bytes)
[DEBUG] Unhandled play packet 0x61 (9 bytes)
[DEBUG] Unhandled play packet 0x81 (13 bytes)
[DEBUG] Unhandled play packet 0x00 (0 bytes)
[DEBUG] Unhandled play packet 0x63 (8 bytes)
[DEBUG] Unhandled play packet 0x51 (3 bytes)
[DEBUG] Unhandled play packet 0x63 (8 bytes)
[DEBUG] Unhandled play packet 0x51 (3 bytes)
[DEBUG] Unhandled play packet 0x63 (8 bytes)
[DEBUG] Unhandled play packet 0x51 (3 bytes)
[DEBUG] Unhandled play packet 0x51 (3 bytes)
[DEBUG] Unhandled play packet 0x51 (3 bytes)
[DEBUG] Unhandled play packet 0x51 (3 bytes)
[DEBUG] Unhandled play packet 0x51 (3 bytes)
[DEBUG] Unhandled play packet 0x51 (3 bytes)
[DEBUG] Unhandled play packet 0x51 (3 bytes)
[DEBUG] Unhandled play packet 0x51 (3 bytes)
[DEBUG] Unhandled play packet 0x51 (3 bytes)
[DEBUG] Unhandled play packet 0x51 (3 bytes)
[DEBUG] Unhandled play packet 0x51 (3 bytes)
[DEBUG] Unhandled play packet 0x51 (2 bytes)
[DEBUG] Unhandled play packet 0x51 (3 bytes)
[DEBUG] Unhandled play packet 0x51 (3 bytes)
[DEBUG] Unhandled play packet 0x51 (3 bytes)
[DEBUG] Unhandled play packet 0x51 (3 bytes)
[DEBUG] Unhandled play packet 0x51 (3 bytes)
[DEBUG] Unhandled play packet 0x63 (8 bytes)
[DEBUG] Unhandled play packet 0x51 (3 bytes)
[DEBUG] Unhandled play packet 0x63 (8 bytes)
[DEBUG] Unhandled play packet 0x51 (3 bytes)
[DEBUG] Unhandled play packet 0x63 (8 bytes)
[DEBUG] Unhandled play packet 0x51 (3 bytes)
[DEBUG] Unhandled play packet 0x51 (3 bytes)
[DEBUG] Unhandled play packet 0x51 (3 bytes)
[DEBUG] Unhandled play packet 0x51 (3 bytes)
[DEBUG] Unhandled play packet 0x51 (3 bytes)
[DEBUG] Unhandled play packet 0x51 (3 bytes)
[DEBUG] Unhandled play packet 0x51 (3 bytes)
[DEBUG] Unhandled play packet 0x51 (3 bytes)
[DEBUG] Unhandled play packet 0x51 (3 bytes)
[DEBUG] Unhandled play packet 0x51 (2 bytes)
[DEBUG] Unhandled play packet 0x51 (3 bytes)
[DEBUG] Unhandled play packet 0x51 (3 bytes)
[DEBUG] Unhandled play packet 0x51 (3 bytes)
[Chat] Raw message: 
≡ƒÆ¼ 
[Bot] Chat received: { message: '', system: false }
[DEBUG] Unhandled play packet 0x51 (3 bytes)
[DEBUG] Unhandled play packet 0x63 (8 bytes)
[DEBUG] Unhandled play packet 0x51 (3 bytes)
[DEBUG] Unhandled play packet 0x63 (8 bytes)
[DEBUG] Unhandled play packet 0x51 (3 bytes)
[DEBUG] Unhandled play packet 0x63 (8 bytes)
[DEBUG] Unhandled play packet 0x51 (3 bytes)
[DEBUG] Unhandled play packet 0x51 (3 bytes)
[DEBUG] Unhandled play packet 0x51 (3 bytes)
[DEBUG] Unhandled play packet 0x51 (3 bytes)
[DEBUG] Unhandled play packet 0x51 (3 bytes)
[DEBUG] Unhandled play packet 0x51 (3 bytes)
[DEBUG] Unhandled play packet 0x51 (3 bytes)
[DEBUG] Unhandled play packet 0x51 (3 bytes)
[DEBUG] Unhandled play packet 0x63 (8 bytes)
[DEBUG] Unhandled play packet 0x51 (3 bytes)
[DEBUG] Unhandled play packet 0x51 (3 bytes)
[DEBUG] Unhandled play packet 0x51 (3 bytes)
[DEBUG] Unhandled play packet 0x51 (3 bytes)
[DEBUG] Unhandled play packet 0x63 (8 bytes)
[DEBUG] Unhandled play packet 0x51 (3 bytes)
[DEBUG] Unhandled play packet 0x63 (8 bytes)
[DEBUG] Unhandled play packet 0x63 (8 bytes)
[DEBUG] Unhandled play packet 0x51 (3 bytes)
[DEBUG] Unhandled play packet 0x63 (8 bytes)
[DEBUG] Unhandled play packet 0x63 (8 bytes)
[DEBUG] Unhandled play packet 0x51 (3 bytes)
[DEBUG] Unhandled play packet 0x51 (3 bytes)
[DEBUG] Unhandled play packet 0x51 (3 bytes)
[DEBUG] Unhandled play packet 0x51 (3 bytes)
[DEBUG] Unhandled play packet 0x51 (3 bytes)
[DEBUG] Unhandled play packet 0x63 (8 bytes)
[DEBUG] Unhandled play packet 0x51 (3 bytes)
[DEBUG] Unhandled play packet 0x63 (8 bytes)
[DEBUG] Unhandled play packet 0x51 (3 bytes)
[DEBUG] Unhandled play packet 0x51 (3 bytes)
[DEBUG] Unhandled play packet 0x51 (3 bytes)
[DEBUG] Unhandled play packet 0x51 (3 bytes)
[DEBUG] Unhandled play packet 0x51 (3 bytes)
[DEBUG] Unhandled play packet 0x51 (3 bytes)
[DEBUG] Unhandled play packet 0x51 (3 bytes)
[DEBUG] Unhandled play packet 0x51 (3 bytes)
[DEBUG] Unhandled play packet 0x51 (3 bytes)
[DEBUG] Unhandled play packet 0x63 (8 bytes)
[DEBUG] Unhandled play packet 0x51 (3 bytes)
[DEBUG] Unhandled play packet 0x63 (8 bytes)
[DEBUG] Unhandled play packet 0x63 (8 bytes)
[DEBUG] Unhandled play packet 0x51 (3 bytes)
[DEBUG] Unhandled play packet 0x51 (3 bytes)
[DEBUG] Unhandled play packet 0x51 (3 bytes)
[DEBUG] Unhandled play packet 0x51 (3 bytes)
[DEBUG] Unhandled play packet 0x51 (3 bytes)
[DEBUG] Unhandled play packet 0x51 (3 bytes)
[DEBUG] Unhandled play packet 0x51 (3 bytes)
[DEBUG] Unhandled play packet 0x51 (3 bytes)
[DEBUG] Unhandled play packet 0x51 (3 bytes)
[DEBUG] Unhandled play packet 0x51 (3 bytes)
[DEBUG] Unhandled play packet 0x51 (3 bytes)
[Chat] Raw message: 
≡ƒÆ¼ 
[Bot] Chat received: { message: '', system: false }
[DEBUG] Unhandled play packet 0x63 (8 bytes)
[DEBUG] Unhandled play packet 0x51 (3 bytes)
[DEBUG] Unhandled play packet 0x51 (3 bytes)
[DEBUG] Unhandled play packet 0x51 (3 bytes)
[DEBUG] Unhandled play packet 0x51 (3 bytes)
[DEBUG] Unhandled play packet 0x51 (3 bytes)
[DEBUG] Unhandled play packet 0x51 (3 bytes)
[DEBUG] Unhandled play packet 0x63 (8 bytes)
[DEBUG] Unhandled play packet 0x63 (8 bytes)
[DEBUG] Unhandled play packet 0x63 (8 bytes)
[DEBUG] Unhandled play packet 0x51 (3 bytes)
[DEBUG] Unhandled play packet 0x63 (8 bytes)
[DEBUG] Unhandled play packet 0x51 (3 bytes)
[DEBUG] Unhandled play packet 0x63 (8 bytes)
[DEBUG] Unhandled play packet 0x51 (3 bytes)
[DEBUG] Unhandled play packet 0x51 (3 bytes)
[DEBUG] Unhandled play packet 0x51 (3 bytes)
[DEBUG] Unhandled play packet 0x51 (3 bytes)
[DEBUG] Unhandled play packet 0x63 (8 bytes)
[DEBUG] Unhandled play packet 0x51 (3 bytes)
[DEBUG] Unhandled play packet 0x51 (3 bytes)
[DEBUG] Unhandled play packet 0x63 (8 bytes)
[DEBUG] Unhandled play packet 0x51 (3 bytes)
[DEBUG] Unhandled play packet 0x51 (3 bytes)
[DEBUG] Unhandled play packet 0x51 (3 bytes)
[DEBUG] Unhandled play packet 0x63 (8 bytes)
[DEBUG] Unhandled play packet 0x51 (3 bytes)
[DEBUG] Unhandled play packet 0x51 (3 bytes)
[DEBUG] Unhandled play packet 0x51 (3 bytes)
[DEBUG] Unhandled play packet 0x51 (3 bytes)
[DEBUG] Unhandled play packet 0x51 (3 bytes)
[DEBUG] Unhandled play packet 0x51 (3 bytes)
[DEBUG] Unhandled play packet 0x63 (8 bytes)
[DEBUG] Unhandled play packet 0x63 (8 bytes)
[DEBUG] Unhandled play packet 0x63 (8 bytes)
[DEBUG] Unhandled play packet 0x63 (8 bytes)
[DEBUG] Unhandled play packet 0x51 (3 bytes)
[DEBUG] Unhandled play packet 0x63 (8 bytes)
[DEBUG] Unhandled play packet 0x51 (3 bytes)
[DEBUG] Unhandled play packet 0x51 (3 bytes)
[DEBUG] Unhandled play packet 0x51 (3 bytes)
[DEBUG] Unhandled play packet 0x51 (3 bytes)
[DEBUG] Unhandled play packet 0x63 (8 bytes)
[DEBUG] Unhandled play packet 0x51 (3 bytes)
[DEBUG] Unhandled play packet 0x51 (3 bytes)
[DEBUG] Unhandled play packet 0x63 (8 bytes)
[DEBUG] Unhandled play packet 0x51 (3 bytes)
[DEBUG] Unhandled play packet 0x51 (3 bytes)
[DEBUG] Unhandled play packet 0x51 (3 bytes)
[DEBUG] Unhandled play packet 0x51 (3 bytes)
[DEBUG] Unhandled play packet 0x51 (3 bytes)
[DEBUG] Unhandled play packet 0x51 (3 bytes)
[DEBUG] Unhandled play packet 0x51 (3 bytes)
[DEBUG] Unhandled play packet 0x63 (8 bytes)
[DEBUG] Unhandled play packet 0x63 (8 bytes)
[DEBUG] Unhandled play packet 0x63 (8 bytes)
[DEBUG] Unhandled play packet 0x63 (8 bytes)
[DEBUG] Unhandled play packet 0x51 (3 bytes)
[DEBUG] Unhandled play packet 0x63 (8 bytes)
[DEBUG] Unhandled play packet 0x51 (3 bytes)
[DEBUG] Unhandled play packet 0x51 (3 bytes)
[DEBUG] Unhandled play packet 0x51 (3 bytes)
[DEBUG] Unhandled play packet 0x51 (3 bytes)
[DEBUG] Unhandled play packet 0x63 (8 bytes)
[DEBUG] Unhandled play packet 0x51 (3 bytes)
[DEBUG] Unhandled play packet 0x51 (3 bytes)
[DEBUG] Unhandled play packet 0x63 (8 bytes)
[DEBUG] Unhandled play packet 0x51 (3 bytes)
[DEBUG] Unhandled play packet 0x51 (3 bytes)
[DEBUG] Unhandled play packet 0x51 (3 bytes)
[DEBUG] Unhandled play packet 0x51 (3 bytes)
[DEBUG] Unhandled play packet 0x51 (3 bytes)
[DEBUG] Unhandled play packet 0x51 (3 bytes)
[DEBUG] Unhandled play packet 0x63 (7 bytes)
[DEBUG] Unhandled play packet 0x51 (2 bytes)
[DEBUG] Unhandled play packet 0x63 (8 bytes)
[DEBUG] Unhandled play packet 0x51 (3 bytes)
[DEBUG] Unhandled play packet 0x51 (3 bytes)
[DEBUG] Unhandled play packet 0x51 (3 bytes)
[DEBUG] Unhandled play packet 0x51 (3 bytes)
[DEBUG] Unhandled play packet 0x51 (3 bytes)
[DEBUG] Unhandled play packet 0x63 (8 bytes)
[DEBUG] Unhandled play packet 0x63 (8 bytes)
[DEBUG] Unhandled play packet 0x63 (8 bytes)
[DEBUG] Unhandled play packet 0x51 (3 bytes)
[DEBUG] Unhandled play packet 0x63 (8 bytes)
[DEBUG] Unhandled play packet 0x63 (8 bytes)
[DEBUG] Unhandled play packet 0x51 (3 bytes)
[DEBUG] Unhandled play packet 0x51 (3 bytes)
[DEBUG] Unhandled play packet 0x63 (8 bytes)
[DEBUG] Unhandled play packet 0x51 (3 bytes)
[DEBUG] Unhandled play packet 0x51 (3 bytes)
[DEBUG] Unhandled play packet 0x63 (8 bytes)
[DEBUG] Unhandled play packet 0x51 (3 bytes)
[DEBUG] Unhandled play packet 0x51 (3 bytes)
[DEBUG] Unhandled play packet 0x51 (3 bytes)
[DEBUG] Unhandled play packet 0x51 (3 bytes)
[DEBUG] Unhandled play packet 0x51 (3 bytes)
[DEBUG] Unhandled play packet 0x51 (3 bytes)
[DEBUG] Unhandled play packet 0x63 (7 bytes)
[DEBUG] Unhandled play packet 0x51 (2 bytes)
[DEBUG] Unhandled play packet 0x51 (3 bytes)
[DEBUG] Unhandled play packet 0x51 (3 bytes)
[DEBUG] Unhandled play packet 0x51 (3 bytes)
[DEBUG] Unhandled play packet 0x51 (3 bytes)
[DEBUG] Unhandled play packet 0x63 (8 bytes)
[DEBUG] Unhandled play packet 0x63 (8 bytes)
[DEBUG] Unhandled play packet 0x63 (8 bytes)
[DEBUG] Unhandled play packet 0x63 (8 bytes)
[DEBUG] Unhandled play packet 0x51 (3 bytes)
[DEBUG] Unhandled play packet 0x51 (3 bytes)
[DEBUG] Unhandled play packet 0x63 (8 bytes)
[DEBUG] Unhandled play packet 0x51 (3 bytes)
[DEBUG] Unhandled play packet 0x51 (3 bytes)
[DEBUG] Unhandled play packet 0x63 (8 bytes)
[DEBUG] Unhandled play packet 0x51 (3 bytes)
[DEBUG] Unhandled play packet 0x51 (3 bytes)
[DEBUG] Unhandled play packet 0x51 (3 bytes)
[DEBUG] Unhandled play packet 0x51 (3 bytes)
[DEBUG] Unhandled play packet 0x63 (7 bytes)
[DEBUG] Unhandled play packet 0x51 (3 bytes)
[DEBUG] Unhandled play packet 0x51 (3 bytes)
[DEBUG] Unhandled play packet 0x51 (3 bytes)
[DEBUG] Unhandled play packet 0x51 (3 bytes)
[DEBUG] Unhandled play packet 0x51 (3 bytes)
[DEBUG] Unhandled play packet 0x63 (8 bytes)
[DEBUG] Unhandled play packet 0x63 (8 bytes)
[DEBUG] Unhandled play packet 0x51 (3 bytes)
[DEBUG] Unhandled play packet 0x63 (8 bytes)
[DEBUG] Unhandled play packet 0x51 (3 bytes)
[DEBUG] Unhandled play packet 0x63 (8 bytes)
[DEBUG] Unhandled play packet 0x51 (3 bytes)
[DEBUG] Unhandled play packet 0x51 (3 bytes)
[DEBUG] Unhandled play packet 0x63 (8 bytes)
[DEBUG] Unhandled play packet 0x51 (3 bytes)
[DEBUG] Unhandled play packet 0x51 (3 bytes)
[DEBUG] Unhandled play packet 0x63 (8 bytes)
[DEBUG] Unhandled play packet 0x51 (3 bytes)
[Chat] Raw message: 
≡ƒÆ¼ 
[Bot] Chat received: { message: '', system: false }
[Chat] Raw message: 
≡ƒÆ¼ 
[Bot] Chat received: { message: '', system: false }
[Chat] Raw message: 
≡ƒÆ¼ 
[Bot] Chat received: { message: '', system: false }
[Chat] Raw message: 
≡ƒÆ¼ 
[Bot] Chat received: { message: '', system: false }
[DEBUG] Unhandled play packet 0x51 (3 bytes)
[DEBUG] Unhandled play packet 0x51 (3 bytes)
[DEBUG] Unhandled play packet 0x51 (3 bytes)
[DEBUG] Unhandled play packet 0x51 (3 bytes)
[DEBUG] Unhandled play packet 0x51 (3 bytes)
[DEBUG] Unhandled play packet 0x51 (3 bytes)
[DEBUG] Unhandled play packet 0x51 (3 bytes)
[DEBUG] Unhandled play packet 0x63 (8 bytes)
[DEBUG] Unhandled play packet 0x63 (8 bytes)
[DEBUG] Unhandled play packet 0x51 (3 bytes)
[DEBUG] Unhandled play packet 0x51 (3 bytes)
[DEBUG] Unhandled play packet 0x51 (3 bytes)
[DEBUG] Unhandled play packet 0x51 (3 bytes)
[DEBUG] Unhandled play packet 0x51 (3 bytes)
[Chat] Raw message: 
≡ƒÆ¼ 
[Bot] Chat received: { message: '', system: false }
[DEBUG] Unhandled play packet 0x51 (3 bytes)
[DEBUG] Unhandled play packet 0x51 (3 bytes)
[DEBUG] Unhandled play packet 0x51 (3 bytes)
[DEBUG] Unhandled play packet 0x51 (3 bytes)
[DEBUG] Unhandled play packet 0x51 (3 bytes)
[DEBUG] Unhandled play packet 0x51 (3 bytes)
[DEBUG] Unhandled play packet 0x51 (3 bytes)
[DEBUG] Unhandled play packet 0x51 (3 bytes)
[DEBUG] Unhandled play packet 0x63 (8 bytes)
[DEBUG] Unhandled play packet 0x63 (8 bytes)
[DEBUG] Unhandled play packet 0x51 (3 bytes)
[DEBUG] Unhandled play packet 0x51 (3 bytes)
[DEBUG] Unhandled play packet 0x51 (3 bytes)
[DEBUG] Unhandled play packet 0x51 (3 bytes)
[DEBUG] Unhandled play packet 0x51 (3 bytes)
[DEBUG] Unhandled play packet 0x51 (3 bytes)
[DEBUG] Unhandled play packet 0x51 (3 bytes)
[DEBUG] Unhandled play packet 0x51 (3 bytes)
[DEBUG] Unhandled play packet 0x51 (3 bytes)
[DEBUG] Unhandled play packet 0x51 (3 bytes)
[DEBUG] Unhandled play packet 0x51 (3 bytes)
[DEBUG] Unhandled play packet 0x51 (3 bytes)
[DEBUG] Unhandled play packet 0x63 (8 bytes)
[DEBUG] Unhandled play packet 0x51 (3 bytes)
[DEBUG] Unhandled play packet 0x51 (3 bytes)
[DEBUG] Unhandled play packet 0x51 (3 bytes)
[DEBUG] Unhandled play packet 0x63 (8 bytes)
[DEBUG] Unhandled play packet 0x51 (3 bytes)
[DEBUG] Unhandled play packet 0x51 (3 bytes)
[DEBUG] Unhandled play packet 0x51 (3 bytes)
[DEBUG] Unhandled play packet 0x51 (3 bytes)
[DEBUG] Unhandled play packet 0x51 (3 bytes)
[DEBUG] Unhandled play packet 0x51 (3 bytes)
[DEBUG] Unhandled play packet 0x51 (3 bytes)
[DEBUG] Unhandled play packet 0x51 (3 bytes)
[DEBUG] Unhandled play packet 0x51 (3 bytes)
[DEBUG] Unhandled play packet 0x51 (3 bytes)
[DEBUG] Unhandled play packet 0x51 (3 bytes)
[DEBUG] Unhandled play packet 0x51 (3 bytes)
[DEBUG] Unhandled play packet 0x51 (3 bytes)
[DEBUG] Unhandled play packet 0x63 (8 bytes)
[DEBUG] Unhandled play packet 0x51 (3 bytes)
[DEBUG] Unhandled play packet 0x51 (3 bytes)
[DEBUG] Unhandled play packet 0x51 (3 bytes)
[DEBUG] Unhandled play packet 0x51 (3 bytes)
[DEBUG] Unhandled play packet 0x51 (3 bytes)
[DEBUG] Unhandled play packet 0x51 (3 bytes)
[DEBUG] Unhandled play packet 0x51 (3 bytes)
[DEBUG] Unhandled play packet 0x63 (7 bytes)
[DEBUG] Unhandled play packet 0x51 (3 bytes)
[DEBUG] Unhandled play packet 0x51 (3 bytes)
[DEBUG] Unhandled play packet 0x51 (3 bytes)
[DEBUG] Unhandled play packet 0x51 (3 bytes)
[DEBUG] Unhandled play packet 0x63 (8 bytes)
[DEBUG] Unhandled play packet 0x61 (7 bytes)
[DEBUG] Unhandled play packet 0x63 (8 bytes)
[DEBUG] Unhandled play packet 0x51 (3 bytes)
[DEBUG] Unhandled play packet 0x51 (3 bytes)
[DEBUG] Unhandled play packet 0x51 (3 bytes)
[DEBUG] Unhandled play packet 0x63 (8 bytes)
[DEBUG] Unhandled play packet 0x51 (3 bytes)
[DEBUG] Unhandled play packet 0x51 (3 bytes)
[DEBUG] Unhandled play packet 0x63 (8 bytes)
[DEBUG] Unhandled play packet 0x51 (3 bytes)
[DEBUG] Unhandled play packet 0x63 (8 bytes)
[DEBUG] Unhandled play packet 0x61 (7 bytes)
[DEBUG] Unhandled play packet 0x51 (3 bytes)
[DEBUG] Unhandled play packet 0x51 (3 bytes)
[DEBUG] Unhandled play packet 0x51 (3 bytes)
[DEBUG] Unhandled play packet 0x51 (3 bytes)
[DEBUG] Unhandled play packet 0x51 (3 bytes)
[DEBUG] Unhandled play packet 0x63 (8 bytes)
[DEBUG] Unhandled play packet 0x61 (7 bytes)
[DEBUG] Unhandled play packet 0x63 (7 bytes)
[DEBUG] Unhandled play packet 0x51 (3 bytes)
[DEBUG] Unhandled play packet 0x51 (3 bytes)
[DEBUG] Unhandled play packet 0x51 (3 bytes)
[DEBUG] Unhandled play packet 0x51 (3 bytes)
[DEBUG] Unhandled play packet 0x61 (7 bytes)
[DEBUG] Unhandled play packet 0x51 (3 bytes)
[DEBUG] Unhandled play packet 0x63 (8 bytes)
[DEBUG] Unhandled play packet 0x51 (3 bytes)
[DEBUG] Unhandled play packet 0x51 (3 bytes)
[DEBUG] Unhandled play packet 0x51 (3 bytes)
[DEBUG] Unhandled play packet 0x51 (3 bytes)
[DEBUG] Unhandled play packet 0x51 (3 bytes)
[Chat] Raw message: 
≡ƒÆ¼ 
[Bot] Chat received: { message: '', system: false }
[DEBUG] Unhandled play packet 0x51 (3 bytes)
[DEBUG] Unhandled play packet 0x51 (3 bytes)
[DEBUG] Unhandled play packet 0x51 (3 bytes)
[DEBUG] Unhandled play packet 0x51 (3 bytes)
[DEBUG] Unhandled play packet 0x51 (3 bytes)
[DEBUG] Unhandled play packet 0x51 (3 bytes)
[DEBUG] Unhandled play packet 0x51 (3 bytes)
[DEBUG] Unhandled play packet 0x51 (3 bytes)
[DEBUG] Unhandled play packet 0x51 (3 bytes)
[DEBUG] Unhandled play packet 0x63 (8 bytes)
[DEBUG] Unhandled play packet 0x63 (8 bytes)
[DEBUG] Unhandled play packet 0x51 (3 bytes)
[DEBUG] Unhandled play packet 0x63 (8 bytes)
[DEBUG] Unhandled play packet 0x51 (3 bytes)
[DEBUG] Unhandled play packet 0x51 (3 bytes)
[DEBUG] Unhandled play packet 0x51 (3 bytes)
[DEBUG] Unhandled play packet 0x51 (3 bytes)
[DEBUG] Unhandled play packet 0x63 (8 bytes)
[DEBUG] Unhandled play packet 0x51 (3 bytes)
[DEBUG] Unhandled play packet 0x51 (3 bytes)
[DEBUG] Unhandled play packet 0x63 (8 bytes)
[DEBUG] Unhandled play packet 0x51 (3 bytes)
[DEBUG] Unhandled play packet 0x51 (3 bytes)
[DEBUG] Unhandled play packet 0x51 (3 bytes)
[DEBUG] Unhandled play packet 0x51 (3 bytes)
[DEBUG] Unhandled play packet 0x51 (3 bytes)
[DEBUG] Unhandled play packet 0x51 (3 bytes)
[DEBUG] Unhandled play packet 0x51 (3 bytes)
[DEBUG] Unhandled play packet 0x61 (6 bytes)
[DEBUG] Unhandled play packet 0x51 (3 bytes)
[DEBUG] Unhandled play packet 0x51 (3 bytes)
[DEBUG] Unhandled play packet 0x51 (3 bytes)
[DEBUG] Unhandled play packet 0x51 (3 bytes)
[DEBUG] Unhandled play packet 0x63 (8 bytes)
[DEBUG] Unhandled play packet 0x51 (3 bytes)
[DEBUG] Unhandled play packet 0x63 (8 bytes)
[DEBUG] Unhandled play packet 0x51 (3 bytes)
[DEBUG] Unhandled play packet 0x51 (3 bytes)
[DEBUG] Unhandled play packet 0x51 (3 bytes)
[DEBUG] Unhandled play packet 0x51 (3 bytes)
[DEBUG] Unhandled play packet 0x63 (8 bytes)
[DEBUG] Unhandled play packet 0x51 (3 bytes)
[DEBUG] Unhandled play packet 0x51 (3 bytes)
[DEBUG] Unhandled play packet 0x63 (8 bytes)
[DEBUG] Unhandled play packet 0x51 (3 bytes)
[DEBUG] Unhandled play packet 0x51 (3 bytes)
[DEBUG] Unhandled play packet 0x51 (3 bytes)
[DEBUG] Unhandled play packet 0x51 (3 bytes)
[DEBUG] Unhandled play packet 0x51 (3 bytes)
[Chat] Raw message: 
≡ƒÆ¼ 
[Bot] Chat received: { message: '', system: false }
[DEBUG] Unhandled play packet 0x51 (3 bytes)
[DEBUG] Unhandled play packet 0x51 (3 bytes)
[DEBUG] Unhandled play packet 0x51 (3 bytes)
[DEBUG] Unhandled play packet 0x63 (8 bytes)
[DEBUG] Unhandled play packet 0x63 (8 bytes)
[DEBUG] Unhandled play packet 0x51 (3 bytes)
[DEBUG] Unhandled play packet 0x63 (8 bytes)
[DEBUG] Unhandled play packet 0x51 (3 bytes)
[DEBUG] Unhandled play packet 0x51 (3 bytes)
[DEBUG] Unhandled play packet 0x51 (3 bytes)
[DEBUG] Unhandled play packet 0x63 (8 bytes)
[DEBUG] Unhandled play packet 0x51 (3 bytes)
[DEBUG] Unhandled play packet 0x51 (3 bytes)
[DEBUG] Unhandled play packet 0x63 (8 bytes)
[DEBUG] Unhandled play packet 0x51 (3 bytes)
[DEBUG] Unhandled play packet 0x51 (3 bytes)
[DEBUG] Unhandled play packet 0x51 (3 bytes)
[DEBUG] Unhandled play packet 0x51 (3 bytes)
[DEBUG] Unhandled play packet 0x51 (3 bytes)
[DEBUG] Unhandled play packet 0x00 (0 bytes)
[DEBUG] Unhandled play packet 0x61 (9 bytes)
[DEBUG] Unhandled play packet 0x00 (0 bytes)
[DEBUG] Unhandled play packet 0x00 (0 bytes)
[DEBUG] Unhandled play packet 0x61 (9 bytes)
[DEBUG] Unhandled play packet 0x64 (8 bytes)
[DEBUG] Unhandled play packet 0x00 (0 bytes)
[DEBUG] Unhandled play packet 0x00 (0 bytes)
[DEBUG] Unhandled play packet 0x61 (9 bytes)
[DEBUG] Unhandled play packet 0x64 (8 bytes)
[DEBUG] Unhandled play packet 0x00 (0 bytes)
[DEBUG] Unhandled play packet 0x00 (0 bytes)
[DEBUG] Unhandled play packet 0x61 (9 bytes)
[DEBUG] Unhandled play packet 0x64 (8 bytes)
[DEBUG] Unhandled play packet 0x00 (0 bytes)
[DEBUG] Unhandled play packet 0x61 (9 bytes)
[DEBUG] Unhandled play packet 0x61 (9 bytes)
[DEBUG] Unhandled play packet 0x61 (9 bytes)
[DEBUG] Unhandled play packet 0x51 (3 bytes)
[DEBUG] Unhandled play packet 0x51 (3 bytes)
[DEBUG] Unhandled play packet 0x51 (3 bytes)
[DEBUG] Unhandled play packet 0x61 (9 bytes)
[DEBUG] Unhandled play packet 0x64 (8 bytes)
[DEBUG] Unhandled play packet 0x64 (8 bytes)
[DEBUG] Unhandled play packet 0x64 (8 bytes)
[DEBUG] Unhandled play packet 0x51 (3 bytes)
[DEBUG] Unhandled play packet 0x63 (8 bytes)
[DEBUG] Unhandled play packet 0x63 (8 bytes)
[DEBUG] Unhandled play packet 0x51 (3 bytes)
[DEBUG] Unhandled play packet 0x63 (8 bytes)
[DEBUG] Unhandled play packet 0x51 (3 bytes)
[DEBUG] Unhandled play packet 0x51 (3 bytes)
[DEBUG] Unhandled play packet 0x51 (3 bytes)
[DEBUG] Unhandled play packet 0x51 (3 bytes)
[DEBUG] Unhandled play packet 0x63 (8 bytes)
[DEBUG] Unhandled play packet 0x51 (3 bytes)
[DEBUG] Unhandled play packet 0x51 (3 bytes)
[DEBUG] Unhandled play packet 0x63 (8 bytes)
[DEBUG] Unhandled play packet 0x51 (3 bytes)
[DEBUG] Unhandled play packet 0x51 (3 bytes)
[DEBUG] Unhandled play packet 0x51 (3 bytes)
[DEBUG] Unhandled play packet 0x51 (3 bytes)
[DEBUG] Unhandled play packet 0x51 (3 bytes)
[DEBUG] Unhandled play packet 0x51 (3 bytes)
[DEBUG] Unhandled play packet 0x63 (8 bytes)
[DEBUG] Unhandled play packet 0x81 (13 bytes)
[DEBUG] Unhandled play packet 0x63 (8 bytes)
[DEBUG] Unhandled play packet 0x81 (13 bytes)
[DEBUG] Unhandled play packet 0x51 (3 bytes)
[DEBUG] Unhandled play packet 0x63 (8 bytes)
[DEBUG] Unhandled play packet 0x81 (13 bytes)
[DEBUG] Unhandled play packet 0x51 (3 bytes)
[DEBUG] Unhandled play packet 0x51 (3 bytes)
[DEBUG] Unhandled play packet 0x51 (3 bytes)
[DEBUG] Unhandled play packet 0x63 (8 bytes)
[DEBUG] Unhandled play packet 0x81 (13 bytes)
[DEBUG] Unhandled play packet 0x51 (3 bytes)
[DEBUG] Unhandled play packet 0x51 (3 bytes)
[DEBUG] Unhandled play packet 0x63 (8 bytes)
[DEBUG] Unhandled play packet 0x63 (8 bytes)
[DEBUG] Unhandled play packet 0x51 (3 bytes)
[DEBUG] Unhandled play packet 0x00 (0 bytes)
[DEBUG] Unhandled play packet 0x61 (9 bytes)
[DEBUG] Unhandled play packet 0x81 (13 bytes)
[DEBUG] Unhandled play packet 0x00 (0 bytes)
[DEBUG] Unhandled play packet 0x63 (8 bytes)
[DEBUG] Unhandled play packet 0x51 (3 bytes)
[DEBUG] Unhandled play packet 0x51 (3 bytes)
[DEBUG] Unhandled play packet 0x51 (3 bytes)
[DEBUG] Unhandled play packet 0x63 (8 bytes)
[DEBUG] Unhandled play packet 0x51 (3 bytes)
[DEBUG] Unhandled play packet 0x51 (3 bytes)
[DEBUG] Unhandled play packet 0x63 (8 bytes)
[DEBUG] Unhandled play packet 0x51 (3 bytes)
[DEBUG] Unhandled play packet 0x51 (3 bytes)
[DEBUG] Unhandled play packet 0x51 (3 bytes)
[DEBUG] Unhandled play packet 0x51 (3 bytes)
[DEBUG] Unhandled play packet 0x51 (3 bytes)
[DEBUG] Unhandled play packet 0x51 (3 bytes)
[DEBUG] Unhandled play packet 0x51 (3 bytes)
[DEBUG] Unhandled play packet 0x51 (3 bytes)
[DEBUG] Unhandled play packet 0x51 (3 bytes)
[Chat] Raw message: 
≡ƒÆ¼ 
[Bot] Chat received: { message: '', system: false }
[Chat] Raw message: 
≡ƒÆ¼ 
[Bot] Chat received: { message: '', system: false }
[Chat] Raw message: 
≡ƒÆ¼ 
[Bot] Chat received: { message: '', system: false }
[DEBUG] Unhandled play packet 0x63 (8 bytes)
[DEBUG] Unhandled play packet 0x63 (8 bytes)
[DEBUG] Unhandled play packet 0x51 (3 bytes)
[DEBUG] Unhandled play packet 0x63 (8 bytes)
[DEBUG] Unhandled play packet 0x51 (3 bytes)
[DEBUG] Unhandled play packet 0x51 (3 bytes)
[DEBUG] Unhandled play packet 0x63 (8 bytes)
[DEBUG] Unhandled play packet 0x51 (3 bytes)
[DEBUG] Unhandled play packet 0x51 (3 bytes)
[DEBUG] Unhandled play packet 0x63 (8 bytes)
[DEBUG] Unhandled play packet 0x51 (3 bytes)
[DEBUG] Unhandled play packet 0x51 (3 bytes)
[DEBUG] Unhandled play packet 0x51 (3 bytes)
[DEBUG] Unhandled play packet 0x63 (8 bytes)
[DEBUG] Unhandled play packet 0x51 (3 bytes)
[DEBUG] Unhandled play packet 0x51 (3 bytes)
[DEBUG] Unhandled play packet 0x51 (3 bytes)
[DEBUG] Unhandled play packet 0x51 (3 bytes)
[DEBUG] Unhandled play packet 0x51 (3 bytes)
[DEBUG] Unhandled play packet 0x51 (3 bytes)
[DEBUG] Unhandled play packet 0x63 (8 bytes)
[DEBUG] Unhandled play packet 0x51 (3 bytes)
[DEBUG] Unhandled play packet 0x63 (8 bytes)
[DEBUG] Unhandled play packet 0x51 (3 bytes)
[DEBUG] Unhandled play packet 0x51 (3 bytes)
[DEBUG] Unhandled play packet 0x51 (3 bytes)
[DEBUG] Unhandled play packet 0x51 (3 bytes)
[DEBUG] Unhandled play packet 0x51 (3 bytes)
[DEBUG] Unhandled play packet 0x51 (3 bytes)
[DEBUG] Unhandled play packet 0x51 (3 bytes)
[DEBUG] Unhandled play packet 0x63 (8 bytes)
[DEBUG] Unhandled play packet 0x51 (3 bytes)
[DEBUG] Unhandled play packet 0x51 (3 bytes)
[DEBUG] Unhandled play packet 0x51 (3 bytes)
[DEBUG] Unhandled play packet 0x51 (3 bytes)
[DEBUG] Unhandled play packet 0x51 (3 bytes)
[DEBUG] Unhandled play packet 0x63 (8 bytes)
[DEBUG] Unhandled play packet 0x51 (3 bytes)
[DEBUG] Unhandled play packet 0x63 (8 bytes)
[DEBUG] Unhandled play packet 0x51 (3 bytes)
[DEBUG] Unhandled play packet 0x51 (3 bytes)
[DEBUG] Unhandled play packet 0x51 (3 bytes)
[DEBUG] Unhandled play packet 0x51 (3 bytes)
[DEBUG] Unhandled play packet 0x51 (3 bytes)
[DEBUG] Unhandled play packet 0x51 (3 bytes)
[DEBUG] Unhandled play packet 0x63 (8 bytes)
[DEBUG] Unhandled play packet 0x51 (3 bytes)
[DEBUG] Unhandled play packet 0x51 (3 bytes)
[DEBUG] Unhandled play packet 0x51 (3 bytes)
[DEBUG] Unhandled play packet 0x51 (3 bytes)
[DEBUG] Unhandled play packet 0x51 (3 bytes)
[DEBUG] Unhandled play packet 0x63 (8 bytes)
[DEBUG] Unhandled play packet 0x51 (3 bytes)
[DEBUG] Unhandled play packet 0x63 (8 bytes)
[DEBUG] Unhandled play packet 0x51 (3 bytes)
[DEBUG] Unhandled play packet 0x51 (3 bytes)
[DEBUG] Unhandled play packet 0x51 (3 bytes)
[DEBUG] Unhandled play packet 0x51 (3 bytes)
[DEBUG] Unhandled play packet 0x51 (3 bytes)
[DEBUG] Unhandled play packet 0x63 (8 bytes)
[DEBUG] Unhandled play packet 0x51 (3 bytes)
[DEBUG] Unhandled play packet 0x51 (3 bytes)
[DEBUG] Unhandled play packet 0x51 (3 bytes)
[DEBUG] Unhandled play packet 0x51 (3 bytes)
[DEBUG] Unhandled play packet 0x51 (3 bytes)
[DEBUG] Unhandled play packet 0x51 (3 bytes)
[DEBUG] Unhandled play packet 0x51 (3 bytes)
[DEBUG] Unhandled play packet 0x51 (3 bytes)
[DEBUG] Unhandled play packet 0x51 (3 bytes)
[DEBUG] Unhandled play packet 0x63 (7 bytes)
[DEBUG] Unhandled play packet 0x51 (3 bytes)
[DEBUG] Unhandled play packet 0x51 (3 bytes)
[DEBUG] Unhandled play packet 0x51 (3 bytes)
[DEBUG] Unhandled play packet 0x63 (8 bytes)
[DEBUG] Unhandled play packet 0x51 (3 bytes)
[DEBUG] Unhandled play packet 0x63 (8 bytes)
[DEBUG] Unhandled play packet 0x51 (3 bytes)
[DEBUG] Unhandled play packet 0x51 (3 bytes)
[DEBUG] Unhandled play packet 0x51 (3 bytes)
[DEBUG] Unhandled play packet 0x51 (3 bytes)
[DEBUG] Unhandled play packet 0x51 (3 bytes)
[DEBUG] Unhandled play packet 0x51 (3 bytes)
[DEBUG] Unhandled play packet 0x51 (3 bytes)
[DEBUG] Unhandled play packet 0x51 (3 bytes)
[DEBUG] Unhandled play packet 0x51 (3 bytes)
[DEBUG] Unhandled play packet 0x00 (0 bytes)
[DEBUG] Unhandled play packet 0x61 (9 bytes)
[DEBUG] Unhandled play packet 0x00 (0 bytes)
[DEBUG] Unhandled play packet 0x51 (3 bytes)
[DEBUG] Unhandled play packet 0x51 (3 bytes)
[DEBUG] Unhandled play packet 0x61 (9 bytes)
[DEBUG] Unhandled play packet 0x51 (3 bytes)
[DEBUG] Unhandled play packet 0x51 (3 bytes)
[DEBUG] Unhandled play packet 0x51 (3 bytes)
[DEBUG] Unhandled play packet 0x63 (7 bytes)
[DEBUG] Unhandled play packet 0x51 (2 bytes)
[DEBUG] Unhandled play packet 0x51 (3 bytes)
[DEBUG] Unhandled play packet 0x51 (3 bytes)
[Chat] Raw message: 
≡ƒÆ¼ 
[Bot] Chat received: { message: '', system: false }
[DEBUG] Unhandled play packet 0x51 (3 bytes)
[DEBUG] Unhandled play packet 0x63 (8 bytes)
[DEBUG] Unhandled play packet 0x63 (3 bytes)
[DEBUG] Unhandled play packet 0x51 (3 bytes)
[DEBUG] Unhandled play packet 0x63 (8 bytes)
[DEBUG] Unhandled play packet 0x51 (3 bytes)
[DEBUG] Unhandled play packet 0x51 (3 bytes)
[DEBUG] Unhandled play packet 0x51 (3 bytes)
[DEBUG] Unhandled play packet 0x51 (3 bytes)
[DEBUG] Unhandled play packet 0x51 (3 bytes)
[DEBUG] Unhandled play packet 0x63 (3 bytes)
[DEBUG] Unhandled play packet 0x51 (3 bytes)
[DEBUG] Unhandled play packet 0x51 (3 bytes)
[DEBUG] Unhandled play packet 0x63 (3 bytes)
[DEBUG] Unhandled play packet 0x51 (3 bytes)
[DEBUG] Unhandled play packet 0x51 (3 bytes)
[DEBUG] Unhandled play packet 0x51 (3 bytes)
[DEBUG] Unhandled play packet 0x51 (3 bytes)
[DEBUG] Unhandled play packet 0x51 (3 bytes)
[DEBUG] Unhandled play packet 0x51 (3 bytes)
[DEBUG] Unhandled play packet 0x36 (5 bytes)
[DEBUG] Unhandled play packet 0x81 (13 bytes)
[DEBUG] Unhandled play packet 0x51 (3 bytes)
[DEBUG] Unhandled play packet 0x51 (3 bytes)
[DEBUG] Unhandled play packet 0x51 (3 bytes)
[DEBUG] Unhandled play packet 0x51 (3 bytes)
[DEBUG] Unhandled play packet 0x63 (7 bytes)
[DEBUG] Unhandled play packet 0x51 (2 bytes)
[DEBUG] Unhandled play packet 0x51 (3 bytes)
[DEBUG] Unhandled play packet 0x51 (3 bytes)
[Chat] Raw message: 
≡ƒÆ¼ 
[Bot] Chat received: { message: '', system: false }
[DEBUG] Unhandled play packet 0x36 (5 bytes)
[DEBUG] Unhandled play packet 0x51 (3 bytes)
[DEBUG] Unhandled play packet 0x63 (8 bytes)
[DEBUG] Unhandled play packet 0x51 (3 bytes)
[DEBUG] Unhandled play packet 0x51 (3 bytes)
[DEBUG] Unhandled play packet 0x51 (3 bytes)
[DEBUG] Unhandled play packet 0x51 (3 bytes)
[DEBUG] Unhandled play packet 0x36 (5 bytes)
[DEBUG] Unhandled play packet 0x51 (3 bytes)
[DEBUG] Unhandled play packet 0x51 (3 bytes)
[DEBUG] Unhandled play packet 0x36 (5 bytes)
[DEBUG] Unhandled play packet 0x51 (3 bytes)
[DEBUG] Unhandled play packet 0x51 (3 bytes)
[DEBUG] Unhandled play packet 0x51 (3 bytes)
[DEBUG] Unhandled play packet 0x51 (3 bytes)
[DEBUG] Unhandled play packet 0x51 (3 bytes)
[DEBUG] Unhandled play packet 0x51 (3 bytes)
[DEBUG] Unhandled play packet 0x51 (3 bytes)
[DEBUG] Unhandled play packet 0x51 (3 bytes)
[DEBUG] Unhandled play packet 0x51 (3 bytes)
[DEBUG] Unhandled play packet 0x51 (3 bytes)
[DEBUG] Unhandled play packet 0x63 (7 bytes)
[DEBUG] Unhandled play packet 0x51 (3 bytes)
[DEBUG] Unhandled play packet 0x51 (3 bytes)
[DEBUG] Unhandled play packet 0x36 (5 bytes)
[DEBUG] Unhandled play packet 0x51 (3 bytes)
[DEBUG] Unhandled play packet 0x63 (8 bytes)
[DEBUG] Unhandled play packet 0x51 (3 bytes)
[DEBUG] Unhandled play packet 0x51 (3 bytes)
[DEBUG] Unhandled play packet 0x51 (3 bytes)
[DEBUG] Unhandled play packet 0x51 (3 bytes)
[DEBUG] Unhandled play packet 0x36 (5 bytes)
[DEBUG] Unhandled play packet 0x51 (3 bytes)
[DEBUG] Unhandled play packet 0x51 (3 bytes)
[DEBUG] Unhandled play packet 0x36 (5 bytes)
[DEBUG] Unhandled play packet 0x51 (3 bytes)
[DEBUG] Unhandled play packet 0x51 (3 bytes)
[DEBUG] Unhandled play packet 0x51 (3 bytes)
[DEBUG] Unhandled play packet 0x51 (3 bytes)
[DEBUG] Unhandled play packet 0x51 (3 bytes)
[DEBUG] Unhandled play packet 0x51 (3 bytes)
[DEBUG] Unhandled play packet 0x51 (3 bytes)
[DEBUG] Unhandled play packet 0x51 (3 bytes)
[DEBUG] Unhandled play packet 0x51 (3 bytes)
[DEBUG] Unhandled play packet 0x51 (3 bytes)
[DEBUG] Unhandled play packet 0x36 (5 bytes)
[DEBUG] Unhandled play packet 0x51 (3 bytes)
[DEBUG] Unhandled play packet 0x63 (8 bytes)
[DEBUG] Unhandled play packet 0x51 (3 bytes)
[DEBUG] Unhandled play packet 0x51 (3 bytes)
[DEBUG] Unhandled play packet 0x36 (5 bytes)
[DEBUG] Unhandled play packet 0x51 (3 bytes)
[DEBUG] Unhandled play packet 0x51 (3 bytes)
[DEBUG] Unhandled play packet 0x36 (5 bytes)
[DEBUG] Unhandled play packet 0x51 (3 bytes)
[DEBUG] Unhandled play packet 0x51 (3 bytes)
[DEBUG] Unhandled play packet 0x51 (3 bytes)
[DEBUG] Unhandled play packet 0x51 (3 bytes)
[DEBUG] Unhandled play packet 0x51 (3 bytes)
[DEBUG] Unhandled play packet 0x51 (3 bytes)
[DEBUG] Unhandled play packet 0x51 (3 bytes)
[Chat] Raw message: 
≡ƒÆ¼ 
[Bot] Chat received: { message: '', system: false }
[DEBUG] Unhandled play packet 0x51 (3 bytes)
[DEBUG] Unhandled play packet 0x51 (3 bytes)
[DEBUG] Unhandled play packet 0x36 (5 bytes)
[DEBUG] Unhandled play packet 0x51 (3 bytes)
[DEBUG] Unhandled play packet 0x63 (8 bytes)
[DEBUG] Unhandled play packet 0x51 (3 bytes)
[DEBUG] Unhandled play packet 0x51 (3 bytes)
[DEBUG] Unhandled play packet 0x36 (5 bytes)
[DEBUG] Unhandled play packet 0x51 (3 bytes)
[DEBUG] Unhandled play packet 0x51 (3 bytes)
[DEBUG] Unhandled play packet 0x36 (5 bytes)
[DEBUG] Unhandled play packet 0x51 (3 bytes)
[DEBUG] Unhandled play packet 0x51 (3 bytes)
[DEBUG] Unhandled play packet 0x51 (3 bytes)
[DEBUG] Unhandled play packet 0x51 (3 bytes)
[DEBUG] Unhandled play packet 0x51 (3 bytes)
[DEBUG] Unhandled play packet 0x51 (3 bytes)
[DEBUG] Unhandled play packet 0x63 (8 bytes)
[DEBUG] Unhandled play packet 0x51 (3 bytes)
[DEBUG] Unhandled play packet 0x63 (8 bytes)
[DEBUG] Unhandled play packet 0x51 (3 bytes)
[DEBUG] Unhandled play packet 0x51 (3 bytes)
[DEBUG] Unhandled play packet 0x51 (3 bytes)
[DEBUG] Unhandled play packet 0x51 (3 bytes)
[DEBUG] Unhandled play packet 0x51 (3 bytes)
[DEBUG] Unhandled play packet 0x51 (3 bytes)
[DEBUG] Unhandled play packet 0x51 (3 bytes)
[DEBUG] Unhandled play packet 0x36 (5 bytes)
[DEBUG] Unhandled play packet 0x51 (3 bytes)
[DEBUG] Unhandled play packet 0x63 (8 bytes)
[DEBUG] Unhandled play packet 0x51 (3 bytes)
[DEBUG] Unhandled play packet 0x51 (3 bytes)
[DEBUG] Unhandled play packet 0x36 (5 bytes)
[DEBUG] Unhandled play packet 0x51 (3 bytes)
[DEBUG] Unhandled play packet 0x51 (3 bytes)
[DEBUG] Unhandled play packet 0x51 (3 bytes)
[DEBUG] Unhandled play packet 0x51 (3 bytes)
[DEBUG] Unhandled play packet 0x51 (3 bytes)
[DEBUG] Unhandled play packet 0x51 (3 bytes)
[DEBUG] Unhandled play packet 0x51 (3 bytes)
[DEBUG] Unhandled play packet 0x51 (3 bytes)
[DEBUG] Unhandled play packet 0x63 (8 bytes)
[DEBUG] Unhandled play packet 0x51 (3 bytes)
[DEBUG] Unhandled play packet 0x63 (8 bytes)
[DEBUG] Unhandled play packet 0x63 (8 bytes)
[DEBUG] Unhandled play packet 0x51 (3 bytes)
[DEBUG] Unhandled play packet 0x51 (3 bytes)
[DEBUG] Unhandled play packet 0x51 (3 bytes)
[DEBUG] Unhandled play packet 0x51 (3 bytes)
[DEBUG] Unhandled play packet 0x51 (3 bytes)
[DEBUG] Unhandled play packet 0x51 (3 bytes)
[DEBUG] Unhandled play packet 0x51 (3 bytes)
[DEBUG] Unhandled play packet 0x51 (3 bytes)
[DEBUG] Unhandled play packet 0x63 (3 bytes)
[DEBUG] Unhandled play packet 0x36 (5 bytes)
[DEBUG] Unhandled play packet 0x51 (3 bytes)
[DEBUG] Unhandled play packet 0x63 (8 bytes)
[DEBUG] Unhandled play packet 0x51 (3 bytes)
[DEBUG] Unhandled play packet 0x51 (3 bytes)
[DEBUG] Unhandled play packet 0x51 (3 bytes)
[DEBUG] Unhandled play packet 0x36 (5 bytes)
[DEBUG] Unhandled play packet 0x51 (3 bytes)
[DEBUG] Unhandled play packet 0x51 (3 bytes)
[DEBUG] Unhandled play packet 0x36 (5 bytes)
[DEBUG] Unhandled play packet 0x51 (3 bytes)
[DEBUG] Unhandled play packet 0x51 (3 bytes)
[DEBUG] Unhandled play packet 0x51 (3 bytes)
[DEBUG] Unhandled play packet 0x51 (3 bytes)
[DEBUG] Unhandled play packet 0x51 (3 bytes)
[DEBUG] Unhandled play packet 0x51 (3 bytes)
[DEBUG] Unhandled play packet 0x63 (8 bytes)
[DEBUG] Unhandled play packet 0x51 (3 bytes)
[DEBUG] Unhandled play packet 0x51 (3 bytes)
[DEBUG] Unhandled play packet 0x51 (3 bytes)
[DEBUG] Unhandled play packet 0x51 (3 bytes)
[Chat] Raw message: 
≡ƒÆ¼ 
[Bot] Chat received: { message: '', system: false }
[Chat] Raw message: 
≡ƒÆ¼ 
[Bot] Chat received: { message: '', system: false }
[Chat] Raw message: 
≡ƒÆ¼ 
[Bot] Chat received: { message: '', system: false }
[DEBUG] Unhandled play packet 0x51 (3 bytes)
[DEBUG] Unhandled play packet 0x51 (3 bytes)
[DEBUG] Unhandled play packet 0x51 (3 bytes)
[DEBUG] Unhandled play packet 0x36 (5 bytes)
[DEBUG] Unhandled play packet 0x51 (3 bytes)
[DEBUG] Unhandled play packet 0x36 (5 bytes)
[DEBUG] Unhandled play packet 0x51 (3 bytes)
[DEBUG] Unhandled play packet 0x63 (8 bytes)
[DEBUG] Unhandled play packet 0x51 (3 bytes)
[DEBUG] Unhandled play packet 0x51 (3 bytes)
[DEBUG] Unhandled play packet 0x51 (3 bytes)
[DEBUG] Unhandled play packet 0x36 (5 bytes)
[DEBUG] Unhandled play packet 0x51 (3 bytes)
[DEBUG] Unhandled play packet 0x51 (3 bytes)
[DEBUG] Unhandled play packet 0x51 (3 bytes)
[DEBUG] Unhandled play packet 0x51 (3 bytes)
[DEBUG] Unhandled play packet 0x51 (3 bytes)
[DEBUG] Unhandled play packet 0x51 (3 bytes)
[DEBUG] Unhandled play packet 0x63 (8 bytes)
[DEBUG] Unhandled play packet 0x51 (3 bytes)
[DEBUG] Unhandled play packet 0x51 (3 bytes)
[DEBUG] Unhandled play packet 0x51 (3 bytes)
[DEBUG] Unhandled play packet 0x51 (3 bytes)
[DEBUG] Unhandled play packet 0x51 (3 bytes)
[DEBUG] Unhandled play packet 0x51 (3 bytes)
[DEBUG] Unhandled play packet 0x36 (5 bytes)
[DEBUG] Unhandled play packet 0x51 (3 bytes)
[DEBUG] Unhandled play packet 0x36 (5 bytes)
[DEBUG] Unhandled play packet 0x51 (3 bytes)
[DEBUG] Unhandled play packet 0x63 (8 bytes)
[DEBUG] Unhandled play packet 0x51 (3 bytes)
[DEBUG] Unhandled play packet 0x51 (3 bytes)
[DEBUG] Unhandled play packet 0x51 (3 bytes)
[DEBUG] Unhandled play packet 0x36 (5 bytes)
[DEBUG] Unhandled play packet 0x51 (3 bytes)
[DEBUG] Unhandled play packet 0x51 (3 bytes)
[DEBUG] Unhandled play packet 0x36 (5 bytes)
[DEBUG] Unhandled play packet 0x51 (3 bytes)
[DEBUG] Unhandled play packet 0x51 (3 bytes)
[DEBUG] Unhandled play packet 0x51 (3 bytes)
[DEBUG] Unhandled play packet 0x63 (8 bytes)
[DEBUG] Unhandled play packet 0x51 (3 bytes)
[DEBUG] Unhandled play packet 0x51 (3 bytes)
[DEBUG] Unhandled play packet 0x51 (3 bytes)
[Chat] Raw message: 
≡ƒÆ¼ 
[Bot] Chat received: { message: '', system: false }
[DEBUG] Unhandled play packet 0x51 (3 bytes)
[DEBUG] Unhandled play packet 0x51 (3 bytes)
[DEBUG] Unhandled play packet 0x36 (5 bytes)
[DEBUG] Unhandled play packet 0x51 (3 bytes)
[DEBUG] Unhandled play packet 0x51 (3 bytes)
[DEBUG] Unhandled play packet 0x36 (5 bytes)
[DEBUG] Unhandled play packet 0x51 (3 bytes)
[DEBUG] Unhandled play packet 0x63 (8 bytes)
[DEBUG] Unhandled play packet 0x51 (3 bytes)
[DEBUG] Unhandled play packet 0x51 (3 bytes)
[DEBUG] Unhandled play packet 0x51 (3 bytes)
[DEBUG] Unhandled play packet 0x36 (5 bytes)
[DEBUG] Unhandled play packet 0x51 (3 bytes)
[DEBUG] Unhandled play packet 0x51 (3 bytes)
[DEBUG] Unhandled play packet 0x51 (3 bytes)
[DEBUG] Unhandled play packet 0x51 (3 bytes)
[DEBUG] Unhandled play packet 0x63 (8 bytes)
[DEBUG] Unhandled play packet 0x51 (3 bytes)
[DEBUG] Unhandled play packet 0x51 (3 bytes)
[DEBUG] Unhandled play packet 0x51 (3 bytes)
[DEBUG] Unhandled play packet 0x63 (7 bytes)
[DEBUG] Unhandled play packet 0x51 (2 bytes)
[DEBUG] Unhandled play packet 0x51 (3 bytes)
[DEBUG] Unhandled play packet 0x51 (3 bytes)
[DEBUG] Unhandled play packet 0x36 (5 bytes)
[DEBUG] Unhandled play packet 0x51 (3 bytes)
[DEBUG] Unhandled play packet 0x51 (3 bytes)
[DEBUG] Unhandled play packet 0x36 (5 bytes)
[DEBUG] Unhandled play packet 0x51 (3 bytes)
[DEBUG] Unhandled play packet 0x63 (8 bytes)
[DEBUG] Unhandled play packet 0x51 (3 bytes)
[DEBUG] Unhandled play packet 0x51 (3 bytes)
[DEBUG] Unhandled play packet 0x51 (3 bytes)
[DEBUG] Unhandled play packet 0x36 (5 bytes)
[DEBUG] Unhandled play packet 0x51 (3 bytes)
[DEBUG] Unhandled play packet 0x51 (3 bytes)
[DEBUG] Unhandled play packet 0x51 (3 bytes)
[DEBUG] Unhandled play packet 0x51 (3 bytes)
[DEBUG] Unhandled play packet 0x63 (8 bytes)
[DEBUG] Unhandled play packet 0x51 (3 bytes)
[DEBUG] Unhandled play packet 0x51 (3 bytes)
[DEBUG] Unhandled play packet 0x51 (3 bytes)
[DEBUG] Unhandled play packet 0x51 (3 bytes)
[DEBUG] Unhandled play packet 0x51 (3 bytes)
[DEBUG] Unhandled play packet 0x51 (3 bytes)
[DEBUG] Unhandled play packet 0x51 (3 bytes)
[Chat] Raw message: 
≡ƒÆ¼ 
[Bot] Chat received: { message: '', system: false }
[DEBUG] Unhandled play packet 0x36 (5 bytes)
[DEBUG] Unhandled play packet 0x51 (3 bytes)
[DEBUG] Unhandled play packet 0x51 (3 bytes)
[DEBUG] Unhandled play packet 0x36 (5 bytes)
[DEBUG] Unhandled play packet 0x51 (3 bytes)
[DEBUG] Unhandled play packet 0x63 (8 bytes)
[DEBUG] Unhandled play packet 0x51 (3 bytes)
[DEBUG] Unhandled play packet 0x51 (3 bytes)
[DEBUG] Unhandled play packet 0x51 (3 bytes)
[DEBUG] Unhandled play packet 0x36 (5 bytes)
[DEBUG] Unhandled play packet 0x51 (3 bytes)
[DEBUG] Unhandled play packet 0x51 (3 bytes)
[DEBUG] Unhandled play packet 0x51 (3 bytes)
[DEBUG] Unhandled play packet 0x51 (3 bytes)
[DEBUG] Unhandled play packet 0x63 (8 bytes)
[DEBUG] Unhandled play packet 0x51 (3 bytes)
[DEBUG] Unhandled play packet 0x51 (3 bytes)
[DEBUG] Unhandled play packet 0x51 (3 bytes)
[DEBUG] Unhandled play packet 0x51 (3 bytes)
[DEBUG] Unhandled play packet 0x51 (3 bytes)
[DEBUG] Unhandled play packet 0x51 (3 bytes)
[DEBUG] Unhandled play packet 0x36 (5 bytes)
[DEBUG] Unhandled play packet 0x51 (3 bytes)
[DEBUG] Unhandled play packet 0x51 (3 bytes)
[DEBUG] Unhandled play packet 0x36 (5 bytes)
[DEBUG] Unhandled play packet 0x51 (3 bytes)
[DEBUG] Unhandled play packet 0x63 (8 bytes)
[DEBUG] Unhandled play packet 0x51 (3 bytes)
[DEBUG] Unhandled play packet 0x51 (3 bytes)
[DEBUG] Unhandled play packet 0x51 (3 bytes)
[DEBUG] Unhandled play packet 0x51 (3 bytes)
[DEBUG] Unhandled play packet 0x51 (3 bytes)
[DEBUG] Unhandled play packet 0x51 (3 bytes)
[DEBUG] Unhandled play packet 0x51 (3 bytes)
[DEBUG] Unhandled play packet 0x51 (3 bytes)
[DEBUG] Unhandled play packet 0x51 (3 bytes)
[DEBUG] Unhandled play packet 0x51 (3 bytes)
[DEBUG] Unhandled play packet 0x51 (3 bytes)
[DEBUG] Unhandled play packet 0x63 (7 bytes)
[DEBUG] Unhandled play packet 0x51 (3 bytes)
[DEBUG] Unhandled play packet 0x51 (3 bytes)
[DEBUG] Unhandled play packet 0x51 (3 bytes)
[DEBUG] Unhandled play packet 0x63 (8 bytes)
[DEBUG] Unhandled play packet 0x51 (3 bytes)
[Chat] Raw message: 
≡ƒÆ¼ 
[Bot] Chat received: { message: '', system: false }
[DEBUG] Unhandled play packet 0x36 (5 bytes)
[DEBUG] Unhandled play packet 0x51 (3 bytes)
[DEBUG] Unhandled play packet 0x63 (8 bytes)
[DEBUG] Unhandled play packet 0x51 (3 bytes)
[DEBUG] Unhandled play packet 0x51 (3 bytes)
[DEBUG] Unhandled play packet 0x51 (3 bytes)
[DEBUG] Unhandled play packet 0x51 (3 bytes)
[DEBUG] Unhandled play packet 0x51 (3 bytes)
[DEBUG] Unhandled play packet 0x51 (3 bytes)
[DEBUG] Unhandled play packet 0x51 (3 bytes)
[DEBUG] Unhandled play packet 0x51 (3 bytes)
[DEBUG] Unhandled play packet 0x51 (3 bytes)
[DEBUG] Unhandled play packet 0x51 (3 bytes)
[DEBUG] Unhandled play packet 0x63 (8 bytes)
[DEBUG] Unhandled play packet 0x51 (3 bytes)
[DEBUG] Unhandled play packet 0x51 (3 bytes)
[DEBUG] Unhandled play packet 0x63 (8 bytes)
[DEBUG] Unhandled play packet 0x51 (3 bytes)
[DEBUG] Unhandled play packet 0x51 (3 bytes)
[DEBUG] Unhandled play packet 0x51 (3 bytes)
[DEBUG] Unhandled play packet 0x51 (3 bytes)
[DEBUG] Unhandled play packet 0x51 (3 bytes)
[DEBUG] Unhandled play packet 0x63 (8 bytes)
[DEBUG] Unhandled play packet 0x51 (3 bytes)
[DEBUG] Unhandled play packet 0x51 (3 bytes)
[DEBUG] Unhandled play packet 0x51 (3 bytes)
[DEBUG] Unhandled play packet 0x51 (3 bytes)
[DEBUG] Unhandled play packet 0x51 (3 bytes)
[DEBUG] Unhandled play packet 0x63 (8 bytes)
[DEBUG] Unhandled play packet 0x51 (3 bytes)
[DEBUG] Unhandled play packet 0x51 (3 bytes)
[DEBUG] Unhandled play packet 0x51 (3 bytes)
[DEBUG] Unhandled play packet 0x36 (5 bytes)
[DEBUG] Unhandled play packet 0x51 (3 bytes)
[DEBUG] Unhandled play packet 0x63 (8 bytes)
[DEBUG] Unhandled play packet 0x51 (3 bytes)
[DEBUG] Unhandled play packet 0x51 (3 bytes)
[DEBUG] Unhandled play packet 0x51 (3 bytes)
[DEBUG] Unhandled play packet 0x51 (3 bytes)
[DEBUG] Unhandled play packet 0x51 (3 bytes)
[DEBUG] Unhandled play packet 0x51 (3 bytes)
[DEBUG] Unhandled play packet 0x63 (8 bytes)
[DEBUG] Unhandled play packet 0x51 (3 bytes)
[DEBUG] Unhandled play packet 0x51 (3 bytes)
[DEBUG] Unhandled play packet 0x51 (3 bytes)
[DEBUG] Unhandled play packet 0x51 (3 bytes)
[DEBUG] Unhandled play packet 0x51 (3 bytes)
[DEBUG] Unhandled play packet 0x63 (8 bytes)
[DEBUG] Unhandled play packet 0x51 (3 bytes)
[DEBUG] Unhandled play packet 0x51 (3 bytes)
[DEBUG] Unhandled play packet 0x63 (8 bytes)
[DEBUG] Unhandled play packet 0x51 (3 bytes)
[DEBUG] Unhandled play packet 0x51 (3 bytes)
[DEBUG] Unhandled play packet 0x51 (3 bytes)
[DEBUG] Unhandled play packet 0x51 (3 bytes)
[Chat] Raw message: 
≡ƒÆ¼ 
[Bot] Chat received: { message: '', system: false }
[DEBUG] Unhandled play packet 0x51 (3 bytes)
[DEBUG] Unhandled play packet 0x51 (3 bytes)
[DEBUG] Unhandled play packet 0x51 (3 bytes)
[DEBUG] Unhandled play packet 0x51 (3 bytes)
[DEBUG] Unhandled play packet 0x63 (8 bytes)
[DEBUG] Unhandled play packet 0x51 (3 bytes)
[DEBUG] Unhandled play packet 0x51 (3 bytes)
[DEBUG] Unhandled play packet 0x51 (3 bytes)
[DEBUG] Unhandled play packet 0x63 (8 bytes)
[DEBUG] Unhandled play packet 0x51 (3 bytes)
[DEBUG] Unhandled play packet 0x51 (3 bytes)
[DEBUG] Unhandled play packet 0x36 (5 bytes)
[DEBUG] Unhandled play packet 0x51 (3 bytes)
[DEBUG] Unhandled play packet 0x51 (3 bytes)
[DEBUG] Unhandled play packet 0x51 (3 bytes)
[DEBUG] Unhandled play packet 0x51 (3 bytes)
[DEBUG] Unhandled play packet 0x51 (3 bytes)
[DEBUG] Unhandled play packet 0x51 (3 bytes)
[DEBUG] Unhandled play packet 0x63 (8 bytes)
[DEBUG] Unhandled play packet 0x51 (3 bytes)
[DEBUG] Unhandled play packet 0x51 (3 bytes)
[DEBUG] Unhandled play packet 0x51 (3 bytes)
[DEBUG] Unhandled play packet 0x63 (8 bytes)
[DEBUG] Unhandled play packet 0x51 (3 bytes)
[DEBUG] Unhandled play packet 0x51 (3 bytes)
[DEBUG] Unhandled play packet 0x51 (3 bytes)
[DEBUG] Unhandled play packet 0x63 (8 bytes)
[DEBUG] Unhandled play packet 0x51 (3 bytes)
[DEBUG] Unhandled play packet 0x51 (3 bytes)
[DEBUG] Unhandled play packet 0x51 (3 bytes)
[DEBUG] Unhandled play packet 0x51 (3 bytes)
[DEBUG] Unhandled play packet 0x51 (3 bytes)
[DEBUG] Unhandled play packet 0x51 (3 bytes)
[Chat] Raw message: 
≡ƒÆ¼ 
[Bot] Chat received: { message: '', system: false }
[Chat] Raw message: 
≡ƒÆ¼ 
[Bot] Chat received: { message: '', system: false }
[Chat] Raw message: 
≡ƒÆ¼ 
[Bot] Chat received: { message: '', system: false }
[DEBUG] Unhandled play packet 0x51 (3 bytes)
[DEBUG] Unhandled play packet 0x63 (8 bytes)
[DEBUG] Unhandled play packet 0x61 (7 bytes)
[DEBUG] Unhandled play packet 0x51 (3 bytes)
[DEBUG] Unhandled play packet 0x51 (3 bytes)
[DEBUG] Unhandled play packet 0x51 (3 bytes)
[DEBUG] Unhandled play packet 0x51 (3 bytes)
[DEBUG] Unhandled play packet 0x51 (3 bytes)
[DEBUG] Unhandled play packet 0x63 (8 bytes)
[DEBUG] Unhandled play packet 0x51 (3 bytes)
[DEBUG] Unhandled play packet 0x63 (8 bytes)
[DEBUG] Unhandled play packet 0x61 (7 bytes)
[DEBUG] Unhandled play packet 0x51 (3 bytes)
[DEBUG] Unhandled play packet 0x51 (3 bytes)
[DEBUG] Unhandled play packet 0x63 (8 bytes)
[DEBUG] Unhandled play packet 0x51 (3 bytes)
[DEBUG] Unhandled play packet 0x51 (3 bytes)
[DEBUG] Unhandled play packet 0x63 (8 bytes)
[DEBUG] Unhandled play packet 0x61 (7 bytes)
[DEBUG] Unhandled play packet 0x51 (3 bytes)
[DEBUG] Unhandled play packet 0x51 (3 bytes)
[DEBUG] Unhandled play packet 0x51 (3 bytes)
[DEBUG] Unhandled play packet 0x51 (3 bytes)
[DEBUG] Unhandled play packet 0x51 (3 bytes)
[DEBUG] Unhandled play packet 0x63 (8 bytes)
[DEBUG] Unhandled play packet 0x61 (7 bytes)
[DEBUG] Unhandled play packet 0x51 (3 bytes)
[DEBUG] Unhandled play packet 0x51 (3 bytes)
[DEBUG] Unhandled play packet 0x51 (3 bytes)
[DEBUG] Unhandled play packet 0x51 (3 bytes)
[DEBUG] Unhandled play packet 0x63 (8 bytes)
[DEBUG] Unhandled play packet 0x51 (3 bytes)
[DEBUG] Unhandled play packet 0x63 (8 bytes)
[DEBUG] Unhandled play packet 0x51 (3 bytes)
[DEBUG] Unhandled play packet 0x63 (8 bytes)
[DEBUG] Unhandled play packet 0x61 (7 bytes)
[DEBUG] Unhandled play packet 0x51 (3 bytes)
[DEBUG] Unhandled play packet 0x51 (3 bytes)
[DEBUG] Unhandled play packet 0x63 (8 bytes)
[DEBUG] Unhandled play packet 0x51 (3 bytes)
[DEBUG] Unhandled play packet 0x51 (3 bytes)
[DEBUG] Unhandled play packet 0x63 (8 bytes)
[DEBUG] Unhandled play packet 0x61 (7 bytes)
[DEBUG] Unhandled play packet 0x51 (3 bytes)
[DEBUG] Unhandled play packet 0x51 (3 bytes)
[DEBUG] Unhandled play packet 0x51 (3 bytes)
[DEBUG] Unhandled play packet 0x51 (3 bytes)
[DEBUG] Unhandled play packet 0x51 (3 bytes)
[DEBUG] Unhandled play packet 0x51 (3 bytes)
[DEBUG] Unhandled play packet 0x51 (3 bytes)
[DEBUG] Unhandled play packet 0x63 (8 bytes)
[DEBUG] Unhandled play packet 0x51 (3 bytes)
[DEBUG] Unhandled play packet 0x51 (3 bytes)
[DEBUG] Unhandled play packet 0x51 (3 bytes)
[DEBUG] Unhandled play packet 0x51 (3 bytes)
[DEBUG] Unhandled play packet 0x63 (7 bytes)
[DEBUG] Unhandled play packet 0x51 (2 bytes)
[DEBUG] Unhandled play packet 0x63 (8 bytes)
[DEBUG] Unhandled play packet 0x51 (3 bytes)
[DEBUG] Unhandled play packet 0x63 (8 bytes)
[DEBUG] Unhandled play packet 0x51 (3 bytes)
[DEBUG] Unhandled play packet 0x51 (3 bytes)
[DEBUG] Unhandled play packet 0x51 (3 bytes)
[DEBUG] Unhandled play packet 0x63 (8 bytes)
[DEBUG] Unhandled play packet 0x51 (3 bytes)
[DEBUG] Unhandled play packet 0x51 (3 bytes)
[DEBUG] Unhandled play packet 0x51 (3 bytes)
[DEBUG] Unhandled play packet 0x51 (3 bytes)
[DEBUG] Unhandled play packet 0x51 (3 bytes)
[DEBUG] Unhandled play packet 0x51 (3 bytes)
[DEBUG] Unhandled play packet 0x51 (3 bytes)
[DEBUG] Unhandled play packet 0x51 (3 bytes)
[DEBUG] Unhandled play packet 0x51 (3 bytes)
[DEBUG] Unhandled play packet 0x63 (8 bytes)
[DEBUG] Unhandled play packet 0x51 (3 bytes)
[DEBUG] Unhandled play packet 0x51 (3 bytes)
[DEBUG] Unhandled play packet 0x51 (3 bytes)
[DEBUG] Unhandled play packet 0x51 (3 bytes)
[DEBUG] Unhandled play packet 0x63 (8 bytes)
[DEBUG] Unhandled play packet 0x51 (3 bytes)
[DEBUG] Unhandled play packet 0x63 (8 bytes)
[DEBUG] Unhandled play packet 0x51 (3 bytes)
[DEBUG] Unhandled play packet 0x51 (3 bytes)
[DEBUG] Unhandled play packet 0x51 (3 bytes)
[DEBUG] Unhandled play packet 0x63 (8 bytes)
[DEBUG] Unhandled play packet 0x51 (3 bytes)
[DEBUG] Unhandled play packet 0x51 (3 bytes)
[DEBUG] Unhandled play packet 0x51 (3 bytes)
[DEBUG] Unhandled play packet 0x51 (3 bytes)
[DEBUG] Unhandled play packet 0x51 (3 bytes)
[DEBUG] Unhandled play packet 0x51 (3 bytes)
[DEBUG] Unhandled play packet 0x51 (3 bytes)
[DEBUG] Unhandled play packet 0x51 (3 bytes)
[DEBUG] Unhandled play packet 0x63 (8 bytes)
[DEBUG] Unhandled play packet 0x51 (3 bytes)
[DEBUG] Unhandled play packet 0x51 (3 bytes)
[DEBUG] Unhandled play packet 0x51 (3 bytes)
[DEBUG] Unhandled play packet 0x51 (3 bytes)
[Chat] Raw message: 
≡ƒÆ¼ 
[Bot] Chat received: { message: '', system: false }
[Chat] Raw message: 
≡ƒÆ¼ 
[Bot] Chat received: { message: '', system: false }
[DEBUG] Unhandled play packet 0x63 (8 bytes)
[DEBUG] Unhandled play packet 0x51 (3 bytes)
[DEBUG] Unhandled play packet 0x63 (8 bytes)
[DEBUG] Unhandled play packet 0x51 (3 bytes)
[DEBUG] Unhandled play packet 0x51 (3 bytes)
[DEBUG] Unhandled play packet 0x51 (3 bytes)
[DEBUG] Unhandled play packet 0x63 (8 bytes)
[DEBUG] Unhandled play packet 0x51 (3 bytes)
[DEBUG] Unhandled play packet 0x51 (3 bytes)
[DEBUG] Unhandled play packet 0x51 (3 bytes)
[DEBUG] Unhandled play packet 0x51 (3 bytes)
[DEBUG] Unhandled play packet 0x51 (3 bytes)
[DEBUG] Unhandled play packet 0x51 (3 bytes)
[DEBUG] Unhandled play packet 0x51 (3 bytes)
[DEBUG] Unhandled play packet 0x51 (3 bytes)
[DEBUG] Unhandled play packet 0x51 (3 bytes)
[DEBUG] Unhandled play packet 0x51 (3 bytes)
[DEBUG] Unhandled play packet 0x51 (3 bytes)
[DEBUG] Unhandled play packet 0x51 (3 bytes)
[DEBUG] Unhandled play packet 0x63 (8 bytes)
[DEBUG] Unhandled play packet 0x51 (3 bytes)
[DEBUG] Unhandled play packet 0x63 (8 bytes)
[DEBUG] Unhandled play packet 0x63 (8 bytes)
[DEBUG] Unhandled play packet 0x51 (3 bytes)
[DEBUG] Unhandled play packet 0x51 (3 bytes)
[DEBUG] Unhandled play packet 0x51 (3 bytes)
[DEBUG] Unhandled play packet 0x63 (8 bytes)
[DEBUG] Unhandled play packet 0x51 (3 bytes)
[DEBUG] Unhandled play packet 0x51 (3 bytes)
[DEBUG] Unhandled play packet 0x51 (3 bytes)
[DEBUG] Unhandled play packet 0x51 (3 bytes)
[DEBUG] Unhandled play packet 0x51 (3 bytes)
[DEBUG] Unhandled play packet 0x51 (3 bytes)
[DEBUG] Unhandled play packet 0x51 (3 bytes)
[DEBUG] Unhandled play packet 0x51 (3 bytes)
[DEBUG] Unhandled play packet 0x51 (3 bytes)
[DEBUG] Unhandled play packet 0x51 (3 bytes)
[DEBUG] Unhandled play packet 0x51 (3 bytes)
[DEBUG] Unhandled play packet 0x51 (3 bytes)
[Chat] Raw message: 
≡ƒÆ¼ 
[Bot] Chat received: { message: '', system: false }
[DEBUG] Unhandled play packet 0x63 (8 bytes)
[DEBUG] Unhandled play packet 0x51 (3 bytes)
[DEBUG] Unhandled play packet 0x63 (8 bytes)
[DEBUG] Unhandled play packet 0x63 (8 bytes)
[DEBUG] Unhandled play packet 0x51 (3 bytes)
[DEBUG] Unhandled play packet 0x51 (3 bytes)
[DEBUG] Unhandled play packet 0x51 (3 bytes)
[DEBUG] Unhandled play packet 0x63 (8 bytes)
[DEBUG] Unhandled play packet 0x51 (3 bytes)
[DEBUG] Unhandled play packet 0x00 (0 bytes)
[DEBUG] Unhandled play packet 0x61 (9 bytes)
[DEBUG] Unhandled play packet 0x00 (0 bytes)
[DEBUG] Unhandled play packet 0x00 (0 bytes)
[DEBUG] Unhandled play packet 0x61 (9 bytes)
[DEBUG] Unhandled play packet 0x00 (0 bytes)
[DEBUG] Unhandled play packet 0x51 (3 bytes)
[DEBUG] Unhandled play packet 0x51 (3 bytes)
[DEBUG] Unhandled play packet 0x51 (3 bytes)
[DEBUG] Unhandled play packet 0x51 (3 bytes)
[DEBUG] Unhandled play packet 0x51 (3 bytes)
[DEBUG] Unhandled play packet 0x51 (3 bytes)
[DEBUG] Unhandled play packet 0x61 (9 bytes)
[DEBUG] Unhandled play packet 0x61 (9 bytes)
[DEBUG] Unhandled play packet 0x51 (3 bytes)
[DEBUG] Unhandled play packet 0x51 (3 bytes)
[Chat] Raw message: 
≡ƒÆ¼ 
[Bot] Chat received: { message: '', system: false }
[DEBUG] Unhandled play packet 0x51 (3 bytes)
[DEBUG] Unhandled play packet 0x51 (3 bytes)
[DEBUG] Unhandled play packet 0x63 (8 bytes)
[DEBUG] Unhandled play packet 0x51 (3 bytes)
[DEBUG] Unhandled play packet 0x51 (3 bytes)
[DEBUG] Unhandled play packet 0x51 (3 bytes)
[DEBUG] Unhandled play packet 0x63 (8 bytes)
[DEBUG] Unhandled play packet 0x51 (3 bytes)
[DEBUG] Unhandled play packet 0x63 (8 bytes)
[DEBUG] Unhandled play packet 0x63 (8 bytes)
[DEBUG] Unhandled play packet 0x51 (3 bytes)
[DEBUG] Unhandled play packet 0x51 (3 bytes)
[DEBUG] Unhandled play packet 0x51 (3 bytes)
[DEBUG] Unhandled play packet 0x63 (8 bytes)
[DEBUG] Unhandled play packet 0x51 (3 bytes)
[DEBUG] Unhandled play packet 0x51 (3 bytes)
[DEBUG] Unhandled play packet 0x51 (3 bytes)
[DEBUG] Unhandled play packet 0x51 (3 bytes)
[DEBUG] Unhandled play packet 0x51 (3 bytes)
[DEBUG] Unhandled play packet 0x63 (8 bytes)
[DEBUG] Unhandled play packet 0x81 (13 bytes)
[DEBUG] Unhandled play packet 0x63 (8 bytes)
[DEBUG] Unhandled play packet 0x81 (13 bytes)
[DEBUG] Unhandled play packet 0x51 (3 bytes)
[DEBUG] Unhandled play packet 0x51 (3 bytes)
[DEBUG] Unhandled play packet 0x51 (3 bytes)
[DEBUG] Unhandled play packet 0x51 (3 bytes)
[DEBUG] Unhandled play packet 0x51 (3 bytes)
[DEBUG] Unhandled play packet 0x63 (8 bytes)
[DEBUG] Unhandled play packet 0x51 (3 bytes)
[DEBUG] Unhandled play packet 0x51 (3 bytes)
[DEBUG] Unhandled play packet 0x51 (3 bytes)
[DEBUG] Unhandled play packet 0x63 (8 bytes)
[DEBUG] Unhandled play packet 0x51 (3 bytes)
[DEBUG] Unhandled play packet 0x63 (8 bytes)
[DEBUG] Unhandled play packet 0x51 (3 bytes)
[DEBUG] Unhandled play packet 0x63 (8 bytes)
[DEBUG] Unhandled play packet 0x51 (3 bytes)
[DEBUG] Unhandled play packet 0x51 (3 bytes)
[DEBUG] Unhandled play packet 0x63 (8 bytes)
[DEBUG] Unhandled play packet 0x51 (3 bytes)
[DEBUG] Unhandled play packet 0x51 (3 bytes)
[DEBUG] Unhandled play packet 0x51 (3 bytes)
[DEBUG] Unhandled play packet 0x51 (3 bytes)
[DEBUG] Unhandled play packet 0x51 (3 bytes)
[DEBUG] Unhandled play packet 0x51 (3 bytes)
[DEBUG] Unhandled play packet 0x51 (3 bytes)
[DEBUG] Unhandled play packet 0x63 (8 bytes)
[DEBUG] Unhandled play packet 0x51 (3 bytes)
[DEBUG] Unhandled play packet 0x63 (8 bytes)
[DEBUG] Unhandled play packet 0x51 (3 bytes)
[DEBUG] Unhandled play packet 0x51 (3 bytes)
[DEBUG] Unhandled play packet 0x51 (3 bytes)
[DEBUG] Unhandled play packet 0x63 (8 bytes)
[DEBUG] Unhandled play packet 0x51 (3 bytes)
[DEBUG] Unhandled play packet 0x63 (8 bytes)
[DEBUG] Unhandled play packet 0x51 (3 bytes)
[DEBUG] Unhandled play packet 0x63 (8 bytes)
[DEBUG] Unhandled play packet 0x51 (3 bytes)
[DEBUG] Unhandled play packet 0x51 (3 bytes)
[DEBUG] Unhandled play packet 0x63 (8 bytes)
[DEBUG] Unhandled play packet 0x51 (3 bytes)
[DEBUG] Unhandled play packet 0x63 (8 bytes)
[DEBUG] Unhandled play packet 0x51 (3 bytes)
[DEBUG] Unhandled play packet 0x51 (3 bytes)
[DEBUG] Unhandled play packet 0x51 (3 bytes)
[DEBUG] Unhandled play packet 0x51 (3 bytes)
[DEBUG] Unhandled play packet 0x63 (8 bytes)
[DEBUG] Unhandled play packet 0x51 (3 bytes)
[DEBUG] Unhandled play packet 0x51 (3 bytes)
[DEBUG] Unhandled play packet 0x51 (3 bytes)
[DEBUG] Unhandled play packet 0x51 (3 bytes)
[DEBUG] Unhandled play packet 0x51 (3 bytes)
[DEBUG] Unhandled play packet 0x51 (3 bytes)
[DEBUG] Unhandled play packet 0x51 (3 bytes)
[DEBUG] Unhandled play packet 0x51 (3 bytes)
[DEBUG] Unhandled play packet 0x63 (8 bytes)
[DEBUG] Unhandled play packet 0x51 (3 bytes)
[DEBUG] Unhandled play packet 0x63 (8 bytes)
[DEBUG] Unhandled play packet 0x51 (3 bytes)
[DEBUG] Unhandled play packet 0x63 (8 bytes)
[DEBUG] Unhandled play packet 0x51 (3 bytes)
[DEBUG] Unhandled play packet 0x51 (3 bytes)
[DEBUG] Unhandled play packet 0x63 (8 bytes)
[DEBUG] Unhandled play packet 0x51 (3 bytes)
[DEBUG] Unhandled play packet 0x51 (3 bytes)
[DEBUG] Unhandled play packet 0x51 (3 bytes)
[DEBUG] Unhandled play packet 0x51 (3 bytes)
[DEBUG] Unhandled play packet 0x51 (3 bytes)
[DEBUG] Unhandled play packet 0x51 (3 bytes)
[DEBUG] Unhandled play packet 0x63 (8 bytes)
[DEBUG] Unhandled play packet 0x51 (3 bytes)
[DEBUG] Unhandled play packet 0x51 (3 bytes)
[DEBUG] Unhandled play packet 0x51 (3 bytes)
[DEBUG] Unhandled play packet 0x51 (3 bytes)
[DEBUG] Unhandled play packet 0x63 (8 bytes)
[DEBUG] Unhandled play packet 0x51 (3 bytes)
[DEBUG] Unhandled play packet 0x51 (3 bytes)
[DEBUG] Unhandled play packet 0x51 (3 bytes)
[Chat] Raw message: 
≡ƒÆ¼ 
[Bot] Chat received: { message: '', system: false }
[Chat] Raw message: 
≡ƒÆ¼ 
[Bot] Chat received: { message: '', system: false }
[DEBUG] Unhandled play packet 0x51 (3 bytes)
[DEBUG] Unhandled play packet 0x51 (2 bytes)
[DEBUG] Unhandled play packet 0x63 (8 bytes)
[DEBUG] Unhandled play packet 0x51 (3 bytes)
[DEBUG] Unhandled play packet 0x63 (8 bytes)
[DEBUG] Unhandled play packet 0x63 (8 bytes)
[DEBUG] Unhandled play packet 0x51 (3 bytes)
[DEBUG] Unhandled play packet 0x51 (3 bytes)
[DEBUG] Unhandled play packet 0x51 (3 bytes)
[DEBUG] Unhandled play packet 0x51 (3 bytes)
[Chat] Raw message: 
≡ƒÆ¼ 
[Bot] Chat received: { message: '', system: false }
[DEBUG] Unhandled play packet 0x51 (3 bytes)
[DEBUG] Unhandled play packet 0x51 (3 bytes)
[DEBUG] Unhandled play packet 0x51 (3 bytes)
[DEBUG] Unhandled play packet 0x51 (3 bytes)
[DEBUG] Unhandled play packet 0x51 (3 bytes)
[DEBUG] Unhandled play packet 0x51 (3 bytes)
[DEBUG] Unhandled play packet 0x63 (8 bytes)
[DEBUG] Unhandled play packet 0x51 (3 bytes)
[DEBUG] Unhandled play packet 0x51 (3 bytes)
[DEBUG] Unhandled play packet 0x51 (3 bytes)
[DEBUG] Unhandled play packet 0x51 (3 bytes)
[DEBUG] Unhandled play packet 0x63 (8 bytes)
[DEBUG] Unhandled play packet 0x51 (3 bytes)
[DEBUG] Unhandled play packet 0x51 (3 bytes)
[DEBUG] Unhandled play packet 0x51 (3 bytes)
[DEBUG] Unhandled play packet 0x51 (2 bytes)
[DEBUG] Unhandled play packet 0x63 (8 bytes)
[DEBUG] Unhandled play packet 0x51 (3 bytes)
[DEBUG] Unhandled play packet 0x63 (8 bytes)
[DEBUG] Unhandled play packet 0x51 (3 bytes)
[DEBUG] Unhandled play packet 0x63 (8 bytes)
[DEBUG] Unhandled play packet 0x51 (3 bytes)
[DEBUG] Unhandled play packet 0x51 (3 bytes)
[DEBUG] Unhandled play packet 0x51 (3 bytes)
[DEBUG] Unhandled play packet 0x51 (3 bytes)
[DEBUG] Unhandled play packet 0x51 (3 bytes)
[DEBUG] Unhandled play packet 0x51 (3 bytes)
[DEBUG] Unhandled play packet 0x51 (3 bytes)
[DEBUG] Unhandled play packet 0x51 (3 bytes)
[DEBUG] Unhandled play packet 0x63 (8 bytes)
[DEBUG] Unhandled play packet 0x51 (3 bytes)
[DEBUG] Unhandled play packet 0x51 (3 bytes)
[DEBUG] Unhandled play packet 0x51 (3 bytes)
[DEBUG] Unhandled play packet 0x51 (3 bytes)
[DEBUG] Unhandled play packet 0x63 (8 bytes)
[DEBUG] Unhandled play packet 0x51 (3 bytes)
[DEBUG] Unhandled play packet 0x51 (3 bytes)
[DEBUG] Unhandled play packet 0x51 (3 bytes)
[DEBUG] Unhandled play packet 0x63 (8 bytes)
[DEBUG] Unhandled play packet 0x63 (8 bytes)
[DEBUG] Unhandled play packet 0x51 (3 bytes)
[DEBUG] Unhandled play packet 0x63 (8 bytes)
[DEBUG] Unhandled play packet 0x51 (3 bytes)
[DEBUG] Unhandled play packet 0x51 (3 bytes)
[DEBUG] Unhandled play packet 0x51 (3 bytes)
[DEBUG] Unhandled play packet 0x63 (8 bytes)
[DEBUG] Unhandled play packet 0x51 (3 bytes)
[DEBUG] Unhandled play packet 0x51 (3 bytes)
[DEBUG] Unhandled play packet 0x51 (3 bytes)
[DEBUG] Unhandled play packet 0x51 (3 bytes)
[DEBUG] Unhandled play packet 0x51 (3 bytes)
[DEBUG] Unhandled play packet 0x63 (8 bytes)
[DEBUG] Unhandled play packet 0x51 (3 bytes)
[DEBUG] Unhandled play packet 0x51 (3 bytes)
[DEBUG] Unhandled play packet 0x51 (3 bytes)
[DEBUG] Unhandled play packet 0x51 (3 bytes)
[DEBUG] Unhandled play packet 0x63 (8 bytes)
[DEBUG] Unhandled play packet 0x51 (3 bytes)
[DEBUG] Unhandled play packet 0x51 (3 bytes)
[DEBUG] Unhandled play packet 0x63 (8 bytes)
[DEBUG] Unhandled play packet 0x51 (3 bytes)
[DEBUG] Unhandled play packet 0x51 (3 bytes)
[DEBUG] Unhandled play packet 0x63 (8 bytes)
[DEBUG] Unhandled play packet 0x63 (8 bytes)
[DEBUG] Unhandled play packet 0x51 (3 bytes)
[DEBUG] Unhandled play packet 0x51 (3 bytes)
[DEBUG] Unhandled play packet 0x51 (3 bytes)
[DEBUG] Unhandled play packet 0x63 (8 bytes)
[Chat] Raw message: 
≡ƒÆ¼ 
[Bot] Chat received: { message: '', system: false }
[DEBUG] Unhandled play packet 0x51 (3 bytes)
[DEBUG] Unhandled play packet 0x51 (3 bytes)
[DEBUG] Unhandled play packet 0x51 (3 bytes)
[DEBUG] Unhandled play packet 0x51 (3 bytes)
[DEBUG] Unhandled play packet 0x51 (3 bytes)
[DEBUG] Unhandled play packet 0x63 (8 bytes)
[DEBUG] Unhandled play packet 0x51 (3 bytes)
[DEBUG] Unhandled play packet 0x51 (3 bytes)
[DEBUG] Unhandled play packet 0x51 (3 bytes)
[DEBUG] Unhandled play packet 0x51 (3 bytes)
[DEBUG] Unhandled play packet 0x51 (3 bytes)
[DEBUG] Unhandled play packet 0x51 (3 bytes)
[DEBUG] Unhandled play packet 0x63 (8 bytes)
[DEBUG] Unhandled play packet 0x51 (3 bytes)
[DEBUG] Unhandled play packet 0x63 (8 bytes)
[DEBUG] Unhandled play packet 0x51 (3 bytes)
[DEBUG] Unhandled play packet 0x51 (3 bytes)
[DEBUG] Unhandled play packet 0x51 (3 bytes)
[DEBUG] Unhandled play packet 0x51 (2 bytes)
[DEBUG] Unhandled play packet 0x63 (8 bytes)
[DEBUG] Unhandled play packet 0x63 (8 bytes)
[DEBUG] Unhandled play packet 0x51 (3 bytes)
[DEBUG] Unhandled play packet 0x51 (3 bytes)
[DEBUG] Unhandled play packet 0x51 (3 bytes)
[DEBUG] Unhandled play packet 0x63 (8 bytes)
[DEBUG] Unhandled play packet 0x51 (3 bytes)
[DEBUG] Unhandled play packet 0x51 (3 bytes)
[DEBUG] Unhandled play packet 0x51 (3 bytes)
[DEBUG] Unhandled play packet 0x51 (3 bytes)
[DEBUG] Unhandled play packet 0x51 (3 bytes)
[DEBUG] Unhandled play packet 0x63 (8 bytes)
[DEBUG] Unhandled play packet 0x51 (3 bytes)
[DEBUG] Unhandled play packet 0x51 (3 bytes)
[DEBUG] Unhandled play packet 0x51 (3 bytes)
[Chat] Raw message: 
≡ƒÆ¼ 
[Bot] Chat received: { message: '', system: false }
[Chat] Raw message: 
≡ƒÆ¼ 
[Bot] Chat received: { message: '', system: false }
[DEBUG] Unhandled play packet 0x51 (3 bytes)
[DEBUG] Unhandled play packet 0x51 (3 bytes)
[DEBUG] Unhandled play packet 0x51 (3 bytes)
[DEBUG] Unhandled play packet 0x51 (3 bytes)
[DEBUG] Unhandled play packet 0x63 (3 bytes)
[DEBUG] Unhandled play packet 0x36 (5 bytes)
[DEBUG] Unhandled play packet 0x51 (3 bytes)
[DEBUG] Unhandled play packet 0x51 (3 bytes)
[DEBUG] Unhandled play packet 0x51 (3 bytes)
[DEBUG] Unhandled play packet 0x51 (3 bytes)
[DEBUG] Unhandled play packet 0x51 (2 bytes)
[DEBUG] Unhandled play packet 0x63 (8 bytes)
[DEBUG] Unhandled play packet 0x63 (8 bytes)
[DEBUG] Unhandled play packet 0x63 (8 bytes)
[DEBUG] Unhandled play packet 0x51 (3 bytes)
[DEBUG] Unhandled play packet 0x51 (3 bytes)
[DEBUG] Unhandled play packet 0x51 (3 bytes)
[DEBUG] Unhandled play packet 0x51 (3 bytes)
[DEBUG] Unhandled play packet 0x51 (3 bytes)
[DEBUG] Unhandled play packet 0x51 (3 bytes)
[DEBUG] Unhandled play packet 0x51 (3 bytes)
[DEBUG] Unhandled play packet 0x63 (8 bytes)
[DEBUG] Unhandled play packet 0x51 (3 bytes)
[DEBUG] Unhandled play packet 0x51 (3 bytes)
[DEBUG] Unhandled play packet 0x51 (3 bytes)
[DEBUG] Unhandled play packet 0x51 (3 bytes)
[DEBUG] Unhandled play packet 0x51 (3 bytes)
[DEBUG] Unhandled play packet 0x51 (3 bytes)
[DEBUG] Unhandled play packet 0x51 (3 bytes)
[DEBUG] Unhandled play packet 0x51 (3 bytes)
[Keep-Alive] Received: 2973295, responding...
[Keep-Alive] Response sent!
[DEBUG] Unhandled play packet 0x51 (3 bytes)
[DEBUG] Unhandled play packet 0x51 (2 bytes)
[DEBUG] Unhandled play packet 0x63 (8 bytes)
[DEBUG] Unhandled play packet 0x63 (8 bytes)
[DEBUG] Unhandled play packet 0x51 (3 bytes)
[DEBUG] Unhandled play packet 0x63 (8 bytes)
[DEBUG] Unhandled play packet 0x51 (3 bytes)
[DEBUG] Unhandled play packet 0x51 (3 bytes)
[DEBUG] Unhandled play packet 0x51 (3 bytes)
[DEBUG] Unhandled play packet 0x51 (3 bytes)
[DEBUG] Unhandled play packet 0x51 (3 bytes)
[DEBUG] Unhandled play packet 0x51 (3 bytes)
[DEBUG] Unhandled play packet 0x51 (3 bytes)
[DEBUG] Unhandled play packet 0x51 (3 bytes)
[DEBUG] Unhandled play packet 0x51 (3 bytes)
[DEBUG] Unhandled play packet 0x63 (8 bytes)
[DEBUG] Unhandled play packet 0x51 (3 bytes)
[DEBUG] Unhandled play packet 0x51 (3 bytes)
[DEBUG] Unhandled play packet 0x51 (3 bytes)
[DEBUG] Unhandled play packet 0x51 (3 bytes)
[DEBUG] Unhandled play packet 0x51 (3 bytes)
[DEBUG] Unhandled play packet 0x51 (3 bytes)
[DEBUG] Unhandled play packet 0x51 (3 bytes)
[DEBUG] Unhandled play packet 0x51 (3 bytes)
[DEBUG] Unhandled play packet 0x51 (3 bytes)
[DEBUG] Unhandled play packet 0x51 (3 bytes)
[DEBUG] Unhandled play packet 0x51 (3 bytes)
[Chat] Raw message: 
≡ƒÆ¼ 
[Bot] Chat received: { message: '', system: false }
[DEBUG] Unhandled play packet 0x51 (2 bytes)
[DEBUG] Unhandled play packet 0x63 (8 bytes)
[DEBUG] Unhandled play packet 0x63 (8 bytes)
[DEBUG] Unhandled play packet 0x63 (8 bytes)
[DEBUG] Unhandled play packet 0x51 (3 bytes)
[DEBUG] Unhandled play packet 0x51 (3 bytes)
[DEBUG] Unhandled play packet 0x51 (3 bytes)
[DEBUG] Unhandled play packet 0x51 (3 bytes)
[DEBUG] Unhandled play packet 0x51 (3 bytes)
[DEBUG] Unhandled play packet 0x51 (3 bytes)
[DEBUG] Unhandled play packet 0x51 (3 bytes)
[DEBUG] Unhandled play packet 0x51 (3 bytes)
[DEBUG] Unhandled play packet 0x51 (3 bytes)
[DEBUG] Unhandled play packet 0x63 (8 bytes)
[DEBUG] Unhandled play packet 0x51 (3 bytes)
[DEBUG] Unhandled play packet 0x51 (3 bytes)
[DEBUG] Unhandled play packet 0x51 (3 bytes)
[DEBUG] Unhandled play packet 0x51 (3 bytes)
[DEBUG] Unhandled play packet 0x51 (3 bytes)
[DEBUG] Unhandled play packet 0x51 (3 bytes)
[DEBUG] Unhandled play packet 0x51 (3 bytes)
[DEBUG] Unhandled play packet 0x51 (3 bytes)
[DEBUG] Unhandled play packet 0x51 (3 bytes)
[DEBUG] Unhandled play packet 0x51 (3 bytes)
[DEBUG] Unhandled play packet 0x63 (8 bytes)
[DEBUG] Unhandled play packet 0x51 (3 bytes)
[DEBUG] Unhandled play packet 0x51 (3 bytes)
[DEBUG] Unhandled play packet 0x63 (8 bytes)
[DEBUG] Unhandled play packet 0x51 (3 bytes)
[DEBUG] Unhandled play packet 0x51 (3 bytes)
[DEBUG] Unhandled play packet 0x51 (3 bytes)
[DEBUG] Unhandled play packet 0x51 (3 bytes)
[DEBUG] Unhandled play packet 0x51 (3 bytes)
[DEBUG] Unhandled play packet 0x63 (8 bytes)
[DEBUG] Unhandled play packet 0x51 (3 bytes)
[DEBUG] Unhandled play packet 0x51 (3 bytes)
[DEBUG] Unhandled play packet 0x51 (3 bytes)
[DEBUG] Unhandled play packet 0x51 (3 bytes)
[DEBUG] Unhandled play packet 0x51 (3 bytes)
[DEBUG] Unhandled play packet 0x51 (3 bytes)
[DEBUG] Unhandled play packet 0x63 (8 bytes)
[DEBUG] Unhandled play packet 0x51 (3 bytes)
[DEBUG] Unhandled play packet 0x63 (8 bytes)
[DEBUG] Unhandled play packet 0x51 (3 bytes)
[DEBUG] Unhandled play packet 0x51 (3 bytes)
[DEBUG] Unhandled play packet 0x63 (8 bytes)
[DEBUG] Unhandled play packet 0x51 (3 bytes)
[DEBUG] Unhandled play packet 0x63 (8 bytes)
[DEBUG] Unhandled play packet 0x51 (3 bytes)
[DEBUG] Unhandled play packet 0x51 (3 bytes)
[DEBUG] Unhandled play packet 0x51 (3 bytes)
[DEBUG] Unhandled play packet 0x51 (3 bytes)
[DEBUG] Unhandled play packet 0x51 (3 bytes)
[DEBUG] Unhandled play packet 0x51 (3 bytes)
[DEBUG] Unhandled play packet 0x51 (3 bytes)
[DEBUG] Unhandled play packet 0x51 (3 bytes)
[DEBUG] Unhandled play packet 0x51 (3 bytes)
[DEBUG] Unhandled play packet 0x63 (8 bytes)
[DEBUG] Unhandled play packet 0x51 (3 bytes)
[DEBUG] Unhandled play packet 0x51 (3 bytes)
[DEBUG] Unhandled play packet 0x51 (3 bytes)
[DEBUG] Unhandled play packet 0x51 (3 bytes)
[DEBUG] Unhandled play packet 0x51 (3 bytes)
[DEBUG] Unhandled play packet 0x51 (3 bytes)
[DEBUG] Unhandled play packet 0x51 (3 bytes)
[DEBUG] Unhandled play packet 0x51 (3 bytes)
[DEBUG] Unhandled play packet 0x63 (8 bytes)
[DEBUG] Unhandled play packet 0x51 (3 bytes)
[DEBUG] Unhandled play packet 0x63 (8 bytes)
[DEBUG] Unhandled play packet 0x51 (3 bytes)
[DEBUG] Unhandled play packet 0x51 (3 bytes)
[DEBUG] Unhandled play packet 0x51 (3 bytes)
[DEBUG] Unhandled play packet 0x51 (3 bytes)
[DEBUG] Unhandled play packet 0x51 (3 bytes)
[DEBUG] Unhandled play packet 0x51 (3 bytes)
[DEBUG] Unhandled play packet 0x51 (3 bytes)
[DEBUG] Unhandled play packet 0x51 (3 bytes)
[DEBUG] Unhandled play packet 0x51 (3 bytes)
[DEBUG] Unhandled play packet 0x51 (3 bytes)
[DEBUG] Unhandled play packet 0x63 (8 bytes)
[DEBUG] Unhandled play packet 0x51 (3 bytes)
[DEBUG] Unhandled play packet 0x51 (3 bytes)
[DEBUG] Unhandled play packet 0x51 (3 bytes)
[DEBUG] Unhandled play packet 0x63 (8 bytes)
[DEBUG] Unhandled play packet 0x51 (3 bytes)
[DEBUG] Unhandled play packet 0x51 (3 bytes)
[DEBUG] Unhandled play packet 0x63 (8 bytes)
[DEBUG] Unhandled play packet 0x51 (3 bytes)
[DEBUG] Unhandled play packet 0x51 (3 bytes)
[DEBUG] Unhandled play packet 0x51 (3 bytes)
[DEBUG] Unhandled play packet 0x51 (3 bytes)
[DEBUG] Unhandled play packet 0x51 (3 bytes)
[DEBUG] Unhandled play packet 0x51 (3 bytes)
[DEBUG] Unhandled play packet 0x51 (3 bytes)
[DEBUG] Unhandled play packet 0x63 (8 bytes)
[DEBUG] Unhandled play packet 0x63 (8 bytes)
[DEBUG] Unhandled play packet 0x51 (3 bytes)
[DEBUG] Unhandled play packet 0x51 (3 bytes)
[Chat] Raw message: 
≡ƒÆ¼ 
[Bot] Chat received: { message: '', system: false }
[Chat] Raw message: 
≡ƒÆ¼ 
[Bot] Chat received: { message: '', system: false }
[Chat] Raw message: 
≡ƒÆ¼ 
[Bot] Chat received: { message: '', system: false }
[DEBUG] Unhandled play packet 0x51 (3 bytes)
[DEBUG] Unhandled play packet 0x51 (3 bytes)
[DEBUG] Unhandled play packet 0x51 (3 bytes)
[DEBUG] Unhandled play packet 0x51 (3 bytes)
[DEBUG] Unhandled play packet 0x51 (3 bytes)
[DEBUG] Unhandled play packet 0x63 (8 bytes)
[DEBUG] Unhandled play packet 0x51 (3 bytes)
[DEBUG] Unhandled play packet 0x51 (3 bytes)
[DEBUG] Unhandled play packet 0x51 (3 bytes)
[DEBUG] Unhandled play packet 0x51 (3 bytes)
[DEBUG] Unhandled play packet 0x51 (3 bytes)
[DEBUG] Unhandled play packet 0x63 (8 bytes)
[DEBUG] Unhandled play packet 0x63 (8 bytes)
[DEBUG] Unhandled play packet 0x51 (3 bytes)
[DEBUG] Unhandled play packet 0x51 (3 bytes)
[Chat] Raw message: 
≡ƒÆ¼ 
[Bot] Chat received: { message: '', system: false }
[DEBUG] Unhandled play packet 0x51 (3 bytes)
[DEBUG] Unhandled play packet 0x51 (3 bytes)
[DEBUG] Unhandled play packet 0x51 (3 bytes)
[DEBUG] Unhandled play packet 0x51 (3 bytes)
[DEBUG] Unhandled play packet 0x63 (8 bytes)
[DEBUG] Unhandled play packet 0x51 (3 bytes)
[DEBUG] Unhandled play packet 0x51 (3 bytes)
[DEBUG] Unhandled play packet 0x51 (3 bytes)
[DEBUG] Unhandled play packet 0x51 (3 bytes)
[DEBUG] Unhandled play packet 0x51 (3 bytes)
[DEBUG] Unhandled play packet 0x51 (3 bytes)
[DEBUG] Unhandled play packet 0x51 (3 bytes)
[DEBUG] Unhandled play packet 0x63 (8 bytes)
[DEBUG] Unhandled play packet 0x63 (8 bytes)
[DEBUG] Unhandled play packet 0x51 (3 bytes)
[DEBUG] Unhandled play packet 0x51 (3 bytes)
[DEBUG] Unhandled play packet 0x51 (3 bytes)
[DEBUG] Unhandled play packet 0x51 (3 bytes)
[DEBUG] Unhandled play packet 0x51 (3 bytes)
[DEBUG] Unhandled play packet 0x51 (3 bytes)
[DEBUG] Unhandled play packet 0x51 (3 bytes)
[DEBUG] Unhandled play packet 0x63 (8 bytes)
[DEBUG] Unhandled play packet 0x51 (3 bytes)
[DEBUG] Unhandled play packet 0x51 (3 bytes)
[DEBUG] Unhandled play packet 0x51 (3 bytes)
[DEBUG] Unhandled play packet 0x51 (3 bytes)
[DEBUG] Unhandled play packet 0x51 (3 bytes)
[DEBUG] Unhandled play packet 0x51 (3 bytes)
[DEBUG] Unhandled play packet 0x51 (3 bytes)
[DEBUG] Unhandled play packet 0x63 (8 bytes)
[DEBUG] Unhandled play packet 0x63 (8 bytes)
[DEBUG] Unhandled play packet 0x51 (3 bytes)
[DEBUG] Unhandled play packet 0x51 (3 bytes)
[DEBUG] Unhandled play packet 0x51 (3 bytes)
[DEBUG] Unhandled play packet 0x51 (3 bytes)
[DEBUG] Unhandled play packet 0x51 (3 bytes)
[DEBUG] Unhandled play packet 0x51 (3 bytes)
[DEBUG] Unhandled play packet 0x51 (3 bytes)
[DEBUG] Unhandled play packet 0x63 (8 bytes)
[DEBUG] Unhandled play packet 0x51 (3 bytes)
[DEBUG] Unhandled play packet 0x51 (3 bytes)
[DEBUG] Unhandled play packet 0x51 (3 bytes)
[DEBUG] Unhandled play packet 0x51 (3 bytes)
[DEBUG] Unhandled play packet 0x51 (3 bytes)
[Chat] Raw message: 
≡ƒÆ¼ 
[Bot] Chat received: { message: '', system: false }
[DEBUG] Unhandled play packet 0x51 (3 bytes)
[DEBUG] Unhandled play packet 0x51 (3 bytes)
[DEBUG] Unhandled play packet 0x51 (3 bytes)
[DEBUG] Unhandled play packet 0x51 (3 bytes)
[DEBUG] Unhandled play packet 0x51 (3 bytes)
[DEBUG] Unhandled play packet 0x63 (8 bytes)
[DEBUG] Unhandled play packet 0x63 (8 bytes)
[DEBUG] Unhandled play packet 0x51 (3 bytes)
[DEBUG] Unhandled play packet 0x51 (3 bytes)
[DEBUG] Unhandled play packet 0x51 (3 bytes)
[DEBUG] Unhandled play packet 0x51 (3 bytes)
[DEBUG] Unhandled play packet 0x51 (3 bytes)
[DEBUG] Unhandled play packet 0x51 (3 bytes)
[DEBUG] Unhandled play packet 0x51 (3 bytes)
[DEBUG] Unhandled play packet 0x51 (3 bytes)
[DEBUG] Unhandled play packet 0x51 (3 bytes)
[DEBUG] Unhandled play packet 0x63 (8 bytes)
[DEBUG] Unhandled play packet 0x51 (3 bytes)
[DEBUG] Unhandled play packet 0x51 (3 bytes)
[DEBUG] Unhandled play packet 0x51 (3 bytes)
[DEBUG] Unhandled play packet 0x51 (3 bytes)
[Chat] Raw message: 
≡ƒÆ¼ 
[Bot] Chat received: { message: '', system: false }
[Chat] Raw message: 
≡ƒÆ¼ 
[Bot] Chat received: { message: '', system: false }
[DEBUG] Unhandled play packet 0x51 (3 bytes)
[DEBUG] Unhandled play packet 0x51 (3 bytes)
[DEBUG] Unhandled play packet 0x51 (3 bytes)
[DEBUG] Unhandled play packet 0x51 (3 bytes)
[DEBUG] Unhandled play packet 0x51 (3 bytes)
[DEBUG] Unhandled play packet 0x63 (8 bytes)
[DEBUG] Unhandled play packet 0x63 (8 bytes)
[DEBUG] Unhandled play packet 0x51 (3 bytes)
[DEBUG] Unhandled play packet 0x51 (3 bytes)
[DEBUG] Unhandled play packet 0x51 (3 bytes)
[DEBUG] Unhandled play packet 0x51 (3 bytes)
[DEBUG] Unhandled play packet 0x51 (3 bytes)
[DEBUG] Unhandled play packet 0x51 (3 bytes)
[DEBUG] Unhandled play packet 0x51 (3 bytes)
[DEBUG] Unhandled play packet 0x51 (3 bytes)
[DEBUG] Unhandled play packet 0x63 (8 bytes)
[DEBUG] Unhandled play packet 0x51 (3 bytes)
[DEBUG] Unhandled play packet 0x51 (3 bytes)
[DEBUG] Unhandled play packet 0x51 (3 bytes)
[DEBUG] Unhandled play packet 0x51 (3 bytes)
[DEBUG] Unhandled play packet 0x51 (3 bytes)
[DEBUG] Unhandled play packet 0x51 (3 bytes)
[DEBUG] Unhandled play packet 0x51 (3 bytes)
[DEBUG] Unhandled play packet 0x51 (3 bytes)
[DEBUG] Unhandled play packet 0x63 (8 bytes)
[DEBUG] Unhandled play packet 0x63 (8 bytes)
[DEBUG] Unhandled play packet 0x51 (3 bytes)
[DEBUG] Unhandled play packet 0x51 (3 bytes)
[DEBUG] Unhandled play packet 0x51 (3 bytes)
[DEBUG] Unhandled play packet 0x51 (3 bytes)
[DEBUG] Unhandled play packet 0x51 (3 bytes)
[DEBUG] Unhandled play packet 0x51 (3 bytes)
[DEBUG] Unhandled play packet 0x51 (3 bytes)
[DEBUG] Unhandled play packet 0x63 (8 bytes)
[DEBUG] Unhandled play packet 0x51 (3 bytes)
[DEBUG] Unhandled play packet 0x51 (3 bytes)
[DEBUG] Unhandled play packet 0x51 (3 bytes)
[DEBUG] Unhandled play packet 0x51 (3 bytes)
[DEBUG] Unhandled play packet 0x51 (3 bytes)
[DEBUG] Unhandled play packet 0x51 (3 bytes)
[DEBUG] Unhandled play packet 0x51 (3 bytes)
[DEBUG] Unhandled play packet 0x51 (3 bytes)
[DEBUG] Unhandled play packet 0x63 (8 bytes)
[DEBUG] Unhandled play packet 0x51 (3 bytes)
[DEBUG] Unhandled play packet 0x63 (8 bytes)
[DEBUG] Unhandled play packet 0x51 (3 bytes)
[DEBUG] Unhandled play packet 0x51 (3 bytes)
[Chat] Raw message: 
≡ƒÆ¼ 
[Bot] Chat received: { message: '', system: false }
[DEBUG] Unhandled play packet 0x51 (3 bytes)
[DEBUG] Unhandled play packet 0x51 (3 bytes)
[DEBUG] Unhandled play packet 0x51 (3 bytes)
[DEBUG] Unhandled play packet 0x63 (8 bytes)
[DEBUG] Unhandled play packet 0x51 (3 bytes)
[DEBUG] Unhandled play packet 0x51 (3 bytes)
[DEBUG] Unhandled play packet 0x51 (3 bytes)
[DEBUG] Unhandled play packet 0x51 (3 bytes)
[DEBUG] Unhandled play packet 0x51 (3 bytes)
[DEBUG] Unhandled play packet 0x51 (3 bytes)
[DEBUG] Unhandled play packet 0x51 (3 bytes)
[DEBUG] Unhandled play packet 0x51 (3 bytes)
[DEBUG] Unhandled play packet 0x51 (3 bytes)
[DEBUG] Unhandled play packet 0x51 (3 bytes)
[DEBUG] Unhandled play packet 0x63 (8 bytes)
[DEBUG] Unhandled play packet 0x51 (3 bytes)
[DEBUG] Unhandled play packet 0x63 (8 bytes)
[DEBUG] Unhandled play packet 0x51 (3 bytes)
[DEBUG] Unhandled play packet 0x51 (3 bytes)
[DEBUG] Unhandled play packet 0x51 (3 bytes)
[DEBUG] Unhandled play packet 0x51 (3 bytes)
[DEBUG] Unhandled play packet 0x51 (3 bytes)
[DEBUG] Unhandled play packet 0x51 (3 bytes)
[DEBUG] Unhandled play packet 0x51 (3 bytes)
[DEBUG] Unhandled play packet 0x63 (8 bytes)
[DEBUG] Unhandled play packet 0x51 (3 bytes)
[DEBUG] Unhandled play packet 0x51 (3 bytes)
[DEBUG] Unhandled play packet 0x63 (8 bytes)
[DEBUG] Unhandled play packet 0x51 (3 bytes)
[DEBUG] Unhandled play packet 0x51 (3 bytes)
[DEBUG] Unhandled play packet 0x51 (3 bytes)
[DEBUG] Unhandled play packet 0x00 (0 bytes)
[DEBUG] Unhandled play packet 0x61 (9 bytes)
[DEBUG] Unhandled play packet 0x00 (0 bytes)
[DEBUG] Unhandled play packet 0x51 (3 bytes)
[DEBUG] Unhandled play packet 0x51 (3 bytes)
[DEBUG] Unhandled play packet 0x51 (3 bytes)
[DEBUG] Unhandled play packet 0x51 (3 bytes)
[DEBUG] Unhandled play packet 0x63 (8 bytes)
[DEBUG] Unhandled play packet 0x51 (3 bytes)
[DEBUG] Unhandled play packet 0x51 (3 bytes)
[DEBUG] Unhandled play packet 0x51 (3 bytes)
[DEBUG] Unhandled play packet 0x61 (9 bytes)
[DEBUG] Unhandled play packet 0x51 (3 bytes)
[DEBUG] Unhandled play packet 0x51 (3 bytes)
[DEBUG] Unhandled play packet 0x51 (3 bytes)
[DEBUG] Unhandled play packet 0x51 (3 bytes)
[DEBUG] Unhandled play packet 0x63 (8 bytes)
[DEBUG] Unhandled play packet 0x51 (3 bytes)
[DEBUG] Unhandled play packet 0x51 (3 bytes)
[DEBUG] Unhandled play packet 0x51 (3 bytes)
[DEBUG] Unhandled play packet 0x51 (3 bytes)
[DEBUG] Unhandled play packet 0x51 (3 bytes)
[DEBUG] Unhandled play packet 0x00 (0 bytes)
[DEBUG] Unhandled play packet 0x61 (9 bytes)
[DEBUG] Unhandled play packet 0x00 (0 bytes)
[DEBUG] Unhandled play packet 0x00 (0 bytes)
[DEBUG] Unhandled play packet 0x61 (9 bytes)
[DEBUG] Unhandled play packet 0x64 (8 bytes)
[DEBUG] Unhandled play packet 0x00 (0 bytes)
[DEBUG] Unhandled play packet 0x00 (0 bytes)
[DEBUG] Unhandled play packet 0x61 (9 bytes)
[DEBUG] Unhandled play packet 0x64 (8 bytes)
[DEBUG] Unhandled play packet 0x00 (0 bytes)
[DEBUG] Unhandled play packet 0x61 (9 bytes)
[DEBUG] Unhandled play packet 0x51 (3 bytes)
[DEBUG] Unhandled play packet 0x61 (9 bytes)
[DEBUG] Unhandled play packet 0x61 (9 bytes)
[DEBUG] Unhandled play packet 0x51 (3 bytes)
[DEBUG] Unhandled play packet 0x51 (3 bytes)
[DEBUG] Unhandled play packet 0x63 (8 bytes)
[DEBUG] Unhandled play packet 0x51 (3 bytes)
[DEBUG] Unhandled play packet 0x63 (8 bytes)
[DEBUG] Unhandled play packet 0x81 (13 bytes)
[DEBUG] Unhandled play packet 0x51 (3 bytes)
[DEBUG] Unhandled play packet 0x64 (8 bytes)
[DEBUG] Unhandled play packet 0x64 (8 bytes)
[DEBUG] Unhandled play packet 0x51 (3 bytes)
[DEBUG] Unhandled play packet 0x51 (3 bytes)
[DEBUG] Unhandled play packet 0x51 (3 bytes)
[DEBUG] Unhandled play packet 0x51 (3 bytes)
[DEBUG] Unhandled play packet 0x63 (8 bytes)
[DEBUG] Unhandled play packet 0x51 (3 bytes)
[DEBUG] Unhandled play packet 0x51 (3 bytes)
[DEBUG] Unhandled play packet 0x63 (7 bytes)
[DEBUG] Unhandled play packet 0x51 (3 bytes)
[DEBUG] Unhandled play packet 0x51 (3 bytes)
[DEBUG] Unhandled play packet 0x63 (8 bytes)
[DEBUG] Unhandled play packet 0x81 (13 bytes)
[DEBUG] Unhandled play packet 0x51 (3 bytes)
[DEBUG] Unhandled play packet 0x51 (3 bytes)
[DEBUG] Unhandled play packet 0x63 (8 bytes)
[DEBUG] Unhandled play packet 0x81 (13 bytes)
[DEBUG] Unhandled play packet 0x51 (3 bytes)
[DEBUG] Unhandled play packet 0x63 (8 bytes)
[DEBUG] Unhandled play packet 0x81 (13 bytes)
[DEBUG] Unhandled play packet 0x51 (3 bytes)
[DEBUG] Unhandled play packet 0x51 (3 bytes)
[DEBUG] Unhandled play packet 0x51 (3 bytes)
[DEBUG] Unhandled play packet 0x63 (8 bytes)
[DEBUG] Unhandled play packet 0x51 (3 bytes)
[DEBUG] Unhandled play packet 0x51 (3 bytes)
[DEBUG] Unhandled play packet 0x51 (3 bytes)
[DEBUG] Unhandled play packet 0x51 (3 bytes)
[DEBUG] Unhandled play packet 0x51 (3 bytes)
[DEBUG] Unhandled play packet 0x63 (8 bytes)
[DEBUG] Unhandled play packet 0x51 (3 bytes)
[DEBUG] Unhandled play packet 0x51 (3 bytes)
[DEBUG] Unhandled play packet 0x63 (7 bytes)
[DEBUG] Unhandled play packet 0x51 (2 bytes)
[DEBUG] Unhandled play packet 0x51 (3 bytes)
[DEBUG] Unhandled play packet 0x51 (3 bytes)
[Chat] Raw message: 
≡ƒÆ¼ 
[Bot] Chat received: { message: '', system: false }
[Chat] Raw message: 
≡ƒÆ¼ 
[Bot] Chat received: { message: '', system: false }
[Chat] Raw message: 
≡ƒÆ¼ 
[Bot] Chat received: { message: '', system: false }
[DEBUG] Unhandled play packet 0x51 (3 bytes)
[DEBUG] Unhandled play packet 0x51 (3 bytes)
[DEBUG] Unhandled play packet 0x51 (3 bytes)
[DEBUG] Unhandled play packet 0x63 (8 bytes)
[DEBUG] Unhandled play packet 0x51 (3 bytes)
[DEBUG] Unhandled play packet 0x51 (3 bytes)
[DEBUG] Unhandled play packet 0x51 (3 bytes)
[DEBUG] Unhandled play packet 0x51 (3 bytes)
[DEBUG] Unhandled play packet 0x51 (3 bytes)
[DEBUG] Unhandled play packet 0x51 (3 bytes)
[DEBUG] Unhandled play packet 0x51 (3 bytes)
[DEBUG] Unhandled play packet 0x51 (3 bytes)
[DEBUG] Unhandled play packet 0x63 (7 bytes)
[DEBUG] Unhandled play packet 0x51 (2 bytes)
[DEBUG] Unhandled play packet 0x51 (3 bytes)
[DEBUG] Unhandled play packet 0x51 (3 bytes)
[DEBUG] Unhandled play packet 0x61 (6 bytes)
[DEBUG] Unhandled play packet 0x51 (3 bytes)
[DEBUG] Unhandled play packet 0x51 (3 bytes)
[DEBUG] Unhandled play packet 0x51 (3 bytes)
[DEBUG] Unhandled play packet 0x51 (3 bytes)
[DEBUG] Unhandled play packet 0x63 (8 bytes)
[DEBUG] Unhandled play packet 0x51 (3 bytes)
[DEBUG] Unhandled play packet 0x51 (3 bytes)
[DEBUG] Unhandled play packet 0x51 (3 bytes)
[DEBUG] Unhandled play packet 0x51 (3 bytes)
[DEBUG] Unhandled play packet 0x51 (3 bytes)
[DEBUG] Unhandled play packet 0x51 (3 bytes)
[DEBUG] Unhandled play packet 0x51 (3 bytes)
[DEBUG] Unhandled play packet 0x51 (3 bytes)
[DEBUG] Unhandled play packet 0x63 (7 bytes)
[DEBUG] Unhandled play packet 0x51 (2 bytes)
[DEBUG] Unhandled play packet 0x51 (3 bytes)
[DEBUG] Unhandled play packet 0x51 (3 bytes)
[DEBUG] Unhandled play packet 0x51 (3 bytes)
[DEBUG] Unhandled play packet 0x51 (3 bytes)
[DEBUG] Unhandled play packet 0x51 (3 bytes)
[DEBUG] Unhandled play packet 0x51 (3 bytes)
[DEBUG] Unhandled play packet 0x63 (8 bytes)
[DEBUG] Unhandled play packet 0x51 (3 bytes)
[DEBUG] Unhandled play packet 0x51 (3 bytes)
[DEBUG] Unhandled play packet 0x51 (3 bytes)
[DEBUG] Unhandled play packet 0x51 (3 bytes)
[DEBUG] Unhandled play packet 0x51 (3 bytes)
[DEBUG] Unhandled play packet 0x51 (3 bytes)
[DEBUG] Unhandled play packet 0x51 (3 bytes)
[DEBUG] Unhandled play packet 0x63 (7 bytes)
[DEBUG] Unhandled play packet 0x51 (3 bytes)
[DEBUG] Unhandled play packet 0x51 (3 bytes)
[DEBUG] Unhandled play packet 0x51 (3 bytes)
[DEBUG] Unhandled play packet 0x63 (8 bytes)
[DEBUG] Unhandled play packet 0x51 (3 bytes)
[DEBUG] Unhandled play packet 0x51 (3 bytes)
[DEBUG] Unhandled play packet 0x51 (3 bytes)
[DEBUG] Unhandled play packet 0x63 (8 bytes)
[DEBUG] Unhandled play packet 0x51 (3 bytes)
[DEBUG] Unhandled play packet 0x51 (3 bytes)
[DEBUG] Unhandled play packet 0x51 (3 bytes)
[DEBUG] Unhandled play packet 0x51 (3 bytes)
[DEBUG] Unhandled play packet 0x51 (3 bytes)
[DEBUG] Unhandled play packet 0x51 (3 bytes)
[DEBUG] Unhandled play packet 0x51 (3 bytes)
[DEBUG] Unhandled play packet 0x51 (3 bytes)
[DEBUG] Unhandled play packet 0x51 (3 bytes)
[DEBUG] Unhandled play packet 0x51 (3 bytes)
[DEBUG] Unhandled play packet 0x63 (8 bytes)
[DEBUG] Unhandled play packet 0x51 (3 bytes)
[DEBUG] Unhandled play packet 0x51 (3 bytes)
[DEBUG] Unhandled play packet 0x63 (8 bytes)
[DEBUG] Unhandled play packet 0x51 (3 bytes)
[DEBUG] Unhandled play packet 0x51 (3 bytes)
[DEBUG] Unhandled play packet 0x51 (3 bytes)
[DEBUG] Unhandled play packet 0x51 (3 bytes)
[Chat] Raw message: 
≡ƒÆ¼ 
[Bot] Chat received: { message: '', system: false }
[DEBUG] Unhandled play packet 0x51 (3 bytes)
[DEBUG] Unhandled play packet 0x51 (3 bytes)
[DEBUG] Unhandled play packet 0x51 (3 bytes)
[DEBUG] Unhandled play packet 0x51 (3 bytes)
[Chat] Raw message: 
≡ƒÆ¼ 
[Bot] Chat received: { message: '', system: false }
[Chat] Raw message: 
≡ƒÆ¼ 
[Bot] Chat received: { message: '', system: false }
[DEBUG] Unhandled play packet 0x51 (3 bytes)
[DEBUG] Unhandled play packet 0x51 (3 bytes)
[DEBUG] Unhandled play packet 0x63 (8 bytes)
[DEBUG] Unhandled play packet 0x51 (3 bytes)
[DEBUG] Unhandled play packet 0x51 (3 bytes)
[DEBUG] Unhandled play packet 0x63 (8 bytes)
[DEBUG] Unhandled play packet 0x51 (3 bytes)
[DEBUG] Unhandled play packet 0x51 (3 bytes)
[DEBUG] Unhandled play packet 0x51 (3 bytes)
[DEBUG] Unhandled play packet 0x51 (3 bytes)
[DEBUG] Unhandled play packet 0x51 (3 bytes)
[DEBUG] Unhandled play packet 0x51 (3 bytes)
[DEBUG] Unhandled play packet 0x51 (3 bytes)
[DEBUG] Unhandled play packet 0x51 (3 bytes)
[DEBUG] Unhandled play packet 0x63 (8 bytes)
[DEBUG] Unhandled play packet 0x51 (3 bytes)
[DEBUG] Unhandled play packet 0x51 (3 bytes)
[DEBUG] Unhandled play packet 0x51 (2 bytes)
[DEBUG] Unhandled play packet 0x51 (3 bytes)
[DEBUG] Unhandled play packet 0x51 (3 bytes)
[DEBUG] Unhandled play packet 0x51 (3 bytes)
[DEBUG] Unhandled play packet 0x63 (8 bytes)
[DEBUG] Unhandled play packet 0x51 (3 bytes)
[DEBUG] Unhandled play packet 0x51 (3 bytes)
[DEBUG] Unhandled play packet 0x51 (3 bytes)
[DEBUG] Unhandled play packet 0x63 (8 bytes)
[DEBUG] Unhandled play packet 0x51 (3 bytes)
[DEBUG] Unhandled play packet 0x51 (3 bytes)
[DEBUG] Unhandled play packet 0x51 (3 bytes)
[DEBUG] Unhandled play packet 0x51 (3 bytes)
[Chat] Raw message: 
≡ƒÆ¼ 
[Bot] Chat received: { message: '', system: false }
[DEBUG] Unhandled play packet 0x51 (3 bytes)
[DEBUG] Unhandled play packet 0x51 (3 bytes)
[DEBUG] Unhandled play packet 0x51 (3 bytes)
[DEBUG] Unhandled play packet 0x51 (3 bytes)
[DEBUG] Unhandled play packet 0x51 (3 bytes)
[DEBUG] Unhandled play packet 0x51 (3 bytes)
[Chat] Raw message: 
≡ƒÆ¼ 
[Bot] Chat received: { message: '', system: false }
[DEBUG] Unhandled play packet 0x51 (3 bytes)
[DEBUG] Unhandled play packet 0x51 (3 bytes)
[DEBUG] Unhandled play packet 0x63 (8 bytes)
[DEBUG] Unhandled play packet 0x51 (3 bytes)
[DEBUG] Unhandled play packet 0x63 (8 bytes)
[DEBUG] Unhandled play packet 0x51 (3 bytes)
[DEBUG] Unhandled play packet 0x51 (3 bytes)
[DEBUG] Unhandled play packet 0x51 (3 bytes)
[DEBUG] Unhandled play packet 0x51 (3 bytes)
[DEBUG] Unhandled play packet 0x51 (3 bytes)
[DEBUG] Unhandled play packet 0x51 (3 bytes)
[DEBUG] Unhandled play packet 0x51 (3 bytes)
[DEBUG] Unhandled play packet 0x51 (3 bytes)
[DEBUG] Unhandled play packet 0x51 (3 bytes)
[DEBUG] Unhandled play packet 0x51 (3 bytes)
[DEBUG] Unhandled play packet 0x51 (3 bytes)
[DEBUG] Unhandled play packet 0x51 (3 bytes)
[DEBUG] Unhandled play packet 0x51 (3 bytes)
[DEBUG] Unhandled play packet 0x51 (3 bytes)
[DEBUG] Unhandled play packet 0x63 (8 bytes)
[DEBUG] Unhandled play packet 0x51 (3 bytes)
[DEBUG] Unhandled play packet 0x63 (8 bytes)
[DEBUG] Unhandled play packet 0x51 (3 bytes)
[DEBUG] Unhandled play packet 0x51 (3 bytes)
[DEBUG] Unhandled play packet 0x51 (3 bytes)
[DEBUG] Unhandled play packet 0x51 (3 bytes)
[DEBUG] Unhandled play packet 0x51 (3 bytes)
[DEBUG] Unhandled play packet 0x51 (3 bytes)
[DEBUG] Unhandled play packet 0x51 (3 bytes)
[DEBUG] Unhandled play packet 0x51 (3 bytes)
[DEBUG] Unhandled play packet 0x51 (3 bytes)
[DEBUG] Unhandled play packet 0x51 (3 bytes)
[DEBUG] Unhandled play packet 0x51 (3 bytes)
[DEBUG] Unhandled play packet 0x51 (3 bytes)
[DEBUG] Unhandled play packet 0x63 (8 bytes)
[DEBUG] Unhandled play packet 0x51 (3 bytes)
[DEBUG] Unhandled play packet 0x63 (8 bytes)
[DEBUG] Unhandled play packet 0x51 (3 bytes)
[DEBUG] Unhandled play packet 0x51 (3 bytes)
[DEBUG] Unhandled play packet 0x00 (0 bytes)
[DEBUG] Unhandled play packet 0x61 (9 bytes)
[DEBUG] Unhandled play packet 0x00 (0 bytes)
[DEBUG] Unhandled play packet 0x00 (0 bytes)
[DEBUG] Unhandled play packet 0x61 (12 bytes)
[DEBUG] Unhandled play packet 0x00 (0 bytes)
[DEBUG] Unhandled play packet 0x51 (3 bytes)
[DEBUG] Unhandled play packet 0x61 (9 bytes)
[DEBUG] Unhandled play packet 0x61 (12 bytes)
[DEBUG] Unhandled play packet 0x51 (3 bytes)
[DEBUG] Unhandled play packet 0x51 (3 bytes)
[DEBUG] Unhandled play packet 0x51 (3 bytes)
[DEBUG] Unhandled play packet 0x51 (3 bytes)
[DEBUG] Unhandled play packet 0x51 (3 bytes)
[DEBUG] Unhandled play packet 0x51 (3 bytes)
[DEBUG] Unhandled play packet 0x51 (3 bytes)
[DEBUG] Unhandled play packet 0x63 (8 bytes)
[DEBUG] Unhandled play packet 0x51 (3 bytes)
[DEBUG] Unhandled play packet 0x63 (8 bytes)
[DEBUG] Unhandled play packet 0x51 (3 bytes)
[DEBUG] Unhandled play packet 0x51 (3 bytes)
[DEBUG] Unhandled play packet 0x51 (3 bytes)
[DEBUG] Unhandled play packet 0x63 (8 bytes)
[DEBUG] Unhandled play packet 0x81 (13 bytes)
[DEBUG] Unhandled play packet 0x63 (8 bytes)
[DEBUG] Unhandled play packet 0x81 (13 bytes)
[DEBUG] Unhandled play packet 0x51 (3 bytes)
[DEBUG] Unhandled play packet 0x51 (3 bytes)
[DEBUG] Unhandled play packet 0x51 (3 bytes)
[DEBUG] Unhandled play packet 0x51 (3 bytes)
[DEBUG] Unhandled play packet 0x51 (3 bytes)
[DEBUG] Unhandled play packet 0x51 (3 bytes)
[DEBUG] Unhandled play packet 0x63 (8 bytes)
[DEBUG] Unhandled play packet 0x51 (3 bytes)
[DEBUG] Unhandled play packet 0x63 (8 bytes)
[DEBUG] Unhandled play packet 0x51 (3 bytes)
[DEBUG] Unhandled play packet 0x51 (3 bytes)
[DEBUG] Unhandled play packet 0x51 (3 bytes)
[DEBUG] Unhandled play packet 0x51 (3 bytes)
[Chat] Raw message: 
≡ƒÆ¼ 
[Bot] Chat received: { message: '', system: false }
[Chat] Raw message: 
≡ƒÆ¼ 
[Bot] Chat received: { message: '', system: false }
[Chat] Raw message: 
≡ƒÆ¼ 
[Bot] Chat received: { message: '', system: false }
[DEBUG] Unhandled play packet 0x51 (3 bytes)
[DEBUG] Unhandled play packet 0x51 (3 bytes)
[DEBUG] Unhandled play packet 0x51 (3 bytes)
[DEBUG] Unhandled play packet 0x51 (3 bytes)
[DEBUG] Unhandled play packet 0x51 (3 bytes)
[DEBUG] Unhandled play packet 0x63 (8 bytes)
[DEBUG] Unhandled play packet 0x63 (8 bytes)
[DEBUG] Unhandled play packet 0x51 (3 bytes)
[DEBUG] Unhandled play packet 0x51 (3 bytes)
[DEBUG] Unhandled play packet 0x51 (3 bytes)
[DEBUG] Unhandled play packet 0x51 (3 bytes)
[DEBUG] Unhandled play packet 0x51 (3 bytes)
[DEBUG] Unhandled play packet 0x63 (8 bytes)
[DEBUG] Unhandled play packet 0x51 (3 bytes)
[DEBUG] Unhandled play packet 0x51 (3 bytes)
[DEBUG] Unhandled play packet 0x51 (3 bytes)
[DEBUG] Unhandled play packet 0x51 (3 bytes)
[DEBUG] Unhandled play packet 0x63 (8 bytes)
[DEBUG] Unhandled play packet 0x51 (3 bytes)
[DEBUG] Unhandled play packet 0x51 (3 bytes)
[DEBUG] Unhandled play packet 0x63 (8 bytes)
[DEBUG] Unhandled play packet 0x51 (3 bytes)
[DEBUG] Unhandled play packet 0x51 (3 bytes)
[DEBUG] Unhandled play packet 0x51 (3 bytes)
[DEBUG] Unhandled play packet 0x51 (3 bytes)
[DEBUG] Unhandled play packet 0x36 (5 bytes)
[DEBUG] Unhandled play packet 0x51 (3 bytes)
[DEBUG] Unhandled play packet 0x63 (8 bytes)
[DEBUG] Unhandled play packet 0x51 (3 bytes)
[DEBUG] Unhandled play packet 0x51 (3 bytes)
[DEBUG] Unhandled play packet 0x51 (3 bytes)
[DEBUG] Unhandled play packet 0x63 (8 bytes)
[DEBUG] Unhandled play packet 0x51 (3 bytes)
[DEBUG] Unhandled play packet 0x51 (3 bytes)
[DEBUG] Unhandled play packet 0x63 (8 bytes)
[DEBUG] Unhandled play packet 0x51 (3 bytes)
[DEBUG] Unhandled play packet 0x51 (3 bytes)
[DEBUG] Unhandled play packet 0x51 (3 bytes)
[DEBUG] Unhandled play packet 0x63 (8 bytes)
[DEBUG] Unhandled play packet 0x51 (3 bytes)
[DEBUG] Unhandled play packet 0x51 (3 bytes)
[DEBUG] Unhandled play packet 0x51 (3 bytes)
[DEBUG] Unhandled play packet 0x51 (3 bytes)
[DEBUG] Unhandled play packet 0x51 (3 bytes)
[DEBUG] Unhandled play packet 0x51 (3 bytes)
[DEBUG] Unhandled play packet 0x00 (0 bytes)
[DEBUG] Unhandled play packet 0x61 (9 bytes)
[DEBUG] Unhandled play packet 0x00 (0 bytes)
[DEBUG] Unhandled play packet 0x00 (0 bytes)
[DEBUG] Unhandled play packet 0x61 (9 bytes)
[DEBUG] Unhandled play packet 0x00 (0 bytes)
[DEBUG] Unhandled play packet 0x00 (0 bytes)
[DEBUG] Unhandled play packet 0x61 (9 bytes)
[DEBUG] Unhandled play packet 0x00 (0 bytes)
[DEBUG] Unhandled play packet 0x00 (0 bytes)
[DEBUG] Unhandled play packet 0x61 (12 bytes)
[DEBUG] Unhandled play packet 0x00 (0 bytes)
[DEBUG] Unhandled play packet 0x51 (3 bytes)
[DEBUG] Unhandled play packet 0x63 (8 bytes)
[DEBUG] Unhandled play packet 0x51 (3 bytes)
[DEBUG] Unhandled play packet 0x61 (12 bytes)
[DEBUG] Unhandled play packet 0x61 (9 bytes)
[DEBUG] Unhandled play packet 0x61 (9 bytes)
[DEBUG] Unhandled play packet 0x63 (8 bytes)
[DEBUG] Unhandled play packet 0x51 (3 bytes)
[DEBUG] Unhandled play packet 0x61 (9 bytes)
[DEBUG] Unhandled play packet 0x51 (3 bytes)
[DEBUG] Unhandled play packet 0x51 (3 bytes)
[DEBUG] Unhandled play packet 0x51 (3 bytes)
[DEBUG] Unhandled play packet 0x63 (8 bytes)
[DEBUG] Unhandled play packet 0x51 (3 bytes)
[DEBUG] Unhandled play packet 0x51 (3 bytes)
[DEBUG] Unhandled play packet 0x63 (8 bytes)
[DEBUG] Unhandled play packet 0x51 (3 bytes)
[DEBUG] Unhandled play packet 0x51 (3 bytes)
[DEBUG] Unhandled play packet 0x51 (3 bytes)
[DEBUG] Unhandled play packet 0x51 (3 bytes)
[DEBUG] Unhandled play packet 0x51 (3 bytes)
[DEBUG] Unhandled play packet 0x51 (3 bytes)
[DEBUG] Unhandled play packet 0x63 (8 bytes)
[DEBUG] Unhandled play packet 0x51 (3 bytes)
[DEBUG] Unhandled play packet 0x63 (8 bytes)
[DEBUG] Unhandled play packet 0x81 (13 bytes)
[DEBUG] Unhandled play packet 0x51 (3 bytes)
[DEBUG] Unhandled play packet 0x63 (8 bytes)
[DEBUG] Unhandled play packet 0x81 (13 bytes)
[DEBUG] Unhandled play packet 0x51 (3 bytes)
[DEBUG] Unhandled play packet 0x63 (8 bytes)
[DEBUG] Unhandled play packet 0x81 (13 bytes)
[DEBUG] Unhandled play packet 0x51 (3 bytes)
[DEBUG] Unhandled play packet 0x51 (3 bytes)
[DEBUG] Unhandled play packet 0x63 (8 bytes)
[DEBUG] Unhandled play packet 0x81 (13 bytes)
[DEBUG] Unhandled play packet 0x51 (3 bytes)
[DEBUG] Unhandled play packet 0x51 (3 bytes)
[DEBUG] Unhandled play packet 0x51 (3 bytes)
[DEBUG] Unhandled play packet 0x63 (8 bytes)
[DEBUG] Unhandled play packet 0x51 (3 bytes)
[DEBUG] Unhandled play packet 0x51 (3 bytes)
[DEBUG] Unhandled play packet 0x51 (3 bytes)
[DEBUG] Unhandled play packet 0x63 (8 bytes)
[DEBUG] Unhandled play packet 0x51 (3 bytes)
[DEBUG] Unhandled play packet 0x51 (3 bytes)
[DEBUG] Unhandled play packet 0x51 (3 bytes)
[DEBUG] Unhandled play packet 0x51 (3 bytes)
[Chat] Raw message: 
≡ƒÆ¼ 
[Bot] Chat received: { message: '', system: false }
[Chat] Raw message: 
≡ƒÆ¼ 
[Bot] Chat received: { message: '', system: false }
[Chat] Raw message: 
≡ƒÆ¼ 
[Bot] Chat received: { message: '', system: false }
[DEBUG] Unhandled play packet 0x51 (3 bytes)
[DEBUG] Unhandled play packet 0x51 (3 bytes)
[DEBUG] Unhandled play packet 0x63 (8 bytes)
[DEBUG] Unhandled play packet 0x51 (3 bytes)
[DEBUG] Unhandled play packet 0x51 (3 bytes)
[DEBUG] Unhandled play packet 0x51 (3 bytes)
[DEBUG] Unhandled play packet 0x63 (8 bytes)
[DEBUG] Unhandled play packet 0x51 (3 bytes)
[DEBUG] Unhandled play packet 0x51 (3 bytes)
[DEBUG] Unhandled play packet 0x51 (3 bytes)
[DEBUG] Unhandled play packet 0x51 (3 bytes)
[DEBUG] Unhandled play packet 0x63 (8 bytes)
[DEBUG] Unhandled play packet 0x51 (3 bytes)
[DEBUG] Unhandled play packet 0x51 (3 bytes)
[DEBUG] Unhandled play packet 0x63 (8 bytes)
[DEBUG] Unhandled play packet 0x51 (3 bytes)
[DEBUG] Unhandled play packet 0x51 (3 bytes)
[DEBUG] Unhandled play packet 0x51 (3 bytes)
[DEBUG] Unhandled play packet 0x51 (3 bytes)
[DEBUG] Unhandled play packet 0x51 (3 bytes)
[DEBUG] Unhandled play packet 0x63 (8 bytes)
[DEBUG] Unhandled play packet 0x51 (3 bytes)
[DEBUG] Unhandled play packet 0x51 (3 bytes)
[DEBUG] Unhandled play packet 0x51 (3 bytes)
[DEBUG] Unhandled play packet 0x51 (3 bytes)
[DEBUG] Unhandled play packet 0x51 (3 bytes)
[DEBUG] Unhandled play packet 0x51 (3 bytes)
[DEBUG] Unhandled play packet 0x51 (3 bytes)
[DEBUG] Unhandled play packet 0x63 (8 bytes)
[DEBUG] Unhandled play packet 0x51 (3 bytes)
[DEBUG] Unhandled play packet 0x51 (3 bytes)
[DEBUG] Unhandled play packet 0x51 (3 bytes)
[DEBUG] Unhandled play packet 0x63 (8 bytes)
[DEBUG] Unhandled play packet 0x51 (3 bytes)
[DEBUG] Unhandled play packet 0x51 (3 bytes)
[DEBUG] Unhandled play packet 0x51 (3 bytes)
[DEBUG] Unhandled play packet 0x51 (3 bytes)
[DEBUG] Unhandled play packet 0x51 (3 bytes)
[DEBUG] Unhandled play packet 0x63 (8 bytes)
[DEBUG] Unhandled play packet 0x51 (3 bytes)
[DEBUG] Unhandled play packet 0x51 (3 bytes)
[DEBUG] Unhandled play packet 0x51 (3 bytes)
[DEBUG] Unhandled play packet 0x51 (3 bytes)
[DEBUG] Unhandled play packet 0x51 (3 bytes)
[DEBUG] Unhandled play packet 0x51 (3 bytes)
[Chat] Raw message: 
≡ƒÆ¼ 
[Bot] Chat received: { message: '', system: false }
[DEBUG] Unhandled play packet 0x51 (3 bytes)
[DEBUG] Unhandled play packet 0x51 (3 bytes)
[DEBUG] Unhandled play packet 0x51 (3 bytes)
[DEBUG] Unhandled play packet 0x63 (8 bytes)
[DEBUG] Unhandled play packet 0x51 (3 bytes)
[DEBUG] Unhandled play packet 0x51 (3 bytes)
[DEBUG] Unhandled play packet 0x63 (8 bytes)
[DEBUG] Unhandled play packet 0x51 (3 bytes)
[DEBUG] Unhandled play packet 0x51 (3 bytes)
[DEBUG] Unhandled play packet 0x51 (3 bytes)
[DEBUG] Unhandled play packet 0x51 (3 bytes)
[DEBUG] Unhandled play packet 0x51 (3 bytes)
[DEBUG] Unhandled play packet 0x63 (8 bytes)
[DEBUG] Unhandled play packet 0x51 (3 bytes)
[DEBUG] Unhandled play packet 0x51 (3 bytes)
[DEBUG] Unhandled play packet 0x51 (3 bytes)
[DEBUG] Unhandled play packet 0x51 (3 bytes)
[DEBUG] Unhandled play packet 0x51 (3 bytes)
[DEBUG] Unhandled play packet 0x51 (3 bytes)
[DEBUG] Unhandled play packet 0x51 (3 bytes)
[DEBUG] Unhandled play packet 0x51 (3 bytes)
[DEBUG] Unhandled play packet 0x51 (3 bytes)
[DEBUG] Unhandled play packet 0x63 (8 bytes)
[DEBUG] Unhandled play packet 0x51 (3 bytes)
[DEBUG] Unhandled play packet 0x51 (3 bytes)
[DEBUG] Unhandled play packet 0x63 (8 bytes)
[DEBUG] Unhandled play packet 0x51 (3 bytes)
[DEBUG] Unhandled play packet 0x51 (3 bytes)
[DEBUG] Unhandled play packet 0x51 (3 bytes)
[DEBUG] Unhandled play packet 0x51 (3 bytes)
[DEBUG] Unhandled play packet 0x51 (3 bytes)
[DEBUG] Unhandled play packet 0x63 (8 bytes)
[DEBUG] Unhandled play packet 0x51 (3 bytes)
[DEBUG] Unhandled play packet 0x51 (3 bytes)
[DEBUG] Unhandled play packet 0x51 (3 bytes)
[DEBUG] Unhandled play packet 0x51 (3 bytes)
[DEBUG] Unhandled play packet 0x51 (3 bytes)
[DEBUG] Unhandled play packet 0x51 (3 bytes)
[DEBUG] Unhandled play packet 0x63 (7 bytes)
[DEBUG] Unhandled play packet 0x51 (3 bytes)
[DEBUG] Unhandled play packet 0x51 (3 bytes)
[DEBUG] Unhandled play packet 0x51 (3 bytes)
[DEBUG] Unhandled play packet 0x51 (3 bytes)
[DEBUG] Unhandled play packet 0x51 (3 bytes)
[DEBUG] Unhandled play packet 0x51 (3 bytes)
[DEBUG] Unhandled play packet 0x51 (3 bytes)
[DEBUG] Unhandled play packet 0x63 (8 bytes)
[DEBUG] Unhandled play packet 0x51 (3 bytes)
[DEBUG] Unhandled play packet 0x51 (3 bytes)
[DEBUG] Unhandled play packet 0x51 (3 bytes)
[DEBUG] Unhandled play packet 0x51 (3 bytes)
[DEBUG] Unhandled play packet 0x51 (3 bytes)
[DEBUG] Unhandled play packet 0x63 (8 bytes)
[DEBUG] Unhandled play packet 0x51 (3 bytes)
[DEBUG] Unhandled play packet 0x51 (3 bytes)
[DEBUG] Unhandled play packet 0x51 (3 bytes)
[DEBUG] Unhandled play packet 0x51 (3 bytes)
[DEBUG] Unhandled play packet 0x51 (3 bytes)
[DEBUG] Unhandled play packet 0x51 (3 bytes)
[DEBUG] Unhandled play packet 0x63 (7 bytes)
[DEBUG] Unhandled play packet 0x51 (3 bytes)
[DEBUG] Unhandled play packet 0x51 (3 bytes)
[DEBUG] Unhandled play packet 0x51 (3 bytes)
[DEBUG] Unhandled play packet 0x51 (3 bytes)
[DEBUG] Unhandled play packet 0x51 (3 bytes)
[DEBUG] Unhandled play packet 0x51 (3 bytes)
[DEBUG] Unhandled play packet 0x63 (8 bytes)
[DEBUG] Unhandled play packet 0x51 (3 bytes)
[DEBUG] Unhandled play packet 0x51 (3 bytes)
[DEBUG] Unhandled play packet 0x51 (3 bytes)
[DEBUG] Unhandled play packet 0x63 (8 bytes)
[DEBUG] Unhandled play packet 0x51 (3 bytes)
[DEBUG] Unhandled play packet 0x51 (3 bytes)
[DEBUG] Unhandled play packet 0x51 (3 bytes)
[DEBUG] Unhandled play packet 0x51 (3 bytes)
[DEBUG] Unhandled play packet 0x51 (3 bytes)
[DEBUG] Unhandled play packet 0x63 (7 bytes)
[DEBUG] Unhandled play packet 0x51 (2 bytes)
[DEBUG] Unhandled play packet 0x51 (3 bytes)
[DEBUG] Unhandled play packet 0x51 (3 bytes)
[Chat] Raw message: 
≡ƒÆ¼ 
[Bot] Chat received: { message: '', system: false }
[DEBUG] Unhandled play packet 0x51 (3 bytes)
[DEBUG] Unhandled play packet 0x51 (3 bytes)
[DEBUG] Unhandled play packet 0x51 (3 bytes)
[DEBUG] Unhandled play packet 0x51 (3 bytes)
[DEBUG] Unhandled play packet 0x63 (8 bytes)
[DEBUG] Unhandled play packet 0x51 (3 bytes)
[DEBUG] Unhandled play packet 0x51 (3 bytes)
[DEBUG] Unhandled play packet 0x51 (3 bytes)
[DEBUG] Unhandled play packet 0x51 (3 bytes)
[Chat] Raw message: 
≡ƒÆ¼ 
[Bot] Chat received: { message: '', system: false }
[Chat] Raw message: 
≡ƒÆ¼ 
[Bot] Chat received: { message: '', system: false }
[Chat] Raw message: 
≡ƒÆ¼ 
[Bot] Chat received: { message: '', system: false }
[DEBUG] Unhandled play packet 0x51 (3 bytes)
[DEBUG] Unhandled play packet 0x51 (3 bytes)
[DEBUG] Unhandled play packet 0x51 (3 bytes)
[DEBUG] Unhandled play packet 0x63 (8 bytes)
[DEBUG] Unhandled play packet 0x51 (3 bytes)
[DEBUG] Unhandled play packet 0x51 (3 bytes)
[DEBUG] Unhandled play packet 0x51 (3 bytes)
[DEBUG] Unhandled play packet 0x63 (7 bytes)
[DEBUG] Unhandled play packet 0x51 (3 bytes)
[DEBUG] Unhandled play packet 0x51 (3 bytes)
[DEBUG] Unhandled play packet 0x51 (3 bytes)
[DEBUG] Unhandled play packet 0x51 (3 bytes)
[DEBUG] Unhandled play packet 0x63 (8 bytes)
[DEBUG] Unhandled play packet 0x51 (3 bytes)
[DEBUG] Unhandled play packet 0x51 (3 bytes)
[DEBUG] Unhandled play packet 0x00 (0 bytes)
[DEBUG] Unhandled play packet 0x61 (9 bytes)
[DEBUG] Unhandled play packet 0x00 (0 bytes)
[DEBUG] Unhandled play packet 0x00 (0 bytes)
[DEBUG] Unhandled play packet 0x61 (9 bytes)
[DEBUG] Unhandled play packet 0x00 (0 bytes)
[DEBUG] Unhandled play packet 0x63 (8 bytes)
[DEBUG] Unhandled play packet 0x51 (3 bytes)
[DEBUG] Unhandled play packet 0x61 (9 bytes)
[DEBUG] Unhandled play packet 0x61 (9 bytes)
[DEBUG] Unhandled play packet 0x63 (8 bytes)
[DEBUG] Unhandled play packet 0x51 (3 bytes)
[DEBUG] Unhandled play packet 0x51 (3 bytes)
[DEBUG] Unhandled play packet 0x51 (3 bytes)
[DEBUG] Unhandled play packet 0x51 (2 bytes)
[DEBUG] Unhandled play packet 0x51 (3 bytes)
[DEBUG] Unhandled play packet 0x51 (3 bytes)
[DEBUG] Unhandled play packet 0x51 (3 bytes)
[DEBUG] Unhandled play packet 0x51 (3 bytes)
[DEBUG] Unhandled play packet 0x63 (8 bytes)
[DEBUG] Unhandled play packet 0x51 (3 bytes)
[DEBUG] Unhandled play packet 0x51 (3 bytes)
[DEBUG] Unhandled play packet 0x51 (3 bytes)
[DEBUG] Unhandled play packet 0x63 (8 bytes)
[DEBUG] Unhandled play packet 0x51 (3 bytes)
[DEBUG] Unhandled play packet 0x51 (3 bytes)
[DEBUG] Unhandled play packet 0x63 (8 bytes)
[DEBUG] Unhandled play packet 0x81 (13 bytes)
[DEBUG] Unhandled play packet 0x51 (3 bytes)
[DEBUG] Unhandled play packet 0x63 (8 bytes)
[DEBUG] Unhandled play packet 0x81 (13 bytes)
[DEBUG] Unhandled play packet 0x63 (8 bytes)
[DEBUG] Unhandled play packet 0x51 (3 bytes)
[DEBUG] Unhandled play packet 0x51 (3 bytes)
[DEBUG] Unhandled play packet 0x51 (3 bytes)
[DEBUG] Unhandled play packet 0x51 (3 bytes)
[DEBUG] Unhandled play packet 0x51 (3 bytes)
[DEBUG] Unhandled play packet 0x51 (3 bytes)
[DEBUG] Unhandled play packet 0x51 (3 bytes)
[DEBUG] Unhandled play packet 0x51 (3 bytes)
[DEBUG] Unhandled play packet 0x51 (3 bytes)
[DEBUG] Unhandled play packet 0x51 (3 bytes)
[DEBUG] Unhandled play packet 0x63 (8 bytes)
[DEBUG] Unhandled play packet 0x51 (3 bytes)
[DEBUG] Unhandled play packet 0x63 (8 bytes)
[DEBUG] Unhandled play packet 0x51 (3 bytes)
[DEBUG] Unhandled play packet 0x51 (3 bytes)
[DEBUG] Unhandled play packet 0x51 (3 bytes)
[DEBUG] Unhandled play packet 0x51 (3 bytes)
[DEBUG] Unhandled play packet 0x63 (8 bytes)
[DEBUG] Unhandled play packet 0x51 (3 bytes)
[DEBUG] Unhandled play packet 0x51 (3 bytes)
[DEBUG] Unhandled play packet 0x51 (3 bytes)
[DEBUG] Unhandled play packet 0x51 (3 bytes)
[DEBUG] Unhandled play packet 0x51 (3 bytes)
[DEBUG] Unhandled play packet 0x51 (3 bytes)
[DEBUG] Unhandled play packet 0x51 (3 bytes)
[DEBUG] Unhandled play packet 0x51 (3 bytes)
[DEBUG] Unhandled play packet 0x51 (3 bytes)
[DEBUG] Unhandled play packet 0x63 (8 bytes)
[DEBUG] Unhandled play packet 0x51 (3 bytes)
[DEBUG] Unhandled play packet 0x51 (3 bytes)
[DEBUG] Unhandled play packet 0x51 (3 bytes)
[DEBUG] Unhandled play packet 0x51 (3 bytes)
[DEBUG] Unhandled play packet 0x51 (3 bytes)
[Chat] Raw message: 
≡ƒÆ¼ 
[Bot] Chat received: { message: '', system: false }
[Chat] Raw message: 
≡ƒÆ¼ 
[Bot] Chat received: { message: '', system: false }
[DEBUG] Unhandled play packet 0x51 (3 bytes)
[DEBUG] Unhandled play packet 0x63 (8 bytes)
[DEBUG] Unhandled play packet 0x51 (3 bytes)
[DEBUG] Unhandled play packet 0x51 (3 bytes)
[DEBUG] Unhandled play packet 0x51 (3 bytes)
[DEBUG] Unhandled play packet 0x51 (3 bytes)
[DEBUG] Unhandled play packet 0x51 (3 bytes)
[DEBUG] Unhandled play packet 0x51 (3 bytes)
[Chat] Raw message: 
≡ƒÆ¼ 
[Bot] Chat received: { message: '', system: false }
[DEBUG] Unhandled play packet 0x51 (3 bytes)
[DEBUG] Unhandled play packet 0x51 (3 bytes)
[DEBUG] Unhandled play packet 0x63 (8 bytes)
[DEBUG] Unhandled play packet 0x51 (3 bytes)
[DEBUG] Unhandled play packet 0x51 (3 bytes)
[DEBUG] Unhandled play packet 0x51 (3 bytes)
[DEBUG] Unhandled play packet 0x51 (3 bytes)
[DEBUG] Unhandled play packet 0x63 (8 bytes)
[DEBUG] Unhandled play packet 0x51 (3 bytes)
[DEBUG] Unhandled play packet 0x51 (3 bytes)
[DEBUG] Unhandled play packet 0x51 (3 bytes)
[DEBUG] Unhandled play packet 0x51 (3 bytes)
[DEBUG] Unhandled play packet 0x51 (3 bytes)
[DEBUG] Unhandled play packet 0x51 (3 bytes)
[DEBUG] Unhandled play packet 0x51 (3 bytes)
[DEBUG] Unhandled play packet 0x51 (3 bytes)
[DEBUG] Unhandled play packet 0x63 (8 bytes)
[DEBUG] Unhandled play packet 0x51 (3 bytes)
[DEBUG] Unhandled play packet 0x51 (3 bytes)
[DEBUG] Unhandled play packet 0x51 (3 bytes)
[DEBUG] Unhandled play packet 0x63 (7 bytes)
[DEBUG] Unhandled play packet 0x51 (3 bytes)
[DEBUG] Unhandled play packet 0x51 (3 bytes)
[DEBUG] Unhandled play packet 0x51 (3 bytes)
[DEBUG] Unhandled play packet 0x63 (8 bytes)
[DEBUG] Unhandled play packet 0x51 (3 bytes)
[DEBUG] Unhandled play packet 0x51 (3 bytes)
[DEBUG] Unhandled play packet 0x51 (3 bytes)
[DEBUG] Unhandled play packet 0x51 (3 bytes)
[DEBUG] Unhandled play packet 0x51 (3 bytes)
[DEBUG] Unhandled play packet 0x51 (3 bytes)
[DEBUG] Unhandled play packet 0x51 (3 bytes)
[DEBUG] Unhandled play packet 0x51 (3 bytes)
[DEBUG] Unhandled play packet 0x63 (8 bytes)
[DEBUG] Unhandled play packet 0x63 (8 bytes)
[DEBUG] Unhandled play packet 0x51 (3 bytes)
[DEBUG] Unhandled play packet 0x51 (3 bytes)
[Chat] Raw message: 
≡ƒÆ¼ 
[Bot] Chat received: { message: '', system: false }
[DEBUG] Unhandled play packet 0x63 (7 bytes)
[DEBUG] Unhandled play packet 0x51 (2 bytes)
[DEBUG] Unhandled play packet 0x51 (3 bytes)
[DEBUG] Unhandled play packet 0x51 (3 bytes)
[DEBUG] Unhandled play packet 0x51 (3 bytes)
[DEBUG] Unhandled play packet 0x63 (8 bytes)
[DEBUG] Unhandled play packet 0x51 (3 bytes)
[DEBUG] Unhandled play packet 0x51 (3 bytes)
[DEBUG] Unhandled play packet 0x51 (3 bytes)
[DEBUG] Unhandled play packet 0x51 (3 bytes)
[DEBUG] Unhandled play packet 0x51 (3 bytes)
[DEBUG] Unhandled play packet 0x51 (3 bytes)
[DEBUG] Unhandled play packet 0x63 (8 bytes)
[DEBUG] Unhandled play packet 0x51 (3 bytes)
[DEBUG] Unhandled play packet 0x63 (8 bytes)
[DEBUG] Unhandled play packet 0x51 (3 bytes)
[DEBUG] Unhandled play packet 0x51 (3 bytes)
[DEBUG] Unhandled play packet 0x51 (3 bytes)
[DEBUG] Unhandled play packet 0x51 (3 bytes)
[DEBUG] Unhandled play packet 0x63 (8 bytes)
[DEBUG] Unhandled play packet 0x51 (3 bytes)
[DEBUG] Unhandled play packet 0x51 (3 bytes)
[DEBUG] Unhandled play packet 0x51 (3 bytes)
[DEBUG] Unhandled play packet 0x51 (3 bytes)
[DEBUG] Unhandled play packet 0x63 (8 bytes)
[DEBUG] Unhandled play packet 0x63 (8 bytes)
[DEBUG] Unhandled play packet 0x51 (3 bytes)
[DEBUG] Unhandled play packet 0x51 (3 bytes)
[DEBUG] Unhandled play packet 0x51 (3 bytes)
[DEBUG] Unhandled play packet 0x51 (3 bytes)
[DEBUG] Unhandled play packet 0x00 (0 bytes)
[DEBUG] Unhandled play packet 0x61 (9 bytes)
[DEBUG] Unhandled play packet 0x00 (0 bytes)
[DEBUG] Unhandled play packet 0x00 (0 bytes)
[DEBUG] Unhandled play packet 0x61 (9 bytes)
[DEBUG] Unhandled play packet 0x00 (0 bytes)
[DEBUG] Unhandled play packet 0x00 (0 bytes)
[DEBUG] Unhandled play packet 0x61 (9 bytes)
[DEBUG] Unhandled play packet 0x00 (0 bytes)
[DEBUG] Unhandled play packet 0x51 (3 bytes)
[DEBUG] Unhandled play packet 0x51 (3 bytes)
[DEBUG] Unhandled play packet 0x61 (9 bytes)
[DEBUG] Unhandled play packet 0x61 (9 bytes)
[DEBUG] Unhandled play packet 0x61 (9 bytes)
[DEBUG] Unhandled play packet 0x63 (8 bytes)
[DEBUG] Unhandled play packet 0x51 (3 bytes)
[DEBUG] Unhandled play packet 0x51 (3 bytes)
[DEBUG] Unhandled play packet 0x51 (3 bytes)
[DEBUG] Unhandled play packet 0x51 (3 bytes)
[DEBUG] Unhandled play packet 0x51 (3 bytes)
[DEBUG] Unhandled play packet 0x63 (8 bytes)
[DEBUG] Unhandled play packet 0x51 (3 bytes)
[DEBUG] Unhandled play packet 0x51 (3 bytes)
[DEBUG] Unhandled play packet 0x51 (3 bytes)
[DEBUG] Unhandled play packet 0x51 (3 bytes)
[DEBUG] Unhandled play packet 0x51 (3 bytes)
[DEBUG] Unhandled play packet 0x63 (8 bytes)
[DEBUG] Unhandled play packet 0x81 (13 bytes)
[DEBUG] Unhandled play packet 0x51 (3 bytes)
[DEBUG] Unhandled play packet 0x63 (8 bytes)
[DEBUG] Unhandled play packet 0x81 (13 bytes)
[DEBUG] Unhandled play packet 0x51 (3 bytes)
[DEBUG] Unhandled play packet 0x63 (8 bytes)
[DEBUG] Unhandled play packet 0x81 (13 bytes)
[DEBUG] Unhandled play packet 0x51 (3 bytes)
[DEBUG] Unhandled play packet 0x63 (8 bytes)
[DEBUG] Unhandled play packet 0x51 (3 bytes)
[DEBUG] Unhandled play packet 0x51 (3 bytes)
[DEBUG] Unhandled play packet 0x51 (3 bytes)
[DEBUG] Unhandled play packet 0x51 (3 bytes)
[DEBUG] Unhandled play packet 0x51 (3 bytes)
[DEBUG] Unhandled play packet 0x51 (3 bytes)
[DEBUG] Unhandled play packet 0x63 (8 bytes)
[DEBUG] Unhandled play packet 0x51 (3 bytes)
[DEBUG] Unhandled play packet 0x51 (2 bytes)
[DEBUG] Unhandled play packet 0x51 (3 bytes)
[DEBUG] Unhandled play packet 0x51 (3 bytes)
[Chat] Raw message: 
≡ƒÆ¼ 
[Bot] Chat received: { message: '', system: false }
[DEBUG] Unhandled play packet 0x51 (3 bytes)
[DEBUG] Unhandled play packet 0x51 (3 bytes)
[DEBUG] Unhandled play packet 0x51 (3 bytes)
[DEBUG] Unhandled play packet 0x51 (3 bytes)
[DEBUG] Unhandled play packet 0x51 (3 bytes)
[DEBUG] Unhandled play packet 0x51 (3 bytes)
[DEBUG] Unhandled play packet 0x51 (3 bytes)
[DEBUG] Unhandled play packet 0x63 (8 bytes)
[DEBUG] Unhandled play packet 0x51 (3 bytes)
[DEBUG] Unhandled play packet 0x51 (3 bytes)
[DEBUG] Unhandled play packet 0x51 (3 bytes)
[DEBUG] Unhandled play packet 0x51 (3 bytes)
[DEBUG] Unhandled play packet 0x51 (3 bytes)
[DEBUG] Unhandled play packet 0x51 (3 bytes)
[DEBUG] Unhandled play packet 0x51 (3 bytes)
[DEBUG] Unhandled play packet 0x51 (3 bytes)
[DEBUG] Unhandled play packet 0x51 (3 bytes)
[DEBUG] Unhandled play packet 0x51 (3 bytes)
[DEBUG] Unhandled play packet 0x51 (3 bytes)
[DEBUG] Unhandled play packet 0x51 (3 bytes)
[DEBUG] Unhandled play packet 0x51 (3 bytes)
[DEBUG] Unhandled play packet 0x51 (3 bytes)
[DEBUG] Unhandled play packet 0x63 (8 bytes)
[DEBUG] Unhandled play packet 0x51 (3 bytes)
[DEBUG] Unhandled play packet 0x51 (3 bytes)
[DEBUG] Unhandled play packet 0x63 (7 bytes)
[DEBUG] Unhandled play packet 0x51 (3 bytes)
[DEBUG] Unhandled play packet 0x51 (3 bytes)
[DEBUG] Unhandled play packet 0x51 (3 bytes)
[DEBUG] Unhandled play packet 0x51 (3 bytes)
[DEBUG] Unhandled play packet 0x51 (3 bytes)
[DEBUG] Unhandled play packet 0x51 (3 bytes)
[DEBUG] Unhandled play packet 0x51 (3 bytes)
[DEBUG] Unhandled play packet 0x51 (3 bytes)
[DEBUG] Unhandled play packet 0x51 (3 bytes)
[DEBUG] Unhandled play packet 0x51 (3 bytes)
[DEBUG] Unhandled play packet 0x51 (3 bytes)
[DEBUG] Unhandled play packet 0x51 (3 bytes)
[DEBUG] Unhandled play packet 0x63 (8 bytes)
[DEBUG] Unhandled play packet 0x51 (3 bytes)
[DEBUG] Unhandled play packet 0x51 (3 bytes)
[DEBUG] Unhandled play packet 0x51 (3 bytes)
[DEBUG] Unhandled play packet 0x63 (7 bytes)
[DEBUG] Unhandled play packet 0x51 (2 bytes)
[DEBUG] Unhandled play packet 0x51 (3 bytes)
[DEBUG] Unhandled play packet 0x51 (3 bytes)
[DEBUG] Unhandled play packet 0x51 (3 bytes)
[DEBUG] Unhandled play packet 0x51 (3 bytes)
[DEBUG] Unhandled play packet 0x51 (3 bytes)
[DEBUG] Unhandled play packet 0x51 (3 bytes)
[DEBUG] Unhandled play packet 0x51 (3 bytes)
[DEBUG] Unhandled play packet 0x51 (3 bytes)
[DEBUG] Unhandled play packet 0x51 (3 bytes)
[DEBUG] Unhandled play packet 0x51 (3 bytes)
[DEBUG] Unhandled play packet 0x51 (3 bytes)
[DEBUG] Unhandled play packet 0x63 (8 bytes)
[DEBUG] Unhandled play packet 0x63 (8 bytes)
[DEBUG] Unhandled play packet 0x51 (3 bytes)
[DEBUG] Unhandled play packet 0x51 (3 bytes)
[DEBUG] Unhandled play packet 0x51 (3 bytes)
[DEBUG] Unhandled play packet 0x63 (7 bytes)
[DEBUG] Unhandled play packet 0x51 (2 bytes)
[DEBUG] Unhandled play packet 0x51 (3 bytes)
[DEBUG] Unhandled play packet 0x51 (3 bytes)
[DEBUG] Unhandled play packet 0x51 (3 bytes)
[DEBUG] Unhandled play packet 0x51 (3 bytes)
[DEBUG] Unhandled play packet 0x51 (3 bytes)
[DEBUG] Unhandled play packet 0x51 (3 bytes)
[DEBUG] Unhandled play packet 0x51 (3 bytes)
[DEBUG] Unhandled play packet 0x51 (3 bytes)
[DEBUG] Unhandled play packet 0x51 (3 bytes)
[DEBUG] Unhandled play packet 0x51 (3 bytes)
[Chat] Raw message: 
≡ƒÆ¼ 
[Bot] Chat received: { message: '', system: false }
[DEBUG] Unhandled play packet 0x51 (3 bytes)
[DEBUG] Unhandled play packet 0x63 (8 bytes)
[DEBUG] Unhandled play packet 0x51 (3 bytes)
[DEBUG] Unhandled play packet 0x63 (8 bytes)
[DEBUG] Unhandled play packet 0x51 (3 bytes)
[DEBUG] Unhandled play packet 0x51 (3 bytes)
[Chat] Raw message: 
≡ƒÆ¼ 
[Bot] Chat received: { message: '', system: false }
[DEBUG] Unhandled play packet 0x51 (3 bytes)
[DEBUG] Unhandled play packet 0x63 (7 bytes)
[DEBUG] Unhandled play packet 0x51 (3 bytes)
[DEBUG] Unhandled play packet 0x51 (3 bytes)
[Chat] Raw message: 
≡ƒÆ¼ 
[Bot] Chat received: { message: '', system: false }
[DEBUG] Unhandled play packet 0x51 (3 bytes)
[DEBUG] Unhandled play packet 0x63 (8 bytes)
[DEBUG] Unhandled play packet 0x51 (3 bytes)
[DEBUG] Unhandled play packet 0x51 (3 bytes)
[DEBUG] Unhandled play packet 0x51 (3 bytes)
[DEBUG] Unhandled play packet 0x51 (3 bytes)
[DEBUG] Unhandled play packet 0x51 (3 bytes)
[Chat] Raw message: 
≡ƒÆ¼ 
[Bot] Chat received: { message: '', system: false }
[DEBUG] Unhandled play packet 0x51 (3 bytes)
[DEBUG] Unhandled play packet 0x51 (3 bytes)
[DEBUG] Unhandled play packet 0x63 (8 bytes)
[DEBUG] Unhandled play packet 0x51 (3 bytes)
[DEBUG] Unhandled play packet 0x63 (8 bytes)
[DEBUG] Unhandled play packet 0x51 (3 bytes)
[DEBUG] Unhandled play packet 0x63 (8 bytes)
[DEBUG] Unhandled play packet 0x51 (3 bytes)
[DEBUG] Unhandled play packet 0x51 (3 bytes)
[Chat] Raw message: 
≡ƒÆ¼ 
[Bot] Chat received: { message: '', system: false }
[DEBUG] Unhandled play packet 0x51 (3 bytes)
[DEBUG] Unhandled play packet 0x51 (3 bytes)
[DEBUG] Unhandled play packet 0x51 (2 bytes)
[DEBUG] Unhandled play packet 0x51 (3 bytes)
[DEBUG] Unhandled play packet 0x51 (3 bytes)
[Chat] Raw message: 
≡ƒÆ¼ 
[Bot] Chat received: { message: '', system: false }
[DEBUG] Unhandled play packet 0x63 (8 bytes)
[DEBUG] Unhandled play packet 0x51 (3 bytes)
[DEBUG] Unhandled play packet 0x51 (3 bytes)
[DEBUG] Unhandled play packet 0x51 (3 bytes)
[DEBUG] Unhandled play packet 0x63 (8 bytes)
[DEBUG] Unhandled play packet 0x51 (3 bytes)
[DEBUG] Unhandled play packet 0x51 (3 bytes)
[DEBUG] Unhandled play packet 0x51 (3 bytes)
[DEBUG] Unhandled play packet 0x51 (3 bytes)
[DEBUG] Unhandled play packet 0x51 (3 bytes)
[DEBUG] Unhandled play packet 0x51 (3 bytes)
[DEBUG] Unhandled play packet 0x63 (8 bytes)
[DEBUG] Unhandled play packet 0x63 (8 bytes)
[DEBUG] Unhandled play packet 0x51 (3 bytes)
[DEBUG] Unhandled play packet 0x51 (3 bytes)
[DEBUG] Unhandled play packet 0x51 (3 bytes)
[DEBUG] Unhandled play packet 0x51 (3 bytes)
[DEBUG] Unhandled play packet 0x51 (3 bytes)
[DEBUG] Unhandled play packet 0x51 (3 bytes)
[DEBUG] Unhandled play packet 0x63 (8 bytes)
[DEBUG] Unhandled play packet 0x51 (3 bytes)
[DEBUG] Unhandled play packet 0x51 (3 bytes)
[DEBUG] Unhandled play packet 0x51 (3 bytes)
[DEBUG] Unhandled play packet 0x51 (3 bytes)
[DEBUG] Unhandled play packet 0x63 (8 bytes)
[DEBUG] Unhandled play packet 0x51 (3 bytes)
[DEBUG] Unhandled play packet 0x51 (3 bytes)
[DEBUG] Unhandled play packet 0x51 (3 bytes)
[DEBUG] Unhandled play packet 0x51 (3 bytes)
[DEBUG] Unhandled play packet 0x51 (3 bytes)
[DEBUG] Unhandled play packet 0x51 (3 bytes)
[DEBUG] Unhandled play packet 0x51 (3 bytes)
[DEBUG] Unhandled play packet 0x63 (8 bytes)
[DEBUG] Unhandled play packet 0x51 (3 bytes)
[DEBUG] Unhandled play packet 0x63 (8 bytes)
[DEBUG] Unhandled play packet 0x51 (3 bytes)
[Chat] Raw message: 
≡ƒÆ¼ 
[Bot] Chat received: { message: '', system: false }
[DEBUG] Unhandled play packet 0x51 (3 bytes)
[DEBUG] Unhandled play packet 0x51 (3 bytes)
[DEBUG] Unhandled play packet 0x51 (3 bytes)
[DEBUG] Unhandled play packet 0x51 (3 bytes)
[DEBUG] Unhandled play packet 0x51 (3 bytes)
[DEBUG] Unhandled play packet 0x63 (8 bytes)
[DEBUG] Unhandled play packet 0x51 (3 bytes)
[DEBUG] Unhandled play packet 0x51 (3 bytes)
[DEBUG] Unhandled play packet 0x51 (3 bytes)
[DEBUG] Unhandled play packet 0x51 (3 bytes)
[DEBUG] Unhandled play packet 0x63 (8 bytes)
[DEBUG] Unhandled play packet 0x51 (3 bytes)
[DEBUG] Unhandled play packet 0x51 (3 bytes)
[DEBUG] Unhandled play packet 0x51 (3 bytes)
[DEBUG] Unhandled play packet 0x51 (3 bytes)
[DEBUG] Unhandled play packet 0x51 (3 bytes)
[DEBUG] Unhandled play packet 0x51 (3 bytes)
[DEBUG] Unhandled play packet 0x51 (3 bytes)
[DEBUG] Unhandled play packet 0x51 (3 bytes)
[DEBUG] Unhandled play packet 0x63 (8 bytes)
[DEBUG] Unhandled play packet 0x51 (3 bytes)
[DEBUG] Unhandled play packet 0x51 (3 bytes)
[DEBUG] Unhandled play packet 0x51 (3 bytes)
[DEBUG] Unhandled play packet 0x51 (3 bytes)
[DEBUG] Unhandled play packet 0x51 (3 bytes)
[DEBUG] Unhandled play packet 0x51 (3 bytes)
[DEBUG] Unhandled play packet 0x51 (3 bytes)
[DEBUG] Unhandled play packet 0x63 (8 bytes)
[DEBUG] Unhandled play packet 0x63 (8 bytes)
[DEBUG] Unhandled play packet 0x51 (3 bytes)
[DEBUG] Unhandled play packet 0x51 (3 bytes)
[DEBUG] Unhandled play packet 0x51 (3 bytes)
[DEBUG] Unhandled play packet 0x63 (8 bytes)
[DEBUG] Unhandled play packet 0x51 (3 bytes)
[DEBUG] Unhandled play packet 0x51 (3 bytes)
[DEBUG] Unhandled play packet 0x51 (3 bytes)
[DEBUG] Unhandled play packet 0x51 (3 bytes)
[DEBUG] Unhandled play packet 0x51 (3 bytes)
[DEBUG] Unhandled play packet 0x63 (8 bytes)
[DEBUG] Unhandled play packet 0x51 (3 bytes)
[DEBUG] Unhandled play packet 0x51 (3 bytes)
[DEBUG] Unhandled play packet 0x51 (3 bytes)
[DEBUG] Unhandled play packet 0x51 (3 bytes)
[DEBUG] Unhandled play packet 0x51 (3 bytes)
[DEBUG] Unhandled play packet 0x51 (3 bytes)
[DEBUG] Unhandled play packet 0x51 (3 bytes)
[DEBUG] Unhandled play packet 0x63 (8 bytes)
[DEBUG] Unhandled play packet 0x51 (3 bytes)
[DEBUG] Unhandled play packet 0x63 (8 bytes)
[DEBUG] Unhandled play packet 0x51 (3 bytes)
[DEBUG] Unhandled play packet 0x51 (3 bytes)
[DEBUG] Unhandled play packet 0x51 (3 bytes)
[DEBUG] Unhandled play packet 0x63 (8 bytes)
[DEBUG] Unhandled play packet 0x51 (3 bytes)
[DEBUG] Unhandled play packet 0x51 (3 bytes)
[DEBUG] Unhandled play packet 0x51 (3 bytes)
[DEBUG] Unhandled play packet 0x51 (3 bytes)
[DEBUG] Unhandled play packet 0x51 (3 bytes)
[DEBUG] Unhandled play packet 0x51 (3 bytes)
[DEBUG] Unhandled play packet 0x63 (8 bytes)
[DEBUG] Unhandled play packet 0x51 (3 bytes)
[DEBUG] Unhandled play packet 0x51 (3 bytes)
[DEBUG] Unhandled play packet 0x51 (3 bytes)
[DEBUG] Unhandled play packet 0x51 (3 bytes)
[DEBUG] Unhandled play packet 0x51 (3 bytes)
[DEBUG] Unhandled play packet 0x51 (2 bytes)
[DEBUG] Unhandled play packet 0x51 (3 bytes)
[DEBUG] Unhandled play packet 0x51 (3 bytes)
[DEBUG] Unhandled play packet 0x51 (3 bytes)
[DEBUG] Unhandled play packet 0x51 (3 bytes)
[DEBUG] Unhandled play packet 0x63 (8 bytes)
[DEBUG] Unhandled play packet 0x51 (3 bytes)
[DEBUG] Unhandled play packet 0x63 (8 bytes)
[DEBUG] Unhandled play packet 0x51 (3 bytes)
[DEBUG] Unhandled play packet 0x63 (8 bytes)
[DEBUG] Unhandled play packet 0x51 (3 bytes)
[DEBUG] Unhandled play packet 0x51 (3 bytes)
[DEBUG] Unhandled play packet 0x51 (3 bytes)
[DEBUG] Unhandled play packet 0x51 (3 bytes)
[DEBUG] Unhandled play packet 0x63 (8 bytes)
[DEBUG] Unhandled play packet 0x51 (3 bytes)
[DEBUG] Unhandled play packet 0x51 (3 bytes)
[DEBUG] Unhandled play packet 0x51 (3 bytes)
[Chat] Raw message: 
≡ƒÆ¼ 
[Bot] Chat received: { message: '', system: false }
[DEBUG] Unhandled play packet 0x51 (3 bytes)
[DEBUG] Unhandled play packet 0x63 (8 bytes)
[DEBUG] Unhandled play packet 0x63 (8 bytes)
[DEBUG] Unhandled play packet 0x51 (3 bytes)
[DEBUG] Unhandled play packet 0x51 (3 bytes)
[DEBUG] Unhandled play packet 0x51 (3 bytes)
[DEBUG] Unhandled play packet 0x51 (3 bytes)
[DEBUG] Unhandled play packet 0x51 (2 bytes)
[DEBUG] Unhandled play packet 0x51 (3 bytes)
[DEBUG] Unhandled play packet 0x51 (3 bytes)
[DEBUG] Unhandled play packet 0x51 (3 bytes)
[DEBUG] Unhandled play packet 0x63 (8 bytes)
[DEBUG] Unhandled play packet 0x51 (3 bytes)
[DEBUG] Unhandled play packet 0x63 (8 bytes)
[DEBUG] Unhandled play packet 0x51 (3 bytes)
[DEBUG] Unhandled play packet 0x51 (3 bytes)
[DEBUG] Unhandled play packet 0x63 (8 bytes)
[DEBUG] Unhandled play packet 0x51 (3 bytes)
[DEBUG] Unhandled play packet 0x51 (3 bytes)
[DEBUG] Unhandled play packet 0x51 (3 bytes)
[DEBUG] Unhandled play packet 0x51 (3 bytes)
[DEBUG] Unhandled play packet 0x63 (8 bytes)
[DEBUG] Unhandled play packet 0x51 (3 bytes)
[DEBUG] Unhandled play packet 0x51 (3 bytes)
[DEBUG] Unhandled play packet 0x51 (3 bytes)
[DEBUG] Unhandled play packet 0x51 (3 bytes)
[DEBUG] Unhandled play packet 0x63 (8 bytes)
[DEBUG] Unhandled play packet 0x63 (8 bytes)
[DEBUG] Unhandled play packet 0x51 (3 bytes)
[DEBUG] Unhandled play packet 0x51 (3 bytes)
[DEBUG] Unhandled play packet 0x51 (3 bytes)
[DEBUG] Unhandled play packet 0x63 (8 bytes)
[DEBUG] Unhandled play packet 0x00 (0 bytes)
[DEBUG] Unhandled play packet 0x61 (9 bytes)
[DEBUG] Unhandled play packet 0x64 (8 bytes)
[DEBUG] Unhandled play packet 0x00 (0 bytes)
[DEBUG] Unhandled play packet 0x00 (0 bytes)
[DEBUG] Unhandled play packet 0x61 (9 bytes)
[DEBUG] Unhandled play packet 0x64 (8 bytes)
[DEBUG] Unhandled play packet 0x00 (0 bytes)
[DEBUG] Unhandled play packet 0x00 (0 bytes)
[DEBUG] Unhandled play packet 0x61 (9 bytes)
[DEBUG] Unhandled play packet 0x64 (8 bytes)
[DEBUG] Unhandled play packet 0x00 (0 bytes)
[DEBUG] Unhandled play packet 0x00 (0 bytes)
[DEBUG] Unhandled play packet 0x61 (9 bytes)
[DEBUG] Unhandled play packet 0x64 (8 bytes)
[DEBUG] Unhandled play packet 0x00 (0 bytes)
[DEBUG] Unhandled play packet 0x51 (3 bytes)
[DEBUG] Unhandled play packet 0x63 (7 bytes)
[DEBUG] Unhandled play packet 0x51 (2 bytes)
[DEBUG] Unhandled play packet 0x51 (3 bytes)
[DEBUG] Unhandled play packet 0x61 (9 bytes)
[DEBUG] Unhandled play packet 0x51 (3 bytes)
[DEBUG] Unhandled play packet 0x61 (9 bytes)
[DEBUG] Unhandled play packet 0x61 (9 bytes)
[DEBUG] Unhandled play packet 0x51 (3 bytes)
[DEBUG] Unhandled play packet 0x61 (9 bytes)
[DEBUG] Unhandled play packet 0x64 (8 bytes)
[DEBUG] Unhandled play packet 0x64 (8 bytes)
[DEBUG] Unhandled play packet 0x64 (8 bytes)
[DEBUG] Unhandled play packet 0x64 (8 bytes)
[DEBUG] Unhandled play packet 0x63 (8 bytes)
[DEBUG] Unhandled play packet 0x51 (3 bytes)
[DEBUG] Unhandled play packet 0x63 (8 bytes)
[DEBUG] Unhandled play packet 0x51 (3 bytes)
[DEBUG] Unhandled play packet 0x51 (3 bytes)
[DEBUG] Unhandled play packet 0x51 (3 bytes)
[DEBUG] Unhandled play packet 0x63 (8 bytes)
[DEBUG] Unhandled play packet 0x51 (3 bytes)
[DEBUG] Unhandled play packet 0x51 (3 bytes)
[DEBUG] Unhandled play packet 0x51 (3 bytes)
[DEBUG] Unhandled play packet 0x51 (3 bytes)
[DEBUG] Unhandled play packet 0x63 (8 bytes)
[DEBUG] Unhandled play packet 0x51 (3 bytes)
[DEBUG] Unhandled play packet 0x63 (8 bytes)
[DEBUG] Unhandled play packet 0x51 (3 bytes)
[DEBUG] Unhandled play packet 0x63 (8 bytes)
[DEBUG] Unhandled play packet 0x51 (3 bytes)
[DEBUG] Unhandled play packet 0x51 (3 bytes)
[DEBUG] Unhandled play packet 0x63 (8 bytes)
[DEBUG] Unhandled play packet 0x63 (8 bytes)
[DEBUG] Unhandled play packet 0x51 (3 bytes)
[DEBUG] Unhandled play packet 0x63 (8 bytes)
[DEBUG] Unhandled play packet 0x51 (3 bytes)
[DEBUG] Unhandled play packet 0x51 (3 bytes)
[DEBUG] Unhandled play packet 0x63 (7 bytes)
[DEBUG] Unhandled play packet 0x51 (2 bytes)
[DEBUG] Unhandled play packet 0x63 (8 bytes)
[DEBUG] Unhandled play packet 0x81 (13 bytes)
[DEBUG] Unhandled play packet 0x51 (3 bytes)
[DEBUG] Unhandled play packet 0x51 (3 bytes)
[DEBUG] Unhandled play packet 0x63 (8 bytes)
[DEBUG] Unhandled play packet 0x63 (8 bytes)
[DEBUG] Unhandled play packet 0x81 (13 bytes)
[DEBUG] Unhandled play packet 0x51 (3 bytes)
[DEBUG] Unhandled play packet 0x63 (8 bytes)
[DEBUG] Unhandled play packet 0x81 (13 bytes)
[DEBUG] Unhandled play packet 0x51 (3 bytes)
[DEBUG] Unhandled play packet 0x51 (3 bytes)
[DEBUG] Unhandled play packet 0x51 (3 bytes)
[DEBUG] Unhandled play packet 0x63 (8 bytes)
[DEBUG] Unhandled play packet 0x51 (3 bytes)
[DEBUG] Unhandled play packet 0x63 (8 bytes)
[DEBUG] Unhandled play packet 0x81 (13 bytes)
[DEBUG] Unhandled play packet 0x51 (3 bytes)
[DEBUG] Unhandled play packet 0x63 (8 bytes)
[DEBUG] Unhandled play packet 0x63 (8 bytes)
[DEBUG] Unhandled play packet 0x51 (3 bytes)
[DEBUG] Unhandled play packet 0x63 (8 bytes)
[DEBUG] Unhandled play packet 0x51 (3 bytes)
[DEBUG] Unhandled play packet 0x51 (3 bytes)
[DEBUG] Unhandled play packet 0x63 (8 bytes)
[DEBUG] Unhandled play packet 0x63 (8 bytes)
[DEBUG] Unhandled play packet 0x51 (3 bytes)
[DEBUG] Unhandled play packet 0x51 (3 bytes)
[DEBUG] Unhandled play packet 0x51 (3 bytes)
[DEBUG] Unhandled play packet 0x63 (8 bytes)
[DEBUG] Unhandled play packet 0x51 (3 bytes)
[DEBUG] Unhandled play packet 0x63 (8 bytes)
[DEBUG] Unhandled play packet 0x51 (3 bytes)
[DEBUG] Unhandled play packet 0x63 (8 bytes)
[DEBUG] Unhandled play packet 0x51 (3 bytes)
[DEBUG] Unhandled play packet 0x51 (3 bytes)
[DEBUG] Unhandled play packet 0x63 (8 bytes)
[DEBUG] Unhandled play packet 0x51 (3 bytes)
[DEBUG] Unhandled play packet 0x51 (3 bytes)
[DEBUG] Unhandled play packet 0x51 (3 bytes)
[DEBUG] Unhandled play packet 0x51 (2 bytes)
[DEBUG] Unhandled play packet 0x63 (8 bytes)
[DEBUG] Unhandled play packet 0x51 (3 bytes)
[DEBUG] Unhandled play packet 0x51 (3 bytes)
[DEBUG] Unhandled play packet 0x51 (3 bytes)
[DEBUG] Unhandled play packet 0x63 (8 bytes)
[DEBUG] Unhandled play packet 0x63 (8 bytes)
[DEBUG] Unhandled play packet 0x51 (3 bytes)
[DEBUG] Unhandled play packet 0x51 (3 bytes)
[DEBUG] Unhandled play packet 0x51 (3 bytes)
[DEBUG] Unhandled play packet 0x51 (3 bytes)
[DEBUG] Unhandled play packet 0x63 (8 bytes)
[DEBUG] Unhandled play packet 0x63 (8 bytes)
[DEBUG] Unhandled play packet 0x51 (3 bytes)
[DEBUG] Unhandled play packet 0x51 (3 bytes)
[DEBUG] Unhandled play packet 0x51 (3 bytes)
[DEBUG] Unhandled play packet 0x51 (3 bytes)
[DEBUG] Unhandled play packet 0x63 (8 bytes)
[DEBUG] Unhandled play packet 0x51 (3 bytes)
[DEBUG] Unhandled play packet 0x63 (8 bytes)
[DEBUG] Unhandled play packet 0x63 (8 bytes)
[DEBUG] Unhandled play packet 0x51 (3 bytes)
[DEBUG] Unhandled play packet 0x51 (3 bytes)
[DEBUG] Unhandled play packet 0x63 (8 bytes)
[DEBUG] Unhandled play packet 0x51 (3 bytes)
[DEBUG] Unhandled play packet 0x63 (7 bytes)
[DEBUG] Unhandled play packet 0x51 (2 bytes)
[DEBUG] Unhandled play packet 0x51 (3 bytes)
[DEBUG] Unhandled play packet 0x51 (3 bytes)
[DEBUG] Unhandled play packet 0x63 (8 bytes)
[Chat] Raw message: 
≡ƒÆ¼ 
[Bot] Chat received: { message: '', system: false }
[DEBUG] Unhandled play packet 0x63 (8 bytes)
[DEBUG] Unhandled play packet 0x51 (3 bytes)
[DEBUG] Unhandled play packet 0x63 (8 bytes)
[DEBUG] Unhandled play packet 0x51 (3 bytes)
[DEBUG] Unhandled play packet 0x63 (8 bytes)
[DEBUG] Unhandled play packet 0x51 (3 bytes)
[DEBUG] Unhandled play packet 0x51 (3 bytes)
[DEBUG] Unhandled play packet 0x63 (8 bytes)
[DEBUG] Unhandled play packet 0x51 (3 bytes)
[DEBUG] Unhandled play packet 0x51 (3 bytes)
[DEBUG] Unhandled play packet 0x51 (3 bytes)
[DEBUG] Unhandled play packet 0x51 (3 bytes)
[Chat] Raw message: 
≡ƒÆ¼ 
[Bot] Chat received: { message: '', system: false }
[DEBUG] Unhandled play packet 0x63 (8 bytes)
[DEBUG] Unhandled play packet 0x63 (8 bytes)
[DEBUG] Unhandled play packet 0x63 (8 bytes)
[DEBUG] Unhandled play packet 0x51 (3 bytes)
[DEBUG] Unhandled play packet 0x51 (3 bytes)
[DEBUG] Unhandled play packet 0x51 (3 bytes)
[DEBUG] Unhandled play packet 0x51 (2 bytes)
[DEBUG] Unhandled play packet 0x51 (3 bytes)
[DEBUG] Unhandled play packet 0x51 (3 bytes)
[DEBUG] Unhandled play packet 0x51 (3 bytes)
[DEBUG] Unhandled play packet 0x51 (3 bytes)
[DEBUG] Unhandled play packet 0x63 (8 bytes)
[DEBUG] Unhandled play packet 0x51 (3 bytes)
[DEBUG] Unhandled play packet 0x63 (8 bytes)
[DEBUG] Unhandled play packet 0x51 (3 bytes)
[DEBUG] Unhandled play packet 0x63 (8 bytes)
[DEBUG] Unhandled play packet 0x51 (3 bytes)
[DEBUG] Unhandled play packet 0x51 (3 bytes)
[DEBUG] Unhandled play packet 0x51 (3 bytes)
[DEBUG] Unhandled play packet 0x63 (8 bytes)
[DEBUG] Unhandled play packet 0x51 (3 bytes)
[DEBUG] Unhandled play packet 0x51 (3 bytes)
[DEBUG] Unhandled play packet 0x51 (3 bytes)
[DEBUG] Unhandled play packet 0x51 (3 bytes)
[Chat] Raw message: 
≡ƒÆ¼ 
[Bot] Chat received: { message: '', system: false }
[DEBUG] Unhandled play packet 0x63 (8 bytes)
[DEBUG] Unhandled play packet 0x63 (8 bytes)
[DEBUG] Unhandled play packet 0x51 (3 bytes)
[DEBUG] Unhandled play packet 0x51 (3 bytes)
[DEBUG] Unhandled play packet 0x51 (3 bytes)
[DEBUG] Unhandled play packet 0x51 (3 bytes)
[DEBUG] Unhandled play packet 0x51 (3 bytes)
[DEBUG] Unhandled play packet 0x51 (3 bytes)
[DEBUG] Unhandled play packet 0x63 (8 bytes)
[DEBUG] Unhandled play packet 0x51 (3 bytes)
[DEBUG] Unhandled play packet 0x63 (8 bytes)
[DEBUG] Unhandled play packet 0x51 (3 bytes)
[DEBUG] Unhandled play packet 0x63 (8 bytes)
[DEBUG] Unhandled play packet 0x51 (3 bytes)
[DEBUG] Unhandled play packet 0x51 (3 bytes)
[DEBUG] Unhandled play packet 0x51 (3 bytes)
[DEBUG] Unhandled play packet 0x51 (3 bytes)
[DEBUG] Unhandled play packet 0x63 (8 bytes)
[DEBUG] Unhandled play packet 0x51 (3 bytes)
[DEBUG] Unhandled play packet 0x51 (3 bytes)
[DEBUG] Unhandled play packet 0x51 (3 bytes)
[DEBUG] Unhandled play packet 0x63 (8 bytes)
[DEBUG] Unhandled play packet 0x51 (3 bytes)
[DEBUG] Unhandled play packet 0x63 (8 bytes)
[DEBUG] Unhandled play packet 0x51 (3 bytes)
[DEBUG] Unhandled play packet 0x51 (3 bytes)
[DEBUG] Unhandled play packet 0x51 (3 bytes)
[DEBUG] Unhandled play packet 0x51 (3 bytes)
[DEBUG] Unhandled play packet 0x51 (3 bytes)
[DEBUG] Unhandled play packet 0x63 (8 bytes)
[DEBUG] Unhandled play packet 0x51 (3 bytes)
[DEBUG] Unhandled play packet 0x63 (8 bytes)
[DEBUG] Unhandled play packet 0x51 (3 bytes)
[DEBUG] Unhandled play packet 0x51 (3 bytes)
[DEBUG] Unhandled play packet 0x51 (3 bytes)
[DEBUG] Unhandled play packet 0x51 (3 bytes)
[DEBUG] Unhandled play packet 0x51 (3 bytes)
[DEBUG] Unhandled play packet 0x51 (3 bytes)
[DEBUG] Unhandled play packet 0x51 (3 bytes)
[DEBUG] Unhandled play packet 0x63 (8 bytes)
[DEBUG] Unhandled play packet 0x63 (8 bytes)
[DEBUG] Unhandled play packet 0x51 (3 bytes)
[DEBUG] Unhandled play packet 0x63 (7 bytes)
[DEBUG] Unhandled play packet 0x00 (0 bytes)
[DEBUG] Unhandled play packet 0x61 (9 bytes)
[DEBUG] Unhandled play packet 0x81 (13 bytes)
[DEBUG] Unhandled play packet 0x00 (0 bytes)
[DEBUG] Unhandled play packet 0x51 (3 bytes)
[DEBUG] Unhandled play packet 0x51 (3 bytes)
[DEBUG] Unhandled play packet 0x51 (3 bytes)
[DEBUG] Unhandled play packet 0x63 (8 bytes)
[DEBUG] Unhandled play packet 0x51 (3 bytes)
[DEBUG] Unhandled play packet 0x51 (3 bytes)
[DEBUG] Unhandled play packet 0x63 (8 bytes)
[DEBUG] Unhandled play packet 0x63 (8 bytes)
[DEBUG] Unhandled play packet 0x51 (3 bytes)
[DEBUG] Unhandled play packet 0x51 (3 bytes)
[DEBUG] Unhandled play packet 0x51 (3 bytes)
[DEBUG] Unhandled play packet 0x51 (3 bytes)
[DEBUG] Unhandled play packet 0x51 (3 bytes)
[DEBUG] Unhandled play packet 0x51 (3 bytes)
[DEBUG] Unhandled play packet 0x63 (8 bytes)
[DEBUG] Unhandled play packet 0x51 (3 bytes)
[DEBUG] Unhandled play packet 0x51 (3 bytes)
[DEBUG] Unhandled play packet 0x63 (8 bytes)
[DEBUG] Unhandled play packet 0x63 (8 bytes)
[DEBUG] Unhandled play packet 0x63 (8 bytes)
[DEBUG] Unhandled play packet 0x51 (3 bytes)
[DEBUG] Unhandled play packet 0x51 (3 bytes)
[DEBUG] Unhandled play packet 0x63 (7 bytes)
[DEBUG] Unhandled play packet 0x51 (3 bytes)
[DEBUG] Unhandled play packet 0x51 (3 bytes)
[DEBUG] Unhandled play packet 0x51 (3 bytes)
[DEBUG] Unhandled play packet 0x63 (8 bytes)
[DEBUG] Unhandled play packet 0x51 (3 bytes)
[DEBUG] Unhandled play packet 0x51 (3 bytes)
[DEBUG] Unhandled play packet 0x51 (3 bytes)
[DEBUG] Unhandled play packet 0x63 (8 bytes)
[DEBUG] Unhandled play packet 0x51 (3 bytes)
[DEBUG] Unhandled play packet 0x51 (3 bytes)
[DEBUG] Unhandled play packet 0x51 (3 bytes)
[DEBUG] Unhandled play packet 0x51 (3 bytes)
[DEBUG] Unhandled play packet 0x51 (3 bytes)
[DEBUG] Unhandled play packet 0x63 (8 bytes)
[DEBUG] Unhandled play packet 0x51 (3 bytes)
[DEBUG] Unhandled play packet 0x51 (3 bytes)
[DEBUG] Unhandled play packet 0x63 (8 bytes)
[DEBUG] Unhandled play packet 0x63 (8 bytes)
[DEBUG] Unhandled play packet 0x51 (3 bytes)
[DEBUG] Unhandled play packet 0x63 (8 bytes)
[DEBUG] Unhandled play packet 0x51 (3 bytes)
[DEBUG] Unhandled play packet 0x51 (3 bytes)
[Chat] Raw message: 
≡ƒÆ¼ 
[Bot] Chat received: { message: '', system: false }
[DEBUG] Unhandled play packet 0x63 (7 bytes)
[DEBUG] Unhandled play packet 0x51 (2 bytes)
[DEBUG] Unhandled play packet 0x51 (3 bytes)
[DEBUG] Unhandled play packet 0x51 (3 bytes)
[DEBUG] Unhandled play packet 0x51 (3 bytes)
[DEBUG] Unhandled play packet 0x63 (8 bytes)
[DEBUG] Unhandled play packet 0x51 (3 bytes)
[DEBUG] Unhandled play packet 0x51 (3 bytes)
[DEBUG] Unhandled play packet 0x51 (3 bytes)
[DEBUG] Unhandled play packet 0x63 (8 bytes)
[DEBUG] Unhandled play packet 0x51 (3 bytes)
[DEBUG] Unhandled play packet 0x51 (3 bytes)
[DEBUG] Unhandled play packet 0x51 (3 bytes)
[DEBUG] Unhandled play packet 0x51 (3 bytes)
[DEBUG] Unhandled play packet 0x51 (3 bytes)
[DEBUG] Unhandled play packet 0x63 (8 bytes)
[DEBUG] Unhandled play packet 0x63 (8 bytes)
[DEBUG] Unhandled play packet 0x51 (3 bytes)
[DEBUG] Unhandled play packet 0x63 (8 bytes)
[DEBUG] Unhandled play packet 0x51 (3 bytes)
[DEBUG] Unhandled play packet 0x63 (7 bytes)
[DEBUG] Unhandled play packet 0x51 (2 bytes)
[DEBUG] Unhandled play packet 0x51 (3 bytes)
[DEBUG] Unhandled play packet 0x51 (3 bytes)
[DEBUG] Unhandled play packet 0x63 (8 bytes)
[Chat] Raw message: 
≡ƒÆ¼ 
[Bot] Chat received: { message: '', system: false }
[Chat] Raw message: 
≡ƒÆ¼ 
[Bot] Chat received: { message: '', system: false }
[DEBUG] Unhandled play packet 0x51 (3 bytes)
[DEBUG] Unhandled play packet 0x51 (3 bytes)
[DEBUG] Unhandled play packet 0x63 (8 bytes)
[DEBUG] Unhandled play packet 0x51 (3 bytes)
[DEBUG] Unhandled play packet 0x51 (3 bytes)
[DEBUG] Unhandled play packet 0x51 (3 bytes)
[DEBUG] Unhandled play packet 0x51 (3 bytes)
[DEBUG] Unhandled play packet 0x51 (3 bytes)
[DEBUG] Unhandled play packet 0x51 (3 bytes)
[DEBUG] Unhandled play packet 0x51 (3 bytes)
[DEBUG] Unhandled play packet 0x51 (3 bytes)
[DEBUG] Unhandled play packet 0x63 (8 bytes)
[DEBUG] Unhandled play packet 0x63 (8 bytes)
[DEBUG] Unhandled play packet 0x51 (3 bytes)
[DEBUG] Unhandled play packet 0x63 (8 bytes)
[DEBUG] Unhandled play packet 0x51 (3 bytes)
[Chat] Raw message: 
≡ƒÆ¼ 
[Bot] Chat received: { message: '', system: false }
[DEBUG] Unhandled play packet 0x51 (3 bytes)
[DEBUG] Unhandled play packet 0x51 (3 bytes)
[DEBUG] Unhandled play packet 0x63 (8 bytes)
[DEBUG] Unhandled play packet 0x51 (3 bytes)
[DEBUG] Unhandled play packet 0x51 (3 bytes)
[DEBUG] Unhandled play packet 0x51 (3 bytes)
[DEBUG] Unhandled play packet 0x51 (3 bytes)
[DEBUG] Unhandled play packet 0x51 (3 bytes)
[DEBUG] Unhandled play packet 0x51 (3 bytes)
[DEBUG] Unhandled play packet 0x51 (3 bytes)
[DEBUG] Unhandled play packet 0x51 (3 bytes)
[DEBUG] Unhandled play packet 0x51 (3 bytes)
[DEBUG] Unhandled play packet 0x51 (3 bytes)
[DEBUG] Unhandled play packet 0x51 (3 bytes)
[DEBUG] Unhandled play packet 0x63 (8 bytes)
[DEBUG] Unhandled play packet 0x63 (8 bytes)
[DEBUG] Unhandled play packet 0x51 (3 bytes)
[DEBUG] Unhandled play packet 0x63 (8 bytes)
[DEBUG] Unhandled play packet 0x51 (3 bytes)
[DEBUG] Unhandled play packet 0x51 (3 bytes)
[DEBUG] Unhandled play packet 0x51 (3 bytes)
[DEBUG] Unhandled play packet 0x00 (0 bytes)
[DEBUG] Unhandled play packet 0x61 (9 bytes)
[DEBUG] Unhandled play packet 0x00 (0 bytes)
[DEBUG] Unhandled play packet 0x51 (3 bytes)
[DEBUG] Unhandled play packet 0x51 (3 bytes)
[DEBUG] Unhandled play packet 0x51 (3 bytes)
[DEBUG] Unhandled play packet 0x51 (3 bytes)
[DEBUG] Unhandled play packet 0x51 (3 bytes)
[DEBUG] Unhandled play packet 0x51 (3 bytes)
[DEBUG] Unhandled play packet 0x51 (3 bytes)
[DEBUG] Unhandled play packet 0x61 (9 bytes)
[DEBUG] Unhandled play packet 0x51 (3 bytes)
[DEBUG] Unhandled play packet 0x63 (8 bytes)
[DEBUG] Unhandled play packet 0x63 (8 bytes)
[DEBUG] Unhandled play packet 0x51 (3 bytes)
[DEBUG] Unhandled play packet 0x63 (8 bytes)
[DEBUG] Unhandled play packet 0x51 (3 bytes)
[DEBUG] Unhandled play packet 0x51 (3 bytes)
[DEBUG] Unhandled play packet 0x51 (3 bytes)
[DEBUG] Unhandled play packet 0x51 (3 bytes)
[DEBUG] Unhandled play packet 0x51 (3 bytes)
[DEBUG] Unhandled play packet 0x51 (3 bytes)
[DEBUG] Unhandled play packet 0x51 (3 bytes)
[DEBUG] Unhandled play packet 0x51 (3 bytes)
[DEBUG] Unhandled play packet 0x51 (3 bytes)
[DEBUG] Unhandled play packet 0x51 (3 bytes)
[DEBUG] Unhandled play packet 0x36 (5 bytes)
[DEBUG] Unhandled play packet 0x81 (13 bytes)
[DEBUG] Unhandled play packet 0x51 (3 bytes)
[DEBUG] Unhandled play packet 0x51 (3 bytes)
[DEBUG] Unhandled play packet 0x63 (8 bytes)
[DEBUG] Unhandled play packet 0x63 (8 bytes)
[DEBUG] Unhandled play packet 0x51 (3 bytes)
[DEBUG] Unhandled play packet 0x63 (8 bytes)
[DEBUG] Unhandled play packet 0x51 (3 bytes)
[DEBUG] Unhandled play packet 0x51 (3 bytes)
[DEBUG] Unhandled play packet 0x51 (2 bytes)
[DEBUG] Unhandled play packet 0x51 (3 bytes)
[DEBUG] Unhandled play packet 0x51 (3 bytes)
[DEBUG] Unhandled play packet 0x51 (3 bytes)
[DEBUG] Unhandled play packet 0x51 (3 bytes)
[DEBUG] Unhandled play packet 0x51 (3 bytes)
[DEBUG] Unhandled play packet 0x51 (3 bytes)
[DEBUG] Unhandled play packet 0x63 (8 bytes)
[DEBUG] Unhandled play packet 0x63 (8 bytes)
[DEBUG] Unhandled play packet 0x51 (3 bytes)
[DEBUG] Unhandled play packet 0x63 (8 bytes)
[DEBUG] Unhandled play packet 0x51 (3 bytes)
[DEBUG] Unhandled play packet 0x51 (3 bytes)
[DEBUG] Unhandled play packet 0x63 (8 bytes)
[Chat] Raw message: 
≡ƒÆ¼ 
[Bot] Chat received: { message: '', system: false }
[Chat] Raw message: 
≡ƒÆ¼ 
[Bot] Chat received: { message: '', system: false }
[DEBUG] Unhandled play packet 0x51 (3 bytes)
[DEBUG] Unhandled play packet 0x51 (2 bytes)
[DEBUG] Unhandled play packet 0x51 (3 bytes)
[DEBUG] Unhandled play packet 0x51 (3 bytes)
[DEBUG] Unhandled play packet 0x51 (3 bytes)
[DEBUG] Unhandled play packet 0x51 (3 bytes)
[DEBUG] Unhandled play packet 0x51 (3 bytes)
[DEBUG] Unhandled play packet 0x51 (3 bytes)
[DEBUG] Unhandled play packet 0x51 (3 bytes)
[DEBUG] Unhandled play packet 0x51 (3 bytes)
[DEBUG] Unhandled play packet 0x63 (8 bytes)
[DEBUG] Unhandled play packet 0x63 (8 bytes)
[DEBUG] Unhandled play packet 0x51 (3 bytes)
[DEBUG] Unhandled play packet 0x51 (3 bytes)
[DEBUG] Unhandled play packet 0x63 (8 bytes)
[DEBUG] Unhandled play packet 0x51 (3 bytes)
[DEBUG] Unhandled play packet 0x51 (3 bytes)
[DEBUG] Unhandled play packet 0x63 (8 bytes)
[DEBUG] Unhandled play packet 0x51 (3 bytes)
[DEBUG] Unhandled play packet 0x51 (3 bytes)
[DEBUG] Unhandled play packet 0x51 (3 bytes)
[DEBUG] Unhandled play packet 0x51 (3 bytes)
[DEBUG] Unhandled play packet 0x51 (3 bytes)
[DEBUG] Unhandled play packet 0x51 (3 bytes)
[DEBUG] Unhandled play packet 0x51 (3 bytes)
[DEBUG] Unhandled play packet 0x51 (3 bytes)
[DEBUG] Unhandled play packet 0x51 (3 bytes)
[DEBUG] Unhandled play packet 0x51 (3 bytes)
[DEBUG] Unhandled play packet 0x63 (8 bytes)
[DEBUG] Unhandled play packet 0x51 (3 bytes)
[DEBUG] Unhandled play packet 0x51 (3 bytes)
[DEBUG] Unhandled play packet 0x51 (3 bytes)
[Chat] Raw message: 
≡ƒÆ¼ 
[Bot] Chat received: { message: '', system: false }
[DEBUG] Unhandled play packet 0x63 (8 bytes)
[DEBUG] Unhandled play packet 0x63 (8 bytes)
[DEBUG] Unhandled play packet 0x51 (3 bytes)
[DEBUG] Unhandled play packet 0x51 (3 bytes)
[DEBUG] Unhandled play packet 0x63 (8 bytes)
[DEBUG] Unhandled play packet 0x51 (3 bytes)
[DEBUG] Unhandled play packet 0x51 (3 bytes)
[DEBUG] Unhandled play packet 0x63 (8 bytes)
[DEBUG] Unhandled play packet 0x51 (3 bytes)
[DEBUG] Unhandled play packet 0x51 (3 bytes)
[DEBUG] Unhandled play packet 0x51 (3 bytes)
[DEBUG] Unhandled play packet 0x51 (3 bytes)
[DEBUG] Unhandled play packet 0x51 (3 bytes)
[DEBUG] Unhandled play packet 0x51 (3 bytes)
[DEBUG] Unhandled play packet 0x51 (3 bytes)
[DEBUG] Unhandled play packet 0x63 (8 bytes)
[DEBUG] Unhandled play packet 0x51 (3 bytes)
[DEBUG] Unhandled play packet 0x51 (3 bytes)
[DEBUG] Unhandled play packet 0x63 (8 bytes)
[DEBUG] Unhandled play packet 0x51 (3 bytes)
[DEBUG] Unhandled play packet 0x51 (3 bytes)
[DEBUG] Unhandled play packet 0x51 (3 bytes)
[DEBUG] Unhandled play packet 0x63 (8 bytes)
[DEBUG] Unhandled play packet 0x63 (8 bytes)
[DEBUG] Unhandled play packet 0x63 (8 bytes)
[DEBUG] Unhandled play packet 0x51 (3 bytes)
[DEBUG] Unhandled play packet 0x51 (3 bytes)
[DEBUG] Unhandled play packet 0x63 (8 bytes)
[DEBUG] Unhandled play packet 0x51 (3 bytes)
[DEBUG] Unhandled play packet 0x51 (3 bytes)
[DEBUG] Unhandled play packet 0x63 (8 bytes)
[DEBUG] Unhandled play packet 0x51 (3 bytes)
[DEBUG] Unhandled play packet 0x63 (7 bytes)
[DEBUG] Unhandled play packet 0x51 (2 bytes)
[DEBUG] Unhandled play packet 0x51 (3 bytes)
[DEBUG] Unhandled play packet 0x51 (3 bytes)
[DEBUG] Unhandled play packet 0x51 (3 bytes)
[DEBUG] Unhandled play packet 0x51 (3 bytes)
[DEBUG] Unhandled play packet 0x51 (3 bytes)
[DEBUG] Unhandled play packet 0x63 (8 bytes)
[DEBUG] Unhandled play packet 0x51 (3 bytes)
[DEBUG] Unhandled play packet 0x63 (8 bytes)
[DEBUG] Unhandled play packet 0x51 (3 bytes)
[DEBUG] Unhandled play packet 0x51 (3 bytes)
[DEBUG] Unhandled play packet 0x63 (8 bytes)
[DEBUG] Unhandled play packet 0x51 (3 bytes)
[DEBUG] Unhandled play packet 0x63 (8 bytes)
[DEBUG] Unhandled play packet 0x63 (8 bytes)
[DEBUG] Unhandled play packet 0x51 (3 bytes)
[DEBUG] Unhandled play packet 0x51 (3 bytes)
[DEBUG] Unhandled play packet 0x63 (8 bytes)
[DEBUG] Unhandled play packet 0x51 (3 bytes)
[DEBUG] Unhandled play packet 0x63 (8 bytes)
[DEBUG] Unhandled play packet 0x63 (7 bytes)
[DEBUG] Unhandled play packet 0x51 (3 bytes)
[DEBUG] Unhandled play packet 0x51 (3 bytes)
[DEBUG] Unhandled play packet 0x51 (3 bytes)
[DEBUG] Unhandled play packet 0x51 (3 bytes)
[DEBUG] Unhandled play packet 0x51 (3 bytes)
[DEBUG] Unhandled play packet 0x51 (3 bytes)
[DEBUG] Unhandled play packet 0x51 (3 bytes)
[DEBUG] Unhandled play packet 0x63 (8 bytes)
[DEBUG] Unhandled play packet 0x51 (3 bytes)
[DEBUG] Unhandled play packet 0x63 (8 bytes)
[DEBUG] Unhandled play packet 0x51 (3 bytes)
[DEBUG] Unhandled play packet 0x51 (3 bytes)
[DEBUG] Unhandled play packet 0x51 (3 bytes)
[DEBUG] Unhandled play packet 0x63 (8 bytes)
[DEBUG] Unhandled play packet 0x51 (3 bytes)
[DEBUG] Unhandled play packet 0x51 (3 bytes)
[DEBUG] Unhandled play packet 0x51 (3 bytes)
[DEBUG] Unhandled play packet 0x63 (8 bytes)
[DEBUG] Unhandled play packet 0x51 (3 bytes)
[DEBUG] Unhandled play packet 0x51 (3 bytes)
[DEBUG] Unhandled play packet 0x51 (3 bytes)
[DEBUG] Unhandled play packet 0x63 (8 bytes)
[DEBUG] Unhandled play packet 0x51 (3 bytes)
[DEBUG] Unhandled play packet 0x51 (3 bytes)
[DEBUG] Unhandled play packet 0x51 (3 bytes)
[DEBUG] Unhandled play packet 0x51 (3 bytes)
[DEBUG] Unhandled play packet 0x51 (3 bytes)
[DEBUG] Unhandled play packet 0x51 (3 bytes)
[DEBUG] Unhandled play packet 0x63 (8 bytes)
[DEBUG] Unhandled play packet 0x51 (3 bytes)
[DEBUG] Unhandled play packet 0x51 (3 bytes)
[DEBUG] Unhandled play packet 0x63 (8 bytes)
[DEBUG] Unhandled play packet 0x51 (3 bytes)
[DEBUG] Unhandled play packet 0x51 (3 bytes)
[Chat] Raw message: 
≡ƒÆ¼ 
[Bot] Chat received: { message: '', system: false }
[DEBUG] Unhandled play packet 0x00 (0 bytes)
[DEBUG] Unhandled play packet 0x61 (9 bytes)
[DEBUG] Unhandled play packet 0x00 (0 bytes)
[DEBUG] Unhandled play packet 0x00 (0 bytes)
[DEBUG] Unhandled play packet 0x61 (9 bytes)
[DEBUG] Unhandled play packet 0x64 (8 bytes)
[DEBUG] Unhandled play packet 0x00 (0 bytes)
[DEBUG] Unhandled play packet 0x00 (0 bytes)
[DEBUG] Unhandled play packet 0x61 (9 bytes)
[DEBUG] Unhandled play packet 0x64 (8 bytes)
[DEBUG] Unhandled play packet 0x00 (0 bytes)
[DEBUG] Unhandled play packet 0x00 (0 bytes)
[DEBUG] Unhandled play packet 0x61 (9 bytes)
[DEBUG] Unhandled play packet 0x64 (8 bytes)
[DEBUG] Unhandled play packet 0x00 (0 bytes)
[DEBUG] Unhandled play packet 0x00 (0 bytes)
[DEBUG] Unhandled play packet 0x61 (9 bytes)
[DEBUG] Unhandled play packet 0x00 (0 bytes)
[DEBUG] Unhandled play packet 0x61 (9 bytes)
[DEBUG] Unhandled play packet 0x61 (9 bytes)
[DEBUG] Unhandled play packet 0x61 (9 bytes)
[DEBUG] Unhandled play packet 0x63 (8 bytes)
[DEBUG] Unhandled play packet 0x63 (8 bytes)
[DEBUG] Unhandled play packet 0x51 (3 bytes)
[DEBUG] Unhandled play packet 0x61 (9 bytes)
[DEBUG] Unhandled play packet 0x61 (9 bytes)
[DEBUG] Unhandled play packet 0x51 (3 bytes)
[DEBUG] Unhandled play packet 0x63 (8 bytes)
[DEBUG] Unhandled play packet 0x51 (3 bytes)
[DEBUG] Unhandled play packet 0x64 (8 bytes)
[DEBUG] Unhandled play packet 0x64 (8 bytes)
[DEBUG] Unhandled play packet 0x64 (8 bytes)
[DEBUG] Unhandled play packet 0x63 (8 bytes)
[DEBUG] Unhandled play packet 0x51 (3 bytes)
[DEBUG] Unhandled play packet 0x63 (8 bytes)
[DEBUG] Unhandled play packet 0x51 (3 bytes)
[DEBUG] Unhandled play packet 0x51 (3 bytes)
[DEBUG] Unhandled play packet 0x51 (3 bytes)
[DEBUG] Unhandled play packet 0x51 (3 bytes)
[DEBUG] Unhandled play packet 0x51 (3 bytes)
[DEBUG] Unhandled play packet 0x51 (3 bytes)
[DEBUG] Unhandled play packet 0x51 (3 bytes)
[DEBUG] Unhandled play packet 0x51 (3 bytes)
[DEBUG] Unhandled play packet 0x63 (8 bytes)
[DEBUG] Unhandled play packet 0x51 (3 bytes)
[DEBUG] Unhandled play packet 0x51 (3 bytes)
[DEBUG] Unhandled play packet 0x63 (8 bytes)
[DEBUG] Unhandled play packet 0x81 (13 bytes)
[DEBUG] Unhandled play packet 0x51 (3 bytes)
[DEBUG] Unhandled play packet 0x63 (8 bytes)
[DEBUG] Unhandled play packet 0x81 (13 bytes)
[DEBUG] Unhandled play packet 0x51 (3 bytes)
[DEBUG] Unhandled play packet 0x63 (8 bytes)
[DEBUG] Unhandled play packet 0x81 (13 bytes)
[DEBUG] Unhandled play packet 0x51 (3 bytes)
[DEBUG] Unhandled play packet 0x63 (8 bytes)
[DEBUG] Unhandled play packet 0x63 (8 bytes)
[DEBUG] Unhandled play packet 0x51 (3 bytes)
[DEBUG] Unhandled play packet 0x63 (8 bytes)
[DEBUG] Unhandled play packet 0x51 (3 bytes)
[DEBUG] Unhandled play packet 0x63 (8 bytes)
[DEBUG] Unhandled play packet 0x81 (13 bytes)
[DEBUG] Unhandled play packet 0x63 (8 bytes)
[DEBUG] Unhandled play packet 0x81 (13 bytes)
[DEBUG] Unhandled play packet 0x51 (3 bytes)
[DEBUG] Unhandled play packet 0x63 (8 bytes)
[DEBUG] Unhandled play packet 0x51 (3 bytes)
[Chat] Raw message: 
≡ƒÆ¼ 
[Bot] Chat received: { message: '', system: false }
[DEBUG] Unhandled play packet 0x51 (3 bytes)
[DEBUG] Unhandled play packet 0x63 (8 bytes)
[DEBUG] Unhandled play packet 0x51 (3 bytes)
[DEBUG] Unhandled play packet 0x51 (3 bytes)
[DEBUG] Unhandled play packet 0x51 (3 bytes)
[DEBUG] Unhandled play packet 0x51 (3 bytes)
[DEBUG] Unhandled play packet 0x51 (3 bytes)
[DEBUG] Unhandled play packet 0x51 (3 bytes)
[DEBUG] Unhandled play packet 0x51 (3 bytes)
[DEBUG] Unhandled play packet 0x63 (8 bytes)
[DEBUG] Unhandled play packet 0x51 (3 bytes)
[DEBUG] Unhandled play packet 0x51 (3 bytes)
[DEBUG] Unhandled play packet 0x51 (3 bytes)
[DEBUG] Unhandled play packet 0x63 (8 bytes)
[DEBUG] Unhandled play packet 0x63 (8 bytes)
[DEBUG] Unhandled play packet 0x51 (3 bytes)
[DEBUG] Unhandled play packet 0x63 (8 bytes)
[DEBUG] Unhandled play packet 0x51 (3 bytes)
[DEBUG] Unhandled play packet 0x51 (3 bytes)
[DEBUG] Unhandled play packet 0x63 (8 bytes)
[DEBUG] Unhandled play packet 0x51 (3 bytes)
[DEBUG] Unhandled play packet 0x51 (3 bytes)
[DEBUG] Unhandled play packet 0x51 (3 bytes)
[DEBUG] Unhandled play packet 0x51 (3 bytes)
[DEBUG] Unhandled play packet 0x63 (8 bytes)
[DEBUG] Unhandled play packet 0x51 (3 bytes)
[DEBUG] Unhandled play packet 0x51 (3 bytes)
[DEBUG] Unhandled play packet 0x51 (3 bytes)
[DEBUG] Unhandled play packet 0x51 (3 bytes)
[DEBUG] Unhandled play packet 0x51 (3 bytes)
[DEBUG] Unhandled play packet 0x51 (3 bytes)
[DEBUG] Unhandled play packet 0x63 (8 bytes)
[DEBUG] Unhandled play packet 0x51 (3 bytes)
[DEBUG] Unhandled play packet 0x51 (3 bytes)
[DEBUG] Unhandled play packet 0x51 (3 bytes)
[DEBUG] Unhandled play packet 0x63 (8 bytes)
[DEBUG] Unhandled play packet 0x51 (3 bytes)
[DEBUG] Unhandled play packet 0x63 (8 bytes)
[DEBUG] Unhandled play packet 0x63 (8 bytes)
[DEBUG] Unhandled play packet 0x63 (8 bytes)
[DEBUG] Unhandled play packet 0x51 (3 bytes)
[DEBUG] Unhandled play packet 0x63 (8 bytes)
[Chat] Raw message: 
≡ƒÆ¼ 
[Bot] Chat received: { message: '', system: false }
[DEBUG] Unhandled play packet 0x51 (3 bytes)
[DEBUG] Unhandled play packet 0x63 (8 bytes)
[DEBUG] Unhandled play packet 0x51 (3 bytes)
[DEBUG] Unhandled play packet 0x63 (8 bytes)
[DEBUG] Unhandled play packet 0x51 (3 bytes)
[DEBUG] Unhandled play packet 0x51 (3 bytes)
[DEBUG] Unhandled play packet 0x51 (3 bytes)
[DEBUG] Unhandled play packet 0x51 (3 bytes)
[DEBUG] Unhandled play packet 0x51 (3 bytes)
[DEBUG] Unhandled play packet 0x51 (3 bytes)
[DEBUG] Unhandled play packet 0x63 (8 bytes)
[DEBUG] Unhandled play packet 0x51 (3 bytes)
[DEBUG] Unhandled play packet 0x51 (3 bytes)
[DEBUG] Unhandled play packet 0x51 (3 bytes)
[DEBUG] Unhandled play packet 0x63 (8 bytes)
[DEBUG] Unhandled play packet 0x51 (3 bytes)
[DEBUG] Unhandled play packet 0x51 (3 bytes)
[DEBUG] Unhandled play packet 0x63 (8 bytes)
[DEBUG] Unhandled play packet 0x63 (8 bytes)
[DEBUG] Unhandled play packet 0x51 (3 bytes)
[DEBUG] Unhandled play packet 0x63 (8 bytes)
[DEBUG] Unhandled play packet 0x51 (3 bytes)
[DEBUG] Unhandled play packet 0x51 (3 bytes)
[DEBUG] Unhandled play packet 0x63 (8 bytes)
[DEBUG] Unhandled play packet 0x51 (3 bytes)
[DEBUG] Unhandled play packet 0x51 (3 bytes)
[DEBUG] Unhandled play packet 0x63 (8 bytes)
[DEBUG] Unhandled play packet 0x51 (3 bytes)
[DEBUG] Unhandled play packet 0x51 (3 bytes)
[DEBUG] Unhandled play packet 0x51 (3 bytes)
[DEBUG] Unhandled play packet 0x51 (3 bytes)
[DEBUG] Unhandled play packet 0x51 (3 bytes)
[DEBUG] Unhandled play packet 0x51 (3 bytes)
[DEBUG] Unhandled play packet 0x51 (3 bytes)
[DEBUG] Unhandled play packet 0x51 (3 bytes)
[DEBUG] Unhandled play packet 0x51 (3 bytes)
[DEBUG] Unhandled play packet 0x63 (8 bytes)
[DEBUG] Unhandled play packet 0x51 (3 bytes)
[DEBUG] Unhandled play packet 0x51 (3 bytes)
[DEBUG] Unhandled play packet 0x63 (8 bytes)
[DEBUG] Unhandled play packet 0x63 (8 bytes)
[DEBUG] Unhandled play packet 0x51 (3 bytes)
[DEBUG] Unhandled play packet 0x63 (8 bytes)
[DEBUG] Unhandled play packet 0x51 (3 bytes)
[DEBUG] Unhandled play packet 0x51 (3 bytes)
[DEBUG] Unhandled play packet 0x63 (8 bytes)
[DEBUG] Unhandled play packet 0x51 (3 bytes)
[DEBUG] Unhandled play packet 0x51 (3 bytes)
[DEBUG] Unhandled play packet 0x63 (8 bytes)
[DEBUG] Unhandled play packet 0x51 (3 bytes)
[DEBUG] Unhandled play packet 0x51 (3 bytes)
[DEBUG] Unhandled play packet 0x51 (3 bytes)
[DEBUG] Unhandled play packet 0x51 (3 bytes)
[DEBUG] Unhandled play packet 0x51 (3 bytes)
[DEBUG] Unhandled play packet 0x51 (3 bytes)
[DEBUG] Unhandled play packet 0x51 (3 bytes)
[DEBUG] Unhandled play packet 0x51 (3 bytes)
[Chat] Raw message: 
≡ƒÆ¼ 
[Bot] Chat received: { message: '', system: false }
[Chat] Raw message: 
≡ƒÆ¼ 
[Bot] Chat received: { message: '', system: false }
[DEBUG] Unhandled play packet 0x63 (8 bytes)
[DEBUG] Unhandled play packet 0x51 (3 bytes)
[DEBUG] Unhandled play packet 0x51 (3 bytes)
[DEBUG] Unhandled play packet 0x63 (8 bytes)
[DEBUG] Unhandled play packet 0x63 (8 bytes)
[DEBUG] Unhandled play packet 0x63 (8 bytes)
[DEBUG] Unhandled play packet 0x51 (3 bytes)
[DEBUG] Unhandled play packet 0x51 (3 bytes)
[DEBUG] Unhandled play packet 0x51 (3 bytes)
[DEBUG] Unhandled play packet 0x51 (3 bytes)
[DEBUG] Unhandled play packet 0x51 (3 bytes)
[DEBUG] Unhandled play packet 0x51 (3 bytes)
[DEBUG] Unhandled play packet 0x51 (3 bytes)
[DEBUG] Unhandled play packet 0x51 (3 bytes)
[DEBUG] Unhandled play packet 0x51 (3 bytes)
[DEBUG] Unhandled play packet 0x51 (3 bytes)
[DEBUG] Unhandled play packet 0x63 (8 bytes)
[DEBUG] Unhandled play packet 0x51 (3 bytes)
[DEBUG] Unhandled play packet 0x51 (3 bytes)
[DEBUG] Unhandled play packet 0x63 (8 bytes)
[DEBUG] Unhandled play packet 0x63 (8 bytes)
[DEBUG] Unhandled play packet 0x51 (3 bytes)
[DEBUG] Unhandled play packet 0x51 (3 bytes)
[Chat] Raw message: 
≡ƒÆ¼ 
[Bot] Chat received: { message: '', system: false }
[DEBUG] Unhandled play packet 0x63 (7 bytes)
[DEBUG] Unhandled play packet 0x51 (3 bytes)
[DEBUG] Unhandled play packet 0x51 (3 bytes)
[DEBUG] Unhandled play packet 0x51 (3 bytes)
[DEBUG] Unhandled play packet 0x51 (3 bytes)
[DEBUG] Unhandled play packet 0x51 (3 bytes)
[DEBUG] Unhandled play packet 0x51 (3 bytes)
[DEBUG] Unhandled play packet 0x51 (3 bytes)
[DEBUG] Unhandled play packet 0x63 (8 bytes)
[DEBUG] Unhandled play packet 0x51 (3 bytes)
[Chat] Raw message: 
≡ƒÆ¼ 
[Bot] Chat received: { message: '', system: false }
[DEBUG] Unhandled play packet 0x63 (8 bytes)
[DEBUG] Unhandled play packet 0x51 (3 bytes)
[DEBUG] Unhandled play packet 0x63 (8 bytes)
[DEBUG] Unhandled play packet 0x51 (3 bytes)
[DEBUG] Unhandled play packet 0x51 (3 bytes)
[DEBUG] Unhandled play packet 0x63 (8 bytes)
[DEBUG] Unhandled play packet 0x63 (8 bytes)
[DEBUG] Unhandled play packet 0x51 (3 bytes)
[DEBUG] Unhandled play packet 0x51 (3 bytes)
[DEBUG] Unhandled play packet 0x51 (3 bytes)
[Chat] Raw message: 
≡ƒÆ¼ 
[Bot] Chat received: { message: '', system: false }
[DEBUG] Unhandled play packet 0x63 (7 bytes)
[DEBUG] Unhandled play packet 0x51 (2 bytes)
[DEBUG] Unhandled play packet 0x51 (3 bytes)
[DEBUG] Unhandled play packet 0x63 (8 bytes)
[DEBUG] Unhandled play packet 0x51 (3 bytes)
[DEBUG] Unhandled play packet 0x51 (3 bytes)
[DEBUG] Unhandled play packet 0x51 (3 bytes)
[DEBUG] Unhandled play packet 0x51 (3 bytes)
[DEBUG] Unhandled play packet 0x51 (3 bytes)
[DEBUG] Unhandled play packet 0x51 (3 bytes)
[DEBUG] Unhandled play packet 0x51 (3 bytes)
[DEBUG] Unhandled play packet 0x51 (3 bytes)
[DEBUG] Unhandled play packet 0x51 (3 bytes)
[DEBUG] Unhandled play packet 0x63 (8 bytes)
[DEBUG] Unhandled play packet 0x51 (3 bytes)
[DEBUG] Unhandled play packet 0x63 (8 bytes)
[DEBUG] Unhandled play packet 0x51 (3 bytes)
[DEBUG] Unhandled play packet 0x63 (8 bytes)
[DEBUG] Unhandled play packet 0x36 (5 bytes)
[DEBUG] Unhandled play packet 0x51 (3 bytes)
[DEBUG] Unhandled play packet 0x51 (3 bytes)
[DEBUG] Unhandled play packet 0x51 (3 bytes)
[DEBUG] Unhandled play packet 0x51 (3 bytes)
[DEBUG] Unhandled play packet 0x63 (8 bytes)
[DEBUG] Unhandled play packet 0x51 (3 bytes)
[DEBUG] Unhandled play packet 0x51 (3 bytes)
[DEBUG] Unhandled play packet 0x51 (3 bytes)
[DEBUG] Unhandled play packet 0x51 (3 bytes)
[DEBUG] Unhandled play packet 0x51 (3 bytes)
[DEBUG] Unhandled play packet 0x51 (3 bytes)
[DEBUG] Unhandled play packet 0x63 (8 bytes)
[DEBUG] Unhandled play packet 0x51 (3 bytes)
[DEBUG] Unhandled play packet 0x63 (8 bytes)
[DEBUG] Unhandled play packet 0x63 (8 bytes)
[DEBUG] Unhandled play packet 0x51 (3 bytes)
[DEBUG] Unhandled play packet 0x51 (3 bytes)
[DEBUG] Unhandled play packet 0x51 (3 bytes)
[DEBUG] Unhandled play packet 0x63 (8 bytes)
[DEBUG] Unhandled play packet 0x51 (3 bytes)
[DEBUG] Unhandled play packet 0x51 (3 bytes)
[DEBUG] Unhandled play packet 0x51 (3 bytes)
[DEBUG] Unhandled play packet 0x51 (3 bytes)
[DEBUG] Unhandled play packet 0x51 (3 bytes)
[DEBUG] Unhandled play packet 0x51 (3 bytes)
[DEBUG] Unhandled play packet 0x63 (8 bytes)
[DEBUG] Unhandled play packet 0x51 (3 bytes)
[DEBUG] Unhandled play packet 0x63 (8 bytes)
[DEBUG] Unhandled play packet 0x51 (3 bytes)
[DEBUG] Unhandled play packet 0x51 (3 bytes)
[DEBUG] Unhandled play packet 0x51 (3 bytes)
[DEBUG] Unhandled play packet 0x63 (8 bytes)
[DEBUG] Unhandled play packet 0x51 (3 bytes)
[DEBUG] Unhandled play packet 0x63 (8 bytes)
[DEBUG] Unhandled play packet 0x51 (3 bytes)
[DEBUG] Unhandled play packet 0x51 (3 bytes)
[DEBUG] Unhandled play packet 0x63 (8 bytes)
[Chat] Raw message: 
≡ƒÆ¼ 
[Bot] Chat received: { message: '', system: false }
[DEBUG] Unhandled play packet 0x51 (3 bytes)
[DEBUG] Unhandled play packet 0x51 (3 bytes)
[DEBUG] Unhandled play packet 0x51 (3 bytes)
[DEBUG] Unhandled play packet 0x51 (3 bytes)
[DEBUG] Unhandled play packet 0x51 (3 bytes)
[DEBUG] Unhandled play packet 0x63 (8 bytes)
[DEBUG] Unhandled play packet 0x51 (3 bytes)
[DEBUG] Unhandled play packet 0x51 (3 bytes)
[DEBUG] Unhandled play packet 0x51 (3 bytes)
[DEBUG] Unhandled play packet 0x63 (8 bytes)
[DEBUG] Unhandled play packet 0x51 (3 bytes)
[DEBUG] Unhandled play packet 0x63 (8 bytes)
[DEBUG] Unhandled play packet 0x51 (3 bytes)
[DEBUG] Unhandled play packet 0x51 (3 bytes)
[DEBUG] Unhandled play packet 0x51 (3 bytes)
[DEBUG] Unhandled play packet 0x63 (8 bytes)
[DEBUG] Unhandled play packet 0x51 (3 bytes)
[DEBUG] Unhandled play packet 0x51 (3 bytes)
[DEBUG] Unhandled play packet 0x63 (8 bytes)
[DEBUG] Unhandled play packet 0x51 (3 bytes)
[DEBUG] Unhandled play packet 0x51 (3 bytes)
[DEBUG] Unhandled play packet 0x51 (3 bytes)
[DEBUG] Unhandled play packet 0x51 (3 bytes)
[DEBUG] Unhandled play packet 0x51 (3 bytes)
[DEBUG] Unhandled play packet 0x51 (3 bytes)
[DEBUG] Unhandled play packet 0x63 (8 bytes)
[DEBUG] Unhandled play packet 0x51 (3 bytes)
[DEBUG] Unhandled play packet 0x51 (3 bytes)
[Chat] Raw message: 
≡ƒÆ¼ 
[Bot] Chat received: { message: '', system: false }
[DEBUG] Unhandled play packet 0x63 (8 bytes)
[DEBUG] Unhandled play packet 0x51 (3 bytes)
[DEBUG] Unhandled play packet 0x63 (8 bytes)
[DEBUG] Unhandled play packet 0x51 (3 bytes)
[DEBUG] Unhandled play packet 0x51 (3 bytes)
[DEBUG] Unhandled play packet 0x51 (3 bytes)
[DEBUG] Unhandled play packet 0x63 (8 bytes)
[DEBUG] Unhandled play packet 0x51 (3 bytes)
[DEBUG] Unhandled play packet 0x63 (8 bytes)
[DEBUG] Unhandled play packet 0x51 (3 bytes)
[DEBUG] Unhandled play packet 0x51 (3 bytes)
[DEBUG] Unhandled play packet 0x63 (8 bytes)
[DEBUG] Unhandled play packet 0x51 (3 bytes)
[DEBUG] Unhandled play packet 0x51 (3 bytes)
[DEBUG] Unhandled play packet 0x51 (3 bytes)
[DEBUG] Unhandled play packet 0x51 (3 bytes)
[DEBUG] Unhandled play packet 0x51 (3 bytes)
[DEBUG] Unhandled play packet 0x51 (3 bytes)
[DEBUG] Unhandled play packet 0x51 (3 bytes)
[DEBUG] Unhandled play packet 0x51 (3 bytes)
[DEBUG] Unhandled play packet 0x63 (8 bytes)
[DEBUG] Unhandled play packet 0x51 (3 bytes)
[DEBUG] Unhandled play packet 0x63 (8 bytes)
[DEBUG] Unhandled play packet 0x51 (3 bytes)
[DEBUG] Unhandled play packet 0x63 (8 bytes)
[DEBUG] Unhandled play packet 0x51 (3 bytes)
[DEBUG] Unhandled play packet 0x63 (8 bytes)
[DEBUG] Unhandled play packet 0x51 (3 bytes)
[Keep-Alive] Received: 2988297, responding...
[Keep-Alive] Response sent!
[DEBUG] Unhandled play packet 0x51 (3 bytes)
[DEBUG] Unhandled play packet 0x51 (3 bytes)
[DEBUG] Unhandled play packet 0x63 (8 bytes)
[DEBUG] Unhandled play packet 0x51 (3 bytes)
[DEBUG] Unhandled play packet 0x63 (8 bytes)
[DEBUG] Unhandled play packet 0x51 (3 bytes)
[DEBUG] Unhandled play packet 0x51 (3 bytes)
[DEBUG] Unhandled play packet 0x51 (3 bytes)
[DEBUG] Unhandled play packet 0x51 (3 bytes)
[DEBUG] Unhandled play packet 0x51 (3 bytes)
[DEBUG] Unhandled play packet 0x51 (3 bytes)
[DEBUG] Unhandled play packet 0x51 (3 bytes)
[DEBUG] Unhandled play packet 0x51 (3 bytes)
[DEBUG] Unhandled play packet 0x51 (3 bytes)
[DEBUG] Unhandled play packet 0x51 (3 bytes)
[DEBUG] Unhandled play packet 0x63 (8 bytes)
[DEBUG] Unhandled play packet 0x51 (3 bytes)
[Chat] Raw message: 
≡ƒÆ¼ 
[Bot] Chat received: { message: '', system: false }
[DEBUG] Unhandled play packet 0x51 (3 bytes)
[DEBUG] Unhandled play packet 0x63 (8 bytes)
[DEBUG] Unhandled play packet 0x63 (8 bytes)
[DEBUG] Unhandled play packet 0x51 (3 bytes)
[DEBUG] Unhandled play packet 0x63 (8 bytes)
[DEBUG] Unhandled play packet 0x51 (3 bytes)
[DEBUG] Unhandled play packet 0x63 (8 bytes)
[DEBUG] Unhandled play packet 0x51 (3 bytes)
[DEBUG] Unhandled play packet 0x51 (3 bytes)
[DEBUG] Unhandled play packet 0x51 (3 bytes)
[DEBUG] Unhandled play packet 0x51 (3 bytes)
[DEBUG] Unhandled play packet 0x63 (8 bytes)
[DEBUG] Unhandled play packet 0x51 (3 bytes)
[DEBUG] Unhandled play packet 0x51 (3 bytes)
[DEBUG] Unhandled play packet 0x51 (3 bytes)
[DEBUG] Unhandled play packet 0x51 (3 bytes)
[DEBUG] Unhandled play packet 0x51 (3 bytes)
[DEBUG] Unhandled play packet 0x51 (3 bytes)
[DEBUG] Unhandled play packet 0x51 (3 bytes)
[DEBUG] Unhandled play packet 0x51 (3 bytes)
[DEBUG] Unhandled play packet 0x63 (8 bytes)
[DEBUG] Unhandled play packet 0x51 (3 bytes)
[DEBUG] Unhandled play packet 0x63 (8 bytes)
[DEBUG] Unhandled play packet 0x51 (3 bytes)
[DEBUG] Unhandled play packet 0x63 (8 bytes)
[DEBUG] Unhandled play packet 0x51 (3 bytes)
[DEBUG] Unhandled play packet 0x63 (8 bytes)
[DEBUG] Unhandled play packet 0x51 (3 bytes)
[DEBUG] Unhandled play packet 0x51 (3 bytes)
[DEBUG] Unhandled play packet 0x51 (3 bytes)
[DEBUG] Unhandled play packet 0x51 (3 bytes)
[DEBUG] Unhandled play packet 0x51 (3 bytes)
[DEBUG] Unhandled play packet 0x63 (8 bytes)
[DEBUG] Unhandled play packet 0x51 (3 bytes)
[DEBUG] Unhandled play packet 0x51 (3 bytes)
[DEBUG] Unhandled play packet 0x51 (3 bytes)
[DEBUG] Unhandled play packet 0x51 (3 bytes)
[DEBUG] Unhandled play packet 0x51 (3 bytes)
[DEBUG] Unhandled play packet 0x51 (3 bytes)
[DEBUG] Unhandled play packet 0x51 (3 bytes)
[DEBUG] Unhandled play packet 0x51 (3 bytes)
[DEBUG] Unhandled play packet 0x51 (3 bytes)
[DEBUG] Unhandled play packet 0x63 (8 bytes)
[DEBUG] Unhandled play packet 0x63 (8 bytes)
[DEBUG] Unhandled play packet 0x51 (3 bytes)
[DEBUG] Unhandled play packet 0x51 (3 bytes)
[DEBUG] Unhandled play packet 0x51 (3 bytes)
[DEBUG] Unhandled play packet 0x63 (8 bytes)
[DEBUG] Unhandled play packet 0x51 (3 bytes)
[DEBUG] Unhandled play packet 0x51 (3 bytes)
[DEBUG] Unhandled play packet 0x51 (3 bytes)
[DEBUG] Unhandled play packet 0x51 (3 bytes)
[DEBUG] Unhandled play packet 0x63 (8 bytes)
[DEBUG] Unhandled play packet 0x51 (3 bytes)
[Chat] Raw message: 
≡ƒÆ¼ 
[Bot] Chat received: { message: '', system: false }
[Chat] Raw message: 
≡ƒÆ¼ 
[Bot] Chat received: { message: '', system: false }
[DEBUG] Unhandled play packet 0x51 (3 bytes)
[DEBUG] Unhandled play packet 0x51 (3 bytes)
[DEBUG] Unhandled play packet 0x51 (3 bytes)
[DEBUG] Unhandled play packet 0x51 (3 bytes)
[DEBUG] Unhandled play packet 0x51 (3 bytes)
[DEBUG] Unhandled play packet 0x51 (3 bytes)
[DEBUG] Unhandled play packet 0x51 (3 bytes)
[DEBUG] Unhandled play packet 0x63 (8 bytes)
[DEBUG] Unhandled play packet 0x51 (3 bytes)
[DEBUG] Unhandled play packet 0x63 (8 bytes)
[DEBUG] Unhandled play packet 0x51 (3 bytes)
[DEBUG] Unhandled play packet 0x63 (8 bytes)
[DEBUG] Unhandled play packet 0x51 (3 bytes)
[DEBUG] Unhandled play packet 0x51 (3 bytes)
[DEBUG] Unhandled play packet 0x51 (3 bytes)
[DEBUG] Unhandled play packet 0x51 (3 bytes)
[DEBUG] Unhandled play packet 0x51 (3 bytes)
[DEBUG] Unhandled play packet 0x51 (3 bytes)
[DEBUG] Unhandled play packet 0x51 (3 bytes)
[DEBUG] Unhandled play packet 0x51 (3 bytes)
[DEBUG] Unhandled play packet 0x51 (3 bytes)
[DEBUG] Unhandled play packet 0x51 (3 bytes)
[DEBUG] Unhandled play packet 0x51 (3 bytes)
[DEBUG] Unhandled play packet 0x51 (3 bytes)
[DEBUG] Unhandled play packet 0x51 (3 bytes)
[DEBUG] Unhandled play packet 0x63 (8 bytes)
[DEBUG] Unhandled play packet 0x51 (3 bytes)
[DEBUG] Unhandled play packet 0x63 (8 bytes)
[DEBUG] Unhandled play packet 0x51 (3 bytes)
[DEBUG] Unhandled play packet 0x63 (8 bytes)
[DEBUG] Unhandled play packet 0x51 (3 bytes)
[DEBUG] Unhandled play packet 0x51 (3 bytes)
[DEBUG] Unhandled play packet 0x51 (3 bytes)
[DEBUG] Unhandled play packet 0x51 (3 bytes)
[DEBUG] Unhandled play packet 0x63 (8 bytes)
[DEBUG] Unhandled play packet 0x51 (3 bytes)
[DEBUG] Unhandled play packet 0x51 (3 bytes)
[DEBUG] Unhandled play packet 0x51 (3 bytes)
[DEBUG] Unhandled play packet 0x51 (3 bytes)
[DEBUG] Unhandled play packet 0x51 (3 bytes)
[DEBUG] Unhandled play packet 0x51 (3 bytes)
[DEBUG] Unhandled play packet 0x51 (3 bytes)
[DEBUG] Unhandled play packet 0x63 (8 bytes)
[DEBUG] Unhandled play packet 0x51 (3 bytes)
[DEBUG] Unhandled play packet 0x63 (8 bytes)
[DEBUG] Unhandled play packet 0x51 (3 bytes)
[DEBUG] Unhandled play packet 0x00 (0 bytes)
[DEBUG] Unhandled play packet 0x61 (9 bytes)
[DEBUG] Unhandled play packet 0x00 (0 bytes)
[DEBUG] Unhandled play packet 0x61 (9 bytes)
[DEBUG] Unhandled play packet 0x51 (3 bytes)
[DEBUG] Unhandled play packet 0x63 (8 bytes)
[DEBUG] Unhandled play packet 0x51 (3 bytes)
[DEBUG] Unhandled play packet 0x63 (8 bytes)
[DEBUG] Unhandled play packet 0x51 (3 bytes)
[DEBUG] Unhandled play packet 0x63 (8 bytes)
[DEBUG] Unhandled play packet 0x51 (3 bytes)
[DEBUG] Unhandled play packet 0x51 (3 bytes)
[DEBUG] Unhandled play packet 0x51 (3 bytes)
[DEBUG] Unhandled play packet 0x51 (3 bytes)
[DEBUG] Unhandled play packet 0x51 (3 bytes)
[DEBUG] Unhandled play packet 0x51 (3 bytes)
[DEBUG] Unhandled play packet 0x51 (3 bytes)
[DEBUG] Unhandled play packet 0x51 (3 bytes)
[DEBUG] Unhandled play packet 0x51 (3 bytes)
[DEBUG] Unhandled play packet 0x51 (3 bytes)
[DEBUG] Unhandled play packet 0x63 (8 bytes)
[DEBUG] Unhandled play packet 0x51 (3 bytes)
[DEBUG] Unhandled play packet 0x51 (3 bytes)
[DEBUG] Unhandled play packet 0x63 (8 bytes)
[DEBUG] Unhandled play packet 0x81 (13 bytes)
[DEBUG] Unhandled play packet 0x51 (3 bytes)
[DEBUG] Unhandled play packet 0x63 (8 bytes)
[DEBUG] Unhandled play packet 0x63 (8 bytes)
[DEBUG] Unhandled play packet 0x51 (3 bytes)
[DEBUG] Unhandled play packet 0x63 (8 bytes)
[DEBUG] Unhandled play packet 0x51 (3 bytes)
[DEBUG] Unhandled play packet 0x51 (3 bytes)
[DEBUG] Unhandled play packet 0x51 (3 bytes)
[DEBUG] Unhandled play packet 0x51 (3 bytes)
[DEBUG] Unhandled play packet 0x51 (3 bytes)
[DEBUG] Unhandled play packet 0x51 (3 bytes)
[DEBUG] Unhandled play packet 0x51 (3 bytes)
[DEBUG] Unhandled play packet 0x51 (3 bytes)
[DEBUG] Unhandled play packet 0x51 (3 bytes)
[DEBUG] Unhandled play packet 0x51 (3 bytes)
[DEBUG] Unhandled play packet 0x51 (3 bytes)
[DEBUG] Unhandled play packet 0x51 (3 bytes)
[DEBUG] Unhandled play packet 0x63 (8 bytes)
[DEBUG] Unhandled play packet 0x51 (3 bytes)
[DEBUG] Unhandled play packet 0x51 (3 bytes)
[DEBUG] Unhandled play packet 0x63 (8 bytes)
[DEBUG] Unhandled play packet 0x63 (8 bytes)
[DEBUG] Unhandled play packet 0x63 (8 bytes)
[DEBUG] Unhandled play packet 0x51 (3 bytes)
[DEBUG] Unhandled play packet 0x63 (8 bytes)
[DEBUG] Unhandled play packet 0x51 (3 bytes)
[DEBUG] Unhandled play packet 0x51 (3 bytes)
[DEBUG] Unhandled play packet 0x63 (8 bytes)
[DEBUG] Unhandled play packet 0x51 (3 bytes)
[DEBUG] Unhandled play packet 0x51 (3 bytes)
[DEBUG] Unhandled play packet 0x51 (3 bytes)
[DEBUG] Unhandled play packet 0x51 (3 bytes)
[DEBUG] Unhandled play packet 0x51 (3 bytes)
[DEBUG] Unhandled play packet 0x51 (3 bytes)
[DEBUG] Unhandled play packet 0x51 (3 bytes)
[DEBUG] Unhandled play packet 0x51 (3 bytes)
[DEBUG] Unhandled play packet 0x63 (8 bytes)
[DEBUG] Unhandled play packet 0x51 (3 bytes)
[DEBUG] Unhandled play packet 0x51 (3 bytes)
[Chat] Raw message: 
≡ƒÆ¼ 
[Bot] Chat received: { message: '', system: false }
[DEBUG] Unhandled play packet 0x51 (3 bytes)
[DEBUG] Unhandled play packet 0x51 (3 bytes)
[DEBUG] Unhandled play packet 0x51 (3 bytes)
[DEBUG] Unhandled play packet 0x63 (8 bytes)
[DEBUG] Unhandled play packet 0x51 (3 bytes)
[DEBUG] Unhandled play packet 0x63 (8 bytes)
[DEBUG] Unhandled play packet 0x51 (3 bytes)
[DEBUG] Unhandled play packet 0x63 (8 bytes)
[DEBUG] Unhandled play packet 0x51 (3 bytes)
[DEBUG] Unhandled play packet 0x63 (8 bytes)
[DEBUG] Unhandled play packet 0x51 (3 bytes)
[DEBUG] Unhandled play packet 0x51 (3 bytes)
[DEBUG] Unhandled play packet 0x63 (8 bytes)
[DEBUG] Unhandled play packet 0x51 (3 bytes)
[DEBUG] Unhandled play packet 0x51 (3 bytes)
[DEBUG] Unhandled play packet 0x51 (3 bytes)
[DEBUG] Unhandled play packet 0x51 (3 bytes)
[DEBUG] Unhandled play packet 0x51 (3 bytes)
[DEBUG] Unhandled play packet 0x51 (3 bytes)
[DEBUG] Unhandled play packet 0x63 (8 bytes)
[DEBUG] Unhandled play packet 0x51 (3 bytes)
[DEBUG] Unhandled play packet 0x51 (3 bytes)
[Chat] Raw message: 
≡ƒÆ¼ 
[Bot] Chat received: { message: '', system: false }
[DEBUG] Unhandled play packet 0x51 (3 bytes)
[DEBUG] Unhandled play packet 0x51 (3 bytes)
[DEBUG] Unhandled play packet 0x63 (8 bytes)
[DEBUG] Unhandled play packet 0x63 (8 bytes)
[DEBUG] Unhandled play packet 0x51 (3 bytes)
[DEBUG] Unhandled play packet 0x63 (8 bytes)
[DEBUG] Unhandled play packet 0x51 (3 bytes)
[DEBUG] Unhandled play packet 0x63 (8 bytes)
[DEBUG] Unhandled play packet 0x51 (3 bytes)
[DEBUG] Unhandled play packet 0x63 (8 bytes)
[DEBUG] Unhandled play packet 0x51 (3 bytes)
[DEBUG] Unhandled play packet 0x63 (8 bytes)
[DEBUG] Unhandled play packet 0x51 (3 bytes)
[DEBUG] Unhandled play packet 0x00 (0 bytes)
[DEBUG] Unhandled play packet 0x61 (9 bytes)
[DEBUG] Unhandled play packet 0x00 (0 bytes)
[DEBUG] Unhandled play packet 0x00 (0 bytes)
[DEBUG] Unhandled play packet 0x61 (9 bytes)
[DEBUG] Unhandled play packet 0x00 (0 bytes)
[DEBUG] Unhandled play packet 0x00 (0 bytes)
[DEBUG] Unhandled play packet 0x61 (9 bytes)
[DEBUG] Unhandled play packet 0x00 (0 bytes)
[DEBUG] Unhandled play packet 0x61 (9 bytes)
[DEBUG] Unhandled play packet 0x51 (3 bytes)
[DEBUG] Unhandled play packet 0x63 (8 bytes)
[DEBUG] Unhandled play packet 0x51 (3 bytes)
[DEBUG] Unhandled play packet 0x51 (3 bytes)
[DEBUG] Unhandled play packet 0x61 (9 bytes)
[DEBUG] Unhandled play packet 0x61 (9 bytes)
[DEBUG] Unhandled play packet 0x51 (3 bytes)
[Chat] Raw message: 
≡ƒÆ¼ 
[Bot] Chat received: { message: '', system: false }
[Chat] Raw message: 
≡ƒÆ¼ 
[Bot] Chat received: { message: '', system: false }
[DEBUG] Unhandled play packet 0x51 (3 bytes)
[DEBUG] Unhandled play packet 0x51 (3 bytes)
[DEBUG] Unhandled play packet 0x51 (3 bytes)
[DEBUG] Unhandled play packet 0x51 (3 bytes)
[DEBUG] Unhandled play packet 0x51 (3 bytes)
[DEBUG] Unhandled play packet 0x63 (8 bytes)
[DEBUG] Unhandled play packet 0x51 (3 bytes)
[DEBUG] Unhandled play packet 0x51 (3 bytes)
[DEBUG] Unhandled play packet 0x63 (8 bytes)
[DEBUG] Unhandled play packet 0x51 (3 bytes)
[DEBUG] Unhandled play packet 0x51 (3 bytes)
[DEBUG] Unhandled play packet 0x63 (8 bytes)
[DEBUG] Unhandled play packet 0x51 (3 bytes)
[DEBUG] Unhandled play packet 0x63 (8 bytes)
[DEBUG] Unhandled play packet 0x51 (3 bytes)
[DEBUG] Unhandled play packet 0x63 (8 bytes)
[DEBUG] Unhandled play packet 0x63 (8 bytes)
[DEBUG] Unhandled play packet 0x51 (3 bytes)
[DEBUG] Unhandled play packet 0x63 (8 bytes)
[DEBUG] Unhandled play packet 0x81 (13 bytes)
[DEBUG] Unhandled play packet 0x51 (3 bytes)
[DEBUG] Unhandled play packet 0x63 (8 bytes)
[DEBUG] Unhandled play packet 0x51 (3 bytes)
[DEBUG] Unhandled play packet 0x51 (3 bytes)
[DEBUG] Unhandled play packet 0x63 (8 bytes)
[DEBUG] Unhandled play packet 0x81 (13 bytes)
[DEBUG] Unhandled play packet 0x51 (3 bytes)
[DEBUG] Unhandled play packet 0x63 (8 bytes)
[DEBUG] Unhandled play packet 0x81 (13 bytes)
[DEBUG] Unhandled play packet 0x51 (3 bytes)
[DEBUG] Unhandled play packet 0x51 (3 bytes)
[DEBUG] Unhandled play packet 0x51 (3 bytes)
[DEBUG] Unhandled play packet 0x51 (3 bytes)
[DEBUG] Unhandled play packet 0x51 (3 bytes)
[DEBUG] Unhandled play packet 0x63 (8 bytes)
[DEBUG] Unhandled play packet 0x51 (3 bytes)
[Chat] Raw message: 
≡ƒÆ¼ 
[Bot] Chat received: { message: '', system: false }
[DEBUG] Unhandled play packet 0x63 (8 bytes)
[DEBUG] Unhandled play packet 0x51 (3 bytes)
[DEBUG] Unhandled play packet 0x51 (3 bytes)
[DEBUG] Unhandled play packet 0x63 (8 bytes)
[DEBUG] Unhandled play packet 0x51 (3 bytes)
[DEBUG] Unhandled play packet 0x63 (8 bytes)
[DEBUG] Unhandled play packet 0x63 (8 bytes)
[DEBUG] Unhandled play packet 0x51 (3 bytes)
[DEBUG] Unhandled play packet 0x63 (8 bytes)
[DEBUG] Unhandled play packet 0x51 (3 bytes)
[DEBUG] Unhandled play packet 0x51 (3 bytes)
[DEBUG] Unhandled play packet 0x51 (3 bytes)
[DEBUG] Unhandled play packet 0x51 (3 bytes)
[Chat] Raw message: 
≡ƒÆ¼ 
[Bot] Chat received: { message: '', system: false }
[DEBUG] Unhandled play packet 0x51 (3 bytes)
[DEBUG] Unhandled play packet 0x51 (3 bytes)
[DEBUG] Unhandled play packet 0x51 (3 bytes)
[DEBUG] Unhandled play packet 0x51 (3 bytes)
[DEBUG] Unhandled play packet 0x51 (3 bytes)
[DEBUG] Unhandled play packet 0x63 (8 bytes)
[DEBUG] Unhandled play packet 0x51 (3 bytes)
[DEBUG] Unhandled play packet 0x63 (8 bytes)
[DEBUG] Unhandled play packet 0x51 (3 bytes)
[DEBUG] Unhandled play packet 0x63 (8 bytes)
[DEBUG] Unhandled play packet 0x63 (8 bytes)
[DEBUG] Unhandled play packet 0x51 (3 bytes)
[DEBUG] Unhandled play packet 0x51 (3 bytes)
[DEBUG] Unhandled play packet 0x51 (3 bytes)
[DEBUG] Unhandled play packet 0x51 (3 bytes)
[DEBUG] Unhandled play packet 0x51 (3 bytes)
[DEBUG] Unhandled play packet 0x51 (3 bytes)
[DEBUG] Unhandled play packet 0x51 (3 bytes)
[DEBUG] Unhandled play packet 0x51 (3 bytes)
[DEBUG] Unhandled play packet 0x51 (3 bytes)
[DEBUG] Unhandled play packet 0x51 (3 bytes)
[DEBUG] Unhandled play packet 0x51 (3 bytes)
[DEBUG] Unhandled play packet 0x51 (3 bytes)
[DEBUG] Unhandled play packet 0x63 (8 bytes)
[DEBUG] Unhandled play packet 0x51 (3 bytes)
[DEBUG] Unhandled play packet 0x51 (3 bytes)
[DEBUG] Unhandled play packet 0x63 (8 bytes)
[DEBUG] Unhandled play packet 0x63 (8 bytes)
[DEBUG] Unhandled play packet 0x51 (3 bytes)
[DEBUG] Unhandled play packet 0x51 (3 bytes)
[DEBUG] Unhandled play packet 0x51 (3 bytes)
[DEBUG] Unhandled play packet 0x51 (3 bytes)
[DEBUG] Unhandled play packet 0x63 (8 bytes)
[DEBUG] Unhandled play packet 0x51 (3 bytes)
[DEBUG] Unhandled play packet 0x51 (3 bytes)
[DEBUG] Unhandled play packet 0x51 (3 bytes)
[DEBUG] Unhandled play packet 0x51 (3 bytes)
[DEBUG] Unhandled play packet 0x51 (3 bytes)
[DEBUG] Unhandled play packet 0x51 (3 bytes)
[DEBUG] Unhandled play packet 0x51 (3 bytes)
[DEBUG] Unhandled play packet 0x51 (3 bytes)
[DEBUG] Unhandled play packet 0x51 (3 bytes)
[DEBUG] Unhandled play packet 0x51 (3 bytes)
[Chat] Raw message: 
≡ƒÆ¼ 
[Bot] Chat received: { message: '', system: false }
[DEBUG] Unhandled play packet 0x63 (8 bytes)
[DEBUG] Unhandled play packet 0x51 (3 bytes)
[DEBUG] Unhandled play packet 0x51 (3 bytes)
[DEBUG] Unhandled play packet 0x63 (8 bytes)
[DEBUG] Unhandled play packet 0x63 (8 bytes)
[DEBUG] Unhandled play packet 0x51 (3 bytes)
[Chat] Raw message: 
≡ƒÆ¼ 
[Bot] Chat received: { message: '', system: false }
[DEBUG] Unhandled play packet 0x51 (3 bytes)
[DEBUG] Unhandled play packet 0x51 (3 bytes)
[DEBUG] Unhandled play packet 0x51 (3 bytes)
[DEBUG] Unhandled play packet 0x63 (8 bytes)
[DEBUG] Unhandled play packet 0x51 (3 bytes)
[DEBUG] Unhandled play packet 0x51 (3 bytes)
[DEBUG] Unhandled play packet 0x51 (3 bytes)
[DEBUG] Unhandled play packet 0x51 (3 bytes)
[DEBUG] Unhandled play packet 0x51 (3 bytes)
[DEBUG] Unhandled play packet 0x51 (3 bytes)
[DEBUG] Unhandled play packet 0x51 (3 bytes)
[DEBUG] Unhandled play packet 0x51 (3 bytes)
[DEBUG] Unhandled play packet 0x51 (3 bytes)
[DEBUG] Unhandled play packet 0x51 (3 bytes)
[DEBUG] Unhandled play packet 0x63 (8 bytes)
[DEBUG] Unhandled play packet 0x63 (8 bytes)
[DEBUG] Unhandled play packet 0x51 (3 bytes)
[DEBUG] Unhandled play packet 0x63 (8 bytes)
[DEBUG] Unhandled play packet 0x63 (8 bytes)
[DEBUG] Unhandled play packet 0x51 (3 bytes)
[DEBUG] Unhandled play packet 0x51 (3 bytes)
[DEBUG] Unhandled play packet 0x51 (3 bytes)
[DEBUG] Unhandled play packet 0x51 (3 bytes)
[DEBUG] Unhandled play packet 0x63 (8 bytes)
[DEBUG] Unhandled play packet 0x51 (3 bytes)
[DEBUG] Unhandled play packet 0x51 (3 bytes)
[DEBUG] Unhandled play packet 0x51 (3 bytes)
[DEBUG] Unhandled play packet 0x51 (3 bytes)
[DEBUG] Unhandled play packet 0x51 (3 bytes)
[DEBUG] Unhandled play packet 0x51 (3 bytes)
[DEBUG] Unhandled play packet 0x51 (3 bytes)
[DEBUG] Unhandled play packet 0x51 (3 bytes)
[DEBUG] Unhandled play packet 0x51 (3 bytes)
[DEBUG] Unhandled play packet 0x51 (3 bytes)
[DEBUG] Unhandled play packet 0x51 (3 bytes)
[DEBUG] Unhandled play packet 0x51 (3 bytes)
[DEBUG] Unhandled play packet 0x63 (8 bytes)
[DEBUG] Unhandled play packet 0x51 (3 bytes)
[DEBUG] Unhandled play packet 0x63 (8 bytes)
[DEBUG] Unhandled play packet 0x51 (3 bytes)
[DEBUG] Unhandled play packet 0x63 (8 bytes)
[DEBUG] Unhandled play packet 0x63 (8 bytes)
[DEBUG] Unhandled play packet 0x51 (3 bytes)
[DEBUG] Unhandled play packet 0x51 (3 bytes)
[DEBUG] Unhandled play packet 0x51 (3 bytes)
[DEBUG] Unhandled play packet 0x51 (3 bytes)
[DEBUG] Unhandled play packet 0x63 (8 bytes)
[DEBUG] Unhandled play packet 0x51 (3 bytes)
[DEBUG] Unhandled play packet 0x63 (8 bytes)
[DEBUG] Unhandled play packet 0x51 (3 bytes)
[DEBUG] Unhandled play packet 0x51 (3 bytes)
[DEBUG] Unhandled play packet 0x51 (3 bytes)
[DEBUG] Unhandled play packet 0x51 (3 bytes)
[DEBUG] Unhandled play packet 0x51 (3 bytes)
[DEBUG] Unhandled play packet 0x51 (3 bytes)
[DEBUG] Unhandled play packet 0x51 (3 bytes)
[DEBUG] Unhandled play packet 0x51 (3 bytes)
[DEBUG] Unhandled play packet 0x51 (3 bytes)
[DEBUG] Unhandled play packet 0x51 (3 bytes)
[DEBUG] Unhandled play packet 0x63 (8 bytes)
[DEBUG] Unhandled play packet 0x51 (3 bytes)
[DEBUG] Unhandled play packet 0x51 (3 bytes)
[DEBUG] Unhandled play packet 0x63 (3 bytes)
[DEBUG] Unhandled play packet 0x51 (3 bytes)
[DEBUG] Unhandled play packet 0x51 (3 bytes)
[DEBUG] Unhandled play packet 0x63 (8 bytes)
[DEBUG] Unhandled play packet 0x51 (3 bytes)
[DEBUG] Unhandled play packet 0x63 (8 bytes)
[DEBUG] Unhandled play packet 0x63 (8 bytes)
[DEBUG] Unhandled play packet 0x51 (3 bytes)
[DEBUG] Unhandled play packet 0x63 (8 bytes)
[DEBUG] Unhandled play packet 0x63 (8 bytes)
[DEBUG] Unhandled play packet 0x51 (3 bytes)
[DEBUG] Unhandled play packet 0x51 (3 bytes)
[DEBUG] Unhandled play packet 0x51 (3 bytes)
[DEBUG] Unhandled play packet 0x51 (3 bytes)
[DEBUG] Unhandled play packet 0x51 (3 bytes)
[DEBUG] Unhandled play packet 0x51 (3 bytes)
[DEBUG] Unhandled play packet 0x63 (8 bytes)
[DEBUG] Unhandled play packet 0x51 (3 bytes)
[DEBUG] Unhandled play packet 0x63 (8 bytes)
[DEBUG] Unhandled play packet 0x51 (3 bytes)
[DEBUG] Unhandled play packet 0x51 (3 bytes)
[DEBUG] Unhandled play packet 0x51 (3 bytes)
[DEBUG] Unhandled play packet 0x51 (3 bytes)
[DEBUG] Unhandled play packet 0x51 (3 bytes)
[DEBUG] Unhandled play packet 0x51 (3 bytes)
[DEBUG] Unhandled play packet 0x51 (3 bytes)
[DEBUG] Unhandled play packet 0x51 (3 bytes)
[DEBUG] Unhandled play packet 0x36 (5 bytes)
[DEBUG] Unhandled play packet 0x51 (3 bytes)
[DEBUG] Unhandled play packet 0x51 (3 bytes)
[DEBUG] Unhandled play packet 0x63 (8 bytes)
[DEBUG] Unhandled play packet 0x51 (3 bytes)
[DEBUG] Unhandled play packet 0x63 (8 bytes)
[DEBUG] Unhandled play packet 0x51 (3 bytes)
[DEBUG] Unhandled play packet 0x63 (8 bytes)
[DEBUG] Unhandled play packet 0x63 (8 bytes)
[DEBUG] Unhandled play packet 0x63 (8 bytes)
[DEBUG] Unhandled play packet 0x51 (3 bytes)
[DEBUG] Unhandled play packet 0x63 (8 bytes)
[DEBUG] Unhandled play packet 0x51 (3 bytes)
[DEBUG] Unhandled play packet 0x51 (3 bytes)
[DEBUG] Unhandled play packet 0x63 (8 bytes)
[DEBUG] Unhandled play packet 0x63 (8 bytes)
[DEBUG] Unhandled play packet 0x51 (3 bytes)
[DEBUG] Unhandled play packet 0x51 (3 bytes)
[DEBUG] Unhandled play packet 0x51 (3 bytes)
[DEBUG] Unhandled play packet 0x51 (3 bytes)
[DEBUG] Unhandled play packet 0x51 (3 bytes)
[DEBUG] Unhandled play packet 0x51 (3 bytes)
[DEBUG] Unhandled play packet 0x63 (8 bytes)
[DEBUG] Unhandled play packet 0x63 (8 bytes)
[DEBUG] Unhandled play packet 0x51 (3 bytes)
[DEBUG] Unhandled play packet 0x51 (3 bytes)
[DEBUG] Unhandled play packet 0x51 (3 bytes)
[DEBUG] Unhandled play packet 0x51 (3 bytes)
[DEBUG] Unhandled play packet 0x51 (3 bytes)
[DEBUG] Unhandled play packet 0x63 (8 bytes)
[DEBUG] Unhandled play packet 0x51 (3 bytes)
[DEBUG] Unhandled play packet 0x51 (3 bytes)
[DEBUG] Unhandled play packet 0x51 (3 bytes)
[DEBUG] Unhandled play packet 0x36 (5 bytes)
[DEBUG] Unhandled play packet 0x51 (3 bytes)
[DEBUG] Unhandled play packet 0x51 (3 bytes)
[DEBUG] Unhandled play packet 0x63 (8 bytes)
[DEBUG] Unhandled play packet 0x51 (3 bytes)
[DEBUG] Unhandled play packet 0x63 (8 bytes)
[DEBUG] Unhandled play packet 0x63 (8 bytes)
[DEBUG] Unhandled play packet 0x63 (8 bytes)
[DEBUG] Unhandled play packet 0x63 (8 bytes)
[DEBUG] Unhandled play packet 0x63 (8 bytes)
[DEBUG] Unhandled play packet 0x51 (3 bytes)
[DEBUG] Unhandled play packet 0x51 (3 bytes)
[DEBUG] Unhandled play packet 0x51 (3 bytes)
[DEBUG] Unhandled play packet 0x51 (3 bytes)
[DEBUG] Unhandled play packet 0x51 (3 bytes)
[DEBUG] Unhandled play packet 0x51 (3 bytes)
[DEBUG] Unhandled play packet 0x63 (8 bytes)
[DEBUG] Unhandled play packet 0x63 (8 bytes)
[Chat] Raw message: 
≡ƒÆ¼ 
[Bot] Chat received: { message: '', system: false }
[DEBUG] Unhandled play packet 0x51 (3 bytes)
[DEBUG] Unhandled play packet 0x51 (3 bytes)
[DEBUG] Unhandled play packet 0x51 (3 bytes)
[DEBUG] Unhandled play packet 0x51 (3 bytes)
[DEBUG] Unhandled play packet 0x51 (3 bytes)
[DEBUG] Unhandled play packet 0x51 (3 bytes)
[DEBUG] Unhandled play packet 0x36 (5 bytes)
[DEBUG] Unhandled play packet 0x51 (3 bytes)
[DEBUG] Unhandled play packet 0x51 (3 bytes)
[DEBUG] Unhandled play packet 0x63 (8 bytes)
[DEBUG] Unhandled play packet 0x63 (8 bytes)
[DEBUG] Unhandled play packet 0x63 (8 bytes)
[DEBUG] Unhandled play packet 0x63 (8 bytes)
[DEBUG] Unhandled play packet 0x63 (8 bytes)
[DEBUG] Unhandled play packet 0x63 (8 bytes)
[DEBUG] Unhandled play packet 0x51 (3 bytes)
[DEBUG] Unhandled play packet 0x51 (3 bytes)
[DEBUG] Unhandled play packet 0x51 (3 bytes)
[DEBUG] Unhandled play packet 0x51 (3 bytes)
[DEBUG] Unhandled play packet 0x63 (8 bytes)
[DEBUG] Unhandled play packet 0x51 (3 bytes)
[DEBUG] Unhandled play packet 0x63 (8 bytes)
[DEBUG] Unhandled play packet 0x51 (3 bytes)
[DEBUG] Unhandled play packet 0x51 (3 bytes)
[DEBUG] Unhandled play packet 0x51 (3 bytes)
[DEBUG] Unhandled play packet 0x51 (3 bytes)
[DEBUG] Unhandled play packet 0x63 (8 bytes)
[DEBUG] Unhandled play packet 0x51 (3 bytes)
[DEBUG] Unhandled play packet 0x51 (3 bytes)
[DEBUG] Unhandled play packet 0x63 (8 bytes)
[DEBUG] Unhandled play packet 0x36 (5 bytes)
[DEBUG] Unhandled play packet 0x51 (3 bytes)
[DEBUG] Unhandled play packet 0x51 (3 bytes)
[DEBUG] Unhandled play packet 0x51 (3 bytes)
[DEBUG] Unhandled play packet 0x63 (8 bytes)
[DEBUG] Unhandled play packet 0x63 (8 bytes)
[DEBUG] Unhandled play packet 0x63 (8 bytes)
[DEBUG] Unhandled play packet 0x51 (3 bytes)
[DEBUG] Unhandled play packet 0x63 (8 bytes)
[DEBUG] Unhandled play packet 0x63 (8 bytes)
[DEBUG] Unhandled play packet 0x51 (3 bytes)
[DEBUG] Unhandled play packet 0x51 (3 bytes)
[Chat] Raw message: 
≡ƒÆ¼ 
[Bot] Chat received: { message: '', system: false }
[DEBUG] Unhandled play packet 0x51 (3 bytes)
[DEBUG] Unhandled play packet 0x51 (3 bytes)
[DEBUG] Unhandled play packet 0x63 (8 bytes)
[DEBUG] Unhandled play packet 0x51 (3 bytes)
[DEBUG] Unhandled play packet 0x63 (8 bytes)
[DEBUG] Unhandled play packet 0x63 (8 bytes)
[DEBUG] Unhandled play packet 0x51 (3 bytes)
[DEBUG] Unhandled play packet 0x51 (3 bytes)
[DEBUG] Unhandled play packet 0x51 (3 bytes)
[DEBUG] Unhandled play packet 0x36 (5 bytes)
[DEBUG] Unhandled play packet 0x51 (3 bytes)
[DEBUG] Unhandled play packet 0x51 (3 bytes)
[DEBUG] Unhandled play packet 0x51 (3 bytes)
[DEBUG] Unhandled play packet 0x63 (8 bytes)
[DEBUG] Unhandled play packet 0x63 (8 bytes)
[DEBUG] Unhandled play packet 0x63 (8 bytes)
[DEBUG] Unhandled play packet 0x51 (3 bytes)
[DEBUG] Unhandled play packet 0x63 (8 bytes)
[DEBUG] Unhandled play packet 0x51 (3 bytes)
[DEBUG] Unhandled play packet 0x63 (8 bytes)
[DEBUG] Unhandled play packet 0x63 (8 bytes)
[DEBUG] Unhandled play packet 0x51 (3 bytes)
[DEBUG] Unhandled play packet 0x51 (3 bytes)
[DEBUG] Unhandled play packet 0x51 (3 bytes)
[DEBUG] Unhandled play packet 0x51 (3 bytes)
[DEBUG] Unhandled play packet 0x51 (3 bytes)
[DEBUG] Unhandled play packet 0x63 (8 bytes)
[DEBUG] Unhandled play packet 0x51 (3 bytes)
[DEBUG] Unhandled play packet 0x63 (8 bytes)
[DEBUG] Unhandled play packet 0x51 (3 bytes)
[DEBUG] Unhandled play packet 0x63 (8 bytes)
[DEBUG] Unhandled play packet 0x51 (3 bytes)
[DEBUG] Unhandled play packet 0x51 (3 bytes)
[DEBUG] Unhandled play packet 0x51 (3 bytes)
[DEBUG] Unhandled play packet 0x51 (3 bytes)
[DEBUG] Unhandled play packet 0x51 (3 bytes)
[DEBUG] Unhandled play packet 0x36 (5 bytes)
[DEBUG] Unhandled play packet 0x51 (3 bytes)
[DEBUG] Unhandled play packet 0x51 (3 bytes)
[Chat] Raw message: 
≡ƒÆ¼ 
[Bot] Chat received: { message: '', system: false }
[DEBUG] Unhandled play packet 0x51 (3 bytes)
[DEBUG] Unhandled play packet 0x63 (8 bytes)
[DEBUG] Unhandled play packet 0x63 (8 bytes)
[DEBUG] Unhandled play packet 0x63 (8 bytes)
[DEBUG] Unhandled play packet 0x51 (3 bytes)
[DEBUG] Unhandled play packet 0x63 (8 bytes)
[DEBUG] Unhandled play packet 0x51 (3 bytes)
[DEBUG] Unhandled play packet 0x63 (8 bytes)
[DEBUG] Unhandled play packet 0x51 (3 bytes)
[DEBUG] Unhandled play packet 0x51 (3 bytes)
[DEBUG] Unhandled play packet 0x51 (3 bytes)
[DEBUG] Unhandled play packet 0x51 (3 bytes)
[DEBUG] Unhandled play packet 0x63 (8 bytes)
[DEBUG] Unhandled play packet 0x51 (3 bytes)
[DEBUG] Unhandled play packet 0x51 (3 bytes)
[DEBUG] Unhandled play packet 0x63 (8 bytes)
[DEBUG] Unhandled play packet 0x51 (3 bytes)
[DEBUG] Unhandled play packet 0x63 (8 bytes)
[DEBUG] Unhandled play packet 0x63 (8 bytes)
[DEBUG] Unhandled play packet 0x51 (3 bytes)
[DEBUG] Unhandled play packet 0x51 (3 bytes)
[DEBUG] Unhandled play packet 0x51 (3 bytes)
[DEBUG] Unhandled play packet 0x51 (3 bytes)
[DEBUG] Unhandled play packet 0x51 (3 bytes)
[DEBUG] Unhandled play packet 0x36 (5 bytes)
[DEBUG] Unhandled play packet 0x51 (3 bytes)
[DEBUG] Unhandled play packet 0x51 (3 bytes)
[DEBUG] Unhandled play packet 0x51 (3 bytes)
[DEBUG] Unhandled play packet 0x63 (8 bytes)
[DEBUG] Unhandled play packet 0x63 (8 bytes)
[DEBUG] Unhandled play packet 0x63 (8 bytes)
[DEBUG] Unhandled play packet 0x51 (3 bytes)
[DEBUG] Unhandled play packet 0x51 (3 bytes)
[DEBUG] Unhandled play packet 0x63 (8 bytes)
[DEBUG] Unhandled play packet 0x51 (3 bytes)
[DEBUG] Unhandled play packet 0x63 (8 bytes)
[DEBUG] Unhandled play packet 0x51 (3 bytes)
[DEBUG] Unhandled play packet 0x51 (3 bytes)
[DEBUG] Unhandled play packet 0x51 (3 bytes)
[DEBUG] Unhandled play packet 0x51 (3 bytes)
[DEBUG] Unhandled play packet 0x51 (3 bytes)
[DEBUG] Unhandled play packet 0x51 (3 bytes)
[DEBUG] Unhandled play packet 0x51 (3 bytes)
[Chat] Raw message: 
≡ƒÆ¼ 
[Bot] Chat received: { message: '', system: false }
[DEBUG] Unhandled play packet 0x51 (3 bytes)
[DEBUG] Unhandled play packet 0x51 (3 bytes)
[DEBUG] Unhandled play packet 0x51 (3 bytes)
[DEBUG] Unhandled play packet 0x51 (3 bytes)
[DEBUG] Unhandled play packet 0x51 (3 bytes)
[DEBUG] Unhandled play packet 0x51 (3 bytes)
[DEBUG] Unhandled play packet 0x51 (3 bytes)
[DEBUG] Unhandled play packet 0x36 (5 bytes)
[DEBUG] Unhandled play packet 0x51 (3 bytes)
[DEBUG] Unhandled play packet 0x51 (3 bytes)
[DEBUG] Unhandled play packet 0x63 (8 bytes)
[DEBUG] Unhandled play packet 0x51 (3 bytes)
[DEBUG] Unhandled play packet 0x63 (8 bytes)
[DEBUG] Unhandled play packet 0x51 (3 bytes)
[DEBUG] Unhandled play packet 0x63 (8 bytes)
[DEBUG] Unhandled play packet 0x51 (3 bytes)
[DEBUG] Unhandled play packet 0x51 (3 bytes)
[DEBUG] Unhandled play packet 0x51 (3 bytes)
[DEBUG] Unhandled play packet 0x51 (3 bytes)
[DEBUG] Unhandled play packet 0x63 (7 bytes)
[DEBUG] Unhandled play packet 0x51 (3 bytes)
[DEBUG] Unhandled play packet 0x51 (3 bytes)
[DEBUG] Unhandled play packet 0x51 (3 bytes)
[DEBUG] Unhandled play packet 0x51 (3 bytes)
[DEBUG] Unhandled play packet 0x63 (8 bytes)
[DEBUG] Unhandled play packet 0x51 (3 bytes)
[Chat] Raw message: 
≡ƒÆ¼ 
[Bot] Chat received: { message: '', system: false }
[DEBUG] Unhandled play packet 0x51 (3 bytes)
[DEBUG] Unhandled play packet 0x51 (3 bytes)
[DEBUG] Unhandled play packet 0x51 (3 bytes)
[DEBUG] Unhandled play packet 0x51 (3 bytes)
[DEBUG] Unhandled play packet 0x51 (3 bytes)
[DEBUG] Unhandled play packet 0x51 (3 bytes)
[DEBUG] Unhandled play packet 0x36 (5 bytes)
[DEBUG] Unhandled play packet 0x51 (3 bytes)
[DEBUG] Unhandled play packet 0x51 (3 bytes)
[Chat] Raw message: 
≡ƒÆ¼ 
[Bot] Chat received: { message: '', system: false }
[DEBUG] Unhandled play packet 0x51 (3 bytes)
[DEBUG] Unhandled play packet 0x63 (8 bytes)
[DEBUG] Unhandled play packet 0x51 (3 bytes)
[DEBUG] Unhandled play packet 0x63 (8 bytes)
[DEBUG] Unhandled play packet 0x51 (3 bytes)
[DEBUG] Unhandled play packet 0x63 (8 bytes)
[DEBUG] Unhandled play packet 0x51 (3 bytes)
[DEBUG] Unhandled play packet 0x51 (3 bytes)
[DEBUG] Unhandled play packet 0x51 (3 bytes)
[DEBUG] Unhandled play packet 0x51 (3 bytes)
[DEBUG] Unhandled play packet 0x51 (3 bytes)
[DEBUG] Unhandled play packet 0x51 (3 bytes)
[DEBUG] Unhandled play packet 0x63 (8 bytes)
[DEBUG] Unhandled play packet 0x51 (3 bytes)
[DEBUG] Unhandled play packet 0x51 (3 bytes)
[DEBUG] Unhandled play packet 0x51 (3 bytes)
[DEBUG] Unhandled play packet 0x51 (3 bytes)
[DEBUG] Unhandled play packet 0x51 (3 bytes)
[DEBUG] Unhandled play packet 0x51 (3 bytes)
[DEBUG] Unhandled play packet 0x36 (5 bytes)
[DEBUG] Unhandled play packet 0x51 (3 bytes)
[DEBUG] Unhandled play packet 0x51 (3 bytes)
[DEBUG] Unhandled play packet 0x51 (3 bytes)
[DEBUG] Unhandled play packet 0x63 (8 bytes)
[DEBUG] Unhandled play packet 0x63 (8 bytes)
[DEBUG] Unhandled play packet 0x51 (3 bytes)
[DEBUG] Unhandled play packet 0x63 (8 bytes)
[DEBUG] Unhandled play packet 0x51 (3 bytes)
[DEBUG] Unhandled play packet 0x51 (3 bytes)
[Chat] Raw message: 
≡ƒÆ¼ 
[Bot] Chat received: { message: '', system: false }
[DEBUG] Unhandled play packet 0x51 (3 bytes)
[DEBUG] Unhandled play packet 0x51 (3 bytes)
[DEBUG] Unhandled play packet 0x51 (3 bytes)
[DEBUG] Unhandled play packet 0x63 (8 bytes)
[DEBUG] Unhandled play packet 0x51 (3 bytes)
[DEBUG] Unhandled play packet 0x51 (3 bytes)
[DEBUG] Unhandled play packet 0x51 (3 bytes)
[DEBUG] Unhandled play packet 0x51 (3 bytes)
[DEBUG] Unhandled play packet 0x51 (3 bytes)
[DEBUG] Unhandled play packet 0x63 (8 bytes)
[DEBUG] Unhandled play packet 0x51 (3 bytes)
[DEBUG] Unhandled play packet 0x63 (8 bytes)
[DEBUG] Unhandled play packet 0x63 (8 bytes)
[DEBUG] Unhandled play packet 0x51 (3 bytes)
[DEBUG] Unhandled play packet 0x63 (8 bytes)
[DEBUG] Unhandled play packet 0x51 (3 bytes)
[DEBUG] Unhandled play packet 0x51 (3 bytes)
[DEBUG] Unhandled play packet 0x51 (3 bytes)
[DEBUG] Unhandled play packet 0x51 (3 bytes)
[DEBUG] Unhandled play packet 0x51 (3 bytes)
[DEBUG] Unhandled play packet 0x51 (3 bytes)
[DEBUG] Unhandled play packet 0x51 (3 bytes)
[Chat] Raw message: 
≡ƒÆ¼ 
[Bot] Chat received: { message: '', system: false }
[DEBUG] Unhandled play packet 0x00 (0 bytes)
[DEBUG] Unhandled play packet 0x61 (9 bytes)
[DEBUG] Unhandled play packet 0x00 (0 bytes)
[DEBUG] Unhandled play packet 0x61 (9 bytes)
[DEBUG] Unhandled play packet 0x51 (3 bytes)
[DEBUG] Unhandled play packet 0x51 (3 bytes)
[DEBUG] Unhandled play packet 0x51 (3 bytes)
[DEBUG] Unhandled play packet 0x51 (3 bytes)
[DEBUG] Unhandled play packet 0x51 (3 bytes)
[DEBUG] Unhandled play packet 0x63 (8 bytes)
[DEBUG] Unhandled play packet 0x51 (3 bytes)
[DEBUG] Unhandled play packet 0x63 (8 bytes)
[DEBUG] Unhandled play packet 0x63 (8 bytes)
[DEBUG] Unhandled play packet 0x63 (8 bytes)
[DEBUG] Unhandled play packet 0x51 (3 bytes)
[DEBUG] Unhandled play packet 0x51 (3 bytes)
[DEBUG] Unhandled play packet 0x51 (3 bytes)
[DEBUG] Unhandled play packet 0x51 (3 bytes)
[DEBUG] Unhandled play packet 0x51 (3 bytes)
[DEBUG] Unhandled play packet 0x51 (3 bytes)
[DEBUG] Unhandled play packet 0x51 (3 bytes)
[DEBUG] Unhandled play packet 0x63 (8 bytes)
[DEBUG] Unhandled play packet 0x51 (3 bytes)
[DEBUG] Unhandled play packet 0x63 (8 bytes)
[DEBUG] Unhandled play packet 0x81 (13 bytes)
[DEBUG] Unhandled play packet 0x51 (3 bytes)
[DEBUG] Unhandled play packet 0x51 (3 bytes)
[DEBUG] Unhandled play packet 0x51 (3 bytes)
[DEBUG] Unhandled play packet 0x51 (3 bytes)
[DEBUG] Unhandled play packet 0x51 (3 bytes)
[DEBUG] Unhandled play packet 0x63 (8 bytes)
[DEBUG] Unhandled play packet 0x51 (3 bytes)
[DEBUG] Unhandled play packet 0x63 (8 bytes)
[DEBUG] Unhandled play packet 0x51 (3 bytes)
[DEBUG] Unhandled play packet 0x63 (8 bytes)
[DEBUG] Unhandled play packet 0x63 (8 bytes)
[DEBUG] Unhandled play packet 0x51 (3 bytes)
[DEBUG] Unhandled play packet 0x51 (3 bytes)
[DEBUG] Unhandled play packet 0x51 (3 bytes)
[DEBUG] Unhandled play packet 0x51 (3 bytes)
[DEBUG] Unhandled play packet 0x51 (3 bytes)
[DEBUG] Unhandled play packet 0x51 (3 bytes)
[DEBUG] Unhandled play packet 0x51 (3 bytes)
[DEBUG] Unhandled play packet 0x51 (3 bytes)
[DEBUG] Unhandled play packet 0x51 (3 bytes)
[DEBUG] Unhandled play packet 0x63 (8 bytes)
[DEBUG] Unhandled play packet 0x63 (8 bytes)
[DEBUG] Unhandled play packet 0x51 (3 bytes)
[DEBUG] Unhandled play packet 0x63 (8 bytes)
[DEBUG] Unhandled play packet 0x63 (8 bytes)
[DEBUG] Unhandled play packet 0x51 (3 bytes)
[DEBUG] Unhandled play packet 0x51 (3 bytes)
[DEBUG] Unhandled play packet 0x51 (3 bytes)
[Chat] Raw message: 
≡ƒÆ¼ 
[Bot] Chat received: { message: '', system: false }
[DEBUG] Unhandled play packet 0x51 (3 bytes)
[DEBUG] Unhandled play packet 0x51 (3 bytes)
[DEBUG] Unhandled play packet 0x51 (3 bytes)
[DEBUG] Unhandled play packet 0x51 (3 bytes)
[DEBUG] Unhandled play packet 0x51 (3 bytes)
[DEBUG] Unhandled play packet 0x51 (3 bytes)
[DEBUG] Unhandled play packet 0x51 (3 bytes)
[DEBUG] Unhandled play packet 0x51 (3 bytes)
[DEBUG] Unhandled play packet 0x51 (3 bytes)
[DEBUG] Unhandled play packet 0x51 (3 bytes)
[DEBUG] Unhandled play packet 0x63 (8 bytes)
[DEBUG] Unhandled play packet 0x63 (8 bytes)
[DEBUG] Unhandled play packet 0x63 (8 bytes)
[DEBUG] Unhandled play packet 0x51 (3 bytes)
[DEBUG] Unhandled play packet 0x51 (3 bytes)
[DEBUG] Unhandled play packet 0x51 (3 bytes)
[DEBUG] Unhandled play packet 0x51 (3 bytes)
[DEBUG] Unhandled play packet 0x51 (3 bytes)
[DEBUG] Unhandled play packet 0x51 (3 bytes)
[DEBUG] Unhandled play packet 0x63 (8 bytes)
[DEBUG] Unhandled play packet 0x51 (3 bytes)
[DEBUG] Unhandled play packet 0x51 (3 bytes)
[DEBUG] Unhandled play packet 0x51 (3 bytes)
[DEBUG] Unhandled play packet 0x51 (3 bytes)
[DEBUG] Unhandled play packet 0x51 (3 bytes)
[DEBUG] Unhandled play packet 0x51 (3 bytes)
[DEBUG] Unhandled play packet 0x63 (8 bytes)
[DEBUG] Unhandled play packet 0x63 (8 bytes)
[DEBUG] Unhandled play packet 0x51 (3 bytes)
[DEBUG] Unhandled play packet 0x51 (3 bytes)
[DEBUG] Unhandled play packet 0x51 (3 bytes)
[DEBUG] Unhandled play packet 0x51 (3 bytes)
[DEBUG] Unhandled play packet 0x51 (3 bytes)
[DEBUG] Unhandled play packet 0x51 (3 bytes)
[DEBUG] Unhandled play packet 0x51 (3 bytes)
[DEBUG] Unhandled play packet 0x63 (8 bytes)
[DEBUG] Unhandled play packet 0x51 (3 bytes)
[DEBUG] Unhandled play packet 0x51 (3 bytes)
[DEBUG] Unhandled play packet 0x51 (3 bytes)
[DEBUG] Unhandled play packet 0x51 (3 bytes)
[DEBUG] Unhandled play packet 0x63 (8 bytes)
[DEBUG] Unhandled play packet 0x51 (3 bytes)
[DEBUG] Unhandled play packet 0x51 (3 bytes)
[DEBUG] Unhandled play packet 0x51 (3 bytes)
[DEBUG] Unhandled play packet 0x51 (3 bytes)
[DEBUG] Unhandled play packet 0x51 (3 bytes)
[DEBUG] Unhandled play packet 0x63 (8 bytes)
[DEBUG] Unhandled play packet 0x63 (8 bytes)
[DEBUG] Unhandled play packet 0x51 (3 bytes)
[DEBUG] Unhandled play packet 0x51 (3 bytes)
[DEBUG] Unhandled play packet 0x51 (3 bytes)
[DEBUG] Unhandled play packet 0x51 (3 bytes)
[DEBUG] Unhandled play packet 0x51 (3 bytes)
[DEBUG] Unhandled play packet 0x51 (3 bytes)
[DEBUG] Unhandled play packet 0x63 (8 bytes)
[Chat] Raw message: 
≡ƒÆ¼ 
[Bot] Chat received: { message: '', system: false }
[DEBUG] Unhandled play packet 0x51 (3 bytes)
[DEBUG] Unhandled play packet 0x51 (3 bytes)
[DEBUG] Unhandled play packet 0x51 (3 bytes)
[DEBUG] Unhandled play packet 0x51 (3 bytes)
[DEBUG] Unhandled play packet 0x63 (8 bytes)
[DEBUG] Unhandled play packet 0x51 (3 bytes)
[DEBUG] Unhandled play packet 0x51 (3 bytes)
[DEBUG] Unhandled play packet 0x51 (3 bytes)
[DEBUG] Unhandled play packet 0x51 (3 bytes)
[DEBUG] Unhandled play packet 0x51 (3 bytes)
[DEBUG] Unhandled play packet 0x63 (8 bytes)
[DEBUG] Unhandled play packet 0x51 (3 bytes)
[DEBUG] Unhandled play packet 0x51 (3 bytes)
[DEBUG] Unhandled play packet 0x51 (3 bytes)
[DEBUG] Unhandled play packet 0x51 (3 bytes)
[DEBUG] Unhandled play packet 0x51 (3 bytes)
[DEBUG] Unhandled play packet 0x51 (3 bytes)
[DEBUG] Unhandled play packet 0x51 (3 bytes)
[DEBUG] Unhandled play packet 0x51 (3 bytes)
[DEBUG] Unhandled play packet 0x63 (8 bytes)
[DEBUG] Unhandled play packet 0x51 (3 bytes)
[DEBUG] Unhandled play packet 0x51 (3 bytes)
[DEBUG] Unhandled play packet 0x51 (3 bytes)
[DEBUG] Unhandled play packet 0x51 (3 bytes)
[DEBUG] Unhandled play packet 0x63 (8 bytes)
[DEBUG] Unhandled play packet 0x51 (3 bytes)
[DEBUG] Unhandled play packet 0x51 (3 bytes)
[DEBUG] Unhandled play packet 0x51 (3 bytes)
[DEBUG] Unhandled play packet 0x63 (8 bytes)
[DEBUG] Unhandled play packet 0x51 (3 bytes)
[DEBUG] Unhandled play packet 0x51 (3 bytes)
[DEBUG] Unhandled play packet 0x51 (3 bytes)
[DEBUG] Unhandled play packet 0x63 (7 bytes)
[DEBUG] Unhandled play packet 0x51 (2 bytes)
[DEBUG] Unhandled play packet 0x51 (3 bytes)
[DEBUG] Unhandled play packet 0x51 (3 bytes)
[DEBUG] Unhandled play packet 0x51 (3 bytes)
[DEBUG] Unhandled play packet 0x51 (3 bytes)
[DEBUG] Unhandled play packet 0x63 (8 bytes)
[DEBUG] Unhandled play packet 0x51 (3 bytes)
[DEBUG] Unhandled play packet 0x51 (3 bytes)
[DEBUG] Unhandled play packet 0x51 (3 bytes)
[DEBUG] Unhandled play packet 0x51 (3 bytes)
[DEBUG] Unhandled play packet 0x63 (8 bytes)
[DEBUG] Unhandled play packet 0x51 (3 bytes)
[DEBUG] Unhandled play packet 0x51 (3 bytes)
[DEBUG] Unhandled play packet 0x51 (3 bytes)
[DEBUG] Unhandled play packet 0x63 (8 bytes)
[DEBUG] Unhandled play packet 0x51 (3 bytes)
[DEBUG] Unhandled play packet 0x51 (3 bytes)
[Chat] Raw message: 
≡ƒÆ¼ 
[Bot] Chat received: { message: '', system: false }
[DEBUG] Unhandled play packet 0x63 (7 bytes)
[DEBUG] Unhandled play packet 0x51 (2 bytes)
[DEBUG] Unhandled play packet 0x51 (3 bytes)
[DEBUG] Unhandled play packet 0x51 (3 bytes)
[DEBUG] Unhandled play packet 0x51 (3 bytes)
[DEBUG] Unhandled play packet 0x51 (3 bytes)
[DEBUG] Unhandled play packet 0x63 (8 bytes)
[DEBUG] Unhandled play packet 0x51 (3 bytes)
[DEBUG] Unhandled play packet 0x51 (3 bytes)
[DEBUG] Unhandled play packet 0x51 (3 bytes)
[DEBUG] Unhandled play packet 0x51 (3 bytes)
[DEBUG] Unhandled play packet 0x63 (8 bytes)
[DEBUG] Unhandled play packet 0x51 (3 bytes)
[DEBUG] Unhandled play packet 0x51 (3 bytes)
[DEBUG] Unhandled play packet 0x51 (3 bytes)
[DEBUG] Unhandled play packet 0x51 (3 bytes)
[DEBUG] Unhandled play packet 0x51 (3 bytes)
[DEBUG] Unhandled play packet 0x63 (7 bytes)
[DEBUG] Unhandled play packet 0x51 (2 bytes)
[DEBUG] Unhandled play packet 0x51 (3 bytes)
[DEBUG] Unhandled play packet 0x51 (3 bytes)
[DEBUG] Unhandled play packet 0x51 (3 bytes)
[DEBUG] Unhandled play packet 0x51 (3 bytes)
[DEBUG] Unhandled play packet 0x63 (8 bytes)
[DEBUG] Unhandled play packet 0x51 (3 bytes)
[DEBUG] Unhandled play packet 0x51 (3 bytes)
[DEBUG] Unhandled play packet 0x51 (3 bytes)
[DEBUG] Unhandled play packet 0x51 (3 bytes)
[DEBUG] Unhandled play packet 0x63 (8 bytes)
[DEBUG] Unhandled play packet 0x51 (3 bytes)
[DEBUG] Unhandled play packet 0x51 (3 bytes)
[DEBUG] Unhandled play packet 0x51 (3 bytes)
[DEBUG] Unhandled play packet 0x51 (3 bytes)
[DEBUG] Unhandled play packet 0x51 (3 bytes)
[DEBUG] Unhandled play packet 0x51 (3 bytes)
[DEBUG] Unhandled play packet 0x51 (3 bytes)
[DEBUG] Unhandled play packet 0x51 (3 bytes)
[DEBUG] Unhandled play packet 0x51 (3 bytes)
[DEBUG] Unhandled play packet 0x63 (8 bytes)
[DEBUG] Unhandled play packet 0x51 (3 bytes)
[DEBUG] Unhandled play packet 0x51 (3 bytes)
[DEBUG] Unhandled play packet 0x51 (3 bytes)
[DEBUG] Unhandled play packet 0x51 (3 bytes)
[DEBUG] Unhandled play packet 0x63 (8 bytes)
[DEBUG] Unhandled play packet 0x51 (3 bytes)
[DEBUG] Unhandled play packet 0x51 (3 bytes)
[DEBUG] Unhandled play packet 0x51 (3 bytes)
[DEBUG] Unhandled play packet 0x51 (3 bytes)
[DEBUG] Unhandled play packet 0x51 (3 bytes)
[DEBUG] Unhandled play packet 0x51 (3 bytes)
[DEBUG] Unhandled play packet 0x51 (3 bytes)
[DEBUG] Unhandled play packet 0x51 (3 bytes)
[DEBUG] Unhandled play packet 0x51 (3 bytes)
[DEBUG] Unhandled play packet 0x51 (3 bytes)
[DEBUG] Unhandled play packet 0x51 (3 bytes)
[DEBUG] Unhandled play packet 0x63 (8 bytes)
[Chat] Raw message: 
≡ƒÆ¼ 
[Bot] Chat received: { message: '', system: false }
[DEBUG] Unhandled play packet 0x51 (3 bytes)
[DEBUG] Unhandled play packet 0x63 (8 bytes)
[DEBUG] Unhandled play packet 0x63 (8 bytes)
[DEBUG] Unhandled play packet 0x51 (3 bytes)
[DEBUG] Unhandled play packet 0x51 (3 bytes)
[DEBUG] Unhandled play packet 0x51 (3 bytes)
[DEBUG] Unhandled play packet 0x63 (8 bytes)
[DEBUG] Unhandled play packet 0x51 (3 bytes)
[DEBUG] Unhandled play packet 0x51 (3 bytes)
[DEBUG] Unhandled play packet 0x51 (3 bytes)
[DEBUG] Unhandled play packet 0x51 (3 bytes)
[DEBUG] Unhandled play packet 0x51 (3 bytes)
[DEBUG] Unhandled play packet 0x63 (7 bytes)
[DEBUG] Unhandled play packet 0x51 (3 bytes)
[DEBUG] Unhandled play packet 0x51 (3 bytes)
[DEBUG] Unhandled play packet 0x51 (3 bytes)
[DEBUG] Unhandled play packet 0x51 (3 bytes)
[DEBUG] Unhandled play packet 0x51 (3 bytes)
[DEBUG] Unhandled play packet 0x51 (3 bytes)
[DEBUG] Unhandled play packet 0x63 (8 bytes)
[DEBUG] Unhandled play packet 0x51 (3 bytes)
[DEBUG] Unhandled play packet 0x51 (3 bytes)
[DEBUG] Unhandled play packet 0x51 (3 bytes)
[DEBUG] Unhandled play packet 0x51 (3 bytes)
[DEBUG] Unhandled play packet 0x63 (8 bytes)
[DEBUG] Unhandled play packet 0x51 (3 bytes)
[DEBUG] Unhandled play packet 0x51 (3 bytes)
[Chat] Raw message: 
≡ƒÆ¼ 
[Bot] Chat received: { message: '', system: false }
[DEBUG] Unhandled play packet 0x51 (3 bytes)
[DEBUG] Unhandled play packet 0x51 (3 bytes)
[DEBUG] Unhandled play packet 0x63 (7 bytes)
[DEBUG] Unhandled play packet 0x51 (2 bytes)
[DEBUG] Unhandled play packet 0x51 (3 bytes)
[DEBUG] Unhandled play packet 0x51 (3 bytes)
[DEBUG] Unhandled play packet 0x51 (3 bytes)
[DEBUG] Unhandled play packet 0x51 (3 bytes)
[DEBUG] Unhandled play packet 0x51 (3 bytes)
[DEBUG] Unhandled play packet 0x63 (8 bytes)
[Chat] Raw message: 
≡ƒÆ¼ 
[Bot] Chat received: { message: '', system: false }
[DEBUG] Unhandled play packet 0x51 (3 bytes)
[DEBUG] Unhandled play packet 0x51 (3 bytes)
[DEBUG] Unhandled play packet 0x51 (3 bytes)
[DEBUG] Unhandled play packet 0x51 (3 bytes)
[DEBUG] Unhandled play packet 0x51 (3 bytes)
[DEBUG] Unhandled play packet 0x51 (3 bytes)
[DEBUG] Unhandled play packet 0x51 (3 bytes)
[DEBUG] Unhandled play packet 0x51 (2 bytes)
[DEBUG] Unhandled play packet 0x51 (3 bytes)
[DEBUG] Unhandled play packet 0x51 (3 bytes)
[DEBUG] Unhandled play packet 0x51 (3 bytes)
[DEBUG] Unhandled play packet 0x63 (8 bytes)
[DEBUG] Unhandled play packet 0x51 (3 bytes)
[DEBUG] Unhandled play packet 0x51 (3 bytes)
[DEBUG] Unhandled play packet 0x51 (3 bytes)
[DEBUG] Unhandled play packet 0x51 (3 bytes)
[DEBUG] Unhandled play packet 0x51 (3 bytes)
[DEBUG] Unhandled play packet 0x51 (3 bytes)
[DEBUG] Unhandled play packet 0x51 (3 bytes)
[DEBUG] Unhandled play packet 0x51 (3 bytes)
[DEBUG] Unhandled play packet 0x51 (3 bytes)
[DEBUG] Unhandled play packet 0x51 (3 bytes)
[DEBUG] Unhandled play packet 0x51 (3 bytes)
[DEBUG] Unhandled play packet 0x51 (3 bytes)
[DEBUG] Unhandled play packet 0x51 (3 bytes)
[DEBUG] Unhandled play packet 0x51 (3 bytes)
[DEBUG] Unhandled play packet 0x63 (8 bytes)
[DEBUG] Unhandled play packet 0x51 (3 bytes)
[DEBUG] Unhandled play packet 0x51 (3 bytes)
[DEBUG] Unhandled play packet 0x51 (3 bytes)
[DEBUG] Unhandled play packet 0x51 (3 bytes)
[DEBUG] Unhandled play packet 0x51 (3 bytes)
[DEBUG] Unhandled play packet 0x51 (3 bytes)
[DEBUG] Unhandled play packet 0x51 (3 bytes)
[DEBUG] Unhandled play packet 0x51 (3 bytes)
[DEBUG] Unhandled play packet 0x00 (0 bytes)
[DEBUG] Unhandled play packet 0x61 (12 bytes)
[DEBUG] Unhandled play packet 0x00 (0 bytes)
[DEBUG] Unhandled play packet 0x00 (0 bytes)
[DEBUG] Unhandled play packet 0x61 (12 bytes)
[DEBUG] Unhandled play packet 0x00 (0 bytes)
[DEBUG] Unhandled play packet 0x61 (12 bytes)
[DEBUG] Unhandled play packet 0x61 (12 bytes)
[DEBUG] Unhandled play packet 0x51 (3 bytes)
[DEBUG] Unhandled play packet 0x51 (3 bytes)
[DEBUG] Unhandled play packet 0x61 (6 bytes)
[DEBUG] Unhandled play packet 0x81 (13 bytes)
[DEBUG] Unhandled play packet 0x51 (3 bytes)
[DEBUG] Unhandled play packet 0x51 (3 bytes)
[DEBUG] Unhandled play packet 0x61 (6 bytes)
[DEBUG] Unhandled play packet 0x81 (13 bytes)
[DEBUG] Unhandled play packet 0x51 (3 bytes)
[DEBUG] Unhandled play packet 0x51 (3 bytes)
[DEBUG] Unhandled play packet 0x63 (8 bytes)
[DEBUG] Unhandled play packet 0x51 (3 bytes)
[DEBUG] Unhandled play packet 0x51 (3 bytes)
[DEBUG] Unhandled play packet 0x51 (3 bytes)
[DEBUG] Unhandled play packet 0x51 (3 bytes)
[DEBUG] Unhandled play packet 0x51 (3 bytes)
[DEBUG] Unhandled play packet 0x51 (3 bytes)
[DEBUG] Unhandled play packet 0x51 (3 bytes)
[DEBUG] Unhandled play packet 0x51 (3 bytes)
[Chat] Raw message: 
≡ƒÆ¼ 
[Bot] Chat received: { message: '', system: false }
[DEBUG] Unhandled play packet 0x51 (3 bytes)
[DEBUG] Unhandled play packet 0x51 (3 bytes)
[DEBUG] Unhandled play packet 0x51 (3 bytes)
[DEBUG] Unhandled play packet 0x51 (3 bytes)
[Chat] Raw message: 
≡ƒÆ¼ 
[Bot] Chat received: { message: '', system: false }
[Chat] Raw message: 
≡ƒÆ¼ 
[Bot] Chat received: { message: '', system: false }
[DEBUG] Unhandled play packet 0x51 (3 bytes)
[DEBUG] Unhandled play packet 0x51 (3 bytes)
[DEBUG] Unhandled play packet 0x51 (3 bytes)
[DEBUG] Unhandled play packet 0x63 (8 bytes)
[DEBUG] Unhandled play packet 0x51 (3 bytes)
[DEBUG] Unhandled play packet 0x51 (3 bytes)
[DEBUG] Unhandled play packet 0x51 (3 bytes)
[DEBUG] Unhandled play packet 0x51 (3 bytes)
[DEBUG] Unhandled play packet 0x51 (3 bytes)
[DEBUG] Unhandled play packet 0x51 (3 bytes)
[DEBUG] Unhandled play packet 0x51 (3 bytes)
[DEBUG] Unhandled play packet 0x51 (3 bytes)
[DEBUG] Unhandled play packet 0x51 (3 bytes)
[DEBUG] Unhandled play packet 0x51 (3 bytes)
[DEBUG] Unhandled play packet 0x51 (3 bytes)
[DEBUG] Unhandled play packet 0x51 (3 bytes)
[DEBUG] Unhandled play packet 0x51 (3 bytes)
[DEBUG] Unhandled play packet 0x51 (3 bytes)
[DEBUG] Unhandled play packet 0x51 (3 bytes)
[DEBUG] Unhandled play packet 0x51 (3 bytes)
[DEBUG] Unhandled play packet 0x63 (8 bytes)
[DEBUG] Unhandled play packet 0x51 (3 bytes)
[DEBUG] Unhandled play packet 0x51 (3 bytes)
[DEBUG] Unhandled play packet 0x51 (3 bytes)
[DEBUG] Unhandled play packet 0x51 (3 bytes)
[DEBUG] Unhandled play packet 0x51 (3 bytes)
[DEBUG] Unhandled play packet 0x51 (3 bytes)
[DEBUG] Unhandled play packet 0x51 (3 bytes)
[DEBUG] Unhandled play packet 0x51 (3 bytes)
[DEBUG] Unhandled play packet 0x51 (3 bytes)
[DEBUG] Unhandled play packet 0x51 (3 bytes)
[DEBUG] Unhandled play packet 0x51 (3 bytes)
[DEBUG] Unhandled play packet 0x51 (3 bytes)
[DEBUG] Unhandled play packet 0x63 (8 bytes)
[DEBUG] Unhandled play packet 0x51 (3 bytes)
[DEBUG] Unhandled play packet 0x51 (3 bytes)
[DEBUG] Unhandled play packet 0x51 (3 bytes)
[DEBUG] Unhandled play packet 0x51 (3 bytes)
[Chat] Raw message: 
≡ƒÆ¼ 
[Bot] Chat received: { message: '', system: false }
[DEBUG] Unhandled play packet 0x51 (3 bytes)
[DEBUG] Unhandled play packet 0x51 (3 bytes)
[DEBUG] Unhandled play packet 0x51 (3 bytes)
[DEBUG] Unhandled play packet 0x51 (3 bytes)
[DEBUG] Unhandled play packet 0x51 (3 bytes)
[DEBUG] Unhandled play packet 0x51 (3 bytes)
[DEBUG] Unhandled play packet 0x63 (8 bytes)
[DEBUG] Unhandled play packet 0x51 (3 bytes)
[DEBUG] Unhandled play packet 0x51 (3 bytes)
[DEBUG] Unhandled play packet 0x51 (3 bytes)
[DEBUG] Unhandled play packet 0x51 (3 bytes)
[DEBUG] Unhandled play packet 0x51 (3 bytes)
[DEBUG] Unhandled play packet 0x51 (3 bytes)
[DEBUG] Unhandled play packet 0x51 (3 bytes)
[DEBUG] Unhandled play packet 0x51 (3 bytes)
[DEBUG] Unhandled play packet 0x51 (3 bytes)
[DEBUG] Unhandled play packet 0x51 (3 bytes)
[DEBUG] Unhandled play packet 0x51 (3 bytes)
[DEBUG] Unhandled play packet 0x51 (3 bytes)
[DEBUG] Unhandled play packet 0x51 (3 bytes)
[DEBUG] Unhandled play packet 0x63 (8 bytes)
[DEBUG] Unhandled play packet 0x51 (3 bytes)
[DEBUG] Unhandled play packet 0x51 (3 bytes)
[DEBUG] Unhandled play packet 0x51 (3 bytes)
[DEBUG] Unhandled play packet 0x51 (3 bytes)
[DEBUG] Unhandled play packet 0x51 (3 bytes)
[DEBUG] Unhandled play packet 0x51 (3 bytes)
[DEBUG] Unhandled play packet 0x51 (3 bytes)
[DEBUG] Unhandled play packet 0x51 (3 bytes)
[DEBUG] Unhandled play packet 0x51 (3 bytes)
[DEBUG] Unhandled play packet 0x51 (3 bytes)
[DEBUG] Unhandled play packet 0x00 (0 bytes)
[DEBUG] Unhandled play packet 0x61 (9 bytes)
[DEBUG] Unhandled play packet 0x00 (0 bytes)
[DEBUG] Unhandled play packet 0x61 (9 bytes)
[DEBUG] Unhandled play packet 0x51 (3 bytes)
[DEBUG] Unhandled play packet 0x51 (3 bytes)
[DEBUG] Unhandled play packet 0x63 (8 bytes)
[DEBUG] Unhandled play packet 0x51 (3 bytes)
[DEBUG] Unhandled play packet 0x51 (3 bytes)
[DEBUG] Unhandled play packet 0x51 (3 bytes)
[DEBUG] Unhandled play packet 0x51 (3 bytes)
[DEBUG] Unhandled play packet 0x51 (3 bytes)
[DEBUG] Unhandled play packet 0x51 (3 bytes)
[DEBUG] Unhandled play packet 0x51 (3 bytes)
[DEBUG] Unhandled play packet 0x51 (3 bytes)
[DEBUG] Unhandled play packet 0x51 (3 bytes)
[DEBUG] Unhandled play packet 0x51 (3 bytes)
[DEBUG] Unhandled play packet 0x51 (3 bytes)
[DEBUG] Unhandled play packet 0x63 (8 bytes)
[DEBUG] Unhandled play packet 0x81 (13 bytes)
[DEBUG] Unhandled play packet 0x51 (3 bytes)
[DEBUG] Unhandled play packet 0x51 (3 bytes)
[DEBUG] Unhandled play packet 0x51 (3 bytes)
[DEBUG] Unhandled play packet 0x51 (3 bytes)
[DEBUG] Unhandled play packet 0x51 (3 bytes)
[DEBUG] Unhandled play packet 0x51 (3 bytes)
[DEBUG] Unhandled play packet 0x51 (3 bytes)
[DEBUG] Unhandled play packet 0x51 (3 bytes)
[DEBUG] Unhandled play packet 0x51 (3 bytes)
[DEBUG] Unhandled play packet 0x51 (3 bytes)
[DEBUG] Unhandled play packet 0x51 (3 bytes)
[DEBUG] Unhandled play packet 0x51 (3 bytes)
[DEBUG] Unhandled play packet 0x51 (3 bytes)
[DEBUG] Unhandled play packet 0x51 (3 bytes)
[DEBUG] Unhandled play packet 0x51 (3 bytes)
[DEBUG] Unhandled play packet 0x51 (3 bytes)
[DEBUG] Unhandled play packet 0x51 (3 bytes)
[DEBUG] Unhandled play packet 0x51 (3 bytes)
[DEBUG] Unhandled play packet 0x51 (3 bytes)
[DEBUG] Unhandled play packet 0x51 (3 bytes)
[DEBUG] Unhandled play packet 0x51 (3 bytes)
[DEBUG] Unhandled play packet 0x51 (3 bytes)
[DEBUG] Unhandled play packet 0x51 (3 bytes)
[DEBUG] Unhandled play packet 0x51 (3 bytes)
[Chat] Raw message: 
≡ƒÆ¼ 
[Bot] Chat received: { message: '', system: false }
[DEBUG] Unhandled play packet 0x51 (3 bytes)
[DEBUG] Unhandled play packet 0x51 (3 bytes)
[DEBUG] Unhandled play packet 0x51 (3 bytes)
[DEBUG] Unhandled play packet 0x51 (3 bytes)
[DEBUG] Unhandled play packet 0x51 (3 bytes)
[DEBUG] Unhandled play packet 0x51 (3 bytes)
[DEBUG] Unhandled play packet 0x51 (3 bytes)
[DEBUG] Unhandled play packet 0x51 (3 bytes)
[DEBUG] Unhandled play packet 0x51 (3 bytes)
[DEBUG] Unhandled play packet 0x51 (3 bytes)
[DEBUG] Unhandled play packet 0x51 (3 bytes)
[DEBUG] Unhandled play packet 0x63 (8 bytes)
[DEBUG] Unhandled play packet 0x51 (3 bytes)
[DEBUG] Unhandled play packet 0x51 (3 bytes)
[DEBUG] Unhandled play packet 0x51 (3 bytes)
[DEBUG] Unhandled play packet 0x63 (8 bytes)
[DEBUG] Unhandled play packet 0x51 (3 bytes)
[DEBUG] Unhandled play packet 0x51 (3 bytes)
[DEBUG] Unhandled play packet 0x51 (3 bytes)
[DEBUG] Unhandled play packet 0x51 (3 bytes)
[DEBUG] Unhandled play packet 0x51 (3 bytes)
[DEBUG] Unhandled play packet 0x51 (3 bytes)
[DEBUG] Unhandled play packet 0x51 (3 bytes)
[DEBUG] Unhandled play packet 0x51 (3 bytes)
[DEBUG] Unhandled play packet 0x51 (3 bytes)
[DEBUG] Unhandled play packet 0x51 (3 bytes)
[DEBUG] Unhandled play packet 0x51 (3 bytes)
[DEBUG] Unhandled play packet 0x51 (3 bytes)
[DEBUG] Unhandled play packet 0x63 (8 bytes)
[DEBUG] Unhandled play packet 0x51 (3 bytes)
[Chat] Raw message: 
≡ƒÆ¼ 
[Bot] Chat received: { message: '', system: false }
[DEBUG] Unhandled play packet 0x51 (3 bytes)
[DEBUG] Unhandled play packet 0x63 (8 bytes)
[DEBUG] Unhandled play packet 0x51 (3 bytes)
[DEBUG] Unhandled play packet 0x51 (3 bytes)
[DEBUG] Unhandled play packet 0x51 (3 bytes)
[DEBUG] Unhandled play packet 0x51 (3 bytes)
[DEBUG] Unhandled play packet 0x51 (3 bytes)
[DEBUG] Unhandled play packet 0x51 (3 bytes)
[DEBUG] Unhandled play packet 0x51 (3 bytes)
[DEBUG] Unhandled play packet 0x51 (3 bytes)
[DEBUG] Unhandled play packet 0x51 (3 bytes)
[DEBUG] Unhandled play packet 0x51 (3 bytes)
[DEBUG] Unhandled play packet 0x51 (3 bytes)
[DEBUG] Unhandled play packet 0x63 (8 bytes)
[DEBUG] Unhandled play packet 0x51 (3 bytes)
[DEBUG] Unhandled play packet 0x63 (8 bytes)
[DEBUG] Unhandled play packet 0x51 (3 bytes)
[DEBUG] Unhandled play packet 0x51 (3 bytes)
[DEBUG] Unhandled play packet 0x51 (3 bytes)
[DEBUG] Unhandled play packet 0x51 (3 bytes)
[DEBUG] Unhandled play packet 0x51 (3 bytes)
[DEBUG] Unhandled play packet 0x51 (3 bytes)
[DEBUG] Unhandled play packet 0x51 (3 bytes)
[DEBUG] Unhandled play packet 0x51 (3 bytes)
[DEBUG] Unhandled play packet 0x51 (3 bytes)
[DEBUG] Unhandled play packet 0x51 (3 bytes)
[Chat] Raw message: 
≡ƒÆ¼ 
[Bot] Chat received: { message: '', system: false }
[DEBUG] Unhandled play packet 0x51 (3 bytes)
[DEBUG] Unhandled play packet 0x51 (3 bytes)
[DEBUG] Unhandled play packet 0x51 (3 bytes)
[DEBUG] Unhandled play packet 0x51 (3 bytes)
[DEBUG] Unhandled play packet 0x51 (3 bytes)
[DEBUG] Unhandled play packet 0x51 (3 bytes)
[DEBUG] Unhandled play packet 0x63 (8 bytes)
[DEBUG] Unhandled play packet 0x51 (3 bytes)
[DEBUG] Unhandled play packet 0x51 (3 bytes)
[DEBUG] Unhandled play packet 0x51 (3 bytes)
[DEBUG] Unhandled play packet 0x51 (3 bytes)
[DEBUG] Unhandled play packet 0x51 (3 bytes)
[DEBUG] Unhandled play packet 0x51 (3 bytes)
[DEBUG] Unhandled play packet 0x51 (3 bytes)
[DEBUG] Unhandled play packet 0x51 (3 bytes)
[DEBUG] Unhandled play packet 0x51 (3 bytes)
[DEBUG] Unhandled play packet 0x51 (3 bytes)
[DEBUG] Unhandled play packet 0x51 (3 bytes)
[DEBUG] Unhandled play packet 0x51 (3 bytes)
[DEBUG] Unhandled play packet 0x51 (3 bytes)
[DEBUG] Unhandled play packet 0x51 (3 bytes)
[DEBUG] Unhandled play packet 0x00 (0 bytes)
[DEBUG] Unhandled play packet 0x61 (9 bytes)
[DEBUG] Unhandled play packet 0x64 (8 bytes)
[DEBUG] Unhandled play packet 0x00 (0 bytes)
[DEBUG] Unhandled play packet 0x63 (8 bytes)
[DEBUG] Unhandled play packet 0x51 (3 bytes)
[DEBUG] Unhandled play packet 0x51 (3 bytes)
[DEBUG] Unhandled play packet 0x51 (3 bytes)
[DEBUG] Unhandled play packet 0x51 (3 bytes)
[DEBUG] Unhandled play packet 0x51 (3 bytes)
[DEBUG] Unhandled play packet 0x51 (3 bytes)
[DEBUG] Unhandled play packet 0x61 (9 bytes)
[DEBUG] Unhandled play packet 0x64 (8 bytes)
[DEBUG] Unhandled play packet 0x51 (3 bytes)
[DEBUG] Unhandled play packet 0x51 (3 bytes)
[DEBUG] Unhandled play packet 0x51 (3 bytes)
[DEBUG] Unhandled play packet 0x51 (3 bytes)
[DEBUG] Unhandled play packet 0x51 (3 bytes)
[DEBUG] Unhandled play packet 0x51 (3 bytes)
[DEBUG] Unhandled play packet 0x51 (3 bytes)
[DEBUG] Unhandled play packet 0x51 (3 bytes)
[DEBUG] Unhandled play packet 0x63 (8 bytes)
[DEBUG] Unhandled play packet 0x51 (3 bytes)
[DEBUG] Unhandled play packet 0x51 (3 bytes)
[DEBUG] Unhandled play packet 0x51 (3 bytes)
[DEBUG] Unhandled play packet 0x51 (3 bytes)
[DEBUG] Unhandled play packet 0x51 (3 bytes)
[DEBUG] Unhandled play packet 0x63 (8 bytes)
[DEBUG] Unhandled play packet 0x81 (13 bytes)
[DEBUG] Unhandled play packet 0x51 (3 bytes)
[Chat] Raw message: 
≡ƒÆ¼ 
[Bot] Chat received: { message: '', system: false }
[DEBUG] Unhandled play packet 0x51 (3 bytes)
[DEBUG] Unhandled play packet 0x51 (3 bytes)
[DEBUG] Unhandled play packet 0x51 (3 bytes)
[DEBUG] Unhandled play packet 0x51 (3 bytes)
[DEBUG] Unhandled play packet 0x51 (3 bytes)
[DEBUG] Unhandled play packet 0x51 (3 bytes)
[DEBUG] Unhandled play packet 0x51 (3 bytes)
[DEBUG] Unhandled play packet 0x51 (3 bytes)
[DEBUG] Unhandled play packet 0x51 (3 bytes)
[DEBUG] Unhandled play packet 0x51 (3 bytes)
[DEBUG] Unhandled play packet 0x63 (8 bytes)
[DEBUG] Unhandled play packet 0x51 (3 bytes)
[DEBUG] Unhandled play packet 0x51 (3 bytes)
[DEBUG] Unhandled play packet 0x51 (3 bytes)
[DEBUG] Unhandled play packet 0x51 (3 bytes)
[DEBUG] Unhandled play packet 0x51 (3 bytes)
[DEBUG] Unhandled play packet 0x51 (3 bytes)
[DEBUG] Unhandled play packet 0x51 (3 bytes)
[DEBUG] Unhandled play packet 0x51 (3 bytes)
[DEBUG] Unhandled play packet 0x51 (3 bytes)
[DEBUG] Unhandled play packet 0x51 (3 bytes)
[DEBUG] Unhandled play packet 0x51 (3 bytes)
[DEBUG] Unhandled play packet 0x51 (3 bytes)
[DEBUG] Unhandled play packet 0x51 (3 bytes)
[DEBUG] Unhandled play packet 0x63 (8 bytes)
[DEBUG] Unhandled play packet 0x51 (3 bytes)
[DEBUG] Unhandled play packet 0x51 (3 bytes)
[DEBUG] Unhandled play packet 0x51 (3 bytes)
[DEBUG] Unhandled play packet 0x51 (3 bytes)
[DEBUG] Unhandled play packet 0x51 (3 bytes)
[Chat] Raw message: 
≡ƒÆ¼ 
[Bot] Chat received: { message: '', system: false }
[DEBUG] Unhandled play packet 0x51 (3 bytes)
[DEBUG] Unhandled play packet 0x51 (3 bytes)
[DEBUG] Unhandled play packet 0x51 (3 bytes)
[DEBUG] Unhandled play packet 0x51 (3 bytes)
[DEBUG] Unhandled play packet 0x51 (3 bytes)
[DEBUG] Unhandled play packet 0x51 (3 bytes)
[DEBUG] Unhandled play packet 0x51 (3 bytes)
[DEBUG] Unhandled play packet 0x63 (8 bytes)
[DEBUG] Unhandled play packet 0x51 (3 bytes)
[DEBUG] Unhandled play packet 0x51 (3 bytes)
[DEBUG] Unhandled play packet 0x51 (3 bytes)
[DEBUG] Unhandled play packet 0x51 (3 bytes)
[DEBUG] Unhandled play packet 0x51 (3 bytes)
[DEBUG] Unhandled play packet 0x51 (3 bytes)
[DEBUG] Unhandled play packet 0x51 (3 bytes)
[DEBUG] Unhandled play packet 0x51 (3 bytes)
[DEBUG] Unhandled play packet 0x51 (3 bytes)
[DEBUG] Unhandled play packet 0x51 (3 bytes)
[Chat] Raw message: 
≡ƒÆ¼ 
[Bot] Chat received: { message: '', system: false }
[DEBUG] Unhandled play packet 0x63 (8 bytes)
[DEBUG] Unhandled play packet 0x51 (3 bytes)
[DEBUG] Unhandled play packet 0x63 (8 bytes)
[DEBUG] Unhandled play packet 0x51 (3 bytes)
[DEBUG] Unhandled play packet 0x51 (3 bytes)
[DEBUG] Unhandled play packet 0x51 (3 bytes)
[DEBUG] Unhandled play packet 0x51 (3 bytes)
[DEBUG] Unhandled play packet 0x51 (3 bytes)
[DEBUG] Unhandled play packet 0x61 (6 bytes)
[DEBUG] Unhandled play packet 0x51 (3 bytes)
[DEBUG] Unhandled play packet 0x51 (3 bytes)
[DEBUG] Unhandled play packet 0x51 (3 bytes)
[DEBUG] Unhandled play packet 0x63 (8 bytes)
[DEBUG] Unhandled play packet 0x51 (3 bytes)
[DEBUG] Unhandled play packet 0x51 (3 bytes)
[DEBUG] Unhandled play packet 0x63 (8 bytes)
[DEBUG] Unhandled play packet 0x51 (3 bytes)
[DEBUG] Unhandled play packet 0x51 (3 bytes)
[DEBUG] Unhandled play packet 0x51 (3 bytes)
[DEBUG] Unhandled play packet 0x51 (3 bytes)
[DEBUG] Unhandled play packet 0x51 (3 bytes)
[DEBUG] Unhandled play packet 0x51 (3 bytes)
[Chat] Raw message: 
≡ƒÆ¼ 
[Bot] Chat received: { message: '', system: false }
[DEBUG] Unhandled play packet 0x51 (3 bytes)
[DEBUG] Unhandled play packet 0x51 (3 bytes)
[DEBUG] Unhandled play packet 0x51 (3 bytes)
[Chat] Raw message: 
≡ƒÆ¼ 
[Bot] Chat received: { message: '', system: false }
[DEBUG] Unhandled play packet 0x63 (8 bytes)
[DEBUG] Unhandled play packet 0x51 (3 bytes)
[DEBUG] Unhandled play packet 0x51 (3 bytes)
[DEBUG] Unhandled play packet 0x63 (8 bytes)
[DEBUG] Unhandled play packet 0x51 (3 bytes)
[DEBUG] Unhandled play packet 0x51 (3 bytes)
[DEBUG] Unhandled play packet 0x51 (3 bytes)
[DEBUG] Unhandled play packet 0x51 (3 bytes)
[DEBUG] Unhandled play packet 0x51 (3 bytes)
[DEBUG] Unhandled play packet 0x51 (3 bytes)
[DEBUG] Unhandled play packet 0x51 (3 bytes)
[DEBUG] Unhandled play packet 0x63 (8 bytes)
[DEBUG] Unhandled play packet 0x51 (3 bytes)
[DEBUG] Unhandled play packet 0x51 (3 bytes)
[DEBUG] Unhandled play packet 0x51 (3 bytes)
[DEBUG] Unhandled play packet 0x51 (3 bytes)
[DEBUG] Unhandled play packet 0x51 (3 bytes)
[DEBUG] Unhandled play packet 0x51 (3 bytes)
[DEBUG] Unhandled play packet 0x51 (3 bytes)
[DEBUG] Unhandled play packet 0x51 (3 bytes)
[DEBUG] Unhandled play packet 0x51 (3 bytes)
[DEBUG] Unhandled play packet 0x00 (0 bytes)
[DEBUG] Unhandled play packet 0x61 (9 bytes)
[DEBUG] Unhandled play packet 0x00 (0 bytes)
[DEBUG] Unhandled play packet 0x00 (0 bytes)
[DEBUG] Unhandled play packet 0x61 (9 bytes)
[DEBUG] Unhandled play packet 0x00 (0 bytes)
[DEBUG] Unhandled play packet 0x00 (0 bytes)
[DEBUG] Unhandled play packet 0x61 (9 bytes)
[DEBUG] Unhandled play packet 0x00 (0 bytes)
[DEBUG] Unhandled play packet 0x00 (0 bytes)
[DEBUG] Unhandled play packet 0x61 (9 bytes)
[DEBUG] Unhandled play packet 0x00 (0 bytes)
[DEBUG] Unhandled play packet 0x61 (9 bytes)
[DEBUG] Unhandled play packet 0x61 (9 bytes)
[DEBUG] Unhandled play packet 0x61 (9 bytes)
[DEBUG] Unhandled play packet 0x61 (9 bytes)
[DEBUG] Unhandled play packet 0x51 (3 bytes)
[DEBUG] Unhandled play packet 0x51 (3 bytes)
[DEBUG] Unhandled play packet 0x51 (3 bytes)
[DEBUG] Unhandled play packet 0x51 (3 bytes)
[Chat] Raw message: 
≡ƒÆ¼ 
[Bot] Chat received: { message: '', system: false }
[DEBUG] Unhandled play packet 0x51 (3 bytes)
[DEBUG] Unhandled play packet 0x63 (8 bytes)
[DEBUG] Unhandled play packet 0x51 (3 bytes)
[DEBUG] Unhandled play packet 0x51 (3 bytes)
[DEBUG] Unhandled play packet 0x51 (3 bytes)
[DEBUG] Unhandled play packet 0x63 (8 bytes)
[DEBUG] Unhandled play packet 0x36 (5 bytes)
[DEBUG] Unhandled play packet 0x81 (13 bytes)
[DEBUG] Unhandled play packet 0x51 (3 bytes)
[DEBUG] Unhandled play packet 0x36 (5 bytes)
[DEBUG] Unhandled play packet 0x81 (13 bytes)
[DEBUG] Unhandled play packet 0x51 (3 bytes)
[DEBUG] Unhandled play packet 0x36 (5 bytes)
[DEBUG] Unhandled play packet 0x81 (13 bytes)
[DEBUG] Unhandled play packet 0x51 (3 bytes)
[DEBUG] Unhandled play packet 0x51 (3 bytes)
[DEBUG] Unhandled play packet 0x36 (5 bytes)
[DEBUG] Unhandled play packet 0x81 (13 bytes)
[DEBUG] Unhandled play packet 0x51 (3 bytes)
[DEBUG] Unhandled play packet 0x51 (3 bytes)
[DEBUG] Unhandled play packet 0x51 (3 bytes)
[DEBUG] Unhandled play packet 0x51 (3 bytes)
[DEBUG] Unhandled play packet 0x51 (3 bytes)
[DEBUG] Unhandled play packet 0x51 (3 bytes)
[DEBUG] Unhandled play packet 0x63 (8 bytes)
[DEBUG] Unhandled play packet 0x51 (3 bytes)
[DEBUG] Unhandled play packet 0x51 (3 bytes)
[DEBUG] Unhandled play packet 0x51 (3 bytes)
[DEBUG] Unhandled play packet 0x63 (8 bytes)
[DEBUG] Unhandled play packet 0x51 (3 bytes)
[DEBUG] Unhandled play packet 0x51 (3 bytes)
[DEBUG] Unhandled play packet 0x51 (3 bytes)
[DEBUG] Unhandled play packet 0x51 (3 bytes)
[DEBUG] Unhandled play packet 0x51 (3 bytes)
[DEBUG] Unhandled play packet 0x51 (3 bytes)
[DEBUG] Unhandled play packet 0x00 (0 bytes)
[DEBUG] Unhandled play packet 0x61 (12 bytes)
[DEBUG] Unhandled play packet 0x00 (0 bytes)
[DEBUG] Unhandled play packet 0x00 (0 bytes)
[DEBUG] Unhandled play packet 0x61 (12 bytes)
[DEBUG] Unhandled play packet 0x00 (0 bytes)
[DEBUG] Unhandled play packet 0x00 (0 bytes)
[DEBUG] Unhandled play packet 0x61 (12 bytes)
[DEBUG] Unhandled play packet 0x00 (0 bytes)
[DEBUG] Unhandled play packet 0x61 (12 bytes)
[DEBUG] Unhandled play packet 0x61 (12 bytes)
[DEBUG] Unhandled play packet 0x61 (12 bytes)
[DEBUG] Unhandled play packet 0x51 (3 bytes)
[DEBUG] Unhandled play packet 0x61 (6 bytes)
[DEBUG] Unhandled play packet 0x81 (13 bytes)
[DEBUG] Unhandled play packet 0x51 (3 bytes)
[DEBUG] Unhandled play packet 0x61 (6 bytes)
[DEBUG] Unhandled play packet 0x81 (13 bytes)
[DEBUG] Unhandled play packet 0x51 (3 bytes)
[DEBUG] Unhandled play packet 0x61 (6 bytes)
[DEBUG] Unhandled play packet 0x81 (13 bytes)
[DEBUG] Unhandled play packet 0x51 (3 bytes)
[DEBUG] Unhandled play packet 0x63 (8 bytes)
[DEBUG] Unhandled play packet 0x51 (3 bytes)
[DEBUG] Unhandled play packet 0x51 (3 bytes)
[DEBUG] Unhandled play packet 0x63 (8 bytes)
[DEBUG] Unhandled play packet 0x51 (3 bytes)
[DEBUG] Unhandled play packet 0x51 (3 bytes)
[DEBUG] Unhandled play packet 0x51 (3 bytes)
[DEBUG] Unhandled play packet 0x51 (3 bytes)
[DEBUG] Unhandled play packet 0x51 (3 bytes)
[DEBUG] Unhandled play packet 0x51 (3 bytes)
[Chat] Raw message: 
≡ƒÆ¼ 
[Bot] Chat received: { message: '', system: false }
[DEBUG] Unhandled play packet 0x51 (3 bytes)
[DEBUG] Unhandled play packet 0x51 (3 bytes)
[DEBUG] Unhandled play packet 0x51 (3 bytes)
[DEBUG] Unhandled play packet 0x51 (3 bytes)
[DEBUG] Unhandled play packet 0x51 (3 bytes)
[Chat] Raw message: 
≡ƒÆ¼ 
[Bot] Chat received: { message: '', system: false }
[DEBUG] Unhandled play packet 0x63 (7 bytes)
[DEBUG] Unhandled play packet 0x51 (2 bytes)
[DEBUG] Unhandled play packet 0x63 (8 bytes)
[DEBUG] Unhandled play packet 0x51 (3 bytes)
[DEBUG] Unhandled play packet 0x51 (3 bytes)
[DEBUG] Unhandled play packet 0x51 (3 bytes)
[DEBUG] Unhandled play packet 0x63 (8 bytes)
[DEBUG] Unhandled play packet 0x51 (3 bytes)
[DEBUG] Unhandled play packet 0x51 (3 bytes)
[DEBUG] Unhandled play packet 0x51 (3 bytes)
[DEBUG] Unhandled play packet 0x51 (3 bytes)
[DEBUG] Unhandled play packet 0x51 (3 bytes)
[DEBUG] Unhandled play packet 0x51 (3 bytes)
[DEBUG] Unhandled play packet 0x51 (3 bytes)
[DEBUG] Unhandled play packet 0x00 (0 bytes)
[DEBUG] Unhandled play packet 0x61 (9 bytes)
[DEBUG] Unhandled play packet 0x64 (8 bytes)
[DEBUG] Unhandled play packet 0x00 (0 bytes)
[DEBUG] Unhandled play packet 0x00 (0 bytes)
[DEBUG] Unhandled play packet 0x61 (9 bytes)
[DEBUG] Unhandled play packet 0x64 (8 bytes)
[DEBUG] Unhandled play packet 0x00 (0 bytes)
[DEBUG] Unhandled play packet 0x00 (0 bytes)
[DEBUG] Unhandled play packet 0x61 (9 bytes)
[DEBUG] Unhandled play packet 0x64 (8 bytes)
[DEBUG] Unhandled play packet 0x00 (0 bytes)
[DEBUG] Unhandled play packet 0x51 (3 bytes)
[DEBUG] Unhandled play packet 0x61 (9 bytes)
[DEBUG] Unhandled play packet 0x51 (3 bytes)
[DEBUG] Unhandled play packet 0x51 (3 bytes)
[DEBUG] Unhandled play packet 0x61 (9 bytes)
[DEBUG] Unhandled play packet 0x51 (3 bytes)
[DEBUG] Unhandled play packet 0x51 (3 bytes)
[DEBUG] Unhandled play packet 0x63 (8 bytes)
[DEBUG] Unhandled play packet 0x61 (9 bytes)
[DEBUG] Unhandled play packet 0x64 (8 bytes)
[DEBUG] Unhandled play packet 0x64 (8 bytes)
[DEBUG] Unhandled play packet 0x64 (8 bytes)
[DEBUG] Unhandled play packet 0x63 (7 bytes)
[DEBUG] Unhandled play packet 0x51 (2 bytes)
[DEBUG] Unhandled play packet 0x63 (8 bytes)
[DEBUG] Unhandled play packet 0x51 (3 bytes)
[DEBUG] Unhandled play packet 0x51 (3 bytes)
[DEBUG] Unhandled play packet 0x51 (3 bytes)
[DEBUG] Unhandled play packet 0x51 (3 bytes)
[DEBUG] Unhandled play packet 0x63 (8 bytes)
[DEBUG] Unhandled play packet 0x51 (3 bytes)
[DEBUG] Unhandled play packet 0x63 (8 bytes)
[DEBUG] Unhandled play packet 0x51 (3 bytes)
[DEBUG] Unhandled play packet 0x63 (8 bytes)
[DEBUG] Unhandled play packet 0x51 (3 bytes)
[DEBUG] Unhandled play packet 0x63 (8 bytes)
[DEBUG] Unhandled play packet 0x51 (3 bytes)
[DEBUG] Unhandled play packet 0x51 (3 bytes)
[DEBUG] Unhandled play packet 0x61 (7 bytes)
[DEBUG] Unhandled play packet 0x81 (13 bytes)
[DEBUG] Unhandled play packet 0x51 (3 bytes)
[DEBUG] Unhandled play packet 0x63 (8 bytes)
[DEBUG] Unhandled play packet 0x51 (3 bytes)
[DEBUG] Unhandled play packet 0x51 (3 bytes)
[DEBUG] Unhandled play packet 0x51 (3 bytes)
[DEBUG] Unhandled play packet 0x51 (3 bytes)
[DEBUG] Unhandled play packet 0x51 (3 bytes)
[DEBUG] Unhandled play packet 0x51 (3 bytes)
[DEBUG] Unhandled play packet 0x51 (3 bytes)
[DEBUG] Unhandled play packet 0x51 (3 bytes)
[DEBUG] Unhandled play packet 0x63 (8 bytes)
[DEBUG] Unhandled play packet 0x81 (13 bytes)
[DEBUG] Unhandled play packet 0x51 (3 bytes)
[DEBUG] Unhandled play packet 0x51 (3 bytes)
[DEBUG] Unhandled play packet 0x63 (8 bytes)
[DEBUG] Unhandled play packet 0x51 (3 bytes)
[DEBUG] Unhandled play packet 0x61 (7 bytes)
[DEBUG] Unhandled play packet 0x51 (3 bytes)
[DEBUG] Unhandled play packet 0x63 (8 bytes)
[DEBUG] Unhandled play packet 0x81 (13 bytes)
[DEBUG] Unhandled play packet 0x51 (3 bytes)
[DEBUG] Unhandled play packet 0x51 (3 bytes)
[DEBUG] Unhandled play packet 0x51 (3 bytes)
[DEBUG] Unhandled play packet 0x63 (8 bytes)
[DEBUG] Unhandled play packet 0x51 (3 bytes)
[DEBUG] Unhandled play packet 0x63 (8 bytes)
[DEBUG] Unhandled play packet 0x81 (13 bytes)
[DEBUG] Unhandled play packet 0x51 (3 bytes)
[DEBUG] Unhandled play packet 0x63 (8 bytes)
[DEBUG] Unhandled play packet 0x51 (3 bytes)
[DEBUG] Unhandled play packet 0x63 (7 bytes)
[DEBUG] Unhandled play packet 0x51 (2 bytes)
[DEBUG] Unhandled play packet 0x61 (7 bytes)
[DEBUG] Unhandled play packet 0x51 (3 bytes)
[DEBUG] Unhandled play packet 0x63 (8 bytes)
[DEBUG] Unhandled play packet 0x51 (3 bytes)
[DEBUG] Unhandled play packet 0x51 (3 bytes)
[DEBUG] Unhandled play packet 0x51 (3 bytes)
[DEBUG] Unhandled play packet 0x51 (3 bytes)
[DEBUG] Unhandled play packet 0x63 (8 bytes)
[DEBUG] Unhandled play packet 0x51 (3 bytes)
[DEBUG] Unhandled play packet 0x63 (8 bytes)
[DEBUG] Unhandled play packet 0x51 (3 bytes)
[DEBUG] Unhandled play packet 0x63 (8 bytes)
[DEBUG] Unhandled play packet 0x51 (3 bytes)
[DEBUG] Unhandled play packet 0x63 (8 bytes)
[DEBUG] Unhandled play packet 0x51 (3 bytes)
[DEBUG] Unhandled play packet 0x51 (3 bytes)
[DEBUG] Unhandled play packet 0x61 (7 bytes)
[DEBUG] Unhandled play packet 0x63 (8 bytes)
[DEBUG] Unhandled play packet 0x51 (3 bytes)
[DEBUG] Unhandled play packet 0x51 (3 bytes)
[DEBUG] Unhandled play packet 0x51 (3 bytes)
[DEBUG] Unhandled play packet 0x51 (3 bytes)
[DEBUG] Unhandled play packet 0x51 (3 bytes)
[DEBUG] Unhandled play packet 0x63 (8 bytes)
[DEBUG] Unhandled play packet 0x51 (3 bytes)
[DEBUG] Unhandled play packet 0x51 (3 bytes)
[DEBUG] Unhandled play packet 0x51 (3 bytes)
[DEBUG] Unhandled play packet 0x51 (3 bytes)
[DEBUG] Unhandled play packet 0x61 (7 bytes)
[DEBUG] Unhandled play packet 0x51 (3 bytes)
[DEBUG] Unhandled play packet 0x51 (3 bytes)
[DEBUG] Unhandled play packet 0x51 (3 bytes)
[DEBUG] Unhandled play packet 0x51 (3 bytes)
[DEBUG] Unhandled play packet 0x61 (7 bytes)
[DEBUG] Unhandled play packet 0x51 (3 bytes)
[DEBUG] Unhandled play packet 0x63 (8 bytes)
[DEBUG] Unhandled play packet 0x51 (3 bytes)
[DEBUG] Unhandled play packet 0x51 (3 bytes)
[DEBUG] Unhandled play packet 0x63 (8 bytes)
[DEBUG] Unhandled play packet 0x63 (8 bytes)
[DEBUG] Unhandled play packet 0x51 (3 bytes)
[DEBUG] Unhandled play packet 0x63 (8 bytes)
[DEBUG] Unhandled play packet 0x51 (3 bytes)
[DEBUG] Unhandled play packet 0x63 (8 bytes)
[DEBUG] Unhandled play packet 0x51 (3 bytes)
[DEBUG] Unhandled play packet 0x61 (7 bytes)
[DEBUG] Unhandled play packet 0x51 (3 bytes)
[DEBUG] Unhandled play packet 0x63 (8 bytes)
[DEBUG] Unhandled play packet 0x51 (3 bytes)
[DEBUG] Unhandled play packet 0x51 (3 bytes)
[DEBUG] Unhandled play packet 0x51 (3 bytes)
[DEBUG] Unhandled play packet 0x51 (3 bytes)
[DEBUG] Unhandled play packet 0x51 (3 bytes)
[DEBUG] Unhandled play packet 0x51 (3 bytes)
[DEBUG] Unhandled play packet 0x51 (3 bytes)
[DEBUG] Unhandled play packet 0x61 (7 bytes)
[DEBUG] Unhandled play packet 0x51 (3 bytes)
[DEBUG] Unhandled play packet 0x51 (3 bytes)
[DEBUG] Unhandled play packet 0x51 (3 bytes)
[DEBUG] Unhandled play packet 0x51 (3 bytes)
[DEBUG] Unhandled play packet 0x61 (7 bytes)
[DEBUG] Unhandled play packet 0x81 (13 bytes)
[DEBUG] Unhandled play packet 0x51 (3 bytes)
[DEBUG] Unhandled play packet 0x63 (7 bytes)
[DEBUG] Unhandled play packet 0x51 (2 bytes)
[DEBUG] Unhandled play packet 0x63 (8 bytes)
[DEBUG] Unhandled play packet 0x51 (3 bytes)
[DEBUG] Unhandled play packet 0x51 (3 bytes)
[DEBUG] Unhandled play packet 0x51 (3 bytes)
[DEBUG] Unhandled play packet 0x63 (8 bytes)
[DEBUG] Unhandled play packet 0x63 (8 bytes)
[DEBUG] Unhandled play packet 0x51 (3 bytes)
[DEBUG] Unhandled play packet 0x61 (7 bytes)
[DEBUG] Unhandled play packet 0x51 (3 bytes)
[DEBUG] Unhandled play packet 0x63 (8 bytes)
[DEBUG] Unhandled play packet 0x51 (3 bytes)
[DEBUG] Unhandled play packet 0x63 (8 bytes)
[DEBUG] Unhandled play packet 0x51 (3 bytes)
[DEBUG] Unhandled play packet 0x63 (8 bytes)
[DEBUG] Unhandled play packet 0x51 (3 bytes)
[DEBUG] Unhandled play packet 0x51 (3 bytes)
[DEBUG] Unhandled play packet 0x51 (3 bytes)
[DEBUG] Unhandled play packet 0x51 (3 bytes)
[DEBUG] Unhandled play packet 0x51 (3 bytes)
[DEBUG] Unhandled play packet 0x61 (7 bytes)
[DEBUG] Unhandled play packet 0x51 (3 bytes)
[DEBUG] Unhandled play packet 0x51 (3 bytes)
[DEBUG] Unhandled play packet 0x51 (3 bytes)
[DEBUG] Unhandled play packet 0x51 (3 bytes)
[DEBUG] Unhandled play packet 0x51 (3 bytes)
[DEBUG] Unhandled play packet 0x51 (3 bytes)
[Chat] Raw message: 
≡ƒÆ¼ 
[Bot] Chat received: { message: '', system: false }
[DEBUG] Unhandled play packet 0x61 (7 bytes)
[DEBUG] Unhandled play packet 0x51 (3 bytes)
[DEBUG] Unhandled play packet 0x63 (7 bytes)
[DEBUG] Unhandled play packet 0x51 (2 bytes)
[DEBUG] Unhandled play packet 0x63 (8 bytes)
[DEBUG] Unhandled play packet 0x51 (3 bytes)
[DEBUG] Unhandled play packet 0x51 (3 bytes)
[DEBUG] Unhandled play packet 0x63 (8 bytes)
[DEBUG] Unhandled play packet 0x63 (8 bytes)
[DEBUG] Unhandled play packet 0x51 (3 bytes)
[DEBUG] Unhandled play packet 0x61 (7 bytes)
[DEBUG] Unhandled play packet 0x51 (3 bytes)
[DEBUG] Unhandled play packet 0x63 (8 bytes)
[DEBUG] Unhandled play packet 0x51 (3 bytes)
[DEBUG] Unhandled play packet 0x63 (8 bytes)
[DEBUG] Unhandled play packet 0x51 (3 bytes)
[DEBUG] Unhandled play packet 0x51 (3 bytes)
[DEBUG] Unhandled play packet 0x63 (8 bytes)
[DEBUG] Unhandled play packet 0x51 (3 bytes)
[DEBUG] Unhandled play packet 0x51 (3 bytes)
[DEBUG] Unhandled play packet 0x51 (3 bytes)
[DEBUG] Unhandled play packet 0x51 (3 bytes)
[DEBUG] Unhandled play packet 0x51 (3 bytes)
[DEBUG] Unhandled play packet 0x51 (3 bytes)
[DEBUG] Unhandled play packet 0x51 (3 bytes)
[DEBUG] Unhandled play packet 0x51 (3 bytes)
[DEBUG] Unhandled play packet 0x51 (3 bytes)
[DEBUG] Unhandled play packet 0x51 (3 bytes)
[DEBUG] Unhandled play packet 0x51 (3 bytes)
[DEBUG] Unhandled play packet 0x51 (3 bytes)
[DEBUG] Unhandled play packet 0x51 (3 bytes)
[DEBUG] Unhandled play packet 0x51 (3 bytes)
[DEBUG] Unhandled play packet 0x51 (3 bytes)
[DEBUG] Unhandled play packet 0x63 (8 bytes)
[DEBUG] Unhandled play packet 0x51 (3 bytes)
[DEBUG] Unhandled play packet 0x51 (3 bytes)
[DEBUG] Unhandled play packet 0x51 (3 bytes)
[DEBUG] Unhandled play packet 0x63 (8 bytes)
[DEBUG] Unhandled play packet 0x51 (3 bytes)
[DEBUG] Unhandled play packet 0x63 (8 bytes)
[DEBUG] Unhandled play packet 0x51 (3 bytes)
[DEBUG] Unhandled play packet 0x63 (8 bytes)
[DEBUG] Unhandled play packet 0x51 (3 bytes)
[DEBUG] Unhandled play packet 0x63 (8 bytes)
[DEBUG] Unhandled play packet 0x51 (3 bytes)
[DEBUG] Unhandled play packet 0x51 (3 bytes)
[DEBUG] Unhandled play packet 0x63 (8 bytes)
[DEBUG] Unhandled play packet 0x51 (3 bytes)
[DEBUG] Unhandled play packet 0x51 (3 bytes)
[DEBUG] Unhandled play packet 0x51 (3 bytes)
[DEBUG] Unhandled play packet 0x51 (3 bytes)
[DEBUG] Unhandled play packet 0x51 (3 bytes)
[DEBUG] Unhandled play packet 0x51 (3 bytes)
[DEBUG] Unhandled play packet 0x51 (3 bytes)
[DEBUG] Unhandled play packet 0x51 (3 bytes)
[DEBUG] Unhandled play packet 0x51 (3 bytes)
[DEBUG] Unhandled play packet 0x51 (3 bytes)
[DEBUG] Unhandled play packet 0x51 (3 bytes)
[DEBUG] Unhandled play packet 0x51 (3 bytes)
[DEBUG] Unhandled play packet 0x51 (3 bytes)
[DEBUG] Unhandled play packet 0x51 (3 bytes)
[DEBUG] Unhandled play packet 0x51 (3 bytes)
[DEBUG] Unhandled play packet 0x51 (3 bytes)
[DEBUG] Unhandled play packet 0x63 (8 bytes)
[DEBUG] Unhandled play packet 0x51 (3 bytes)
[DEBUG] Unhandled play packet 0x63 (8 bytes)
[DEBUG] Unhandled play packet 0x51 (3 bytes)
[DEBUG] Unhandled play packet 0x63 (8 bytes)
[DEBUG] Unhandled play packet 0x51 (3 bytes)
[DEBUG] Unhandled play packet 0x63 (8 bytes)
[DEBUG] Unhandled play packet 0x51 (3 bytes)
[DEBUG] Unhandled play packet 0x51 (3 bytes)
[DEBUG] Unhandled play packet 0x63 (8 bytes)
[DEBUG] Unhandled play packet 0x51 (3 bytes)
[DEBUG] Unhandled play packet 0x51 (3 bytes)
[DEBUG] Unhandled play packet 0x51 (3 bytes)
[DEBUG] Unhandled play packet 0x51 (3 bytes)
[DEBUG] Unhandled play packet 0x51 (3 bytes)
[DEBUG] Unhandled play packet 0x63 (8 bytes)
[DEBUG] Unhandled play packet 0x51 (3 bytes)
[DEBUG] Unhandled play packet 0x51 (3 bytes)
[DEBUG] Unhandled play packet 0x51 (3 bytes)
[DEBUG] Unhandled play packet 0x51 (3 bytes)
[DEBUG] Unhandled play packet 0x51 (3 bytes)
[DEBUG] Unhandled play packet 0x51 (3 bytes)
[DEBUG] Unhandled play packet 0x51 (3 bytes)
[DEBUG] Unhandled play packet 0x51 (3 bytes)
[DEBUG] Unhandled play packet 0x51 (3 bytes)
[Chat] Raw message: 
≡ƒÆ¼ 
[Bot] Chat received: { message: '', system: false }
[Chat] Raw message: 
≡ƒÆ¼ 
[Bot] Chat received: { message: '', system: false }
[Chat] Raw message: 
≡ƒÆ¼ 
[Bot] Chat received: { message: '', system: false }
[Chat] Raw message: 
≡ƒÆ¼ 
[Bot] Chat received: { message: '', system: false }
[DEBUG] Unhandled play packet 0x51 (3 bytes)
[DEBUG] Unhandled play packet 0x51 (3 bytes)
[DEBUG] Unhandled play packet 0x63 (8 bytes)
[DEBUG] Unhandled play packet 0x51 (3 bytes)
[DEBUG] Unhandled play packet 0x63 (8 bytes)
[DEBUG] Unhandled play packet 0x51 (3 bytes)
[DEBUG] Unhandled play packet 0x63 (8 bytes)
[DEBUG] Unhandled play packet 0x51 (3 bytes)
[DEBUG] Unhandled play packet 0x63 (8 bytes)
[DEBUG] Unhandled play packet 0x51 (3 bytes)
[DEBUG] Unhandled play packet 0x51 (3 bytes)
[DEBUG] Unhandled play packet 0x63 (8 bytes)
[DEBUG] Unhandled play packet 0x51 (3 bytes)
[DEBUG] Unhandled play packet 0x51 (3 bytes)
[DEBUG] Unhandled play packet 0x51 (3 bytes)
[DEBUG] Unhandled play packet 0x63 (8 bytes)
[DEBUG] Unhandled play packet 0x51 (3 bytes)
[Chat] Raw message: 
≡ƒÆ¼ 
[Bot] Chat received: { message: '', system: false }
[DEBUG] Unhandled play packet 0x00 (0 bytes)
[DEBUG] Unhandled play packet 0x61 (9 bytes)
[DEBUG] Unhandled play packet 0x00 (0 bytes)
[DEBUG] Unhandled play packet 0x00 (0 bytes)
[DEBUG] Unhandled play packet 0x61 (9 bytes)
[DEBUG] Unhandled play packet 0x00 (0 bytes)
[DEBUG] Unhandled play packet 0x00 (0 bytes)
[DEBUG] Unhandled play packet 0x61 (9 bytes)
[DEBUG] Unhandled play packet 0x00 (0 bytes)
[DEBUG] Unhandled play packet 0x00 (0 bytes)
[DEBUG] Unhandled play packet 0x61 (9 bytes)
[DEBUG] Unhandled play packet 0x00 (0 bytes)
[DEBUG] Unhandled play packet 0x00 (0 bytes)
[DEBUG] Unhandled play packet 0x61 (9 bytes)
[DEBUG] Unhandled play packet 0x00 (0 bytes)
[DEBUG] Unhandled play packet 0x00 (0 bytes)
[DEBUG] Unhandled play packet 0x61 (9 bytes)
[DEBUG] Unhandled play packet 0x00 (0 bytes)
[DEBUG] Unhandled play packet 0x00 (0 bytes)
[DEBUG] Unhandled play packet 0x61 (9 bytes)
[DEBUG] Unhandled play packet 0x00 (0 bytes)
[DEBUG] Unhandled play packet 0x00 (0 bytes)
[DEBUG] Unhandled play packet 0x61 (9 bytes)
[DEBUG] Unhandled play packet 0x00 (0 bytes)
[DEBUG] Unhandled play packet 0x51 (3 bytes)
[DEBUG] Unhandled play packet 0x61 (9 bytes)
[DEBUG] Unhandled play packet 0x51 (3 bytes)
[DEBUG] Unhandled play packet 0x61 (9 bytes)
[DEBUG] Unhandled play packet 0x61 (9 bytes)
[DEBUG] Unhandled play packet 0x51 (3 bytes)
[DEBUG] Unhandled play packet 0x51 (3 bytes)
[DEBUG] Unhandled play packet 0x51 (3 bytes)
[DEBUG] Unhandled play packet 0x61 (9 bytes)
[DEBUG] Unhandled play packet 0x61 (9 bytes)
[DEBUG] Unhandled play packet 0x51 (3 bytes)
[DEBUG] Unhandled play packet 0x61 (9 bytes)
[DEBUG] Unhandled play packet 0x61 (9 bytes)
[DEBUG] Unhandled play packet 0x61 (9 bytes)
[DEBUG] Unhandled play packet 0x00 (0 bytes)
[DEBUG] Unhandled play packet 0x61 (9 bytes)
[DEBUG] Unhandled play packet 0x64 (8 bytes)
[DEBUG] Unhandled play packet 0x00 (0 bytes)
[DEBUG] Unhandled play packet 0x00 (0 bytes)
[DEBUG] Unhandled play packet 0x61 (12 bytes)
[DEBUG] Unhandled play packet 0x64 (8 bytes)
[DEBUG] Unhandled play packet 0x00 (0 bytes)
[DEBUG] Unhandled play packet 0x00 (0 bytes)
[DEBUG] Unhandled play packet 0x61 (12 bytes)
[DEBUG] Unhandled play packet 0x64 (8 bytes)
[DEBUG] Unhandled play packet 0x00 (0 bytes)
[DEBUG] Unhandled play packet 0x51 (2 bytes)
[DEBUG] Unhandled play packet 0x61 (12 bytes)
[DEBUG] Unhandled play packet 0x61 (12 bytes)
[DEBUG] Unhandled play packet 0x61 (9 bytes)
[DEBUG] Unhandled play packet 0x51 (3 bytes)
[DEBUG] Unhandled play packet 0x51 (3 bytes)
[DEBUG] Unhandled play packet 0x63 (8 bytes)
[DEBUG] Unhandled play packet 0x51 (3 bytes)
[DEBUG] Unhandled play packet 0x64 (8 bytes)
[DEBUG] Unhandled play packet 0x64 (8 bytes)
[DEBUG] Unhandled play packet 0x64 (8 bytes)
[DEBUG] Unhandled play packet 0x51 (3 bytes)
[DEBUG] Unhandled play packet 0x51 (3 bytes)
[DEBUG] Unhandled play packet 0x51 (3 bytes)
[DEBUG] Unhandled play packet 0x51 (3 bytes)
[DEBUG] Unhandled play packet 0x51 (3 bytes)
[DEBUG] Unhandled play packet 0x51 (3 bytes)
[DEBUG] Unhandled play packet 0x63 (8 bytes)
[DEBUG] Unhandled play packet 0x51 (3 bytes)
[DEBUG] Unhandled play packet 0x51 (3 bytes)
[Chat] Raw message: 
≡ƒÆ¼ 
[Bot] Chat received: { message: '', system: false }
[DEBUG] Unhandled play packet 0x51 (3 bytes)
[DEBUG] Unhandled play packet 0x36 (5 bytes)
[DEBUG] Unhandled play packet 0x81 (13 bytes)
[DEBUG] Unhandled play packet 0x51 (3 bytes)
[DEBUG] Unhandled play packet 0x36 (5 bytes)
[DEBUG] Unhandled play packet 0x81 (13 bytes)
[DEBUG] Unhandled play packet 0x36 (5 bytes)
[DEBUG] Unhandled play packet 0x81 (13 bytes)
[DEBUG] Unhandled play packet 0x51 (3 bytes)
[DEBUG] Unhandled play packet 0x51 (3 bytes)
[DEBUG] Unhandled play packet 0x51 (3 bytes)
[DEBUG] Unhandled play packet 0x51 (3 bytes)
[DEBUG] Unhandled play packet 0x51 (3 bytes)
[DEBUG] Unhandled play packet 0x36 (5 bytes)
[DEBUG] Unhandled play packet 0x81 (13 bytes)
[DEBUG] Unhandled play packet 0x51 (3 bytes)
[DEBUG] Unhandled play packet 0x36 (5 bytes)
[DEBUG] Unhandled play packet 0x81 (13 bytes)
[DEBUG] Unhandled play packet 0x51 (3 bytes)
[DEBUG] Unhandled play packet 0x51 (3 bytes)
[DEBUG] Unhandled play packet 0x36 (5 bytes)
[DEBUG] Unhandled play packet 0x81 (13 bytes)
[DEBUG] Unhandled play packet 0x36 (5 bytes)
[DEBUG] Unhandled play packet 0x81 (13 bytes)
[DEBUG] Unhandled play packet 0x51 (3 bytes)
[DEBUG] Unhandled play packet 0x36 (5 bytes)
[DEBUG] Unhandled play packet 0x81 (13 bytes)
[DEBUG] Unhandled play packet 0x63 (7 bytes)
[DEBUG] Unhandled play packet 0x63 (8 bytes)
[DEBUG] Unhandled play packet 0x81 (13 bytes)
[DEBUG] Unhandled play packet 0x63 (8 bytes)
[DEBUG] Unhandled play packet 0x81 (13 bytes)
[DEBUG] Unhandled play packet 0x51 (3 bytes)
[DEBUG] Unhandled play packet 0x63 (8 bytes)
[DEBUG] Unhandled play packet 0x81 (13 bytes)
[DEBUG] Unhandled play packet 0x51 (3 bytes)
[DEBUG] Unhandled play packet 0x51 (3 bytes)
[DEBUG] Unhandled play packet 0x63 (8 bytes)
[DEBUG] Unhandled play packet 0x51 (3 bytes)
[DEBUG] Unhandled play packet 0x51 (3 bytes)
[DEBUG] Unhandled play packet 0x51 (3 bytes)
[DEBUG] Unhandled play packet 0x51 (3 bytes)
[DEBUG] Unhandled play packet 0x51 (3 bytes)
[DEBUG] Unhandled play packet 0x51 (3 bytes)
[DEBUG] Unhandled play packet 0x51 (3 bytes)
[DEBUG] Unhandled play packet 0x63 (8 bytes)
[DEBUG] Unhandled play packet 0x51 (3 bytes)
[DEBUG] Unhandled play packet 0x51 (3 bytes)
[DEBUG] Unhandled play packet 0x51 (3 bytes)
[DEBUG] Unhandled play packet 0x51 (3 bytes)
[DEBUG] Unhandled play packet 0x51 (3 bytes)
[DEBUG] Unhandled play packet 0x51 (3 bytes)
[DEBUG] Unhandled play packet 0x51 (2 bytes)
[DEBUG] Unhandled play packet 0x51 (3 bytes)
[DEBUG] Unhandled play packet 0x51 (3 bytes)
[DEBUG] Unhandled play packet 0x63 (8 bytes)
[DEBUG] Unhandled play packet 0x51 (3 bytes)
[Chat] Raw message: 
≡ƒÆ¼ 
[Bot] Chat received: { message: '', system: false }
[DEBUG] Unhandled play packet 0x51 (3 bytes)
[DEBUG] Unhandled play packet 0x51 (3 bytes)
[DEBUG] Unhandled play packet 0x51 (3 bytes)
[DEBUG] Unhandled play packet 0x51 (3 bytes)
[DEBUG] Unhandled play packet 0x63 (8 bytes)
[DEBUG] Unhandled play packet 0x51 (3 bytes)
[DEBUG] Unhandled play packet 0x51 (3 bytes)
[DEBUG] Unhandled play packet 0x51 (3 bytes)
[DEBUG] Unhandled play packet 0x51 (3 bytes)
[DEBUG] Unhandled play packet 0x51 (3 bytes)
[DEBUG] Unhandled play packet 0x51 (3 bytes)
[DEBUG] Unhandled play packet 0x63 (7 bytes)
[DEBUG] Unhandled play packet 0x51 (2 bytes)
[DEBUG] Unhandled play packet 0x63 (8 bytes)
[DEBUG] Unhandled play packet 0x51 (3 bytes)
[DEBUG] Unhandled play packet 0x51 (3 bytes)
[DEBUG] Unhandled play packet 0x51 (3 bytes)
[DEBUG] Unhandled play packet 0x51 (3 bytes)
[DEBUG] Unhandled play packet 0x63 (8 bytes)
[DEBUG] Unhandled play packet 0x51 (3 bytes)
[DEBUG] Unhandled play packet 0x63 (8 bytes)
[DEBUG] Unhandled play packet 0x51 (3 bytes)
[DEBUG] Unhandled play packet 0x51 (3 bytes)
[DEBUG] Unhandled play packet 0x63 (8 bytes)
[DEBUG] Unhandled play packet 0x51 (3 bytes)
[DEBUG] Unhandled play packet 0x63 (8 bytes)
[DEBUG] Unhandled play packet 0x51 (3 bytes)
[DEBUG] Unhandled play packet 0x51 (3 bytes)
[DEBUG] Unhandled play packet 0x51 (3 bytes)
[DEBUG] Unhandled play packet 0x51 (3 bytes)
[DEBUG] Unhandled play packet 0x51 (3 bytes)
[DEBUG] Unhandled play packet 0x51 (3 bytes)
[DEBUG] Unhandled play packet 0x51 (3 bytes)
[DEBUG] Unhandled play packet 0x51 (3 bytes)
[DEBUG] Unhandled play packet 0x51 (3 bytes)
[DEBUG] Unhandled play packet 0x63 (7 bytes)
[DEBUG] Unhandled play packet 0x51 (2 bytes)
[DEBUG] Unhandled play packet 0x63 (8 bytes)
[DEBUG] Unhandled play packet 0x51 (3 bytes)
[DEBUG] Unhandled play packet 0x51 (3 bytes)
[DEBUG] Unhandled play packet 0x51 (3 bytes)
[DEBUG] Unhandled play packet 0x51 (3 bytes)
[DEBUG] Unhandled play packet 0x63 (8 bytes)
[DEBUG] Unhandled play packet 0x51 (3 bytes)
[DEBUG] Unhandled play packet 0x51 (3 bytes)
[DEBUG] Unhandled play packet 0x51 (3 bytes)
[DEBUG] Unhandled play packet 0x63 (8 bytes)
[DEBUG] Unhandled play packet 0x51 (3 bytes)
[DEBUG] Unhandled play packet 0x51 (3 bytes)
[DEBUG] Unhandled play packet 0x51 (3 bytes)
[DEBUG] Unhandled play packet 0x51 (3 bytes)
[DEBUG] Unhandled play packet 0x63 (8 bytes)
[DEBUG] Unhandled play packet 0x51 (3 bytes)
[DEBUG] Unhandled play packet 0x51 (3 bytes)
[DEBUG] Unhandled play packet 0x63 (8 bytes)
[DEBUG] Unhandled play packet 0x63 (8 bytes)
[DEBUG] Unhandled play packet 0x51 (3 bytes)
[DEBUG] Unhandled play packet 0x51 (3 bytes)
[DEBUG] Unhandled play packet 0x51 (3 bytes)
[DEBUG] Unhandled play packet 0x63 (8 bytes)
[DEBUG] Unhandled play packet 0x51 (3 bytes)
[DEBUG] Unhandled play packet 0x63 (8 bytes)
[DEBUG] Unhandled play packet 0x51 (3 bytes)
[DEBUG] Unhandled play packet 0x51 (3 bytes)
[DEBUG] Unhandled play packet 0x51 (3 bytes)
[DEBUG] Unhandled play packet 0x63 (8 bytes)
[DEBUG] Unhandled play packet 0x51 (3 bytes)
[DEBUG] Unhandled play packet 0x63 (8 bytes)
[DEBUG] Unhandled play packet 0x51 (3 bytes)
[DEBUG] Unhandled play packet 0x63 (8 bytes)
[DEBUG] Unhandled play packet 0x51 (3 bytes)
[DEBUG] Unhandled play packet 0x63 (7 bytes)
[DEBUG] Unhandled play packet 0x51 (2 bytes)
[DEBUG] Unhandled play packet 0x63 (8 bytes)
[DEBUG] Unhandled play packet 0x51 (3 bytes)
[DEBUG] Unhandled play packet 0x51 (3 bytes)
[DEBUG] Unhandled play packet 0x51 (3 bytes)
[DEBUG] Unhandled play packet 0x63 (8 bytes)
[DEBUG] Unhandled play packet 0x51 (3 bytes)
[DEBUG] Unhandled play packet 0x63 (8 bytes)
[DEBUG] Unhandled play packet 0x51 (3 bytes)
[DEBUG] Unhandled play packet 0x63 (8 bytes)
[DEBUG] Unhandled play packet 0x63 (8 bytes)
[DEBUG] Unhandled play packet 0x51 (3 bytes)
[DEBUG] Unhandled play packet 0x63 (8 bytes)
[DEBUG] Unhandled play packet 0x51 (3 bytes)
[DEBUG] Unhandled play packet 0x51 (3 bytes)
[DEBUG] Unhandled play packet 0x51 (3 bytes)
[DEBUG] Unhandled play packet 0x51 (3 bytes)
[DEBUG] Unhandled play packet 0x51 (3 bytes)
[DEBUG] Unhandled play packet 0x63 (8 bytes)
[DEBUG] Unhandled play packet 0x51 (3 bytes)
[DEBUG] Unhandled play packet 0x51 (3 bytes)
[DEBUG] Unhandled play packet 0x63 (8 bytes)
[DEBUG] Unhandled play packet 0x51 (3 bytes)
[DEBUG] Unhandled play packet 0x63 (8 bytes)
[DEBUG] Unhandled play packet 0x51 (3 bytes)
[DEBUG] Unhandled play packet 0x51 (3 bytes)
[DEBUG] Unhandled play packet 0x63 (8 bytes)
[DEBUG] Unhandled play packet 0x51 (3 bytes)
[DEBUG] Unhandled play packet 0x63 (8 bytes)
[DEBUG] Unhandled play packet 0x51 (3 bytes)
[DEBUG] Unhandled play packet 0x51 (3 bytes)
[DEBUG] Unhandled play packet 0x51 (3 bytes)
[DEBUG] Unhandled play packet 0x63 (8 bytes)
[DEBUG] Unhandled play packet 0x51 (3 bytes)
[DEBUG] Unhandled play packet 0x63 (8 bytes)
[DEBUG] Unhandled play packet 0x51 (3 bytes)
[DEBUG] Unhandled play packet 0x63 (8 bytes)
[DEBUG] Unhandled play packet 0x51 (3 bytes)
[DEBUG] Unhandled play packet 0x63 (7 bytes)
[DEBUG] Unhandled play packet 0x51 (2 bytes)
[DEBUG] Unhandled play packet 0x63 (8 bytes)
[DEBUG] Unhandled play packet 0x51 (3 bytes)
[DEBUG] Unhandled play packet 0x51 (3 bytes)
[DEBUG] Unhandled play packet 0x51 (3 bytes)
[DEBUG] Unhandled play packet 0x63 (8 bytes)
[DEBUG] Unhandled play packet 0x51 (3 bytes)
[DEBUG] Unhandled play packet 0x63 (8 bytes)
[DEBUG] Unhandled play packet 0x51 (3 bytes)
[DEBUG] Unhandled play packet 0x51 (3 bytes)
[DEBUG] Unhandled play packet 0x63 (8 bytes)
[DEBUG] Unhandled play packet 0x51 (3 bytes)
[DEBUG] Unhandled play packet 0x63 (8 bytes)
[DEBUG] Unhandled play packet 0x51 (3 bytes)
[DEBUG] Unhandled play packet 0x51 (3 bytes)
[DEBUG] Unhandled play packet 0x51 (3 bytes)
[DEBUG] Unhandled play packet 0x51 (3 bytes)
[Chat] Raw message: 
≡ƒÆ¼ 
[Bot] Chat received: { message: '', system: false }
[DEBUG] Unhandled play packet 0x51 (3 bytes)
[DEBUG] Unhandled play packet 0x63 (8 bytes)
[DEBUG] Unhandled play packet 0x51 (3 bytes)
[DEBUG] Unhandled play packet 0x51 (3 bytes)
[DEBUG] Unhandled play packet 0x63 (8 bytes)
[DEBUG] Unhandled play packet 0x51 (3 bytes)
[DEBUG] Unhandled play packet 0x63 (8 bytes)
[DEBUG] Unhandled play packet 0x51 (3 bytes)
[DEBUG] Unhandled play packet 0x51 (3 bytes)
[DEBUG] Unhandled play packet 0x51 (3 bytes)
[DEBUG] Unhandled play packet 0x63 (8 bytes)
[DEBUG] Unhandled play packet 0x51 (3 bytes)
[DEBUG] Unhandled play packet 0x63 (8 bytes)
[DEBUG] Unhandled play packet 0x51 (3 bytes)
[DEBUG] Unhandled play packet 0x51 (3 bytes)
[DEBUG] Unhandled play packet 0x51 (3 bytes)
[DEBUG] Unhandled play packet 0x51 (3 bytes)
[DEBUG] Unhandled play packet 0x63 (8 bytes)
[DEBUG] Unhandled play packet 0x51 (3 bytes)
[DEBUG] Unhandled play packet 0x63 (8 bytes)
[DEBUG] Unhandled play packet 0x51 (3 bytes)
[DEBUG] Unhandled play packet 0x63 (8 bytes)
[DEBUG] Unhandled play packet 0x51 (3 bytes)
[DEBUG] Unhandled play packet 0x63 (7 bytes)
[DEBUG] Unhandled play packet 0x63 (8 bytes)
[DEBUG] Unhandled play packet 0x51 (3 bytes)
[DEBUG] Unhandled play packet 0x51 (3 bytes)
[DEBUG] Unhandled play packet 0x63 (8 bytes)
[DEBUG] Unhandled play packet 0x51 (3 bytes)
[DEBUG] Unhandled play packet 0x63 (8 bytes)
[DEBUG] Unhandled play packet 0x51 (3 bytes)
[DEBUG] Unhandled play packet 0x63 (8 bytes)
[DEBUG] Unhandled play packet 0x51 (3 bytes)
[DEBUG] Unhandled play packet 0x63 (8 bytes)
[DEBUG] Unhandled play packet 0x51 (3 bytes)
[DEBUG] Unhandled play packet 0x63 (8 bytes)
[DEBUG] Unhandled play packet 0x51 (3 bytes)
[DEBUG] Unhandled play packet 0x51 (3 bytes)
[DEBUG] Unhandled play packet 0x51 (3 bytes)
[DEBUG] Unhandled play packet 0x51 (3 bytes)
[Chat] Raw message: 
≡ƒÆ¼ 
[Bot] Chat received: { message: '', system: false }
[DEBUG] Unhandled play packet 0x51 (3 bytes)
[DEBUG] Unhandled play packet 0x63 (8 bytes)
[DEBUG] Unhandled play packet 0x51 (3 bytes)
[DEBUG] Unhandled play packet 0x51 (3 bytes)
[DEBUG] Unhandled play packet 0x63 (8 bytes)
[DEBUG] Unhandled play packet 0x51 (3 bytes)
[DEBUG] Unhandled play packet 0x63 (8 bytes)
[DEBUG] Unhandled play packet 0x51 (3 bytes)
[DEBUG] Unhandled play packet 0x51 (3 bytes)
[DEBUG] Unhandled play packet 0x51 (3 bytes)
[DEBUG] Unhandled play packet 0x63 (8 bytes)
[DEBUG] Unhandled play packet 0x51 (3 bytes)
[DEBUG] Unhandled play packet 0x63 (8 bytes)
[DEBUG] Unhandled play packet 0x51 (3 bytes)
[DEBUG] Unhandled play packet 0x51 (3 bytes)
[DEBUG] Unhandled play packet 0x63 (8 bytes)
[DEBUG] Unhandled play packet 0x51 (3 bytes)
[DEBUG] Unhandled play packet 0x63 (8 bytes)
[DEBUG] Unhandled play packet 0x51 (3 bytes)
[DEBUG] Unhandled play packet 0x51 (3 bytes)
[DEBUG] Unhandled play packet 0x63 (8 bytes)
[DEBUG] Unhandled play packet 0x51 (3 bytes)
[DEBUG] Unhandled play packet 0x63 (8 bytes)
[DEBUG] Unhandled play packet 0x51 (3 bytes)
[DEBUG] Unhandled play packet 0x51 (3 bytes)
[DEBUG] Unhandled play packet 0x51 (3 bytes)
[DEBUG] Unhandled play packet 0x51 (3 bytes)
[DEBUG] Unhandled play packet 0x63 (8 bytes)
[DEBUG] Unhandled play packet 0x51 (3 bytes)
[DEBUG] Unhandled play packet 0x63 (8 bytes)
[DEBUG] Unhandled play packet 0x51 (3 bytes)
[DEBUG] Unhandled play packet 0x63 (8 bytes)
[DEBUG] Unhandled play packet 0x51 (3 bytes)
[DEBUG] Unhandled play packet 0x63 (8 bytes)
[DEBUG] Unhandled play packet 0x51 (3 bytes)
[DEBUG] Unhandled play packet 0x63 (8 bytes)
[DEBUG] Unhandled play packet 0x51 (3 bytes)
[DEBUG] Unhandled play packet 0x51 (3 bytes)
[DEBUG] Unhandled play packet 0x51 (3 bytes)
[DEBUG] Unhandled play packet 0x51 (3 bytes)
[DEBUG] Unhandled play packet 0x00 (0 bytes)
[DEBUG] Unhandled play packet 0x61 (9 bytes)
[DEBUG] Unhandled play packet 0x00 (0 bytes)
[DEBUG] Unhandled play packet 0x00 (0 bytes)
[DEBUG] Unhandled play packet 0x61 (9 bytes)
[DEBUG] Unhandled play packet 0x00 (0 bytes)
[DEBUG] Unhandled play packet 0x00 (0 bytes)
[DEBUG] Unhandled play packet 0x61 (9 bytes)
[DEBUG] Unhandled play packet 0x00 (0 bytes)
[DEBUG] Unhandled play packet 0x00 (0 bytes)
[DEBUG] Unhandled play packet 0x61 (9 bytes)
[DEBUG] Unhandled play packet 0x00 (0 bytes)
[DEBUG] Unhandled play packet 0x51 (3 bytes)
[DEBUG] Unhandled play packet 0x63 (8 bytes)
[DEBUG] Unhandled play packet 0x51 (3 bytes)
[DEBUG] Unhandled play packet 0x51 (3 bytes)
[DEBUG] Unhandled play packet 0x63 (8 bytes)
[DEBUG] Unhandled play packet 0x51 (3 bytes)
[DEBUG] Unhandled play packet 0x63 (8 bytes)
[DEBUG] Unhandled play packet 0x51 (3 bytes)
[DEBUG] Unhandled play packet 0x51 (3 bytes)
[DEBUG] Unhandled play packet 0x61 (9 bytes)
[DEBUG] Unhandled play packet 0x51 (3 bytes)
[DEBUG] Unhandled play packet 0x63 (8 bytes)
[DEBUG] Unhandled play packet 0x51 (3 bytes)
[DEBUG] Unhandled play packet 0x63 (8 bytes)
[DEBUG] Unhandled play packet 0x51 (3 bytes)
[DEBUG] Unhandled play packet 0x51 (3 bytes)
[DEBUG] Unhandled play packet 0x51 (3 bytes)
[DEBUG] Unhandled play packet 0x61 (9 bytes)
[DEBUG] Unhandled play packet 0x63 (8 bytes)
[DEBUG] Unhandled play packet 0x51 (3 bytes)
[DEBUG] Unhandled play packet 0x61 (9 bytes)
[DEBUG] Unhandled play packet 0x63 (8 bytes)
[DEBUG] Unhandled play packet 0x51 (3 bytes)
[DEBUG] Unhandled play packet 0x51 (3 bytes)
[DEBUG] Unhandled play packet 0x61 (9 bytes)
[DEBUG] Unhandled play packet 0x63 (8 bytes)
[DEBUG] Unhandled play packet 0x51 (3 bytes)
[DEBUG] Unhandled play packet 0x63 (8 bytes)
[DEBUG] Unhandled play packet 0x51 (3 bytes)
[DEBUG] Unhandled play packet 0x63 (8 bytes)
[DEBUG] Unhandled play packet 0x51 (3 bytes)
[DEBUG] Unhandled play packet 0x63 (8 bytes)
[DEBUG] Unhandled play packet 0x51 (3 bytes)
[DEBUG] Unhandled play packet 0x51 (3 bytes)
[DEBUG] Unhandled play packet 0x51 (3 bytes)
[DEBUG] Unhandled play packet 0x51 (3 bytes)
[DEBUG] Unhandled play packet 0x51 (3 bytes)
[DEBUG] Unhandled play packet 0x63 (8 bytes)
[DEBUG] Unhandled play packet 0x63 (8 bytes)
[DEBUG] Unhandled play packet 0x51 (3 bytes)
[DEBUG] Unhandled play packet 0x63 (8 bytes)
[DEBUG] Unhandled play packet 0x51 (3 bytes)
[DEBUG] Unhandled play packet 0x63 (8 bytes)
[DEBUG] Unhandled play packet 0x51 (3 bytes)
[DEBUG] Unhandled play packet 0x63 (8 bytes)
[DEBUG] Unhandled play packet 0x51 (3 bytes)
[DEBUG] Unhandled play packet 0x51 (3 bytes)
[DEBUG] Unhandled play packet 0x51 (3 bytes)
[DEBUG] Unhandled play packet 0x51 (3 bytes)
[DEBUG] Unhandled play packet 0x51 (3 bytes)
[DEBUG] Unhandled play packet 0x63 (8 bytes)
[DEBUG] Unhandled play packet 0x51 (3 bytes)
[DEBUG] Unhandled play packet 0x51 (3 bytes)
[DEBUG] Unhandled play packet 0x63 (8 bytes)
[DEBUG] Unhandled play packet 0x51 (3 bytes)
[DEBUG] Unhandled play packet 0x63 (8 bytes)
[DEBUG] Unhandled play packet 0x51 (3 bytes)
[DEBUG] Unhandled play packet 0x51 (3 bytes)
[DEBUG] Unhandled play packet 0x51 (3 bytes)
[DEBUG] Unhandled play packet 0x63 (8 bytes)
[DEBUG] Unhandled play packet 0x81 (13 bytes)
[DEBUG] Unhandled play packet 0x51 (3 bytes)
[DEBUG] Unhandled play packet 0x63 (8 bytes)
[DEBUG] Unhandled play packet 0x51 (3 bytes)
[DEBUG] Unhandled play packet 0x63 (8 bytes)
[DEBUG] Unhandled play packet 0x51 (3 bytes)
[DEBUG] Unhandled play packet 0x51 (3 bytes)
[DEBUG] Unhandled play packet 0x51 (3 bytes)
[DEBUG] Unhandled play packet 0x51 (3 bytes)
[DEBUG] Unhandled play packet 0x63 (8 bytes)
[DEBUG] Unhandled play packet 0x81 (13 bytes)
[DEBUG] Unhandled play packet 0x51 (3 bytes)
[DEBUG] Unhandled play packet 0x63 (8 bytes)
[DEBUG] Unhandled play packet 0x51 (3 bytes)
[DEBUG] Unhandled play packet 0x63 (8 bytes)
[DEBUG] Unhandled play packet 0x81 (13 bytes)
[DEBUG] Unhandled play packet 0x51 (3 bytes)
[DEBUG] Unhandled play packet 0x63 (8 bytes)
[DEBUG] Unhandled play packet 0x51 (3 bytes)
[DEBUG] Unhandled play packet 0x51 (3 bytes)
[DEBUG] Unhandled play packet 0x63 (8 bytes)
[DEBUG] Unhandled play packet 0x81 (13 bytes)
[DEBUG] Unhandled play packet 0x51 (3 bytes)
[DEBUG] Unhandled play packet 0x63 (8 bytes)
[DEBUG] Unhandled play packet 0x51 (3 bytes)
[DEBUG] Unhandled play packet 0x51 (3 bytes)
[DEBUG] Unhandled play packet 0x63 (8 bytes)
[DEBUG] Unhandled play packet 0x51 (3 bytes)
[DEBUG] Unhandled play packet 0x51 (3 bytes)
[DEBUG] Unhandled play packet 0x51 (3 bytes)
[DEBUG] Unhandled play packet 0x51 (3 bytes)
[DEBUG] Unhandled play packet 0x63 (8 bytes)
[DEBUG] Unhandled play packet 0x51 (3 bytes)
[DEBUG] Unhandled play packet 0x63 (8 bytes)
[DEBUG] Unhandled play packet 0x51 (3 bytes)
[DEBUG] Unhandled play packet 0x63 (8 bytes)
[DEBUG] Unhandled play packet 0x51 (3 bytes)
[DEBUG] Unhandled play packet 0x63 (8 bytes)
[DEBUG] Unhandled play packet 0x51 (3 bytes)
[DEBUG] Unhandled play packet 0x63 (8 bytes)
[DEBUG] Unhandled play packet 0x51 (3 bytes)
[DEBUG] Unhandled play packet 0x51 (3 bytes)
[DEBUG] Unhandled play packet 0x51 (3 bytes)
[DEBUG] Unhandled play packet 0x51 (3 bytes)
[Chat] Raw message: 
≡ƒÆ¼ 
[Bot] Chat received: { message: '', system: false }
[Chat] Raw message: 
≡ƒÆ¼ 
[Bot] Chat received: { message: '', system: false }
[Chat] Raw message: 
≡ƒÆ¼ 
[Bot] Chat received: { message: '', system: false }
[DEBUG] Unhandled play packet 0x51 (3 bytes)
[DEBUG] Unhandled play packet 0x51 (3 bytes)
[DEBUG] Unhandled play packet 0x51 (3 bytes)
[DEBUG] Unhandled play packet 0x63 (8 bytes)
[DEBUG] Unhandled play packet 0x51 (3 bytes)
[DEBUG] Unhandled play packet 0x51 (3 bytes)
[DEBUG] Unhandled play packet 0x63 (8 bytes)
[DEBUG] Unhandled play packet 0x51 (3 bytes)
[DEBUG] Unhandled play packet 0x63 (8 bytes)
[DEBUG] Unhandled play packet 0x51 (3 bytes)
[DEBUG] Unhandled play packet 0x51 (3 bytes)
[DEBUG] Unhandled play packet 0x51 (3 bytes)
[DEBUG] Unhandled play packet 0x63 (8 bytes)
[DEBUG] Unhandled play packet 0x51 (3 bytes)
[DEBUG] Unhandled play packet 0x63 (8 bytes)
[DEBUG] Unhandled play packet 0x51 (3 bytes)
[DEBUG] Unhandled play packet 0x51 (3 bytes)
[DEBUG] Unhandled play packet 0x51 (3 bytes)
[DEBUG] Unhandled play packet 0x63 (8 bytes)
[DEBUG] Unhandled play packet 0x51 (3 bytes)
[DEBUG] Unhandled play packet 0x63 (8 bytes)
[DEBUG] Unhandled play packet 0x51 (3 bytes)
[DEBUG] Unhandled play packet 0x51 (3 bytes)
[DEBUG] Unhandled play packet 0x63 (8 bytes)
[DEBUG] Unhandled play packet 0x51 (3 bytes)
[DEBUG] Unhandled play packet 0x51 (3 bytes)
[DEBUG] Unhandled play packet 0x51 (2 bytes)
[DEBUG] Unhandled play packet 0x63 (8 bytes)
[DEBUG] Unhandled play packet 0x51 (3 bytes)
[DEBUG] Unhandled play packet 0x51 (3 bytes)
[DEBUG] Unhandled play packet 0x51 (3 bytes)
[DEBUG] Unhandled play packet 0x51 (3 bytes)
[DEBUG] Unhandled play packet 0x51 (3 bytes)
[Chat] Raw message: 
≡ƒÆ¼ 
[Bot] Chat received: { message: '', system: false }
[Chat] Raw message: 
≡ƒÆ¼ 
[Bot] Chat received: { message: '', system: false }
[Chat] Raw message: 
≡ƒÆ¼ 
[Bot] Chat received: { message: '', system: false }
[Chat] Raw message: 
≡ƒÆ¼ 
[Bot] Chat received: { message: '', system: false }
[Chat] Raw message: 
≡ƒÆ¼ 
[Bot] Chat received: { message: '', system: false }
[Chat] Raw message: 
≡ƒÆ¼ 
[Bot] Chat received: { message: '', system: false }
[Chat] Raw message: 
≡ƒÆ¼ 
[Bot] Chat received: { message: '', system: false }
[Chat] Raw message: 
≡ƒÆ¼ 
[Bot] Chat received: { message: '', system: false }
[Chat] Raw message: 
≡ƒÆ¼ 
[Bot] Chat received: { message: '', system: false }
[DEBUG] Unhandled play packet 0x51 (3 bytes)
[DEBUG] Unhandled play packet 0x63 (8 bytes)
[DEBUG] Unhandled play packet 0x51 (3 bytes)
[DEBUG] Unhandled play packet 0x51 (3 bytes)
[DEBUG] Unhandled play packet 0x51 (3 bytes)
[DEBUG] Unhandled play packet 0x51 (3 bytes)
[DEBUG] Unhandled play packet 0x51 (3 bytes)
[DEBUG] Unhandled play packet 0x51 (3 bytes)
[DEBUG] Unhandled play packet 0x51 (3 bytes)
[DEBUG] Unhandled play packet 0x51 (3 bytes)
[DEBUG] Unhandled play packet 0x63 (8 bytes)
[DEBUG] Unhandled play packet 0x51 (3 bytes)
[DEBUG] Unhandled play packet 0x51 (3 bytes)
[DEBUG] Unhandled play packet 0x63 (8 bytes)
[DEBUG] Unhandled play packet 0x51 (3 bytes)
[DEBUG] Unhandled play packet 0x63 (8 bytes)
[DEBUG] Unhandled play packet 0x51 (3 bytes)
[DEBUG] Unhandled play packet 0x51 (3 bytes)
[DEBUG] Unhandled play packet 0x63 (8 bytes)
[DEBUG] Unhandled play packet 0x51 (3 bytes)
[DEBUG] Unhandled play packet 0x63 (8 bytes)
[DEBUG] Unhandled play packet 0x51 (3 bytes)
[DEBUG] Unhandled play packet 0x63 (8 bytes)
[DEBUG] Unhandled play packet 0x51 (3 bytes)
[DEBUG] Unhandled play packet 0x63 (8 bytes)
[DEBUG] Unhandled play packet 0x51 (3 bytes)
[DEBUG] Unhandled play packet 0x51 (3 bytes)
[DEBUG] Unhandled play packet 0x51 (3 bytes)
[DEBUG] Unhandled play packet 0x63 (8 bytes)
[DEBUG] Unhandled play packet 0x51 (3 bytes)
[DEBUG] Unhandled play packet 0x51 (3 bytes)
[DEBUG] Unhandled play packet 0x63 (8 bytes)
[DEBUG] Unhandled play packet 0x51 (3 bytes)
[DEBUG] Unhandled play packet 0x51 (3 bytes)
[DEBUG] Unhandled play packet 0x51 (3 bytes)
[DEBUG] Unhandled play packet 0x51 (3 bytes)
[DEBUG] Unhandled play packet 0x51 (3 bytes)
[DEBUG] Unhandled play packet 0x63 (8 bytes)
[DEBUG] Unhandled play packet 0x51 (3 bytes)
[DEBUG] Unhandled play packet 0x51 (3 bytes)
[DEBUG] Unhandled play packet 0x51 (3 bytes)
[DEBUG] Unhandled play packet 0x51 (3 bytes)
[DEBUG] Unhandled play packet 0x51 (3 bytes)
[DEBUG] Unhandled play packet 0x51 (3 bytes)
[DEBUG] Unhandled play packet 0x51 (3 bytes)
[DEBUG] Unhandled play packet 0x51 (3 bytes)
[DEBUG] Unhandled play packet 0x51 (3 bytes)
[DEBUG] Unhandled play packet 0x51 (3 bytes)
[DEBUG] Unhandled play packet 0x51 (3 bytes)
[DEBUG] Unhandled play packet 0x51 (3 bytes)
[DEBUG] Unhandled play packet 0x51 (3 bytes)
[DEBUG] Unhandled play packet 0x51 (3 bytes)
[DEBUG] Unhandled play packet 0x51 (3 bytes)
[DEBUG] Unhandled play packet 0x51 (3 bytes)
[DEBUG] Unhandled play packet 0x51 (3 bytes)
[DEBUG] Unhandled play packet 0x51 (3 bytes)
[DEBUG] Unhandled play packet 0x51 (3 bytes)
[DEBUG] Unhandled play packet 0x51 (3 bytes)
[DEBUG] Unhandled play packet 0x51 (3 bytes)
[DEBUG] Unhandled play packet 0x51 (3 bytes)
[DEBUG] Unhandled play packet 0x63 (8 bytes)
[DEBUG] Unhandled play packet 0x51 (3 bytes)
[DEBUG] Unhandled play packet 0x51 (3 bytes)
[DEBUG] Unhandled play packet 0x51 (3 bytes)
[DEBUG] Unhandled play packet 0x51 (3 bytes)
[DEBUG] Unhandled play packet 0x51 (3 bytes)
[DEBUG] Unhandled play packet 0x63 (8 bytes)
[DEBUG] Unhandled play packet 0x51 (3 bytes)
[DEBUG] Unhandled play packet 0x51 (3 bytes)
[DEBUG] Unhandled play packet 0x51 (3 bytes)
[DEBUG] Unhandled play packet 0x51 (3 bytes)
[DEBUG] Unhandled play packet 0x51 (3 bytes)
[DEBUG] Unhandled play packet 0x51 (3 bytes)
[DEBUG] Unhandled play packet 0x51 (3 bytes)
[DEBUG] Unhandled play packet 0x51 (3 bytes)
[DEBUG] Unhandled play packet 0x51 (3 bytes)
[DEBUG] Unhandled play packet 0x51 (3 bytes)
[DEBUG] Unhandled play packet 0x51 (3 bytes)
[DEBUG] Unhandled play packet 0x51 (3 bytes)
[DEBUG] Unhandled play packet 0x51 (3 bytes)
[DEBUG] Unhandled play packet 0x51 (3 bytes)
[DEBUG] Unhandled play packet 0x51 (3 bytes)
[DEBUG] Unhandled play packet 0x51 (3 bytes)
[DEBUG] Unhandled play packet 0x51 (3 bytes)
[DEBUG] Unhandled play packet 0x51 (3 bytes)
[DEBUG] Unhandled play packet 0x51 (3 bytes)
[DEBUG] Unhandled play packet 0x51 (3 bytes)
[DEBUG] Unhandled play packet 0x51 (3 bytes)
[DEBUG] Unhandled play packet 0x51 (3 bytes)
[DEBUG] Unhandled play packet 0x63 (8 bytes)
[DEBUG] Unhandled play packet 0x51 (3 bytes)
[DEBUG] Unhandled play packet 0x51 (3 bytes)
[DEBUG] Unhandled play packet 0x51 (3 bytes)
[DEBUG] Unhandled play packet 0x51 (3 bytes)
[DEBUG] Unhandled play packet 0x63 (3 bytes)
[DEBUG] Unhandled play packet 0x36 (5 bytes)
[DEBUG] Unhandled play packet 0x51 (3 bytes)
[DEBUG] Unhandled play packet 0x63 (8 bytes)
[DEBUG] Unhandled play packet 0x51 (3 bytes)
[DEBUG] Unhandled play packet 0x51 (3 bytes)
[DEBUG] Unhandled play packet 0x51 (3 bytes)
[DEBUG] Unhandled play packet 0x51 (3 bytes)
[DEBUG] Unhandled play packet 0x51 (3 bytes)
[DEBUG] Unhandled play packet 0x51 (3 bytes)
[DEBUG] Unhandled play packet 0x51 (3 bytes)
[DEBUG] Unhandled play packet 0x51 (3 bytes)
[DEBUG] Unhandled play packet 0x51 (3 bytes)
[DEBUG] Unhandled play packet 0x51 (3 bytes)
[DEBUG] Unhandled play packet 0x51 (3 bytes)
[DEBUG] Unhandled play packet 0x51 (3 bytes)
[DEBUG] Unhandled play packet 0x51 (3 bytes)
[DEBUG] Unhandled play packet 0x51 (3 bytes)
[DEBUG] Unhandled play packet 0x51 (3 bytes)
[DEBUG] Unhandled play packet 0x51 (3 bytes)
[DEBUG] Unhandled play packet 0x51 (3 bytes)
[DEBUG] Unhandled play packet 0x63 (8 bytes)
[DEBUG] Unhandled play packet 0x51 (3 bytes)
[DEBUG] Unhandled play packet 0x51 (3 bytes)
[DEBUG] Unhandled play packet 0x51 (3 bytes)
[DEBUG] Unhandled play packet 0x51 (3 bytes)
[DEBUG] Unhandled play packet 0x51 (3 bytes)
[DEBUG] Unhandled play packet 0x63 (8 bytes)
[DEBUG] Unhandled play packet 0x51 (3 bytes)
[DEBUG] Unhandled play packet 0x63 (8 bytes)
[DEBUG] Unhandled play packet 0x51 (3 bytes)
[DEBUG] Unhandled play packet 0x63 (8 bytes)
[DEBUG] Unhandled play packet 0x51 (3 bytes)
[DEBUG] Unhandled play packet 0x51 (3 bytes)
[DEBUG] Unhandled play packet 0x51 (3 bytes)
[DEBUG] Unhandled play packet 0x51 (3 bytes)
[DEBUG] Unhandled play packet 0x36 (5 bytes)
[DEBUG] Unhandled play packet 0x51 (3 bytes)
[DEBUG] Unhandled play packet 0x63 (8 bytes)
[DEBUG] Unhandled play packet 0x51 (3 bytes)
[DEBUG] Unhandled play packet 0x63 (8 bytes)
[DEBUG] Unhandled play packet 0x51 (3 bytes)
[DEBUG] Unhandled play packet 0x51 (3 bytes)
[DEBUG] Unhandled play packet 0x51 (3 bytes)
[DEBUG] Unhandled play packet 0x51 (3 bytes)
[DEBUG] Unhandled play packet 0x51 (3 bytes)
[DEBUG] Unhandled play packet 0x51 (3 bytes)
[Chat] Raw message: 
≡ƒÆ¼ 
[Bot] Chat received: { message: '', system: false }
[DEBUG] Unhandled play packet 0x51 (3 bytes)
[DEBUG] Unhandled play packet 0x51 (3 bytes)
[DEBUG] Unhandled play packet 0x51 (3 bytes)
[DEBUG] Unhandled play packet 0x63 (8 bytes)
[DEBUG] Unhandled play packet 0x51 (3 bytes)
[DEBUG] Unhandled play packet 0x51 (3 bytes)
[DEBUG] Unhandled play packet 0x63 (8 bytes)
[DEBUG] Unhandled play packet 0x51 (3 bytes)
[DEBUG] Unhandled play packet 0x63 (8 bytes)
[DEBUG] Unhandled play packet 0x51 (3 bytes)
[DEBUG] Unhandled play packet 0x51 (3 bytes)
[DEBUG] Unhandled play packet 0x51 (3 bytes)
[DEBUG] Unhandled play packet 0x63 (8 bytes)
[DEBUG] Unhandled play packet 0x63 (8 bytes)
[DEBUG] Unhandled play packet 0x51 (3 bytes)
[DEBUG] Unhandled play packet 0x51 (3 bytes)
[DEBUG] Unhandled play packet 0x63 (8 bytes)
[DEBUG] Unhandled play packet 0x51 (3 bytes)
[DEBUG] Unhandled play packet 0x63 (8 bytes)
[DEBUG] Unhandled play packet 0x63 (8 bytes)
[DEBUG] Unhandled play packet 0x51 (3 bytes)
[DEBUG] Unhandled play packet 0x51 (3 bytes)
[DEBUG] Unhandled play packet 0x63 (8 bytes)
[DEBUG] Unhandled play packet 0x51 (3 bytes)
[DEBUG] Unhandled play packet 0x51 (3 bytes)
[DEBUG] Unhandled play packet 0x51 (3 bytes)
[DEBUG] Unhandled play packet 0x63 (8 bytes)
[DEBUG] Unhandled play packet 0x51 (3 bytes)
[DEBUG] Unhandled play packet 0x36 (5 bytes)
[DEBUG] Unhandled play packet 0x51 (3 bytes)
[DEBUG] Unhandled play packet 0x63 (8 bytes)
[DEBUG] Unhandled play packet 0x51 (3 bytes)
[DEBUG] Unhandled play packet 0x63 (8 bytes)
[DEBUG] Unhandled play packet 0x51 (3 bytes)
[DEBUG] Unhandled play packet 0x51 (3 bytes)
[DEBUG] Unhandled play packet 0x51 (3 bytes)
[DEBUG] Unhandled play packet 0x51 (3 bytes)
[DEBUG] Unhandled play packet 0x51 (3 bytes)
[DEBUG] Unhandled play packet 0x51 (3 bytes)
[DEBUG] Unhandled play packet 0x51 (3 bytes)
[DEBUG] Unhandled play packet 0x51 (3 bytes)
[DEBUG] Unhandled play packet 0x51 (3 bytes)
[DEBUG] Unhandled play packet 0x51 (3 bytes)
[DEBUG] Unhandled play packet 0x51 (3 bytes)
[DEBUG] Unhandled play packet 0x51 (3 bytes)
[DEBUG] Unhandled play packet 0x51 (3 bytes)
[DEBUG] Unhandled play packet 0x51 (3 bytes)
[DEBUG] Unhandled play packet 0x51 (3 bytes)
[DEBUG] Unhandled play packet 0x51 (3 bytes)
[DEBUG] Unhandled play packet 0x51 (3 bytes)
[DEBUG] Unhandled play packet 0x61 (7 bytes)
[DEBUG] Unhandled play packet 0x81 (13 bytes)
[DEBUG] Unhandled play packet 0x51 (3 bytes)
[DEBUG] Unhandled play packet 0x51 (3 bytes)
[DEBUG] Unhandled play packet 0x51 (3 bytes)
[DEBUG] Unhandled play packet 0x51 (3 bytes)
[DEBUG] Unhandled play packet 0x51 (3 bytes)
[DEBUG] Unhandled play packet 0x51 (3 bytes)
[DEBUG] Unhandled play packet 0x63 (8 bytes)
[DEBUG] Unhandled play packet 0x51 (3 bytes)
[DEBUG] Unhandled play packet 0x63 (8 bytes)
[DEBUG] Unhandled play packet 0x51 (3 bytes)
[DEBUG] Unhandled play packet 0x61 (7 bytes)
[DEBUG] Unhandled play packet 0x51 (3 bytes)
[DEBUG] Unhandled play packet 0x36 (5 bytes)
[DEBUG] Unhandled play packet 0x51 (3 bytes)
[DEBUG] Unhandled play packet 0x63 (8 bytes)
[DEBUG] Unhandled play packet 0x51 (3 bytes)
[DEBUG] Unhandled play packet 0x63 (8 bytes)
[DEBUG] Unhandled play packet 0x51 (3 bytes)
[DEBUG] Unhandled play packet 0x51 (3 bytes)
[DEBUG] Unhandled play packet 0x51 (3 bytes)
[DEBUG] Unhandled play packet 0x61 (7 bytes)
[DEBUG] Unhandled play packet 0x51 (3 bytes)
[DEBUG] Unhandled play packet 0x51 (3 bytes)
[DEBUG] Unhandled play packet 0x51 (3 bytes)
[DEBUG] Unhandled play packet 0x63 (8 bytes)
[DEBUG] Unhandled play packet 0x51 (3 bytes)
[DEBUG] Unhandled play packet 0x51 (3 bytes)
[DEBUG] Unhandled play packet 0x63 (8 bytes)
[DEBUG] Unhandled play packet 0x51 (3 bytes)
[DEBUG] Unhandled play packet 0x63 (8 bytes)
[DEBUG] Unhandled play packet 0x51 (3 bytes)
[DEBUG] Unhandled play packet 0x63 (8 bytes)
[DEBUG] Unhandled play packet 0x51 (3 bytes)
[DEBUG] Unhandled play packet 0x63 (8 bytes)
[DEBUG] Unhandled play packet 0x51 (3 bytes)
[DEBUG] Unhandled play packet 0x51 (3 bytes)
[DEBUG] Unhandled play packet 0x51 (3 bytes)
[DEBUG] Unhandled play packet 0x51 (3 bytes)
[DEBUG] Unhandled play packet 0x63 (8 bytes)
[DEBUG] Unhandled play packet 0x63 (8 bytes)
[DEBUG] Unhandled play packet 0x51 (3 bytes)
[DEBUG] Unhandled play packet 0x51 (3 bytes)
[DEBUG] Unhandled play packet 0x63 (8 bytes)
[DEBUG] Unhandled play packet 0x63 (8 bytes)
[DEBUG] Unhandled play packet 0x51 (3 bytes)
[DEBUG] Unhandled play packet 0x51 (3 bytes)
[DEBUG] Unhandled play packet 0x63 (8 bytes)
[DEBUG] Unhandled play packet 0x63 (8 bytes)
[DEBUG] Unhandled play packet 0x51 (3 bytes)
[Keep-Alive] Received: 3003299, responding...
[Keep-Alive] Response sent!
[DEBUG] Unhandled play packet 0x61 (7 bytes)
[DEBUG] Unhandled play packet 0x51 (3 bytes)
[DEBUG] Unhandled play packet 0x51 (3 bytes)
[DEBUG] Unhandled play packet 0x63 (8 bytes)
[DEBUG] Unhandled play packet 0x51 (3 bytes)
[DEBUG] Unhandled play packet 0x63 (8 bytes)
[DEBUG] Unhandled play packet 0x51 (3 bytes)
[DEBUG] Unhandled play packet 0x51 (2 bytes)
[DEBUG] Unhandled play packet 0x51 (3 bytes)
[DEBUG] Unhandled play packet 0x51 (3 bytes)
[DEBUG] Unhandled play packet 0x51 (3 bytes)
[DEBUG] Unhandled play packet 0x63 (8 bytes)
[DEBUG] Unhandled play packet 0x51 (3 bytes)
[Chat] Raw message: 
≡ƒÆ¼ 
[Bot] Chat received: { message: '', system: false }
[DEBUG] Unhandled play packet 0x63 (8 bytes)
[DEBUG] Unhandled play packet 0x61 (7 bytes)
[DEBUG] Unhandled play packet 0x51 (3 bytes)
[DEBUG] Unhandled play packet 0x51 (3 bytes)
[DEBUG] Unhandled play packet 0x63 (8 bytes)
[DEBUG] Unhandled play packet 0x51 (3 bytes)
[DEBUG] Unhandled play packet 0x63 (8 bytes)
[DEBUG] Unhandled play packet 0x51 (3 bytes)
[DEBUG] Unhandled play packet 0x51 (3 bytes)
[DEBUG] Unhandled play packet 0x51 (3 bytes)
[DEBUG] Unhandled play packet 0x51 (3 bytes)
[DEBUG] Unhandled play packet 0x61 (7 bytes)
[DEBUG] Unhandled play packet 0x51 (3 bytes)
[DEBUG] Unhandled play packet 0x51 (3 bytes)
[DEBUG] Unhandled play packet 0x51 (3 bytes)
[DEBUG] Unhandled play packet 0x63 (8 bytes)
[DEBUG] Unhandled play packet 0x51 (3 bytes)
[DEBUG] Unhandled play packet 0x63 (8 bytes)
[DEBUG] Unhandled play packet 0x51 (3 bytes)
[DEBUG] Unhandled play packet 0x63 (8 bytes)
[DEBUG] Unhandled play packet 0x51 (3 bytes)
[DEBUG] Unhandled play packet 0x51 (3 bytes)
[DEBUG] Unhandled play packet 0x51 (3 bytes)
[DEBUG] Unhandled play packet 0x51 (3 bytes)
[DEBUG] Unhandled play packet 0x63 (8 bytes)
[DEBUG] Unhandled play packet 0x63 (8 bytes)
[DEBUG] Unhandled play packet 0x51 (3 bytes)
[DEBUG] Unhandled play packet 0x51 (3 bytes)
[DEBUG] Unhandled play packet 0x63 (8 bytes)
[DEBUG] Unhandled play packet 0x51 (3 bytes)
[DEBUG] Unhandled play packet 0x63 (8 bytes)
[DEBUG] Unhandled play packet 0x51 (3 bytes)
[DEBUG] Unhandled play packet 0x51 (3 bytes)
[DEBUG] Unhandled play packet 0x63 (8 bytes)
[DEBUG] Unhandled play packet 0x51 (3 bytes)
[DEBUG] Unhandled play packet 0x63 (8 bytes)
[DEBUG] Unhandled play packet 0x51 (3 bytes)
[DEBUG] Unhandled play packet 0x61 (7 bytes)
[DEBUG] Unhandled play packet 0x51 (3 bytes)
[DEBUG] Unhandled play packet 0x51 (3 bytes)
[DEBUG] Unhandled play packet 0x51 (2 bytes)
[DEBUG] Unhandled play packet 0x63 (8 bytes)
[DEBUG] Unhandled play packet 0x51 (3 bytes)
[DEBUG] Unhandled play packet 0x51 (3 bytes)
[DEBUG] Unhandled play packet 0x51 (3 bytes)
[DEBUG] Unhandled play packet 0x51 (3 bytes)
[DEBUG] Unhandled play packet 0x63 (8 bytes)
[DEBUG] Unhandled play packet 0x51 (3 bytes)
[DEBUG] Unhandled play packet 0x63 (8 bytes)
[DEBUG] Unhandled play packet 0x63 (3 bytes)
[DEBUG] Unhandled play packet 0x51 (3 bytes)
[DEBUG] Unhandled play packet 0x63 (8 bytes)
[DEBUG] Unhandled play packet 0x51 (3 bytes)
[DEBUG] Unhandled play packet 0x63 (8 bytes)
[DEBUG] Unhandled play packet 0x51 (3 bytes)
[DEBUG] Unhandled play packet 0x51 (3 bytes)
[DEBUG] Unhandled play packet 0x51 (3 bytes)
[DEBUG] Unhandled play packet 0x51 (3 bytes)
[DEBUG] Unhandled play packet 0x51 (3 bytes)
[DEBUG] Unhandled play packet 0x51 (3 bytes)
[DEBUG] Unhandled play packet 0x63 (8 bytes)
[DEBUG] Unhandled play packet 0x51 (3 bytes)
[DEBUG] Unhandled play packet 0x63 (8 bytes)
[DEBUG] Unhandled play packet 0x63 (8 bytes)
[DEBUG] Unhandled play packet 0x51 (3 bytes)
[DEBUG] Unhandled play packet 0x51 (3 bytes)
[DEBUG] Unhandled play packet 0x51 (3 bytes)
[DEBUG] Unhandled play packet 0x51 (3 bytes)
[DEBUG] Unhandled play packet 0x63 (8 bytes)
[DEBUG] Unhandled play packet 0x63 (8 bytes)
[DEBUG] Unhandled play packet 0x51 (3 bytes)
[DEBUG] Unhandled play packet 0x63 (8 bytes)
[DEBUG] Unhandled play packet 0x51 (3 bytes)
[DEBUG] Unhandled play packet 0x63 (8 bytes)
[DEBUG] Unhandled play packet 0x51 (3 bytes)
[DEBUG] Unhandled play packet 0x63 (8 bytes)
[DEBUG] Unhandled play packet 0x63 (8 bytes)
[DEBUG] Unhandled play packet 0x51 (3 bytes)
[DEBUG] Unhandled play packet 0x51 (3 bytes)
[DEBUG] Unhandled play packet 0x63 (8 bytes)
[DEBUG] Unhandled play packet 0x51 (3 bytes)
[DEBUG] Unhandled play packet 0x51 (3 bytes)
[DEBUG] Unhandled play packet 0x51 (3 bytes)
[DEBUG] Unhandled play packet 0x63 (8 bytes)
[DEBUG] Unhandled play packet 0x51 (3 bytes)
[DEBUG] Unhandled play packet 0x63 (8 bytes)
[DEBUG] Unhandled play packet 0x36 (5 bytes)
[DEBUG] Unhandled play packet 0x51 (3 bytes)
[DEBUG] Unhandled play packet 0x63 (8 bytes)
[DEBUG] Unhandled play packet 0x51 (3 bytes)
[DEBUG] Unhandled play packet 0x63 (8 bytes)
[DEBUG] Unhandled play packet 0x51 (3 bytes)
[DEBUG] Unhandled play packet 0x51 (3 bytes)
[DEBUG] Unhandled play packet 0x51 (3 bytes)
[DEBUG] Unhandled play packet 0x51 (3 bytes)
[DEBUG] Unhandled play packet 0x51 (3 bytes)
[DEBUG] Unhandled play packet 0x63 (8 bytes)
[DEBUG] Unhandled play packet 0x51 (3 bytes)
[DEBUG] Unhandled play packet 0x51 (3 bytes)
[DEBUG] Unhandled play packet 0x63 (8 bytes)
[DEBUG] Unhandled play packet 0x63 (8 bytes)
[DEBUG] Unhandled play packet 0x51 (3 bytes)
[DEBUG] Unhandled play packet 0x51 (3 bytes)
[DEBUG] Unhandled play packet 0x51 (3 bytes)
[DEBUG] Unhandled play packet 0x63 (8 bytes)
[DEBUG] Unhandled play packet 0x63 (8 bytes)
[DEBUG] Unhandled play packet 0x51 (3 bytes)
[DEBUG] Unhandled play packet 0x51 (3 bytes)
[DEBUG] Unhandled play packet 0x51 (3 bytes)
[DEBUG] Unhandled play packet 0x63 (8 bytes)
[DEBUG] Unhandled play packet 0x51 (3 bytes)
[DEBUG] Unhandled play packet 0x63 (8 bytes)
[DEBUG] Unhandled play packet 0x51 (3 bytes)
[DEBUG] Unhandled play packet 0x51 (3 bytes)
[DEBUG] Unhandled play packet 0x63 (8 bytes)
[DEBUG] Unhandled play packet 0x51 (3 bytes)
[DEBUG] Unhandled play packet 0x63 (8 bytes)
[DEBUG] Unhandled play packet 0x51 (3 bytes)
[DEBUG] Unhandled play packet 0x63 (8 bytes)
[DEBUG] Unhandled play packet 0x51 (3 bytes)
[DEBUG] Unhandled play packet 0x51 (3 bytes)
[DEBUG] Unhandled play packet 0x51 (3 bytes)
[DEBUG] Unhandled play packet 0x63 (8 bytes)
[DEBUG] Unhandled play packet 0x51 (3 bytes)
[DEBUG] Unhandled play packet 0x63 (8 bytes)
[DEBUG] Unhandled play packet 0x51 (3 bytes)
[DEBUG] Unhandled play packet 0x36 (5 bytes)
[DEBUG] Unhandled play packet 0x51 (3 bytes)
[DEBUG] Unhandled play packet 0x63 (8 bytes)
[DEBUG] Unhandled play packet 0x63 (8 bytes)
[DEBUG] Unhandled play packet 0x51 (3 bytes)
[DEBUG] Unhandled play packet 0x51 (3 bytes)
[DEBUG] Unhandled play packet 0x51 (3 bytes)
[DEBUG] Unhandled play packet 0x51 (3 bytes)
[Chat] Raw message: 
≡ƒÆ¼ 
[Bot] Chat received: { message: '', system: false }
[DEBUG] Unhandled play packet 0x63 (8 bytes)
[DEBUG] Unhandled play packet 0x51 (3 bytes)
[DEBUG] Unhandled play packet 0x63 (8 bytes)
[DEBUG] Unhandled play packet 0x63 (8 bytes)
[DEBUG] Unhandled play packet 0x51 (3 bytes)
[DEBUG] Unhandled play packet 0x51 (3 bytes)
[DEBUG] Unhandled play packet 0x51 (3 bytes)
[DEBUG] Unhandled play packet 0x63 (8 bytes)
[DEBUG] Unhandled play packet 0x63 (8 bytes)
[DEBUG] Unhandled play packet 0x51 (3 bytes)
[DEBUG] Unhandled play packet 0x51 (3 bytes)
[DEBUG] Unhandled play packet 0x51 (3 bytes)
[DEBUG] Unhandled play packet 0x51 (3 bytes)
[DEBUG] Unhandled play packet 0x63 (8 bytes)
[DEBUG] Unhandled play packet 0x51 (3 bytes)
[DEBUG] Unhandled play packet 0x63 (8 bytes)
[DEBUG] Unhandled play packet 0x51 (3 bytes)
[DEBUG] Unhandled play packet 0x51 (3 bytes)
[DEBUG] Unhandled play packet 0x63 (8 bytes)
[DEBUG] Unhandled play packet 0x51 (3 bytes)
[DEBUG] Unhandled play packet 0x63 (8 bytes)
[DEBUG] Unhandled play packet 0x51 (3 bytes)
[DEBUG] Unhandled play packet 0x63 (8 bytes)
[DEBUG] Unhandled play packet 0x51 (3 bytes)
[DEBUG] Unhandled play packet 0x51 (3 bytes)
[DEBUG] Unhandled play packet 0x51 (3 bytes)
[DEBUG] Unhandled play packet 0x63 (8 bytes)
[DEBUG] Unhandled play packet 0x51 (3 bytes)
[Chat] Raw message: 
≡ƒÆ¼ 
[Bot] Chat received: { message: '', system: false }
[Chat] Raw message: 
≡ƒÆ¼ 
[Bot] Chat received: { message: '', system: false }
[Chat] Raw message: 
≡ƒÆ¼ 
[Bot] Chat received: { message: '', system: false }
[DEBUG] Unhandled play packet 0x63 (8 bytes)
[DEBUG] Unhandled play packet 0x51 (3 bytes)
[DEBUG] Unhandled play packet 0x36 (5 bytes)
[DEBUG] Unhandled play packet 0x51 (3 bytes)
[DEBUG] Unhandled play packet 0x63 (8 bytes)
[DEBUG] Unhandled play packet 0x63 (8 bytes)
[DEBUG] Unhandled play packet 0x51 (3 bytes)
[DEBUG] Unhandled play packet 0x51 (3 bytes)
[DEBUG] Unhandled play packet 0x51 (3 bytes)
[DEBUG] Unhandled play packet 0x51 (3 bytes)
[DEBUG] Unhandled play packet 0x51 (3 bytes)
[Chat] Raw message: 
≡ƒÆ¼ 
[Bot] Chat received: { message: '', system: false }
[DEBUG] Unhandled play packet 0x63 (8 bytes)
[DEBUG] Unhandled play packet 0x51 (3 bytes)
[DEBUG] Unhandled play packet 0x63 (8 bytes)
[DEBUG] Unhandled play packet 0x51 (3 bytes)
[DEBUG] Unhandled play packet 0x63 (8 bytes)
[DEBUG] Unhandled play packet 0x51 (3 bytes)
[DEBUG] Unhandled play packet 0x51 (3 bytes)
[DEBUG] Unhandled play packet 0x51 (3 bytes)
[DEBUG] Unhandled play packet 0x63 (8 bytes)
[DEBUG] Unhandled play packet 0x51 (3 bytes)
[DEBUG] Unhandled play packet 0x63 (8 bytes)
[DEBUG] Unhandled play packet 0x51 (3 bytes)
[DEBUG] Unhandled play packet 0x51 (3 bytes)
[DEBUG] Unhandled play packet 0x51 (3 bytes)
[DEBUG] Unhandled play packet 0x51 (3 bytes)
[DEBUG] Unhandled play packet 0x51 (3 bytes)
[DEBUG] Unhandled play packet 0x63 (3 bytes)
[DEBUG] Unhandled play packet 0x51 (3 bytes)
[DEBUG] Unhandled play packet 0x63 (8 bytes)
[DEBUG] Unhandled play packet 0x51 (3 bytes)
[DEBUG] Unhandled play packet 0x63 (8 bytes)
[DEBUG] Unhandled play packet 0x51 (3 bytes)
[DEBUG] Unhandled play packet 0x63 (8 bytes)
[DEBUG] Unhandled play packet 0x51 (3 bytes)
[Chat] Raw message: 
≡ƒÆ¼ 
[Bot] Chat received: { message: '', system: false }
[Chat] Raw message: 
≡ƒÆ¼ 
[Bot] Chat received: { message: '', system: false }
[Chat] Raw message: 
≡ƒÆ¼ 
[Bot] Chat received: { message: '', system: false }
[Chat] Raw message: 
≡ƒÆ¼ 
[Bot] Chat received: { message: '', system: false }
[Chat] Raw message: 
≡ƒÆ¼ 
[Bot] Chat received: { message: '', system: false }
[Chat] Raw message: 
≡ƒÆ¼ 
[Bot] Chat received: { message: '', system: false }
[Chat] Raw message: 
≡ƒÆ¼ 
[Bot] Chat received: { message: '', system: false }
[Chat] Raw message: 
≡ƒÆ¼ 
[Bot] Chat received: { message: '', system: false }
[DEBUG] Unhandled play packet 0x63 (8 bytes)
[DEBUG] Unhandled play packet 0x51 (3 bytes)
[DEBUG] Unhandled play packet 0x51 (3 bytes)
[DEBUG] Unhandled play packet 0x51 (3 bytes)
[DEBUG] Unhandled play packet 0x63 (8 bytes)
[DEBUG] Unhandled play packet 0x51 (3 bytes)
[DEBUG] Unhandled play packet 0x51 (3 bytes)
[DEBUG] Unhandled play packet 0x51 (3 bytes)
[DEBUG] Unhandled play packet 0x51 (3 bytes)
[DEBUG] Unhandled play packet 0x51 (3 bytes)
[DEBUG] Unhandled play packet 0x51 (3 bytes)
[DEBUG] Unhandled play packet 0x51 (3 bytes)
[DEBUG] Unhandled play packet 0x51 (3 bytes)
[DEBUG] Unhandled play packet 0x51 (3 bytes)
[DEBUG] Unhandled play packet 0x51 (3 bytes)
[DEBUG] Unhandled play packet 0x51 (3 bytes)
[DEBUG] Unhandled play packet 0x51 (3 bytes)
[DEBUG] Unhandled play packet 0x51 (3 bytes)
[DEBUG] Unhandled play packet 0x51 (3 bytes)
[DEBUG] Unhandled play packet 0x36 (5 bytes)
[DEBUG] Unhandled play packet 0x51 (3 bytes)
[DEBUG] Unhandled play packet 0x51 (3 bytes)
[DEBUG] Unhandled play packet 0x63 (8 bytes)
[DEBUG] Unhandled play packet 0x51 (3 bytes)
[DEBUG] Unhandled play packet 0x51 (3 bytes)
[DEBUG] Unhandled play packet 0x63 (8 bytes)
[DEBUG] Unhandled play packet 0x51 (3 bytes)
[DEBUG] Unhandled play packet 0x51 (3 bytes)
[DEBUG] Unhandled play packet 0x63 (8 bytes)
[DEBUG] Unhandled play packet 0x51 (3 bytes)
[DEBUG] Unhandled play packet 0x36 (5 bytes)
[DEBUG] Unhandled play packet 0x51 (3 bytes)
[DEBUG] Unhandled play packet 0x51 (3 bytes)
[DEBUG] Unhandled play packet 0x51 (3 bytes)
[DEBUG] Unhandled play packet 0x51 (3 bytes)
[DEBUG] Unhandled play packet 0x51 (3 bytes)
[DEBUG] Unhandled play packet 0x51 (3 bytes)
[DEBUG] Unhandled play packet 0x51 (3 bytes)
[DEBUG] Unhandled play packet 0x51 (3 bytes)
[DEBUG] Unhandled play packet 0x51 (3 bytes)
[DEBUG] Unhandled play packet 0x51 (3 bytes)
[DEBUG] Unhandled play packet 0x51 (3 bytes)
[DEBUG] Unhandled play packet 0x51 (3 bytes)
[DEBUG] Unhandled play packet 0x51 (3 bytes)
[DEBUG] Unhandled play packet 0x51 (3 bytes)
[DEBUG] Unhandled play packet 0x36 (5 bytes)
[DEBUG] Unhandled play packet 0x51 (3 bytes)
[DEBUG] Unhandled play packet 0x51 (3 bytes)
[DEBUG] Unhandled play packet 0x63 (8 bytes)
[DEBUG] Unhandled play packet 0x51 (3 bytes)
[DEBUG] Unhandled play packet 0x51 (3 bytes)
[DEBUG] Unhandled play packet 0x51 (3 bytes)
[DEBUG] Unhandled play packet 0x63 (8 bytes)
[DEBUG] Unhandled play packet 0x51 (3 bytes)
[DEBUG] Unhandled play packet 0x51 (3 bytes)
[DEBUG] Unhandled play packet 0x51 (3 bytes)
[DEBUG] Unhandled play packet 0x63 (8 bytes)
[DEBUG] Unhandled play packet 0x51 (3 bytes)
[DEBUG] Unhandled play packet 0x51 (3 bytes)
[DEBUG] Unhandled play packet 0x51 (3 bytes)
[DEBUG] Unhandled play packet 0x51 (3 bytes)
[DEBUG] Unhandled play packet 0x51 (3 bytes)
[DEBUG] Unhandled play packet 0x51 (3 bytes)
[DEBUG] Unhandled play packet 0x51 (3 bytes)
[DEBUG] Unhandled play packet 0x51 (3 bytes)
[DEBUG] Unhandled play packet 0x51 (3 bytes)
[DEBUG] Unhandled play packet 0x51 (3 bytes)
[DEBUG] Unhandled play packet 0x51 (3 bytes)
[DEBUG] Unhandled play packet 0x36 (5 bytes)
[DEBUG] Unhandled play packet 0x51 (3 bytes)
[DEBUG] Unhandled play packet 0x51 (3 bytes)
[DEBUG] Unhandled play packet 0x63 (8 bytes)
[DEBUG] Unhandled play packet 0x51 (3 bytes)
[DEBUG] Unhandled play packet 0x51 (3 bytes)
[DEBUG] Unhandled play packet 0x63 (7 bytes)
[DEBUG] Unhandled play packet 0x63 (8 bytes)
[DEBUG] Unhandled play packet 0x51 (3 bytes)
[DEBUG] Unhandled play packet 0x51 (3 bytes)
[DEBUG] Unhandled play packet 0x51 (3 bytes)
[DEBUG] Unhandled play packet 0x51 (3 bytes)
[DEBUG] Unhandled play packet 0x51 (3 bytes)
[DEBUG] Unhandled play packet 0x51 (3 bytes)
[DEBUG] Unhandled play packet 0x51 (3 bytes)
[DEBUG] Unhandled play packet 0x51 (3 bytes)
[DEBUG] Unhandled play packet 0x51 (3 bytes)
[DEBUG] Unhandled play packet 0x51 (3 bytes)
[DEBUG] Unhandled play packet 0x51 (3 bytes)
[DEBUG] Unhandled play packet 0x51 (3 bytes)
[DEBUG] Unhandled play packet 0x36 (5 bytes)
[DEBUG] Unhandled play packet 0x51 (3 bytes)
[DEBUG] Unhandled play packet 0x51 (3 bytes)
[Chat] Raw message: 
≡ƒÆ¼ 
[Bot] Chat received: { message: '', system: false }
[DEBUG] Unhandled play packet 0x63 (8 bytes)
[DEBUG] Unhandled play packet 0x51 (3 bytes)
[DEBUG] Unhandled play packet 0x51 (3 bytes)
[DEBUG] Unhandled play packet 0x51 (3 bytes)
[DEBUG] Unhandled play packet 0x51 (3 bytes)
[DEBUG] Unhandled play packet 0x63 (3 bytes)
[DEBUG] Unhandled play packet 0x51 (3 bytes)
[DEBUG] Unhandled play packet 0x51 (3 bytes)
[DEBUG] Unhandled play packet 0x36 (5 bytes)
[DEBUG] Unhandled play packet 0x51 (3 bytes)
[DEBUG] Unhandled play packet 0x51 (3 bytes)
[DEBUG] Unhandled play packet 0x63 (8 bytes)
[DEBUG] Unhandled play packet 0x51 (3 bytes)
[DEBUG] Unhandled play packet 0x63 (8 bytes)
[DEBUG] Unhandled play packet 0x51 (3 bytes)
[DEBUG] Unhandled play packet 0x63 (8 bytes)
[DEBUG] Unhandled play packet 0x51 (3 bytes)
[DEBUG] Unhandled play packet 0x51 (3 bytes)
[DEBUG] Unhandled play packet 0x51 (3 bytes)
[DEBUG] Unhandled play packet 0x63 (8 bytes)
[DEBUG] Unhandled play packet 0x51 (3 bytes)
[DEBUG] Unhandled play packet 0x51 (3 bytes)
[DEBUG] Unhandled play packet 0x63 (8 bytes)
[DEBUG] Unhandled play packet 0x51 (3 bytes)
[DEBUG] Unhandled play packet 0x63 (8 bytes)
[DEBUG] Unhandled play packet 0x51 (3 bytes)
[DEBUG] Unhandled play packet 0x51 (3 bytes)
[DEBUG] Unhandled play packet 0x63 (8 bytes)
[DEBUG] Unhandled play packet 0x51 (3 bytes)
[DEBUG] Unhandled play packet 0x63 (8 bytes)
[DEBUG] Unhandled play packet 0x51 (3 bytes)
[DEBUG] Unhandled play packet 0x63 (8 bytes)
[DEBUG] Unhandled play packet 0x51 (3 bytes)
[DEBUG] Unhandled play packet 0x63 (8 bytes)
[DEBUG] Unhandled play packet 0x51 (3 bytes)
[DEBUG] Unhandled play packet 0x51 (3 bytes)
[DEBUG] Unhandled play packet 0x51 (3 bytes)
[DEBUG] Unhandled play packet 0x63 (3 bytes)
[DEBUG] Unhandled play packet 0x51 (3 bytes)
[DEBUG] Unhandled play packet 0x51 (3 bytes)
[DEBUG] Unhandled play packet 0x51 (3 bytes)
[DEBUG] Unhandled play packet 0x63 (8 bytes)
[DEBUG] Unhandled play packet 0x51 (3 bytes)
[DEBUG] Unhandled play packet 0x63 (8 bytes)
[DEBUG] Unhandled play packet 0x51 (3 bytes)
[DEBUG] Unhandled play packet 0x63 (8 bytes)
[DEBUG] Unhandled play packet 0x51 (3 bytes)
[DEBUG] Unhandled play packet 0x51 (3 bytes)
[DEBUG] Unhandled play packet 0x51 (3 bytes)
[DEBUG] Unhandled play packet 0x63 (8 bytes)
[DEBUG] Unhandled play packet 0x51 (3 bytes)
[DEBUG] Unhandled play packet 0x51 (3 bytes)
[DEBUG] Unhandled play packet 0x63 (8 bytes)
[DEBUG] Unhandled play packet 0x51 (3 bytes)
[DEBUG] Unhandled play packet 0x63 (8 bytes)
[DEBUG] Unhandled play packet 0x51 (3 bytes)
[DEBUG] Unhandled play packet 0x51 (3 bytes)
[DEBUG] Unhandled play packet 0x51 (3 bytes)
[DEBUG] Unhandled play packet 0x63 (8 bytes)
[DEBUG] Unhandled play packet 0x51 (3 bytes)
[DEBUG] Unhandled play packet 0x63 (8 bytes)
[DEBUG] Unhandled play packet 0x63 (8 bytes)
[DEBUG] Unhandled play packet 0x51 (3 bytes)
[DEBUG] Unhandled play packet 0x63 (8 bytes)
[DEBUG] Unhandled play packet 0x51 (3 bytes)
[DEBUG] Unhandled play packet 0x51 (3 bytes)
[DEBUG] Unhandled play packet 0x51 (3 bytes)
[DEBUG] Unhandled play packet 0x63 (3 bytes)
[DEBUG] Unhandled play packet 0x36 (5 bytes)
[DEBUG] Unhandled play packet 0x51 (3 bytes)
[DEBUG] Unhandled play packet 0x51 (3 bytes)
[DEBUG] Unhandled play packet 0x51 (3 bytes)
[DEBUG] Unhandled play packet 0x51 (3 bytes)
[DEBUG] Unhandled play packet 0x63 (8 bytes)
[DEBUG] Unhandled play packet 0x51 (3 bytes)
[DEBUG] Unhandled play packet 0x63 (8 bytes)
[DEBUG] Unhandled play packet 0x51 (3 bytes)
[DEBUG] Unhandled play packet 0x63 (8 bytes)
[DEBUG] Unhandled play packet 0x51 (3 bytes)
[DEBUG] Unhandled play packet 0x51 (3 bytes)
[DEBUG] Unhandled play packet 0x51 (3 bytes)
[DEBUG] Unhandled play packet 0x63 (8 bytes)
[DEBUG] Unhandled play packet 0x51 (3 bytes)
[DEBUG] Unhandled play packet 0x63 (8 bytes)
[DEBUG] Unhandled play packet 0x51 (3 bytes)
[DEBUG] Unhandled play packet 0x63 (8 bytes)
[DEBUG] Unhandled play packet 0x51 (3 bytes)
[DEBUG] Unhandled play packet 0x63 (8 bytes)
[DEBUG] Unhandled play packet 0x51 (3 bytes)
[DEBUG] Unhandled play packet 0x63 (8 bytes)
[DEBUG] Unhandled play packet 0x51 (3 bytes)
[DEBUG] Unhandled play packet 0x63 (8 bytes)
[DEBUG] Unhandled play packet 0x51 (3 bytes)
[DEBUG] Unhandled play packet 0x63 (8 bytes)
[DEBUG] Unhandled play packet 0x51 (3 bytes)
[DEBUG] Unhandled play packet 0x63 (8 bytes)
[DEBUG] Unhandled play packet 0x51 (3 bytes)
[DEBUG] Unhandled play packet 0x63 (8 bytes)
[DEBUG] Unhandled play packet 0x51 (3 bytes)
[DEBUG] Unhandled play packet 0x51 (3 bytes)
[DEBUG] Unhandled play packet 0x51 (3 bytes)
[DEBUG] Unhandled play packet 0x51 (3 bytes)
[DEBUG] Unhandled play packet 0x36 (5 bytes)
[DEBUG] Unhandled play packet 0x51 (3 bytes)
[DEBUG] Unhandled play packet 0x36 (5 bytes)
[DEBUG] Unhandled play packet 0x51 (3 bytes)
[DEBUG] Unhandled play packet 0x51 (3 bytes)
[DEBUG] Unhandled play packet 0x51 (3 bytes)
[DEBUG] Unhandled play packet 0x63 (8 bytes)
[DEBUG] Unhandled play packet 0x51 (3 bytes)
[DEBUG] Unhandled play packet 0x63 (8 bytes)
[DEBUG] Unhandled play packet 0x51 (3 bytes)
[DEBUG] Unhandled play packet 0x63 (8 bytes)
[DEBUG] Unhandled play packet 0x51 (3 bytes)
[DEBUG] Unhandled play packet 0x51 (3 bytes)
[DEBUG] Unhandled play packet 0x51 (3 bytes)
[DEBUG] Unhandled play packet 0x63 (8 bytes)
[DEBUG] Unhandled play packet 0x51 (3 bytes)
[DEBUG] Unhandled play packet 0x51 (3 bytes)
[DEBUG] Unhandled play packet 0x63 (8 bytes)
[DEBUG] Unhandled play packet 0x51 (3 bytes)
[DEBUG] Unhandled play packet 0x63 (8 bytes)
[DEBUG] Unhandled play packet 0x51 (3 bytes)
[DEBUG] Unhandled play packet 0x63 (8 bytes)
[DEBUG] Unhandled play packet 0x51 (3 bytes)
[DEBUG] Unhandled play packet 0x63 (8 bytes)
[DEBUG] Unhandled play packet 0x51 (3 bytes)
[DEBUG] Unhandled play packet 0x63 (8 bytes)
[DEBUG] Unhandled play packet 0x51 (3 bytes)
[DEBUG] Unhandled play packet 0x63 (8 bytes)
[DEBUG] Unhandled play packet 0x63 (8 bytes)
[DEBUG] Unhandled play packet 0x51 (3 bytes)
[DEBUG] Unhandled play packet 0x63 (8 bytes)
[DEBUG] Unhandled play packet 0x51 (3 bytes)
[DEBUG] Unhandled play packet 0x51 (3 bytes)
[DEBUG] Unhandled play packet 0x51 (3 bytes)
[DEBUG] Unhandled play packet 0x51 (3 bytes)
[DEBUG] Unhandled play packet 0x36 (5 bytes)
[DEBUG] Unhandled play packet 0x51 (3 bytes)
[DEBUG] Unhandled play packet 0x36 (5 bytes)
[DEBUG] Unhandled play packet 0x51 (3 bytes)
[DEBUG] Unhandled play packet 0x51 (3 bytes)
[DEBUG] Unhandled play packet 0x51 (3 bytes)
[DEBUG] Unhandled play packet 0x63 (8 bytes)
[DEBUG] Unhandled play packet 0x51 (3 bytes)
[DEBUG] Unhandled play packet 0x63 (8 bytes)
[DEBUG] Unhandled play packet 0x51 (3 bytes)
[DEBUG] Unhandled play packet 0x63 (8 bytes)
[DEBUG] Unhandled play packet 0x51 (3 bytes)
[DEBUG] Unhandled play packet 0x51 (3 bytes)
[DEBUG] Unhandled play packet 0x51 (3 bytes)
[DEBUG] Unhandled play packet 0x63 (8 bytes)
[DEBUG] Unhandled play packet 0x51 (3 bytes)
[DEBUG] Unhandled play packet 0x51 (3 bytes)
[DEBUG] Unhandled play packet 0x63 (8 bytes)
[DEBUG] Unhandled play packet 0x51 (3 bytes)
[DEBUG] Unhandled play packet 0x63 (8 bytes)
[DEBUG] Unhandled play packet 0x51 (3 bytes)
[DEBUG] Unhandled play packet 0x63 (8 bytes)
[DEBUG] Unhandled play packet 0x51 (3 bytes)
[DEBUG] Unhandled play packet 0x63 (8 bytes)
[DEBUG] Unhandled play packet 0x51 (3 bytes)
[DEBUG] Unhandled play packet 0x63 (8 bytes)
[DEBUG] Unhandled play packet 0x51 (3 bytes)
[DEBUG] Unhandled play packet 0x63 (8 bytes)
[DEBUG] Unhandled play packet 0x63 (8 bytes)
[DEBUG] Unhandled play packet 0x51 (3 bytes)
[DEBUG] Unhandled play packet 0x00 (0 bytes)
[DEBUG] Unhandled play packet 0x61 (9 bytes)
[DEBUG] Unhandled play packet 0x64 (8 bytes)
[DEBUG] Unhandled play packet 0x00 (0 bytes)
[DEBUG] Unhandled play packet 0x00 (0 bytes)
[DEBUG] Unhandled play packet 0x61 (9 bytes)
[DEBUG] Unhandled play packet 0x64 (8 bytes)
[DEBUG] Unhandled play packet 0x00 (0 bytes)
[DEBUG] Unhandled play packet 0x63 (8 bytes)
[DEBUG] Unhandled play packet 0x51 (3 bytes)
[DEBUG] Unhandled play packet 0x51 (3 bytes)
[DEBUG] Unhandled play packet 0x51 (3 bytes)
[DEBUG] Unhandled play packet 0x61 (9 bytes)
[DEBUG] Unhandled play packet 0x51 (3 bytes)
[DEBUG] Unhandled play packet 0x61 (9 bytes)
[DEBUG] Unhandled play packet 0x64 (8 bytes)
[DEBUG] Unhandled play packet 0x64 (8 bytes)
[DEBUG] Unhandled play packet 0x51 (3 bytes)
[DEBUG] Unhandled play packet 0x36 (5 bytes)
[DEBUG] Unhandled play packet 0x51 (3 bytes)
[DEBUG] Unhandled play packet 0x36 (5 bytes)
[DEBUG] Unhandled play packet 0x51 (3 bytes)
[DEBUG] Unhandled play packet 0x51 (3 bytes)
[Chat] Raw message: 
≡ƒÆ¼ 
[Bot] Chat received: { message: '', system: false }
[DEBUG] Unhandled play packet 0x51 (3 bytes)
[DEBUG] Unhandled play packet 0x63 (8 bytes)
[DEBUG] Unhandled play packet 0x51 (3 bytes)
[DEBUG] Unhandled play packet 0x63 (8 bytes)
[DEBUG] Unhandled play packet 0x51 (3 bytes)
[DEBUG] Unhandled play packet 0x63 (8 bytes)
[DEBUG] Unhandled play packet 0x51 (3 bytes)
[DEBUG] Unhandled play packet 0x51 (3 bytes)
[DEBUG] Unhandled play packet 0x51 (3 bytes)
[DEBUG] Unhandled play packet 0x51 (3 bytes)
[DEBUG] Unhandled play packet 0x63 (8 bytes)
[DEBUG] Unhandled play packet 0x51 (3 bytes)
[DEBUG] Unhandled play packet 0x63 (8 bytes)
[DEBUG] Unhandled play packet 0x51 (3 bytes)
[DEBUG] Unhandled play packet 0x63 (8 bytes)
[DEBUG] Unhandled play packet 0x51 (3 bytes)
[DEBUG] Unhandled play packet 0x63 (8 bytes)
[DEBUG] Unhandled play packet 0x51 (3 bytes)
[DEBUG] Unhandled play packet 0x63 (8 bytes)
[DEBUG] Unhandled play packet 0x51 (3 bytes)
[DEBUG] Unhandled play packet 0x63 (8 bytes)
[DEBUG] Unhandled play packet 0x51 (3 bytes)
[DEBUG] Unhandled play packet 0x63 (8 bytes)
[DEBUG] Unhandled play packet 0x63 (8 bytes)
[DEBUG] Unhandled play packet 0x51 (3 bytes)
[DEBUG] Unhandled play packet 0x51 (3 bytes)
[DEBUG] Unhandled play packet 0x63 (8 bytes)
[DEBUG] Unhandled play packet 0x51 (3 bytes)
[DEBUG] Unhandled play packet 0x51 (3 bytes)
[DEBUG] Unhandled play packet 0x63 (8 bytes)
[DEBUG] Unhandled play packet 0x81 (13 bytes)
[DEBUG] Unhandled play packet 0x51 (3 bytes)
[DEBUG] Unhandled play packet 0x63 (8 bytes)
[DEBUG] Unhandled play packet 0x81 (13 bytes)
[DEBUG] Unhandled play packet 0x51 (3 bytes)
[DEBUG] Unhandled play packet 0x36 (5 bytes)
[DEBUG] Unhandled play packet 0x51 (3 bytes)
[DEBUG] Unhandled play packet 0x36 (5 bytes)
[DEBUG] Unhandled play packet 0x51 (3 bytes)
[DEBUG] Unhandled play packet 0x51 (3 bytes)
[DEBUG] Unhandled play packet 0x51 (3 bytes)
[DEBUG] Unhandled play packet 0x51 (3 bytes)
[DEBUG] Unhandled play packet 0x63 (8 bytes)
[DEBUG] Unhandled play packet 0x51 (3 bytes)
[DEBUG] Unhandled play packet 0x63 (8 bytes)
[DEBUG] Unhandled play packet 0x51 (3 bytes)
[DEBUG] Unhandled play packet 0x63 (8 bytes)
[DEBUG] Unhandled play packet 0x51 (3 bytes)
[DEBUG] Unhandled play packet 0x51 (3 bytes)
[DEBUG] Unhandled play packet 0x51 (3 bytes)
[DEBUG] Unhandled play packet 0x63 (8 bytes)
[DEBUG] Unhandled play packet 0x51 (3 bytes)
[DEBUG] Unhandled play packet 0x51 (3 bytes)
[DEBUG] Unhandled play packet 0x63 (8 bytes)
[DEBUG] Unhandled play packet 0x51 (3 bytes)
[DEBUG] Unhandled play packet 0x63 (8 bytes)
[DEBUG] Unhandled play packet 0x51 (3 bytes)
[DEBUG] Unhandled play packet 0x63 (8 bytes)
[DEBUG] Unhandled play packet 0x51 (3 bytes)
[DEBUG] Unhandled play packet 0x51 (3 bytes)
[DEBUG] Unhandled play packet 0x63 (8 bytes)
[DEBUG] Unhandled play packet 0x51 (3 bytes)
[DEBUG] Unhandled play packet 0x63 (8 bytes)
[DEBUG] Unhandled play packet 0x63 (8 bytes)
[DEBUG] Unhandled play packet 0x51 (3 bytes)
[Chat] Raw message: 
≡ƒÆ¼ 
[Bot] Chat received: { message: '', system: false }
[DEBUG] Unhandled play packet 0x51 (3 bytes)
[DEBUG] Unhandled play packet 0x63 (8 bytes)
[DEBUG] Unhandled play packet 0x51 (3 bytes)
[DEBUG] Unhandled play packet 0x51 (3 bytes)
[DEBUG] Unhandled play packet 0x51 (3 bytes)
[Chat] Raw message: 
≡ƒÆ¼ 
[Bot] Chat received: { message: '', system: false }
[Chat] Raw message: 
≡ƒÆ¼ 
[Bot] Chat received: { message: '', system: false }
[Chat] Raw message: 
≡ƒÆ¼ 
[Bot] Chat received: { message: '', system: false }
[Chat] Raw message: 
≡ƒÆ¼ 
[Bot] Chat received: { message: '', system: false }
[Chat] Raw message: 
≡ƒÆ¼ 
[Bot] Chat received: { message: '', system: false }
[Chat] Raw message: 
≡ƒÆ¼ 
[Bot] Chat received: { message: '', system: false }
[Chat] Raw message: 
≡ƒÆ¼ 
[Bot] Chat received: { message: '', system: false }
[Chat] Raw message: 
≡ƒÆ¼ 
[Bot] Chat received: { message: '', system: false }
[DEBUG] Unhandled play packet 0x36 (5 bytes)
[DEBUG] Unhandled play packet 0x51 (3 bytes)
[DEBUG] Unhandled play packet 0x36 (5 bytes)
[DEBUG] Unhandled play packet 0x51 (3 bytes)
[DEBUG] Unhandled play packet 0x51 (3 bytes)
[DEBUG] Unhandled play packet 0x51 (3 bytes)
[DEBUG] Unhandled play packet 0x63 (8 bytes)
[DEBUG] Unhandled play packet 0x51 (3 bytes)
[DEBUG] Unhandled play packet 0x63 (8 bytes)
[DEBUG] Unhandled play packet 0x51 (3 bytes)
[DEBUG] Unhandled play packet 0x63 (8 bytes)
[DEBUG] Unhandled play packet 0x51 (3 bytes)
[DEBUG] Unhandled play packet 0x51 (3 bytes)
[DEBUG] Unhandled play packet 0x51 (3 bytes)
[DEBUG] Unhandled play packet 0x63 (8 bytes)
[DEBUG] Unhandled play packet 0x51 (3 bytes)
[DEBUG] Unhandled play packet 0x51 (3 bytes)
[DEBUG] Unhandled play packet 0x63 (8 bytes)
[DEBUG] Unhandled play packet 0x51 (3 bytes)
[DEBUG] Unhandled play packet 0x63 (8 bytes)
[DEBUG] Unhandled play packet 0x51 (3 bytes)
[DEBUG] Unhandled play packet 0x51 (3 bytes)
[DEBUG] Unhandled play packet 0x51 (3 bytes)
[DEBUG] Unhandled play packet 0x51 (3 bytes)
[DEBUG] Unhandled play packet 0x63 (3 bytes)
[DEBUG] Unhandled play packet 0x51 (3 bytes)
[DEBUG] Unhandled play packet 0x63 (8 bytes)
[DEBUG] Unhandled play packet 0x63 (8 bytes)
[DEBUG] Unhandled play packet 0x51 (3 bytes)
[DEBUG] Unhandled play packet 0x51 (3 bytes)
[DEBUG] Unhandled play packet 0x63 (8 bytes)
[DEBUG] Unhandled play packet 0x51 (3 bytes)
[DEBUG] Unhandled play packet 0x51 (3 bytes)
[DEBUG] Unhandled play packet 0x51 (3 bytes)
[DEBUG] Unhandled play packet 0x51 (3 bytes)
[DEBUG] Unhandled play packet 0x36 (5 bytes)
[DEBUG] Unhandled play packet 0x51 (3 bytes)
[DEBUG] Unhandled play packet 0x36 (5 bytes)
[DEBUG] Unhandled play packet 0x51 (3 bytes)
[DEBUG] Unhandled play packet 0x51 (3 bytes)
[DEBUG] Unhandled play packet 0x51 (3 bytes)
[DEBUG] Unhandled play packet 0x51 (3 bytes)
[DEBUG] Unhandled play packet 0x51 (3 bytes)
[DEBUG] Unhandled play packet 0x51 (3 bytes)
[DEBUG] Unhandled play packet 0x51 (3 bytes)
[DEBUG] Unhandled play packet 0x51 (3 bytes)
[DEBUG] Unhandled play packet 0x63 (8 bytes)
[DEBUG] Unhandled play packet 0x51 (3 bytes)
[DEBUG] Unhandled play packet 0x51 (3 bytes)
[DEBUG] Unhandled play packet 0x51 (3 bytes)
[DEBUG] Unhandled play packet 0x51 (3 bytes)
[DEBUG] Unhandled play packet 0x51 (3 bytes)
[DEBUG] Unhandled play packet 0x36 (5 bytes)
[DEBUG] Unhandled play packet 0x51 (3 bytes)
[DEBUG] Unhandled play packet 0x63 (8 bytes)
[DEBUG] Unhandled play packet 0x51 (3 bytes)
[Chat] Raw message: 
≡ƒÆ¼ 
[Bot] Chat received: { message: '', system: false }
[DEBUG] Unhandled play packet 0x51 (3 bytes)
[DEBUG] Unhandled play packet 0x63 (8 bytes)
[DEBUG] Unhandled play packet 0x51 (3 bytes)
[DEBUG] Unhandled play packet 0x51 (3 bytes)
[DEBUG] Unhandled play packet 0x51 (3 bytes)
[DEBUG] Unhandled play packet 0x36 (5 bytes)
[DEBUG] Unhandled play packet 0x51 (3 bytes)
[DEBUG] Unhandled play packet 0x36 (5 bytes)
[DEBUG] Unhandled play packet 0x51 (3 bytes)
[DEBUG] Unhandled play packet 0x51 (3 bytes)
[DEBUG] Unhandled play packet 0x51 (3 bytes)
[DEBUG] Unhandled play packet 0x51 (3 bytes)
[DEBUG] Unhandled play packet 0x51 (3 bytes)
[DEBUG] Unhandled play packet 0x51 (3 bytes)
[DEBUG] Unhandled play packet 0x51 (3 bytes)
[DEBUG] Unhandled play packet 0x51 (3 bytes)
[DEBUG] Unhandled play packet 0x63 (8 bytes)
[DEBUG] Unhandled play packet 0x51 (3 bytes)
[DEBUG] Unhandled play packet 0x51 (3 bytes)
[DEBUG] Unhandled play packet 0x51 (3 bytes)
[DEBUG] Unhandled play packet 0x51 (3 bytes)
[DEBUG] Unhandled play packet 0x51 (3 bytes)
[DEBUG] Unhandled play packet 0x51 (3 bytes)
[DEBUG] Unhandled play packet 0x36 (5 bytes)
[DEBUG] Unhandled play packet 0x51 (3 bytes)
[DEBUG] Unhandled play packet 0x63 (8 bytes)
[DEBUG] Unhandled play packet 0x51 (3 bytes)
[Chat] Raw message: 
≡ƒÆ¼ 
[Bot] Chat received: { message: '', system: false }
[DEBUG] Unhandled play packet 0x51 (3 bytes)
[DEBUG] Unhandled play packet 0x63 (8 bytes)
[DEBUG] Unhandled play packet 0x51 (3 bytes)
[DEBUG] Unhandled play packet 0x51 (3 bytes)
[DEBUG] Unhandled play packet 0x51 (3 bytes)
[DEBUG] Unhandled play packet 0x36 (5 bytes)
[DEBUG] Unhandled play packet 0x51 (3 bytes)
[DEBUG] Unhandled play packet 0x36 (5 bytes)
[DEBUG] Unhandled play packet 0x51 (3 bytes)
[DEBUG] Unhandled play packet 0x51 (3 bytes)
[DEBUG] Unhandled play packet 0x51 (3 bytes)
[DEBUG] Unhandled play packet 0x51 (3 bytes)
[DEBUG] Unhandled play packet 0x51 (3 bytes)
[DEBUG] Unhandled play packet 0x51 (3 bytes)
[DEBUG] Unhandled play packet 0x51 (3 bytes)
[DEBUG] Unhandled play packet 0x51 (3 bytes)
[DEBUG] Unhandled play packet 0x63 (8 bytes)
[DEBUG] Unhandled play packet 0x51 (3 bytes)
[DEBUG] Unhandled play packet 0x51 (3 bytes)
[DEBUG] Unhandled play packet 0x51 (3 bytes)
[DEBUG] Unhandled play packet 0x51 (3 bytes)
[DEBUG] Unhandled play packet 0x51 (3 bytes)
[DEBUG] Unhandled play packet 0x51 (3 bytes)
[DEBUG] Unhandled play packet 0x36 (5 bytes)
[DEBUG] Unhandled play packet 0x51 (3 bytes)
[DEBUG] Unhandled play packet 0x63 (8 bytes)
[DEBUG] Unhandled play packet 0x51 (3 bytes)
[DEBUG] Unhandled play packet 0x51 (3 bytes)
[DEBUG] Unhandled play packet 0x63 (8 bytes)
[DEBUG] Unhandled play packet 0x51 (3 bytes)
[DEBUG] Unhandled play packet 0x51 (3 bytes)
[DEBUG] Unhandled play packet 0x51 (3 bytes)
[DEBUG] Unhandled play packet 0x51 (3 bytes)
[Chat] Raw message: 
≡ƒÆ¼ 
[Bot] Chat received: { message: '', system: false }
[DEBUG] Unhandled play packet 0x36 (5 bytes)
[DEBUG] Unhandled play packet 0x51 (3 bytes)
[DEBUG] Unhandled play packet 0x36 (5 bytes)
[DEBUG] Unhandled play packet 0x51 (3 bytes)
[DEBUG] Unhandled play packet 0x51 (3 bytes)
[DEBUG] Unhandled play packet 0x51 (3 bytes)
[DEBUG] Unhandled play packet 0x63 (3 bytes)
[DEBUG] Unhandled play packet 0x51 (3 bytes)
[DEBUG] Unhandled play packet 0x63 (3 bytes)
[DEBUG] Unhandled play packet 0x51 (3 bytes)
[DEBUG] Unhandled play packet 0x63 (3 bytes)
[DEBUG] Unhandled play packet 0x51 (3 bytes)
[DEBUG] Unhandled play packet 0x51 (3 bytes)
[DEBUG] Unhandled play packet 0x63 (8 bytes)
[DEBUG] Unhandled play packet 0x51 (3 bytes)
[DEBUG] Unhandled play packet 0x51 (3 bytes)
[DEBUG] Unhandled play packet 0x63 (3 bytes)
[DEBUG] Unhandled play packet 0x51 (3 bytes)
[DEBUG] Unhandled play packet 0x51 (3 bytes)
[DEBUG] Unhandled play packet 0x36 (5 bytes)
[DEBUG] Unhandled play packet 0x51 (3 bytes)
[DEBUG] Unhandled play packet 0x63 (3 bytes)
[DEBUG] Unhandled play packet 0x51 (3 bytes)
[DEBUG] Unhandled play packet 0x51 (3 bytes)
[DEBUG] Unhandled play packet 0x51 (3 bytes)
[DEBUG] Unhandled play packet 0x63 (8 bytes)
[DEBUG] Unhandled play packet 0x51 (3 bytes)
[DEBUG] Unhandled play packet 0x51 (3 bytes)
[DEBUG] Unhandled play packet 0x51 (3 bytes)
[DEBUG] Unhandled play packet 0x51 (3 bytes)
[DEBUG] Unhandled play packet 0x51 (3 bytes)
[DEBUG] Unhandled play packet 0x51 (3 bytes)
[DEBUG] Unhandled play packet 0x36 (5 bytes)
[DEBUG] Unhandled play packet 0x51 (3 bytes)
[DEBUG] Unhandled play packet 0x51 (3 bytes)
[DEBUG] Unhandled play packet 0x51 (3 bytes)
[DEBUG] Unhandled play packet 0x51 (3 bytes)
[DEBUG] Unhandled play packet 0x51 (3 bytes)
[DEBUG] Unhandled play packet 0x51 (3 bytes)
[DEBUG] Unhandled play packet 0x51 (3 bytes)
[DEBUG] Unhandled play packet 0x51 (3 bytes)
[DEBUG] Unhandled play packet 0x63 (8 bytes)
[DEBUG] Unhandled play packet 0x51 (3 bytes)
[DEBUG] Unhandled play packet 0x51 (3 bytes)
[DEBUG] Unhandled play packet 0x51 (3 bytes)
[DEBUG] Unhandled play packet 0x51 (3 bytes)
[DEBUG] Unhandled play packet 0x51 (3 bytes)
[DEBUG] Unhandled play packet 0x51 (3 bytes)
[DEBUG] Unhandled play packet 0x51 (3 bytes)
[DEBUG] Unhandled play packet 0x63 (3 bytes)
[DEBUG] Unhandled play packet 0x51 (3 bytes)
[DEBUG] Unhandled play packet 0x51 (3 bytes)
[DEBUG] Unhandled play packet 0x63 (8 bytes)
[DEBUG] Unhandled play packet 0x51 (3 bytes)
[DEBUG] Unhandled play packet 0x51 (3 bytes)
[DEBUG] Unhandled play packet 0x51 (3 bytes)
[DEBUG] Unhandled play packet 0x51 (3 bytes)
[DEBUG] Unhandled play packet 0x51 (3 bytes)
[DEBUG] Unhandled play packet 0x36 (5 bytes)
[DEBUG] Unhandled play packet 0x51 (3 bytes)
[DEBUG] Unhandled play packet 0x51 (3 bytes)
[DEBUG] Unhandled play packet 0x51 (3 bytes)
[DEBUG] Unhandled play packet 0x36 (5 bytes)
[DEBUG] Unhandled play packet 0x51 (3 bytes)
[DEBUG] Unhandled play packet 0x51 (3 bytes)
[DEBUG] Unhandled play packet 0x36 (5 bytes)
[DEBUG] Unhandled play packet 0x51 (3 bytes)
[DEBUG] Unhandled play packet 0x51 (3 bytes)
[DEBUG] Unhandled play packet 0x51 (3 bytes)
[DEBUG] Unhandled play packet 0x63 (8 bytes)
[DEBUG] Unhandled play packet 0x51 (3 bytes)
[DEBUG] Unhandled play packet 0x51 (3 bytes)
[DEBUG] Unhandled play packet 0x36 (5 bytes)
[DEBUG] Unhandled play packet 0x51 (3 bytes)
[DEBUG] Unhandled play packet 0x36 (5 bytes)
[DEBUG] Unhandled play packet 0x51 (3 bytes)
[DEBUG] Unhandled play packet 0x36 (5 bytes)
[DEBUG] Unhandled play packet 0x51 (3 bytes)
[DEBUG] Unhandled play packet 0x51 (3 bytes)
[DEBUG] Unhandled play packet 0x36 (5 bytes)
[DEBUG] Unhandled play packet 0x51 (3 bytes)
[Chat] Raw message: 
≡ƒÆ¼ 
[Bot] Chat received: { message: '', system: false }
[DEBUG] Unhandled play packet 0x63 (7 bytes)
[DEBUG] Unhandled play packet 0x63 (8 bytes)
[DEBUG] Unhandled play packet 0x51 (3 bytes)
[DEBUG] Unhandled play packet 0x51 (3 bytes)
[DEBUG] Unhandled play packet 0x51 (3 bytes)
[DEBUG] Unhandled play packet 0x51 (3 bytes)
[DEBUG] Unhandled play packet 0x36 (5 bytes)
[DEBUG] Unhandled play packet 0x51 (3 bytes)
[DEBUG] Unhandled play packet 0x51 (3 bytes)
[DEBUG] Unhandled play packet 0x51 (3 bytes)
[DEBUG] Unhandled play packet 0x36 (5 bytes)
[DEBUG] Unhandled play packet 0x51 (3 bytes)
[DEBUG] Unhandled play packet 0x51 (3 bytes)
[DEBUG] Unhandled play packet 0x36 (5 bytes)
[DEBUG] Unhandled play packet 0x51 (3 bytes)
[DEBUG] Unhandled play packet 0x36 (5 bytes)
[DEBUG] Unhandled play packet 0x51 (3 bytes)
[DEBUG] Unhandled play packet 0x51 (3 bytes)
[DEBUG] Unhandled play packet 0x63 (8 bytes)
[DEBUG] Unhandled play packet 0x51 (3 bytes)
[DEBUG] Unhandled play packet 0x36 (5 bytes)
[DEBUG] Unhandled play packet 0x51 (3 bytes)
[DEBUG] Unhandled play packet 0x63 (3 bytes)
[DEBUG] Unhandled play packet 0x51 (3 bytes)
[DEBUG] Unhandled play packet 0x63 (8 bytes)
[DEBUG] Unhandled play packet 0x51 (3 bytes)
[DEBUG] Unhandled play packet 0x36 (5 bytes)
[DEBUG] Unhandled play packet 0x51 (3 bytes)
[DEBUG] Unhandled play packet 0x36 (5 bytes)
[DEBUG] Unhandled play packet 0x51 (3 bytes)
[DEBUG] Unhandled play packet 0x51 (3 bytes)
[DEBUG] Unhandled play packet 0x36 (5 bytes)
[DEBUG] Unhandled play packet 0x51 (3 bytes)
[DEBUG] Unhandled play packet 0x63 (7 bytes)
[DEBUG] Unhandled play packet 0x51 (2 bytes)
[DEBUG] Unhandled play packet 0x51 (3 bytes)
[DEBUG] Unhandled play packet 0x63 (8 bytes)
[DEBUG] Unhandled play packet 0x51 (3 bytes)
[DEBUG] Unhandled play packet 0x51 (3 bytes)
[DEBUG] Unhandled play packet 0x51 (3 bytes)
[DEBUG] Unhandled play packet 0x36 (5 bytes)
[DEBUG] Unhandled play packet 0x51 (3 bytes)
[DEBUG] Unhandled play packet 0x51 (3 bytes)
[DEBUG] Unhandled play packet 0x51 (3 bytes)
[Chat] Raw message: 
≡ƒÆ¼ 
[Bot] Chat received: { message: '', system: false }
[DEBUG] Unhandled play packet 0x51 (3 bytes)
[DEBUG] Unhandled play packet 0x36 (5 bytes)
[DEBUG] Unhandled play packet 0x51 (3 bytes)
[DEBUG] Unhandled play packet 0x51 (3 bytes)
[DEBUG] Unhandled play packet 0x36 (5 bytes)
[DEBUG] Unhandled play packet 0x51 (3 bytes)
[DEBUG] Unhandled play packet 0x51 (3 bytes)
[DEBUG] Unhandled play packet 0x51 (3 bytes)
[DEBUG] Unhandled play packet 0x51 (3 bytes)
[DEBUG] Unhandled play packet 0x63 (8 bytes)
[DEBUG] Unhandled play packet 0x51 (3 bytes)
[DEBUG] Unhandled play packet 0x51 (3 bytes)
[DEBUG] Unhandled play packet 0x36 (5 bytes)
[DEBUG] Unhandled play packet 0x51 (3 bytes)
[DEBUG] Unhandled play packet 0x36 (5 bytes)
[DEBUG] Unhandled play packet 0x51 (3 bytes)
[DEBUG] Unhandled play packet 0x63 (8 bytes)
[DEBUG] Unhandled play packet 0x51 (3 bytes)
[DEBUG] Unhandled play packet 0x36 (5 bytes)
[DEBUG] Unhandled play packet 0x51 (3 bytes)
[DEBUG] Unhandled play packet 0x36 (5 bytes)
[DEBUG] Unhandled play packet 0x51 (3 bytes)
[DEBUG] Unhandled play packet 0x51 (3 bytes)
[DEBUG] Unhandled play packet 0x36 (5 bytes)
[DEBUG] Unhandled play packet 0x51 (3 bytes)
[DEBUG] Unhandled play packet 0x63 (7 bytes)
[DEBUG] Unhandled play packet 0x51 (2 bytes)
[DEBUG] Unhandled play packet 0x63 (8 bytes)
[DEBUG] Unhandled play packet 0x51 (3 bytes)
[DEBUG] Unhandled play packet 0x51 (3 bytes)
[DEBUG] Unhandled play packet 0x51 (3 bytes)
[DEBUG] Unhandled play packet 0x51 (3 bytes)
[DEBUG] Unhandled play packet 0x51 (3 bytes)
[DEBUG] Unhandled play packet 0x51 (3 bytes)
[DEBUG] Unhandled play packet 0x51 (3 bytes)
[DEBUG] Unhandled play packet 0x51 (3 bytes)
[DEBUG] Unhandled play packet 0x36 (5 bytes)
[DEBUG] Unhandled play packet 0x51 (3 bytes)
[DEBUG] Unhandled play packet 0x51 (3 bytes)
[DEBUG] Unhandled play packet 0x36 (5 bytes)
[DEBUG] Unhandled play packet 0x51 (3 bytes)
[DEBUG] Unhandled play packet 0x51 (3 bytes)
[DEBUG] Unhandled play packet 0x51 (3 bytes)
[DEBUG] Unhandled play packet 0x63 (8 bytes)
[DEBUG] Unhandled play packet 0x51 (3 bytes)
[DEBUG] Unhandled play packet 0x51 (3 bytes)
[DEBUG] Unhandled play packet 0x36 (5 bytes)
[DEBUG] Unhandled play packet 0x51 (3 bytes)
[DEBUG] Unhandled play packet 0x36 (5 bytes)
[DEBUG] Unhandled play packet 0x51 (3 bytes)
[DEBUG] Unhandled play packet 0x63 (8 bytes)
[DEBUG] Unhandled play packet 0x51 (3 bytes)
[DEBUG] Unhandled play packet 0x51 (3 bytes)
[DEBUG] Unhandled play packet 0x63 (8 bytes)
[DEBUG] Unhandled play packet 0x51 (3 bytes)
[DEBUG] Unhandled play packet 0x36 (5 bytes)
[DEBUG] Unhandled play packet 0x51 (3 bytes)
[DEBUG] Unhandled play packet 0x36 (5 bytes)
[DEBUG] Unhandled play packet 0x51 (3 bytes)
[DEBUG] Unhandled play packet 0x51 (3 bytes)
[DEBUG] Unhandled play packet 0x36 (5 bytes)
[DEBUG] Unhandled play packet 0x51 (3 bytes)
[DEBUG] Unhandled play packet 0x63 (8 bytes)
[DEBUG] Unhandled play packet 0x51 (3 bytes)
[DEBUG] Unhandled play packet 0x51 (3 bytes)
[DEBUG] Unhandled play packet 0x63 (8 bytes)
[DEBUG] Unhandled play packet 0x51 (3 bytes)
[DEBUG] Unhandled play packet 0x51 (3 bytes)
[DEBUG] Unhandled play packet 0x51 (3 bytes)
[DEBUG] Unhandled play packet 0x51 (3 bytes)
[DEBUG] Unhandled play packet 0x51 (3 bytes)
[DEBUG] Unhandled play packet 0x51 (3 bytes)
[DEBUG] Unhandled play packet 0x36 (5 bytes)
[DEBUG] Unhandled play packet 0x51 (3 bytes)
[DEBUG] Unhandled play packet 0x51 (3 bytes)
[DEBUG] Unhandled play packet 0x36 (5 bytes)
[DEBUG] Unhandled play packet 0x51 (3 bytes)
[DEBUG] Unhandled play packet 0x51 (3 bytes)
[DEBUG] Unhandled play packet 0x63 (8 bytes)
[DEBUG] Unhandled play packet 0x51 (3 bytes)
[DEBUG] Unhandled play packet 0x51 (3 bytes)
[DEBUG] Unhandled play packet 0x36 (5 bytes)
[DEBUG] Unhandled play packet 0x51 (3 bytes)
[DEBUG] Unhandled play packet 0x36 (5 bytes)
[DEBUG] Unhandled play packet 0x51 (3 bytes)
[DEBUG] Unhandled play packet 0x63 (8 bytes)
[DEBUG] Unhandled play packet 0x51 (3 bytes)
[DEBUG] Unhandled play packet 0x63 (8 bytes)
[DEBUG] Unhandled play packet 0x51 (3 bytes)
[DEBUG] Unhandled play packet 0x51 (3 bytes)
[DEBUG] Unhandled play packet 0x36 (5 bytes)
[DEBUG] Unhandled play packet 0x51 (3 bytes)
[DEBUG] Unhandled play packet 0x36 (5 bytes)
[DEBUG] Unhandled play packet 0x51 (3 bytes)
[DEBUG] Unhandled play packet 0x63 (8 bytes)
[DEBUG] Unhandled play packet 0x51 (3 bytes)
[DEBUG] Unhandled play packet 0x51 (3 bytes)
[DEBUG] Unhandled play packet 0x51 (3 bytes)
[DEBUG] Unhandled play packet 0x63 (8 bytes)
[DEBUG] Unhandled play packet 0x51 (3 bytes)
[DEBUG] Unhandled play packet 0x51 (3 bytes)
[Chat] Raw message: 
≡ƒÆ¼ 
[Bot] Chat received: { message: '', system: false }
[DEBUG] Unhandled play packet 0x51 (3 bytes)
[DEBUG] Unhandled play packet 0x51 (3 bytes)
[DEBUG] Unhandled play packet 0x51 (3 bytes)
[DEBUG] Unhandled play packet 0x51 (3 bytes)
[DEBUG] Unhandled play packet 0x36 (5 bytes)
[DEBUG] Unhandled play packet 0x51 (3 bytes)
[DEBUG] Unhandled play packet 0x51 (3 bytes)
[DEBUG] Unhandled play packet 0x36 (5 bytes)
[DEBUG] Unhandled play packet 0x51 (3 bytes)
[DEBUG] Unhandled play packet 0x51 (3 bytes)
[DEBUG] Unhandled play packet 0x63 (8 bytes)
[DEBUG] Unhandled play packet 0x51 (3 bytes)
[DEBUG] Unhandled play packet 0x36 (5 bytes)
[DEBUG] Unhandled play packet 0x51 (3 bytes)
[DEBUG] Unhandled play packet 0x36 (5 bytes)
[DEBUG] Unhandled play packet 0x51 (3 bytes)
[DEBUG] Unhandled play packet 0x63 (8 bytes)
[DEBUG] Unhandled play packet 0x36 (5 bytes)
[DEBUG] Unhandled play packet 0x51 (3 bytes)
[DEBUG] Unhandled play packet 0x36 (5 bytes)
[DEBUG] Unhandled play packet 0x51 (3 bytes)
[DEBUG] Unhandled play packet 0x36 (5 bytes)
[DEBUG] Unhandled play packet 0x51 (3 bytes)
[Chat] Raw message: 
≡ƒÆ¼ 
[Bot] Chat received: { message: '', system: false }
[Chat] Raw message: 
≡ƒÆ¼ 
[Bot] Chat received: { message: '', system: false }
[Chat] Raw message: 
≡ƒÆ¼ 
[Bot] Chat received: { message: '', system: false }
[Chat] Raw message: 
≡ƒÆ¼ 
[Bot] Chat received: { message: '', system: false }
[Chat] Raw message: 
≡ƒÆ¼ 
[Bot] Chat received: { message: '', system: false }
[Chat] Raw message: 
≡ƒÆ¼ 
[Bot] Chat received: { message: '', system: false }
[DEBUG] Unhandled play packet 0x63 (8 bytes)
[DEBUG] Unhandled play packet 0x51 (3 bytes)
[DEBUG] Unhandled play packet 0x51 (3 bytes)
[DEBUG] Unhandled play packet 0x51 (3 bytes)
[DEBUG] Unhandled play packet 0x63 (8 bytes)
[DEBUG] Unhandled play packet 0x51 (3 bytes)
[DEBUG] Unhandled play packet 0x51 (3 bytes)
[Chat] Raw message: 
≡ƒÆ¼ 
[Bot] Chat received: { message: '', system: false }
[DEBUG] Unhandled play packet 0x51 (3 bytes)
[DEBUG] Unhandled play packet 0x51 (3 bytes)
[DEBUG] Unhandled play packet 0x51 (3 bytes)
[DEBUG] Unhandled play packet 0x51 (3 bytes)
[DEBUG] Unhandled play packet 0x51 (3 bytes)
[DEBUG] Unhandled play packet 0x51 (3 bytes)
[DEBUG] Unhandled play packet 0x36 (5 bytes)
[DEBUG] Unhandled play packet 0x51 (3 bytes)
[DEBUG] Unhandled play packet 0x51 (3 bytes)
[DEBUG] Unhandled play packet 0x51 (3 bytes)
[DEBUG] Unhandled play packet 0x63 (8 bytes)
[DEBUG] Unhandled play packet 0x51 (3 bytes)
[DEBUG] Unhandled play packet 0x51 (3 bytes)
[DEBUG] Unhandled play packet 0x51 (3 bytes)
[DEBUG] Unhandled play packet 0x51 (3 bytes)
[DEBUG] Unhandled play packet 0x36 (5 bytes)
[DEBUG] Unhandled play packet 0x51 (3 bytes)
[DEBUG] Unhandled play packet 0x36 (5 bytes)
[DEBUG] Unhandled play packet 0x51 (3 bytes)
[DEBUG] Unhandled play packet 0x51 (3 bytes)
[DEBUG] Unhandled play packet 0x63 (8 bytes)
[DEBUG] Unhandled play packet 0x51 (3 bytes)
[DEBUG] Unhandled play packet 0x51 (3 bytes)
[DEBUG] Unhandled play packet 0x63 (8 bytes)
[DEBUG] Unhandled play packet 0x51 (3 bytes)
[DEBUG] Unhandled play packet 0x63 (8 bytes)
[DEBUG] Unhandled play packet 0x51 (3 bytes)
[DEBUG] Unhandled play packet 0x51 (3 bytes)
[DEBUG] Unhandled play packet 0x51 (3 bytes)
[DEBUG] Unhandled play packet 0x51 (3 bytes)
[DEBUG] Unhandled play packet 0x51 (3 bytes)
[DEBUG] Unhandled play packet 0x51 (3 bytes)
[DEBUG] Unhandled play packet 0x51 (3 bytes)
[DEBUG] Unhandled play packet 0x36 (5 bytes)
[DEBUG] Unhandled play packet 0x51 (3 bytes)
[DEBUG] Unhandled play packet 0x36 (5 bytes)
[DEBUG] Unhandled play packet 0x51 (3 bytes)
[DEBUG] Unhandled play packet 0x63 (8 bytes)
[DEBUG] Unhandled play packet 0x51 (3 bytes)
[DEBUG] Unhandled play packet 0x51 (3 bytes)
[DEBUG] Unhandled play packet 0x51 (3 bytes)
[DEBUG] Unhandled play packet 0x36 (5 bytes)
[DEBUG] Unhandled play packet 0x51 (3 bytes)
[DEBUG] Unhandled play packet 0x36 (5 bytes)
[DEBUG] Unhandled play packet 0x51 (3 bytes)
[DEBUG] Unhandled play packet 0x63 (8 bytes)
[DEBUG] Unhandled play packet 0x51 (3 bytes)
[DEBUG] Unhandled play packet 0x63 (8 bytes)
[DEBUG] Unhandled play packet 0x36 (5 bytes)
[DEBUG] Unhandled play packet 0x51 (3 bytes)
[DEBUG] Unhandled play packet 0x36 (5 bytes)
[DEBUG] Unhandled play packet 0x51 (3 bytes)
[DEBUG] Unhandled play packet 0x36 (5 bytes)
[DEBUG] Unhandled play packet 0x51 (3 bytes)
[DEBUG] Unhandled play packet 0x63 (8 bytes)
[DEBUG] Unhandled play packet 0x51 (3 bytes)
[DEBUG] Unhandled play packet 0x63 (8 bytes)
[DEBUG] Unhandled play packet 0x51 (3 bytes)
[DEBUG] Unhandled play packet 0x51 (3 bytes)
[DEBUG] Unhandled play packet 0x51 (3 bytes)
[DEBUG] Unhandled play packet 0x51 (3 bytes)
[DEBUG] Unhandled play packet 0x51 (3 bytes)
[DEBUG] Unhandled play packet 0x51 (3 bytes)
[DEBUG] Unhandled play packet 0x63 (8 bytes)
[DEBUG] Unhandled play packet 0x51 (3 bytes)
[DEBUG] Unhandled play packet 0x51 (3 bytes)
[DEBUG] Unhandled play packet 0x51 (3 bytes)
[DEBUG] Unhandled play packet 0x51 (3 bytes)
[DEBUG] Unhandled play packet 0x36 (5 bytes)
[DEBUG] Unhandled play packet 0x51 (3 bytes)
[DEBUG] Unhandled play packet 0x51 (3 bytes)
[DEBUG] Unhandled play packet 0x51 (3 bytes)
[DEBUG] Unhandled play packet 0x63 (8 bytes)
[DEBUG] Unhandled play packet 0x51 (3 bytes)
[DEBUG] Unhandled play packet 0x51 (3 bytes)
[DEBUG] Unhandled play packet 0x36 (5 bytes)
[DEBUG] Unhandled play packet 0x51 (3 bytes)
[DEBUG] Unhandled play packet 0x63 (8 bytes)
[DEBUG] Unhandled play packet 0x51 (3 bytes)
[DEBUG] Unhandled play packet 0x63 (8 bytes)
[DEBUG] Unhandled play packet 0x36 (5 bytes)
[DEBUG] Unhandled play packet 0x51 (3 bytes)
[DEBUG] Unhandled play packet 0x51 (3 bytes)
[DEBUG] Unhandled play packet 0x63 (8 bytes)
[DEBUG] Unhandled play packet 0x51 (3 bytes)
[DEBUG] Unhandled play packet 0x63 (8 bytes)
[DEBUG] Unhandled play packet 0x51 (3 bytes)
[Chat] Raw message: 
≡ƒÆ¼ 
[Bot] Chat received: { message: '', system: false }
[DEBUG] Unhandled play packet 0x51 (3 bytes)
[DEBUG] Unhandled play packet 0x51 (3 bytes)
[DEBUG] Unhandled play packet 0x51 (3 bytes)
[DEBUG] Unhandled play packet 0x63 (8 bytes)
[DEBUG] Unhandled play packet 0x51 (3 bytes)
[DEBUG] Unhandled play packet 0x51 (3 bytes)
[DEBUG] Unhandled play packet 0x51 (3 bytes)
[DEBUG] Unhandled play packet 0x36 (5 bytes)
[DEBUG] Unhandled play packet 0x51 (3 bytes)
[DEBUG] Unhandled play packet 0x51 (3 bytes)
[DEBUG] Unhandled play packet 0x51 (3 bytes)
[DEBUG] Unhandled play packet 0x63 (8 bytes)
[DEBUG] Unhandled play packet 0x51 (3 bytes)
[DEBUG] Unhandled play packet 0x51 (3 bytes)
[DEBUG] Unhandled play packet 0x51 (3 bytes)
[DEBUG] Unhandled play packet 0x36 (5 bytes)
[DEBUG] Unhandled play packet 0x51 (3 bytes)
[DEBUG] Unhandled play packet 0x36 (5 bytes)
[DEBUG] Unhandled play packet 0x51 (3 bytes)
[DEBUG] Unhandled play packet 0x63 (8 bytes)
[DEBUG] Unhandled play packet 0x51 (3 bytes)
[DEBUG] Unhandled play packet 0x63 (8 bytes)
[DEBUG] Unhandled play packet 0x36 (5 bytes)
[DEBUG] Unhandled play packet 0x51 (3 bytes)
[DEBUG] Unhandled play packet 0x36 (5 bytes)
[DEBUG] Unhandled play packet 0x51 (3 bytes)
[DEBUG] Unhandled play packet 0x63 (8 bytes)
[DEBUG] Unhandled play packet 0x51 (3 bytes)
[DEBUG] Unhandled play packet 0x51 (3 bytes)
[DEBUG] Unhandled play packet 0x63 (8 bytes)
[DEBUG] Unhandled play packet 0x51 (3 bytes)
[DEBUG] Unhandled play packet 0x51 (3 bytes)
[DEBUG] Unhandled play packet 0x51 (3 bytes)
[DEBUG] Unhandled play packet 0x63 (8 bytes)
[DEBUG] Unhandled play packet 0x51 (3 bytes)
[DEBUG] Unhandled play packet 0x51 (3 bytes)
[DEBUG] Unhandled play packet 0x51 (3 bytes)
[DEBUG] Unhandled play packet 0x51 (3 bytes)
[DEBUG] Unhandled play packet 0x51 (3 bytes)
[DEBUG] Unhandled play packet 0x63 (8 bytes)
[DEBUG] Unhandled play packet 0x51 (3 bytes)
[DEBUG] Unhandled play packet 0x51 (3 bytes)
[DEBUG] Unhandled play packet 0x36 (5 bytes)
[DEBUG] Unhandled play packet 0x51 (3 bytes)
[DEBUG] Unhandled play packet 0x63 (8 bytes)
[DEBUG] Unhandled play packet 0x51 (3 bytes)
[DEBUG] Unhandled play packet 0x63 (8 bytes)
[DEBUG] Unhandled play packet 0x51 (3 bytes)
[DEBUG] Unhandled play packet 0x00 (0 bytes)
[DEBUG] Unhandled play packet 0x61 (9 bytes)
[DEBUG] Unhandled play packet 0x00 (0 bytes)
[DEBUG] Unhandled play packet 0x00 (0 bytes)
[DEBUG] Unhandled play packet 0x61 (9 bytes)
[DEBUG] Unhandled play packet 0x00 (0 bytes)
[DEBUG] Unhandled play packet 0x00 (0 bytes)
[DEBUG] Unhandled play packet 0x61 (9 bytes)
[DEBUG] Unhandled play packet 0x00 (0 bytes)
[DEBUG] Unhandled play packet 0x00 (0 bytes)
[DEBUG] Unhandled play packet 0x61 (9 bytes)
[DEBUG] Unhandled play packet 0x64 (8 bytes)
[DEBUG] Unhandled play packet 0x00 (0 bytes)
[DEBUG] Unhandled play packet 0x63 (8 bytes)
[DEBUG] Unhandled play packet 0x61 (9 bytes)
[DEBUG] Unhandled play packet 0x61 (9 bytes)
[DEBUG] Unhandled play packet 0x51 (3 bytes)
[DEBUG] Unhandled play packet 0x61 (9 bytes)
[DEBUG] Unhandled play packet 0x51 (3 bytes)
[DEBUG] Unhandled play packet 0x63 (8 bytes)
[DEBUG] Unhandled play packet 0x61 (9 bytes)
[DEBUG] Unhandled play packet 0x51 (3 bytes)
[DEBUG] Unhandled play packet 0x64 (8 bytes)
[DEBUG] Unhandled play packet 0x51 (3 bytes)
[DEBUG] Unhandled play packet 0x63 (8 bytes)
[DEBUG] Unhandled play packet 0x51 (3 bytes)
[DEBUG] Unhandled play packet 0x51 (3 bytes)
[DEBUG] Unhandled play packet 0x51 (3 bytes)
[DEBUG] Unhandled play packet 0x51 (3 bytes)
[DEBUG] Unhandled play packet 0x36 (5 bytes)
[DEBUG] Unhandled play packet 0x51 (3 bytes)
[DEBUG] Unhandled play packet 0x51 (3 bytes)
[DEBUG] Unhandled play packet 0x51 (3 bytes)
[DEBUG] Unhandled play packet 0x51 (3 bytes)
[DEBUG] Unhandled play packet 0x63 (8 bytes)
[DEBUG] Unhandled play packet 0x51 (3 bytes)
[DEBUG] Unhandled play packet 0x51 (3 bytes)
[DEBUG] Unhandled play packet 0x36 (5 bytes)
[DEBUG] Unhandled play packet 0x63 (8 bytes)
[DEBUG] Unhandled play packet 0x51 (3 bytes)
[Chat] Raw message: 
≡ƒÆ¼ 
[Bot] Chat received: { message: '', system: false }
[Chat] Raw message: 
≡ƒÆ¼ 
[Bot] Chat received: { message: '', system: false }
[DEBUG] Unhandled play packet 0x63 (8 bytes)
[DEBUG] Unhandled play packet 0x63 (8 bytes)
[DEBUG] Unhandled play packet 0x81 (13 bytes)
[DEBUG] Unhandled play packet 0x51 (3 bytes)
[DEBUG] Unhandled play packet 0x63 (8 bytes)
[DEBUG] Unhandled play packet 0x81 (13 bytes)
[DEBUG] Unhandled play packet 0x51 (3 bytes)
[DEBUG] Unhandled play packet 0x51 (3 bytes)
[DEBUG] Unhandled play packet 0x63 (8 bytes)
[DEBUG] Unhandled play packet 0x81 (13 bytes)
[DEBUG] Unhandled play packet 0x63 (8 bytes)
[DEBUG] Unhandled play packet 0x63 (8 bytes)
[DEBUG] Unhandled play packet 0x81 (13 bytes)
[DEBUG] Unhandled play packet 0x51 (3 bytes)
[DEBUG] Unhandled play packet 0x51 (3 bytes)
[DEBUG] Unhandled play packet 0x51 (3 bytes)
[Chat] Raw message: 
≡ƒÆ¼ 
[Bot] Chat received: { message: '', system: false }
[DEBUG] Unhandled play packet 0x51 (3 bytes)
[DEBUG] Unhandled play packet 0x63 (8 bytes)
[DEBUG] Unhandled play packet 0x51 (3 bytes)
[DEBUG] Unhandled play packet 0x51 (3 bytes)
[DEBUG] Unhandled play packet 0x51 (3 bytes)
[DEBUG] Unhandled play packet 0x51 (3 bytes)
[DEBUG] Unhandled play packet 0x51 (3 bytes)
[DEBUG] Unhandled play packet 0x51 (3 bytes)
[DEBUG] Unhandled play packet 0x63 (8 bytes)
[DEBUG] Unhandled play packet 0x51 (3 bytes)
[DEBUG] Unhandled play packet 0x51 (3 bytes)
[DEBUG] Unhandled play packet 0x63 (8 bytes)
[DEBUG] Unhandled play packet 0x51 (3 bytes)
[DEBUG] Unhandled play packet 0x51 (3 bytes)
[DEBUG] Unhandled play packet 0x00 (0 bytes)
[DEBUG] Unhandled play packet 0x61 (9 bytes)
[DEBUG] Unhandled play packet 0x00 (0 bytes)
[DEBUG] Unhandled play packet 0x63 (8 bytes)
[DEBUG] Unhandled play packet 0x51 (3 bytes)
[DEBUG] Unhandled play packet 0x51 (3 bytes)
[DEBUG] Unhandled play packet 0x51 (3 bytes)
[DEBUG] Unhandled play packet 0x63 (8 bytes)
[DEBUG] Unhandled play packet 0x51 (3 bytes)
[DEBUG] Unhandled play packet 0x61 (9 bytes)
[DEBUG] Unhandled play packet 0x51 (3 bytes)
[DEBUG] Unhandled play packet 0x51 (3 bytes)
[DEBUG] Unhandled play packet 0x51 (3 bytes)
[DEBUG] Unhandled play packet 0x63 (8 bytes)
[DEBUG] Unhandled play packet 0x51 (3 bytes)
[DEBUG] Unhandled play packet 0x51 (3 bytes)
[DEBUG] Unhandled play packet 0x51 (3 bytes)
[DEBUG] Unhandled play packet 0x51 (3 bytes)
[DEBUG] Unhandled play packet 0x51 (3 bytes)
[DEBUG] Unhandled play packet 0x51 (3 bytes)
[DEBUG] Unhandled play packet 0x63 (8 bytes)
[DEBUG] Unhandled play packet 0x51 (3 bytes)
[DEBUG] Unhandled play packet 0x63 (8 bytes)
[DEBUG] Unhandled play packet 0x51 (3 bytes)
[DEBUG] Unhandled play packet 0x51 (3 bytes)
[DEBUG] Unhandled play packet 0x63 (8 bytes)
[DEBUG] Unhandled play packet 0x51 (3 bytes)
[DEBUG] Unhandled play packet 0x51 (3 bytes)
[DEBUG] Unhandled play packet 0x51 (3 bytes)
[DEBUG] Unhandled play packet 0x63 (8 bytes)
[DEBUG] Unhandled play packet 0x81 (13 bytes)
[DEBUG] Unhandled play packet 0x51 (3 bytes)
[DEBUG] Unhandled play packet 0x51 (3 bytes)
[DEBUG] Unhandled play packet 0x61 (7 bytes)
[DEBUG] Unhandled play packet 0x51 (3 bytes)
[DEBUG] Unhandled play packet 0x63 (8 bytes)
[DEBUG] Unhandled play packet 0x61 (7 bytes)
[DEBUG] Unhandled play packet 0x51 (3 bytes)
[DEBUG] Unhandled play packet 0x51 (3 bytes)
[DEBUG] Unhandled play packet 0x51 (3 bytes)
[DEBUG] Unhandled play packet 0x51 (3 bytes)
[DEBUG] Unhandled play packet 0x51 (3 bytes)
[DEBUG] Unhandled play packet 0x63 (8 bytes)
[DEBUG] Unhandled play packet 0x51 (3 bytes)
[DEBUG] Unhandled play packet 0x36 (5 bytes)
[DEBUG] Unhandled play packet 0x51 (3 bytes)
[DEBUG] Unhandled play packet 0x63 (8 bytes)
[DEBUG] Unhandled play packet 0x51 (3 bytes)
[DEBUG] Unhandled play packet 0x61 (7 bytes)
[DEBUG] Unhandled play packet 0x51 (3 bytes)
[DEBUG] Unhandled play packet 0x63 (7 bytes)
[DEBUG] Unhandled play packet 0x51 (2 bytes)
[DEBUG] Unhandled play packet 0x51 (3 bytes)
[DEBUG] Unhandled play packet 0x51 (3 bytes)
[DEBUG] Unhandled play packet 0x51 (3 bytes)
[DEBUG] Unhandled play packet 0x51 (3 bytes)
[DEBUG] Unhandled play packet 0x51 (3 bytes)
[DEBUG] Unhandled play packet 0x51 (3 bytes)
[DEBUG] Unhandled play packet 0x63 (8 bytes)
[DEBUG] Unhandled play packet 0x51 (3 bytes)
[DEBUG] Unhandled play packet 0x51 (3 bytes)
[DEBUG] Unhandled play packet 0x51 (3 bytes)
[DEBUG] Unhandled play packet 0x51 (3 bytes)
[DEBUG] Unhandled play packet 0x51 (3 bytes)
[DEBUG] Unhandled play packet 0x63 (8 bytes)
[DEBUG] Unhandled play packet 0x51 (3 bytes)
[DEBUG] Unhandled play packet 0x63 (8 bytes)
[DEBUG] Unhandled play packet 0x63 (7 bytes)
[DEBUG] Unhandled play packet 0x51 (3 bytes)
[DEBUG] Unhandled play packet 0x51 (3 bytes)
[DEBUG] Unhandled play packet 0x51 (3 bytes)
[DEBUG] Unhandled play packet 0x51 (3 bytes)
[DEBUG] Unhandled play packet 0x51 (3 bytes)
[DEBUG] Unhandled play packet 0x51 (3 bytes)
[DEBUG] Unhandled play packet 0x51 (3 bytes)
[DEBUG] Unhandled play packet 0x63 (8 bytes)
[DEBUG] Unhandled play packet 0x51 (3 bytes)
[DEBUG] Unhandled play packet 0x51 (3 bytes)
[DEBUG] Unhandled play packet 0x51 (3 bytes)
[DEBUG] Unhandled play packet 0x63 (8 bytes)
[DEBUG] Unhandled play packet 0x51 (3 bytes)
[DEBUG] Unhandled play packet 0x63 (8 bytes)
[Chat] Raw message: 
≡ƒÆ¼ 
[Bot] Chat received: { message: '', system: false }
[DEBUG] Unhandled play packet 0x63 (7 bytes)
[DEBUG] Unhandled play packet 0x63 (8 bytes)
[DEBUG] Unhandled play packet 0x51 (3 bytes)
[DEBUG] Unhandled play packet 0x51 (3 bytes)
[DEBUG] Unhandled play packet 0x51 (3 bytes)
[DEBUG] Unhandled play packet 0x51 (3 bytes)
[DEBUG] Unhandled play packet 0x51 (3 bytes)
[DEBUG] Unhandled play packet 0x51 (3 bytes)
[DEBUG] Unhandled play packet 0x51 (3 bytes)
[Chat] Raw message: 
≡ƒÆ¼ 
[Bot] Chat received: { message: '', system: false }
[Chat] Raw message: 
≡ƒÆ¼ 
[Bot] Chat received: { message: '', system: false }
[Chat] Raw message: 
≡ƒÆ¼ 
[Bot] Chat received: { message: '', system: false }
[Chat] Raw message: 
≡ƒÆ¼ 
[Bot] Chat received: { message: '', system: false }
[Chat] Raw message: 
≡ƒÆ¼ 
[Bot] Chat received: { message: '', system: false }
[Chat] Raw message: 
≡ƒÆ¼ 
[Bot] Chat received: { message: '', system: false }
[DEBUG] Unhandled play packet 0x51 (3 bytes)
[DEBUG] Unhandled play packet 0x51 (3 bytes)
[DEBUG] Unhandled play packet 0x63 (8 bytes)
[DEBUG] Unhandled play packet 0x51 (3 bytes)
[DEBUG] Unhandled play packet 0x63 (8 bytes)
[DEBUG] Unhandled play packet 0x63 (7 bytes)
[DEBUG] Unhandled play packet 0x63 (8 bytes)
[DEBUG] Unhandled play packet 0x63 (8 bytes)
[DEBUG] Unhandled play packet 0x51 (3 bytes)
[DEBUG] Unhandled play packet 0x51 (3 bytes)
[DEBUG] Unhandled play packet 0x51 (3 bytes)
[DEBUG] Unhandled play packet 0x51 (3 bytes)
[Chat] Raw message: 
≡ƒÆ¼ 
[Bot] Chat received: { message: '', system: false }
[DEBUG] Unhandled play packet 0x51 (3 bytes)
[DEBUG] Unhandled play packet 0x51 (3 bytes)
[DEBUG] Unhandled play packet 0x51 (3 bytes)
[Chat] Raw message: 
≡ƒÆ¼ 
[Bot] Chat received: { message: '', system: false }
[DEBUG] Unhandled play packet 0x51 (3 bytes)
[DEBUG] Unhandled play packet 0x51 (3 bytes)
[DEBUG] Unhandled play packet 0x51 (3 bytes)
[DEBUG] Unhandled play packet 0x51 (3 bytes)
[DEBUG] Unhandled play packet 0x51 (3 bytes)
[DEBUG] Unhandled play packet 0x63 (7 bytes)
[DEBUG] Unhandled play packet 0x63 (8 bytes)
[DEBUG] Unhandled play packet 0x51 (3 bytes)
[DEBUG] Unhandled play packet 0x51 (3 bytes)
[DEBUG] Unhandled play packet 0x63 (8 bytes)
[DEBUG] Unhandled play packet 0x51 (3 bytes)
[DEBUG] Unhandled play packet 0x51 (3 bytes)
[DEBUG] Unhandled play packet 0x51 (3 bytes)
[DEBUG] Unhandled play packet 0x63 (8 bytes)
[DEBUG] Unhandled play packet 0x51 (3 bytes)
[DEBUG] Unhandled play packet 0x63 (8 bytes)
[DEBUG] Unhandled play packet 0x51 (3 bytes)
[DEBUG] Unhandled play packet 0x63 (8 bytes)
[DEBUG] Unhandled play packet 0x51 (3 bytes)
[DEBUG] Unhandled play packet 0x63 (8 bytes)
[DEBUG] Unhandled play packet 0x51 (3 bytes)
[DEBUG] Unhandled play packet 0x51 (3 bytes)
[DEBUG] Unhandled play packet 0x51 (3 bytes)
[DEBUG] Unhandled play packet 0x51 (3 bytes)
[Chat] Raw message: 
≡ƒÆ¼ 
[Bot] Chat received: { message: '', system: false }
[DEBUG] Unhandled play packet 0x51 (3 bytes)
[DEBUG] Unhandled play packet 0x51 (3 bytes)
[DEBUG] Unhandled play packet 0x51 (3 bytes)
[DEBUG] Unhandled play packet 0x51 (3 bytes)
[DEBUG] Unhandled play packet 0x51 (3 bytes)
[DEBUG] Unhandled play packet 0x63 (8 bytes)
[DEBUG] Unhandled play packet 0x51 (3 bytes)
[DEBUG] Unhandled play packet 0x63 (8 bytes)
[DEBUG] Unhandled play packet 0x63 (7 bytes)
[DEBUG] Unhandled play packet 0x63 (8 bytes)
[DEBUG] Unhandled play packet 0x51 (3 bytes)
[DEBUG] Unhandled play packet 0x63 (8 bytes)
[DEBUG] Unhandled play packet 0x51 (3 bytes)
[DEBUG] Unhandled play packet 0x63 (8 bytes)
[DEBUG] Unhandled play packet 0x51 (3 bytes)
[DEBUG] Unhandled play packet 0x63 (8 bytes)
[DEBUG] Unhandled play packet 0x51 (3 bytes)
[DEBUG] Unhandled play packet 0x51 (3 bytes)
[DEBUG] Unhandled play packet 0x51 (3 bytes)
[DEBUG] Unhandled play packet 0x63 (8 bytes)
[DEBUG] Unhandled play packet 0x51 (3 bytes)
[DEBUG] Unhandled play packet 0x51 (3 bytes)
[DEBUG] Unhandled play packet 0x51 (3 bytes)
[DEBUG] Unhandled play packet 0x51 (3 bytes)
[DEBUG] Unhandled play packet 0x51 (3 bytes)
[DEBUG] Unhandled play packet 0x51 (3 bytes)
[DEBUG] Unhandled play packet 0x51 (3 bytes)
[DEBUG] Unhandled play packet 0x51 (3 bytes)
[DEBUG] Unhandled play packet 0x51 (3 bytes)
[DEBUG] Unhandled play packet 0x51 (3 bytes)
[DEBUG] Unhandled play packet 0x51 (3 bytes)
[DEBUG] Unhandled play packet 0x63 (8 bytes)
[DEBUG] Unhandled play packet 0x51 (3 bytes)
[DEBUG] Unhandled play packet 0x63 (8 bytes)
[DEBUG] Unhandled play packet 0x51 (3 bytes)
[DEBUG] Unhandled play packet 0x63 (8 bytes)
[DEBUG] Unhandled play packet 0x51 (3 bytes)
[DEBUG] Unhandled play packet 0x51 (3 bytes)
[DEBUG] Unhandled play packet 0x51 (3 bytes)
[DEBUG] Unhandled play packet 0x63 (8 bytes)
[DEBUG] Unhandled play packet 0x63 (8 bytes)
[DEBUG] Unhandled play packet 0x51 (3 bytes)
[DEBUG] Unhandled play packet 0x63 (8 bytes)
[DEBUG] Unhandled play packet 0x51 (3 bytes)
[DEBUG] Unhandled play packet 0x51 (3 bytes)
[DEBUG] Unhandled play packet 0x51 (3 bytes)
[DEBUG] Unhandled play packet 0x51 (3 bytes)
[DEBUG] Unhandled play packet 0x51 (3 bytes)
[DEBUG] Unhandled play packet 0x51 (3 bytes)
[DEBUG] Unhandled play packet 0x51 (3 bytes)
[DEBUG] Unhandled play packet 0x51 (3 bytes)
[DEBUG] Unhandled play packet 0x63 (7 bytes)
[DEBUG] Unhandled play packet 0x51 (2 bytes)
[DEBUG] Unhandled play packet 0x63 (8 bytes)
[DEBUG] Unhandled play packet 0x51 (3 bytes)
[DEBUG] Unhandled play packet 0x63 (8 bytes)
[DEBUG] Unhandled play packet 0x51 (3 bytes)
[DEBUG] Unhandled play packet 0x63 (8 bytes)
[DEBUG] Unhandled play packet 0x51 (3 bytes)
[DEBUG] Unhandled play packet 0x63 (8 bytes)
[DEBUG] Unhandled play packet 0x51 (3 bytes)
[DEBUG] Unhandled play packet 0x51 (3 bytes)
[DEBUG] Unhandled play packet 0x51 (3 bytes)
[DEBUG] Unhandled play packet 0x63 (8 bytes)
[DEBUG] Unhandled play packet 0x51 (3 bytes)
[DEBUG] Unhandled play packet 0x51 (3 bytes)
[DEBUG] Unhandled play packet 0x51 (3 bytes)
[DEBUG] Unhandled play packet 0x51 (3 bytes)
[DEBUG] Unhandled play packet 0x51 (3 bytes)
[DEBUG] Unhandled play packet 0x51 (3 bytes)
[DEBUG] Unhandled play packet 0x51 (3 bytes)
[DEBUG] Unhandled play packet 0x51 (3 bytes)
[DEBUG] Unhandled play packet 0x51 (3 bytes)
[DEBUG] Unhandled play packet 0x51 (3 bytes)
[DEBUG] Unhandled play packet 0x63 (8 bytes)
[DEBUG] Unhandled play packet 0x51 (3 bytes)
[DEBUG] Unhandled play packet 0x63 (7 bytes)
[DEBUG] Unhandled play packet 0x51 (2 bytes)
[DEBUG] Unhandled play packet 0x63 (8 bytes)
[DEBUG] Unhandled play packet 0x51 (3 bytes)
[DEBUG] Unhandled play packet 0x63 (8 bytes)
[DEBUG] Unhandled play packet 0x63 (8 bytes)
[DEBUG] Unhandled play packet 0x51 (3 bytes)
[DEBUG] Unhandled play packet 0x63 (8 bytes)
[DEBUG] Unhandled play packet 0x51 (3 bytes)
[DEBUG] Unhandled play packet 0x51 (3 bytes)
[DEBUG] Unhandled play packet 0x51 (3 bytes)
[DEBUG] Unhandled play packet 0x63 (8 bytes)
[DEBUG] Unhandled play packet 0x51 (3 bytes)
[DEBUG] Unhandled play packet 0x51 (3 bytes)
[DEBUG] Unhandled play packet 0x51 (3 bytes)
[DEBUG] Unhandled play packet 0x51 (3 bytes)
[DEBUG] Unhandled play packet 0x51 (3 bytes)
[DEBUG] Unhandled play packet 0x51 (3 bytes)
[DEBUG] Unhandled play packet 0x51 (3 bytes)
[DEBUG] Unhandled play packet 0x51 (3 bytes)
[DEBUG] Unhandled play packet 0x63 (8 bytes)
[DEBUG] Unhandled play packet 0x51 (3 bytes)
[DEBUG] Unhandled play packet 0x51 (3 bytes)
[DEBUG] Unhandled play packet 0x63 (7 bytes)
[DEBUG] Unhandled play packet 0x63 (8 bytes)
[DEBUG] Unhandled play packet 0x51 (3 bytes)
[DEBUG] Unhandled play packet 0x63 (8 bytes)
[DEBUG] Unhandled play packet 0x51 (3 bytes)
[DEBUG] Unhandled play packet 0x63 (8 bytes)
[DEBUG] Unhandled play packet 0x51 (3 bytes)
[DEBUG] Unhandled play packet 0x51 (3 bytes)
[DEBUG] Unhandled play packet 0x51 (3 bytes)
[DEBUG] Unhandled play packet 0x63 (8 bytes)
[DEBUG] Unhandled play packet 0x51 (3 bytes)
[DEBUG] Unhandled play packet 0x51 (3 bytes)
[DEBUG] Unhandled play packet 0x51 (3 bytes)
[DEBUG] Unhandled play packet 0x51 (3 bytes)
[DEBUG] Unhandled play packet 0x51 (3 bytes)
[DEBUG] Unhandled play packet 0x51 (3 bytes)
[DEBUG] Unhandled play packet 0x51 (3 bytes)
[DEBUG] Unhandled play packet 0x51 (3 bytes)
[DEBUG] Unhandled play packet 0x63 (8 bytes)
[DEBUG] Unhandled play packet 0x51 (3 bytes)
[DEBUG] Unhandled play packet 0x51 (3 bytes)
[DEBUG] Unhandled play packet 0x63 (8 bytes)
[DEBUG] Unhandled play packet 0x51 (3 bytes)
[DEBUG] Unhandled play packet 0x63 (8 bytes)
[DEBUG] Unhandled play packet 0x51 (3 bytes)
[DEBUG] Unhandled play packet 0x51 (3 bytes)
[DEBUG] Unhandled play packet 0x51 (3 bytes)
[DEBUG] Unhandled play packet 0x63 (8 bytes)
[DEBUG] Unhandled play packet 0x51 (3 bytes)
[DEBUG] Unhandled play packet 0x51 (3 bytes)
[DEBUG] Unhandled play packet 0x51 (3 bytes)
[DEBUG] Unhandled play packet 0x51 (3 bytes)
[DEBUG] Unhandled play packet 0x51 (3 bytes)
[DEBUG] Unhandled play packet 0x51 (3 bytes)
[DEBUG] Unhandled play packet 0x51 (3 bytes)
[DEBUG] Unhandled play packet 0x51 (3 bytes)
[Chat] Raw message: 
≡ƒÆ¼ 
[Bot] Chat received: { message: '', system: false }
[DEBUG] Unhandled play packet 0x63 (8 bytes)
[DEBUG] Unhandled play packet 0x51 (3 bytes)
[DEBUG] Unhandled play packet 0x63 (8 bytes)
[DEBUG] Unhandled play packet 0x51 (3 bytes)
[DEBUG] Unhandled play packet 0x63 (8 bytes)
[DEBUG] Unhandled play packet 0x51 (3 bytes)
[DEBUG] Unhandled play packet 0x51 (3 bytes)
[DEBUG] Unhandled play packet 0x63 (8 bytes)
[DEBUG] Unhandled play packet 0x51 (3 bytes)
[DEBUG] Unhandled play packet 0x51 (3 bytes)
[DEBUG] Unhandled play packet 0x51 (3 bytes)
[DEBUG] Unhandled play packet 0x51 (3 bytes)
[DEBUG] Unhandled play packet 0x51 (3 bytes)
[DEBUG] Unhandled play packet 0x51 (3 bytes)
[DEBUG] Unhandled play packet 0x51 (3 bytes)
[DEBUG] Unhandled play packet 0x51 (3 bytes)
[DEBUG] Unhandled play packet 0x51 (3 bytes)
[DEBUG] Unhandled play packet 0x63 (8 bytes)
[DEBUG] Unhandled play packet 0x51 (3 bytes)
[Chat] Raw message: 
≡ƒÆ¼ 
[Bot] Chat received: { message: '', system: false }
[DEBUG] Unhandled play packet 0x63 (8 bytes)
[DEBUG] Unhandled play packet 0x51 (3 bytes)
[DEBUG] Unhandled play packet 0x51 (3 bytes)
[DEBUG] Unhandled play packet 0x63 (8 bytes)
[DEBUG] Unhandled play packet 0x63 (8 bytes)
[DEBUG] Unhandled play packet 0x51 (3 bytes)
[DEBUG] Unhandled play packet 0x51 (3 bytes)
[DEBUG] Unhandled play packet 0x63 (8 bytes)
[DEBUG] Unhandled play packet 0x51 (3 bytes)
[DEBUG] Unhandled play packet 0x51 (3 bytes)
[DEBUG] Unhandled play packet 0x51 (3 bytes)
[DEBUG] Unhandled play packet 0x51 (3 bytes)
[DEBUG] Unhandled play packet 0x51 (3 bytes)
[DEBUG] Unhandled play packet 0x51 (3 bytes)
[DEBUG] Unhandled play packet 0x51 (3 bytes)
[DEBUG] Unhandled play packet 0x51 (3 bytes)
[DEBUG] Unhandled play packet 0x51 (3 bytes)
[DEBUG] Unhandled play packet 0x51 (3 bytes)
[DEBUG] Unhandled play packet 0x51 (3 bytes)
[DEBUG] Unhandled play packet 0x63 (8 bytes)
[DEBUG] Unhandled play packet 0x63 (8 bytes)
[DEBUG] Unhandled play packet 0x51 (3 bytes)
[DEBUG] Unhandled play packet 0x51 (3 bytes)
[DEBUG] Unhandled play packet 0x63 (8 bytes)
[DEBUG] Unhandled play packet 0x51 (3 bytes)
[DEBUG] Unhandled play packet 0x51 (3 bytes)
[Chat] Raw message: 
≡ƒÆ¼ 
[Bot] Chat received: { message: '', system: false }
[Chat] Raw message: 
≡ƒÆ¼ 
[Bot] Chat received: { message: '', system: false }
[DEBUG] Unhandled play packet 0x51 (3 bytes)
[DEBUG] Unhandled play packet 0x51 (3 bytes)
[DEBUG] Unhandled play packet 0x51 (3 bytes)
[DEBUG] Unhandled play packet 0x51 (3 bytes)
[DEBUG] Unhandled play packet 0x51 (3 bytes)
[DEBUG] Unhandled play packet 0x51 (3 bytes)
[DEBUG] Unhandled play packet 0x51 (3 bytes)
[Chat] Raw message: 
≡ƒÆ¼ 
[Bot] Chat received: { message: '', system: false }
[Chat] Raw message: 
≡ƒÆ¼ 
[Bot] Chat received: { message: '', system: false }
[Chat] Raw message: 
≡ƒÆ¼ 
[Bot] Chat received: { message: '', system: false }
[Chat] Raw message: 
≡ƒÆ¼ 
[Bot] Chat received: { message: '', system: false }
[Chat] Raw message: 
≡ƒÆ¼ 
[Bot] Chat received: { message: '', system: false }
[DEBUG] Unhandled play packet 0x63 (8 bytes)
[DEBUG] Unhandled play packet 0x51 (3 bytes)
[DEBUG] Unhandled play packet 0x63 (8 bytes)
[DEBUG] Unhandled play packet 0x63 (8 bytes)
[DEBUG] Unhandled play packet 0x51 (3 bytes)
[DEBUG] Unhandled play packet 0x63 (8 bytes)
[DEBUG] Unhandled play packet 0x51 (3 bytes)
[DEBUG] Unhandled play packet 0x51 (3 bytes)
[DEBUG] Unhandled play packet 0x51 (3 bytes)
[DEBUG] Unhandled play packet 0x51 (3 bytes)
[DEBUG] Unhandled play packet 0x51 (3 bytes)
[DEBUG] Unhandled play packet 0x51 (3 bytes)
[DEBUG] Unhandled play packet 0x51 (3 bytes)
[DEBUG] Unhandled play packet 0x51 (3 bytes)
[DEBUG] Unhandled play packet 0x51 (3 bytes)
[DEBUG] Unhandled play packet 0x51 (3 bytes)
[DEBUG] Unhandled play packet 0x51 (3 bytes)
[DEBUG] Unhandled play packet 0x63 (8 bytes)
[DEBUG] Unhandled play packet 0x51 (3 bytes)
[DEBUG] Unhandled play packet 0x63 (8 bytes)
[DEBUG] Unhandled play packet 0x51 (3 bytes)
[DEBUG] Unhandled play packet 0x51 (3 bytes)
[DEBUG] Unhandled play packet 0x63 (8 bytes)
[DEBUG] Unhandled play packet 0x51 (3 bytes)
[DEBUG] Unhandled play packet 0x51 (3 bytes)
[DEBUG] Unhandled play packet 0x63 (8 bytes)
[Chat] Raw message: 
≡ƒÆ¼ 
[Bot] Chat received: { message: '', system: false }

[Bot] Shutting down...
[Movement] Stopped
